Component: ARM Compiler 5.06 update 4 (build 422) Tool: armlink [4d35d2]

==============================================================================

Section Cross References

    main.o(.text) refers to rtx_delay.o(.text.osDelay) for osDelay
    main.o(.text) refers to system_stm32f0xx.o(.text) for SystemCoreClockUpdate
    main.o(.text) refers to gpio.o(.text) for initGpio
    main.o(.text) refers to pub_var.o(.text) for setParameters
    main.o(.text) refers to uart.o(.text) for initUart1
    main.o(.text) refers to timer.o(.text) for initTimers
    main.o(.text) refers to i2c.o(.text) for initI2C
    main.o(.text) refers to rtx_kernel.o(.text.osKernelGetState) for osKernelGetState
    main.o(.text) refers to rtx_kernel.o(.text.osKernelInitialize) for osKernelInitialize
    main.o(.text) refers to rtx_mutex.o(.text.osMutexNew) for osMutexNew
    main.o(.text) refers to rtx_evflags.o(.text.osEventFlagsNew) for osEventFlagsNew
    main.o(.text) refers to rtx_thread.o(.text.osThreadNew) for osThreadNew
    main.o(.text) refers to rtx_kernel.o(.text.osKernelStart) for osKernelStart
    main.o(.text) refers to pub_var.o(.bss) for sys_par
    main.o(.text) refers to main.o(.data) for mutex_I2C
    main.o(.text) refers to hdc1080.o(.text) for task_HDC1080
    main.o(.text) refers to stepper_motor.o(.text) for task_stepper_motor
    pub_var.o(.text) refers to pub_var.o(.bss) for sys_par
    hdc1080.o(.text) refers to rtx_mutex.o(.text.osMutexAcquire) for osMutexAcquire
    hdc1080.o(.text) refers to i2c.o(.text) for i2c_master_process
    hdc1080.o(.text) refers to rtx_mutex.o(.text.osMutexRelease) for osMutexRelease
    hdc1080.o(.text) refers to rtx_delay.o(.text.osDelay) for osDelay
    hdc1080.o(.text) refers to rtx_thread.o(.text.osThreadGetId) for osThreadGetId
    hdc1080.o(.text) refers to rtx_thread.o(.text.osThreadSetPriority) for osThreadSetPriority
    hdc1080.o(.text) refers to util.o(.text) for wordEndianer
    hdc1080.o(.text) refers to main.o(.data) for mutex_I2C
    hdc1080.o(.text) refers to hdc1080.o(.data) for statusT
    hdc1080.o(.text) refers to i2c.o(.data) for ucI2CMasterSendStartStop
    hdc1080.o(.text) refers to i2c.o(.bss) for ucI2CTxBuf
    modbus.o(.text) refers to util.o(.text) for wordEndianer
    modbus.o(.text) refers to modbus_func.o(.text) for readCoils
    modbus.o(.text) refers to modbus.o(.constdata) for .constdata
    modbus.o(.text) refers to modbus.o(.bss) for mbTxRxData
    modbus.o(.text) refers to modbus.o(.data) for uiWordQty
    modbus.o(.text) refers to modbus_func.o(.constdata) for sizeOfHoldingRegister
    modbus_func.o(.text) refers to gpio.o(.text) for readGpioOutputs
    modbus_func.o(.text) refers to modbus.o(.text) for crc16
    modbus_func.o(.text) refers to modbus_func.o(i.__ARM_common_switch8) for __ARM_common_switch8
    modbus_func.o(.text) refers to util.o(.text) for wordEndianer
    modbus_func.o(.text) refers to gpio.o(.data) for ulOutputs
    modbus_func.o(.text) refers to modbus_func.o(.data) for ulMfTmp
    modbus_func.o(.text) refers to modbus.o(.bss) for mbTxRxData
    modbus_func.o(.text) refers to modbus.o(.data) for uiWordQty
    modbus_func.o(.text) refers to modbus_func.o(.constdata) for stHoldingRegArray
    modbus_func.o(.constdata) refers to modbus_func.o(.data) for ulPar1
    modbus_func.o(.constdata) refers to modbus_func.o(.text) for rwDummyFunc
    stepper_motor.o(.text) refers to gpio.o(.text) for setGpioOutputs
    stepper_motor.o(.text) refers to rtx_evflags.o(.text.osEventFlagsWait) for osEventFlagsWait
    stepper_motor.o(.text) refers to rtx_delay.o(.text.osDelay) for osDelay
    stepper_motor.o(.text) refers to stepper_motor.o(.data) for active_motor
    stepper_motor.o(.text) refers to stepper_motor.o(.bss) for motor_s
    stepper_motor.o(.text) refers to stepper_motor.o(.constdata) for ulStepperEn
    stepper_motor.o(.text) refers to gpio.o(.data) for ulOutputs
    stepper_motor.o(.text) refers to main.o(.data) for event_general
    hc0x_bluetooth.o(.text) refers to _printf_percent.o(.ARM.Collect$$_printf_percent$$00000000) for _printf_percent
    hc0x_bluetooth.o(.text) refers to _printf_d.o(.ARM.Collect$$_printf_percent$$00000009) for _printf_d
    hc0x_bluetooth.o(.text) refers to _printf_dec.o(.text) for _printf_int_dec
    hc0x_bluetooth.o(.text) refers to util.o(.text) for copy_string
    hc0x_bluetooth.o(.text) refers to uart.o(.text) for uart1TxCmd
    hc0x_bluetooth.o(.text) refers to rtx_delay.o(.text.osDelay) for osDelay
    hc0x_bluetooth.o(.text) refers to noretval__2sprintf.o(.text) for __2sprintf
    hc0x_bluetooth.o(.text) refers to rtx_evflags.o(.text.osEventFlagsSet) for osEventFlagsSet
    hc0x_bluetooth.o(.text) refers to uart.o(.data) for uart1Tx
    hc0x_bluetooth.o(.text) refers to uart.o(.bss) for uart1Rx
    hc0x_bluetooth.o(.text) refers to hdc1080.o(.data) for stHDC1080Status
    hc0x_bluetooth.o(.text) refers to stepper_motor.o(.bss) for motor_s
[...]
    .text                                    0x08001d28   Section        0  gpio.o(.text)
    .text                                    0x08001e78   Section        0  uart.o(.text)
    .text                                    0x080025d0   Section        0  i2c.o(.text)
    __NVIC_SetPriority                       0x080028bb   Thumb Code   110  i2c.o(.text)
    .text                                    0x08002964   Section        0  timer.o(.text)
    __NVIC_SetPriority                       0x08002a13   Thumb Code   110  timer.o(.text)
    .text                                    0x08002aa4   Section        0  stm32f0xx_rcc.o(.text)
    .text                                    0x080031f4   Section        0  rtx_lib.o(.text)
    os_kernel_is_active                      0x080031fd   Thumb Code    34  rtx_lib.o(.text)
    __tagsym$$used                           0x0800327d   Number         0  rtx_lib.o(.text)
    __tagsym$$used                           0x0800329f   Number         0  rtx_lib.o(.text)
    __tagsym$$used                           0x080032b7   Number         0  rtx_lib.o(.text)
    __tagsym$$used                           0x080032cb   Number         0  rtx_lib.o(.text)
    .text                                    0x080032e8   Section        0  rtx_config.o(.text)
    .text                                    0x0800330c   Section       56  startup_stm32f030x8.o(.text)
    .text                                    0x08003344   Section        0  system_stm32f0xx.o(.text)
    .text                                    0x080034ec   Section      152  irq_cm0.o(.text)
    .text                                    0x08003584   Section        0  noretval__2sprintf.o(.text)
    .text                                    0x080035ac   Section        0  __printf.o(.text)
    .text                                    0x08003618   Section        0  _printf_dec.o(.text)
    .text                                    0x08003684   Section        0  rt_memcpy.o(.text)
    .text                                    0x08003706   Section        0  aeabi_memset4.o(.text)
    .text                                    0x08003718   Section        0  rt_memclr.o(.text)
    .text                                    0x08003758   Section      488  aeabi_sdivfast.o(.text)
    .text                                    0x08003940   Section        0  heapauxi.o(.text)
    .text                                    0x08003946   Section        0  _printf_intcommon.o(.text)
    .text                                    0x080039f8   Section        0  _printf_char_common.o(.text)
    _printf_input_char                       0x080039f9   Thumb Code    10  _printf_char_common.o(.text)
    .text                                    0x08003a28   Section        0  _sputc.o(.text)
    .text                                    0x08003a32   Section        0  rtudiv10.o(.text)
    .text                                    0x08003a5a   Section       62  sys_stackheap_outer.o(.text)
    .text                                    0x08003a98   Section        0  exit.o(.text)
    .text                                    0x08003aa8   Section        8  libspace.o(.text)
    .text                                    0x08003ab0   Section        0  sys_exit.o(.text)
    .text                                    0x08003abc   Section        2  use_no_semi.o(.text)
    .text                                    0x08003abe   Section        0  __dczerorl2.o(.text)
    .text                                    0x08003abe   Section        0  indicate_semi.o(.text)
    [Anonymous Symbol]                       0x08003b14   Section        0  rtx_delay.o(.text.osDelay)
    __arm_cp.2_0                             0x08003b34   Number         4  rtx_delay.o(.text.osDelay)
    [Anonymous Symbol]                       0x08003b38   Section        0  rtx_evflags.o(.text.osEventFlagsNew)
    __arm_cp.8_0                             0x08003b6c   Number         4  rtx_evflags.o(.text.osEventFlagsNew)
    [Anonymous Symbol]                       0x08003b70   Section        0  rtx_evflags.o(.text.osEventFlagsSet)
    __arm_cp.10_0                            0x08003bc4   Number         4  rtx_evflags.o(.text.osEventFlagsSet)
    [Anonymous Symbol]                       0x08003bc8   Section        0  rtx_evflags.o(.text.osEventFlagsWait)
    __arm_cp.13_0                            0x08003c84   Number         4  rtx_evflags.o(.text.osEventFlagsWait)
    [Anonymous Symbol]                       0x08003c88   Section        0  rtx_kernel.o(.text.osKernelGetState)
    __arm_cp.15_0                            0x08003cb4   Number         4  rtx_kernel.o(.text.osKernelGetState)
    __arm_cp.15_1                            0x08003cb8   Number         4  rtx_kernel.o(.text.osKernelGetState)
    [Anonymous Symbol]                       0x08003cbc   Section        0  rtx_kernel.o(.text.osKernelInitialize)
    __arm_cp.13_0                            0x08003cf0   Number         4  rtx_kernel.o(.text.osKernelInitialize)
    [Anonymous Symbol]                       0x08003cf4   Section        0  rtx_kernel.o(.text.osKernelStart)
    __arm_cp.16_0                            0x08003d28   Number         4  rtx_kernel.o(.text.osKernelStart)
    [Anonymous Symbol]                       0x08003d2c   Section        0  rtx_msgqueue.o(.text.osMessageQueuePut)
    __arm_cp.13_0                            0x08003da8   Number         4  rtx_msgqueue.o(.text.osMessageQueuePut)
    [Anonymous Symbol]                       0x08003dac   Section        0  rtx_mutex.o(.text.osMutexAcquire)
    __arm_cp.9_0                             0x08003dcc   Number         4  rtx_mutex.o(.text.osMutexAcquire)
    [Anonymous Symbol]                       0x08003dd0   Section        0  rtx_mutex.o(.text.osMutexDelete)
    __arm_cp.12_0                            0x08003df0   Number         4  rtx_mutex.o(.text.osMutexDelete)
    [Anonymous Symbol]                       0x08003df4   Section        0  rtx_mutex.o(.text.osMutexNew)
    __arm_cp.7_0                             0x08003e28   Number         4  rtx_mutex.o(.text.osMutexNew)
    [Anonymous Symbol]                       0x08003e2c   Section        0  rtx_mutex.o(.text.osMutexRelease)
    __arm_cp.10_0                            0x08003e4c   Number         4  rtx_mutex.o(.text.osMutexRelease)
    [Anonymous Symbol]                       0x08003e50   Section        0  rtx_evflags.o(.text.osRtxEventFlagsPostProcess)
    [Anonymous Symbol]                       0x08003ef0   Section        0  rtx_memory.o(.text.osRtxMemoryAlloc)
    [Anonymous Symbol]                       0x08003f66   Section        0  rtx_memory.o(.text.osRtxMemoryFree)
    [Anonymous Symbol]                       0x08003fb0   Section        0  rtx_memory.o(.text.osRtxMemoryInit)
    [Anonymous Symbol]                       0x08003fe6   Section        0  rtx_mempool.o(.text.osRtxMemoryPoolAlloc)
    [Anonymous Symbol]                       0x0800401c   Section        0  rtx_mempool.o(.text.osRtxMemoryPoolFree)
    [Anonymous Symbol]                       0x0800405a   Section        0  rtx_mempool.o(.text.osRtxMemoryPoolInit)
    [Anonymous Symbol]                       0x0800409e   Section        0  rtx_mutex.o(.text.osRtxMutexOwnerRelease)
    [Anonymous Symbol]                       0x080040e4   Section        0  rtx_system.o(.text.osRtxPendSV_Handler)
    __arm_cp.2_0                             0x08004180   Number         4  rtx_system.o(.text.osRtxPendSV_Handler)
    [Anonymous Symbol]                       0x08004184   Section        0  rtx_system.o(.text.osRtxPostProcess)
    __arm_cp.3_0                             0x080041f0   Number         4  rtx_system.o(.text.osRtxPostProcess)
    __arm_cp.3_1                             0x080041f4   Number         4  rtx_system.o(.text.osRtxPostProcess)
    [Anonymous Symbol]                       0x080041f8   Section        0  rtx_system.o(.text.osRtxSysTimerAckIRQ)
    __arm_cp.1_0                             0x08004200   Number         4  rtx_system.o(.text.osRtxSysTimerAckIRQ)
    [Anonymous Symbol]                       0x08004204   Section        0  rtx_system.o(.text.osRtxSysTimerEnable)
    __arm_cp.5_0                             0x0800420c   Number         4  rtx_system.o(.text.osRtxSysTimerEnable)
    [Anonymous Symbol]                       0x08004210   Section        0  rtx_system.o(.text.osRtxSysTimerSetup)
    __arm_cp.4_0                             0x08004238   Number         4  rtx_system.o(.text.osRtxSysTimerSetup)
    __arm_cp.4_1                             0x0800423c   Number         4  rtx_system.o(.text.osRtxSysTimerSetup)
    __arm_cp.4_2                             0x08004240   Number         4  rtx_system.o(.text.osRtxSysTimerSetup)
    __arm_cp.4_3                             0x08004244   Number         4  rtx_system.o(.text.osRtxSysTimerSetup)
    [Anonymous Symbol]                       0x08004248   Section        0  rtx_thread.o(.text.osRtxThreadDelayTick)
    __arm_cp.9_0                             0x080042c4   Number         4  rtx_thread.o(.text.osRtxThreadDelayTick)
    [Anonymous Symbol]                       0x080042c8   Section        0  rtx_thread.o(.text.osRtxThreadDispatch)
    __arm_cp.14_0                            0x080043f0   Number         4  rtx_thread.o(.text.osRtxThreadDispatch)
    [Anonymous Symbol]                       0x080043f4   Section        0  rtx_thread.o(.text.osRtxThreadListGet)
    [Anonymous Symbol]                       0x0800440c   Section        0  rtx_thread.o(.text.osRtxThreadListPut)
    [Anonymous Symbol]                       0x08004444   Section        0  rtx_thread.o(.text.osRtxThreadListRemove)
    [Anonymous Symbol]                       0x0800445c   Section        0  rtx_thread.o(.text.osRtxThreadListSort)
    [Anonymous Symbol]                       0x080044b8   Section        0  rtx_thread.o(.text.osRtxThreadPostProcess)
    __arm_cp.17_0                            0x080045bc   Number         4  rtx_thread.o(.text.osRtxThreadPostProcess)
    [Anonymous Symbol]                       0x080045c0   Section        0  rtx_thread.o(.text.osRtxThreadReadyPut)
    __arm_cp.6_0                             0x08004604   Number         4  rtx_thread.o(.text.osRtxThreadReadyPut)
    [Anonymous Symbol]                       0x08004608   Section        0  rtx_thread.o(.text.osRtxThreadRegPtr)
    [Anonymous Symbol]                       0x08004610   Section        0  rtx_thread.o(.text.osRtxThreadStackCheck)
    __arm_cp.13_0                            0x08004634   Number         4  rtx_thread.o(.text.osRtxThreadStackCheck)
    __arm_cp.13_1                            0x08004638   Number         4  rtx_thread.o(.text.osRtxThreadStackCheck)
    [Anonymous Symbol]                       0x0800463c   Section        0  rtx_thread.o(.text.osRtxThreadSwitch)
    __arm_cp.12_0                            0x0800464c   Number         4  rtx_thread.o(.text.osRtxThreadSwitch)
    [Anonymous Symbol]                       0x08004650   Section        0  rtx_thread.o(.text.osRtxThreadWaitEnter)
    __arm_cp.16_0                            0x08004734   Number         4  rtx_thread.o(.text.osRtxThreadWaitEnter)
    [Anonymous Symbol]                       0x08004738   Section        0  rtx_thread.o(.text.osRtxThreadWaitExit)
    __arm_cp.15_0                            0x080047dc   Number         4  rtx_thread.o(.text.osRtxThreadWaitExit)
    [Anonymous Symbol]                       0x080047e0   Section        0  rtx_system.o(.text.osRtxTick_Handler)
    __arm_cp.0_0                             0x08004854   Number         4  rtx_system.o(.text.osRtxTick_Handler)
    [Anonymous Symbol]                       0x08004858   Section        0  rtx_timer.o(.text.osRtxTimerTick)
    __arm_cp.0_0                             0x080048f8   Number         4  rtx_timer.o(.text.osRtxTimerTick)
    [Anonymous Symbol]                       0x080048fc   Section        0  rtx_thread.o(.text.osThreadExit)
    __arm_cp.19_0                            0x08004904   Number         4  rtx_thread.o(.text.osThreadExit)
    [Anonymous Symbol]                       0x08004908   Section        0  rtx_thread.o(.text.osThreadGetId)
    __arm_cp.42_0                            0x08004924   Number         4  rtx_thread.o(.text.osThreadGetId)
    [Anonymous Symbol]                       0x08004928   Section        0  rtx_thread.o(.text.osThreadNew)
    __arm_cp.40_0                            0x0800495c   Number         4  rtx_thread.o(.text.osThreadNew)
    [Anonymous Symbol]                       0x08004960   Section        0  rtx_thread.o(.text.osThreadSetPriority)
    __arm_cp.46_0                            0x08004980   Number         4  rtx_thread.o(.text.osThreadSetPriority)
    [Anonymous Symbol]                       0x08004984   Section        0  rtx_delay.o(.text.svcRtxDelay)
    [Anonymous Symbol]                       0x08004998   Section        0  rtx_evflags.o(.text.svcRtxEventFlagsNew)
    __arm_cp.1_0                             0x08004a08   Number         4  rtx_evflags.o(.text.svcRtxEventFlagsNew)
    __arm_cp.1_1                             0x08004a0c   Number         4  rtx_evflags.o(.text.svcRtxEventFlagsNew)
    [Anonymous Symbol]                       0x08004a10   Section        0  rtx_evflags.o(.text.svcRtxEventFlagsSet)
    [Anonymous Symbol]                       0x08004b20   Section        0  rtx_evflags.o(.text.svcRtxEventFlagsWait)
    __arm_cp.6_0                             0x08004c0c   Number         4  rtx_evflags.o(.text.svcRtxEventFlagsWait)
    [Anonymous Symbol]                       0x08004c10   Section        0  rtx_kernel.o(.text.svcRtxKernelGetState)
    __arm_cp.2_0                             0x08004c18   Number         4  rtx_kernel.o(.text.svcRtxKernelGetState)
    [Anonymous Symbol]                       0x08004c1c   Section        0  rtx_kernel.o(.text.svcRtxKernelInitialize)
    __arm_cp.0_0                             0x08004dc4   Number         4  rtx_kernel.o(.text.svcRtxKernelInitialize)
    __arm_cp.0_1                             0x08004dc8   Number         4  rtx_kernel.o(.text.svcRtxKernelInitialize)
    __arm_cp.0_2                             0x08004dcc   Number         4  rtx_kernel.o(.text.svcRtxKernelInitialize)
    [Anonymous Symbol]                       0x08004dd0   Section        0  rtx_kernel.o(.text.svcRtxKernelStart)
    __arm_cp.3_0                             0x08004e4c   Number         4  rtx_kernel.o(.text.svcRtxKernelStart)
    __arm_cp.3_1                             0x08004e50   Number         4  rtx_kernel.o(.text.svcRtxKernelStart)
    __arm_cp.3_2                             0x08004e54   Number         4  rtx_kernel.o(.text.svcRtxKernelStart)
    __arm_cp.3_3                             0x08004e58   Number         4  rtx_kernel.o(.text.svcRtxKernelStart)
    __arm_cp.3_4                             0x08004e5c   Number         4  rtx_kernel.o(.text.svcRtxKernelStart)
    [Anonymous Symbol]                       0x08004e60   Section        0  rtx_msgqueue.o(.text.svcRtxMessageQueuePut)
    __arm_cp.3_0                             0x08004f90   Number         4  rtx_msgqueue.o(.text.svcRtxMessageQueuePut)
    [Anonymous Symbol]                       0x08004f94   Section        0  rtx_mutex.o(.text.svcRtxMutexAcquire)
    __arm_cp.3_0                             0x08005034   Number         4  rtx_mutex.o(.text.svcRtxMutexAcquire)
    [Anonymous Symbol]                       0x08005038   Section        0  rtx_mutex.o(.text.svcRtxMutexDelete)
    __arm_cp.6_0                             0x0800510c   Number         4  rtx_mutex.o(.text.svcRtxMutexDelete)
    [Anonymous Symbol]                       0x08005110   Section        0  rtx_mutex.o(.text.svcRtxMutexNew)
    __arm_cp.1_0                             0x08005184   Number         4  rtx_mutex.o(.text.svcRtxMutexNew)
    [Anonymous Symbol]                       0x08005188   Section        0  rtx_mutex.o(.text.svcRtxMutexRelease)
    __arm_cp.4_0                             0x08005250   Number         4  rtx_mutex.o(.text.svcRtxMutexRelease)
    [Anonymous Symbol]                       0x08005254   Section        0  rtx_thread.o(.text.svcRtxThreadExit)
    __arm_cp.32_0                            0x080053a4   Number         4  rtx_thread.o(.text.svcRtxThreadExit)
    [Anonymous Symbol]                       0x080053a8   Section        0  rtx_thread.o(.text.svcRtxThreadGetId)
    __arm_cp.21_0                            0x080053b0   Number         4  rtx_thread.o(.text.svcRtxThreadGetId)
    [Anonymous Symbol]                       0x080053b4   Section        0  rtx_thread.o(.text.svcRtxThreadNew)
    __arm_cp.18_0                            0x080055e8   Number         4  rtx_thread.o(.text.svcRtxThreadNew)
    __arm_cp.18_1                            0x080055ec   Number         4  rtx_thread.o(.text.svcRtxThreadNew)
    __arm_cp.18_2                            0x080055f0   Number         4  rtx_thread.o(.text.svcRtxThreadNew)
    __arm_cp.18_3                            0x080055f4   Number         4  rtx_thread.o(.text.svcRtxThreadNew)
    __arm_cp.18_4                            0x080055f8   Number         4  rtx_thread.o(.text.svcRtxThreadNew)
    [Anonymous Symbol]                       0x080055fc   Section        0  rtx_thread.o(.text.svcRtxThreadSetPriority)
    __arm_cp.25_0                            0x08005710   Number         4  rtx_thread.o(.text.svcRtxThreadSetPriority)
    i.__ARM_common_switch8                   0x08005714   Section        0  modbus_func.o(i.__ARM_common_switch8)
    .constdata                               0x08005730   Section      518  modbus.o(.constdata)
    .constdata                               0x08005938   Section       50  modbus_func.o(.constdata)
    .constdata                               0x0800596c   Section       32  stepper_motor.o(.constdata)
    .constdata                               0x0800598c   Section      100  rtx_lib.o(.constdata)
    os_idle_thread_attr                      0x0800598c   Data          36  rtx_lib.o(.constdata)
    os_timer_thread_attr                     0x080059b0   Data          36  rtx_lib.o(.constdata)
    os_timer_mq_attr                         0x080059d4   Data          24  rtx_lib.o(.constdata)
    .constdata                               0x080059f0   Section       16  system_stm32f0xx.o(.constdata)
    .constdata                               0x08005a00   Section        1  irq_cm0.o(.constdata)
    .rodata                                  0x08005a04   Section      104  rtx_lib.o(.rodata)
    __tagsym$$used                           0x08005a04   Number         0  rtx_lib.o(.rodata)
    [Anonymous Symbol]                       0x08005a6c   Section        0  rtx_kernel.o(.rodata.str1.4)
    .L.str                                   0x08005a6c   Data          11  rtx_kernel.o(.rodata.str1.4)
    .bss.os                                  0x20000000   Section     4656  rtx_lib.o(.bss.os)
    os_mem                                   0x20000000   Data        4096  rtx_lib.o(.bss.os)
    os_isr_queue                             0x20001000   Data          64  rtx_lib.o(.bss.os)
    os_libspace                              0x20001040   Data         480  rtx_lib.o(.bss.os)
    os_libspace_id                           0x20001220   Data          16  rtx_lib.o(.bss.os)
    .bss.os.msgqueue.cb                      0x20001230   Section       52  rtx_lib.o(.bss.os.msgqueue.cb)
    os_timer_mq_cb                           0x20001230   Data          52  rtx_lib.o(.bss.os.msgqueue.cb)
    .bss.os.msgqueue.mem                     0x20001264   Section       80  rtx_lib.o(.bss.os.msgqueue.mem)
    os_timer_mq_data                         0x20001264   Data          80  rtx_lib.o(.bss.os.msgqueue.mem)
    .bss.os.thread.cb                        0x200012b4   Section      136  rtx_lib.o(.bss.os.thread.cb)
    os_idle_thread_cb                        0x200012b4   Data          68  rtx_lib.o(.bss.os.thread.cb)
    os_timer_thread_cb                       0x200012f8   Data          68  rtx_lib.o(.bss.os.thread.cb)
    .bss.os.thread.stack                     0x20001340   Section      400  rtx_lib.o(.bss.os.thread.stack)
    os_idle_thread_stack                     0x20001340   Data         200  rtx_lib.o(.bss.os.thread.stack)
    os_timer_thread_stack                    0x20001408   Data         200  rtx_lib.o(.bss.os.thread.stack)
    .data                                    0x200014d0   Section        8  main.o(.data)
    .data                                    0x200014d8   Section       12  hdc1080.o(.data)
    .data                                    0x200014e4   Section        2  modbus.o(.data)
    .data                                    0x200014e8   Section       24  modbus_func.o(.data)
    .data                                    0x20001500   Section        1  stepper_motor.o(.data)
    .data                                    0x20001504   Section       12  gpio.o(.data)
    .data                                    0x20001510   Section      148  uart.o(.data)
    .data                                    0x200015a4   Section       18  i2c.o(.data)
    .data                                    0x200015b6   Section       16  stm32f0xx_rcc.o(.data)
    APBAHBPrescTable                         0x200015b6   Data          16  stm32f0xx_rcc.o(.data)
    .data                                    0x200015c8   Section        5  rtx_lib.o(.data)
    os_kernel_active                         0x200015cc   Data           1  rtx_lib.o(.data)
    .data                                    0x200015d0   Section        4  system_stm32f0xx.o(.data)
    .bss                                     0x20001680   Section       10  pub_var.o(.bss)
    .bss                                     0x2000168c   Section       12  modbus.o(.bss)
    .bss                                     0x20001698   Section       16  stepper_motor.o(.bss)
    .bss                                     0x200016a8   Section      272  uart.o(.bss)
    .bss                                     0x200017b8   Section       64  i2c.o(.bss)
    .bss                                     0x200017f8   Section       96  libspace.o(.bss)
    HEAP                                     0x20001858   Section      512  startup_stm32f030x8.o(HEAP)
    Heap_Mem                                 0x20001858   Data         512  startup_stm32f030x8.o(HEAP)
    STACK                                    0x20001a58   Section     1280  startup_stm32f030x8.o(STACK)
    Stack_Mem                                0x20001a58   Data        1280  startup_stm32f030x8.o(STACK)
    __initial_sp                             0x20001f58   Data           0  startup_stm32f030x8.o(STACK)

    Global Symbols

    Symbol Name                              Value     Ov Type        Size  Object(Section)

    BuildAttributes$$THM_ISAv3M$S$PE$A:L22$X:L11$S22$IEEE1$IW$~IW$USESV6$~STKCKD$USESV7$~SHL$OTIME$ROPI$EBA8$UX$STANDARDLIB$REQ8$PRES8$EABIv2 0x00000000   Number         0  anon$$obj.o ABSOLUTE
    __ARM_use_no_argv                        0x00000000   Number         0  main.o ABSOLUTE
    __ARM_exceptions_init                     - Undefined Weak Reference
    __alloca_initialize                       - Undefined Weak Reference
    __arm_preinit_                            - Undefined Weak Reference
    __cpp_initialize__aeabi_                  - Undefined Weak Reference
    __cxa_finalize                            - Undefined Weak Reference
    __rt_locale                               - Undefined Weak Reference
    __sigvec_lookup                           - Undefined Weak Reference
    _atexit_init                              - Undefined Weak Reference
    _call_atexit_fns                          - Undefined Weak Reference
    _clock_init                               - Undefined Weak Reference
    _fp_trap_init                             - Undefined Weak Reference
    _fp_trap_shutdown                         - Undefined Weak Reference
    _get_lc_collate                           - Undefined Weak Reference
    _get_lc_ctype                             - Undefined Weak Reference
    _get_lc_monetary                          - Undefined Weak Reference
    _get_lc_numeric                           - Undefined Weak Reference
    _get_lc_time                              - Undefined Weak Reference
    _getenv_init                              - Undefined Weak Reference
    _handle_redirection                       - Undefined Weak Reference
    _init_alloc                               - Undefined Weak Reference
    _init_user_alloc                          - Undefined Weak Reference
    _initio                                   - Undefined Weak Reference
    _printf_post_padding                      - Undefined Weak Reference
    _printf_pre_padding                       - Undefined Weak Reference
    _printf_truncate_signed                   - Undefined Weak Reference
    _printf_truncate_unsigned                 - Undefined Weak Reference
    _rand_init                                - Undefined Weak Reference
    _signal_finish                            - Undefined Weak Reference
    _signal_init                              - Undefined Weak Reference
    _terminate_alloc                          - Undefined Weak Reference
    _terminate_user_alloc                     - Undefined Weak Reference
    _terminateio                              - Undefined Weak Reference
    __Vectors_Size                           0x000000b4   Number         0  startup_stm32f030x8.o ABSOLUTE
    __Vectors                                0x08000000   Data           4  startup_stm32f030x8.o(RESET)
    __Vectors_End                            0x080000b4   Data           0  startup_stm32f030x8.o(RESET)
    __main                                   0x080000b5   Thumb Code     8  __main.o(!!!main)
    __scatterload                            0x080000bd   Thumb Code     0  __scatter.o(!!!scatter)
    __scatterload_rt2                        0x080000bd   Thumb Code    52  __scatter.o(!!!scatter)
    __scatterload_rt2_thumb_only             0x080000bd   Thumb Code     0  __scatter.o(!!!scatter)
    __scatterload_null                       0x080000cd   Thumb Code     0  __scatter.o(!!!scatter)
    __scatterload_zeroinit                   0x080000f9   Thumb Code    28  __scatter_zi.o(!!handler_zi)
    _printf_percent                          0x08000115   Thumb Code     0  _printf_percent.o(.ARM.Collect$$_printf_percent$$00000000)
    _printf_d                                0x08000117   Thumb Code     0  _printf_d.o(.ARM.Collect$$_printf_percent$$00000009)
    _printf_percent_end                      0x08000121   Thumb Code     0  _printf_percent_end.o(.ARM.Collect$$_printf_percent$$00000017)
    __rt_lib_init                            0x08000125   Thumb Code     0  libinit.o(.ARM.Collect$$libinit$$00000000)
    __rt_lib_init_alloca_1                   0x08000127   Thumb Code     0  libinit2.o(.ARM.Collect$$libinit$$0000002E)
    __rt_lib_init_argv_1                     0x08000127   Thumb Code     0  libinit2.o(.ARM.Collect$$libinit$$0000002C)
    __rt_lib_init_atexit_1                   0x08000127   Thumb Code     0  libinit2.o(.ARM.Collect$$libinit$$0000001B)
    __rt_lib_init_clock_1                    0x08000127   Thumb Code     0  libinit2.o(.ARM.Collect$$libinit$$00000021)
    __rt_lib_init_cpp_1                      0x08000127   Thumb Code     0  libinit2.o(.ARM.Collect$$libinit$$00000032)
    __rt_lib_init_exceptions_1               0x08000127   Thumb Code     0  libinit2.o(.ARM.Collect$$libinit$$00000030)
    __rt_lib_init_fp_1                       0x08000127   Thumb Code     0  libinit2.o(.ARM.Collect$$libinit$$00000002)
    __rt_lib_init_fp_trap_1                  0x08000127   Thumb Code     0  libinit2.o(.ARM.Collect$$libinit$$0000001F)
    __rt_lib_init_getenv_1                   0x08000127   Thumb Code     0  libinit2.o(.ARM.Collect$$libinit$$00000023)
    __rt_lib_init_heap_1                     0x08000127   Thumb Code     0  libinit2.o(.ARM.Collect$$libinit$$0000000A)
    __rt_lib_init_lc_collate_1               0x08000127   Thumb Code     0  libinit2.o(.ARM.Collect$$libinit$$00000011)
    __rt_lib_init_lc_ctype_1                 0x08000127   Thumb Code     0  libinit2.o(.ARM.Collect$$libinit$$00000013)
    __rt_lib_init_lc_monetary_1              0x08000127   Thumb Code     0  libinit2.o(.ARM.Collect$$libinit$$00000015)
    __rt_lib_init_lc_numeric_1               0x08000127   Thumb Code     0  libinit2.o(.ARM.Collect$$libinit$$00000017)
    __rt_lib_init_lc_time_1                  0x08000127   Thumb Code     0  libinit2.o(.ARM.Collect$$libinit$$00000019)
    __rt_lib_init_preinit_1                  0x08000127   Thumb Code     0  libinit2.o(.ARM.Collect$$libinit$$00000004)
    __rt_lib_init_rand_1                     0x08000127   Thumb Code     0  libinit2.o(.ARM.Collect$$libinit$$0000000E)
    __rt_lib_init_return                     0x08000127   Thumb Code     0  libinit2.o(.ARM.Collect$$libinit$$00000033)
    __rt_lib_init_signal_1                   0x08000127   Thumb Code     0  libinit2.o(.ARM.Collect$$libinit$$0000001D)
    __rt_lib_init_stdio_1                    0x08000127   Thumb Code     0  libinit2.o(.ARM.Collect$$libinit$$00000025)
    __rt_lib_init_user_alloc_1               0x08000127   Thumb Code     0  libinit2.o(.ARM.Collect$$libinit$$0000000C)
    __rt_lib_shutdown                        0x08000129   Thumb Code     0  libshutdown.o(.ARM.Collect$$libshutdown$$00000000)
    __rt_lib_shutdown_cpp_1                  0x0800012b   Thumb Code     0  libshutdown2.o(.ARM.Collect$$libshutdown$$00000002)
    __rt_lib_shutdown_fp_trap_1              0x0800012b   Thumb Code     0  libshutdown2.o(.ARM.Collect$$libshutdown$$00000007)
    __rt_lib_shutdown_heap_1                 0x0800012b   Thumb Code     0  libshutdown2.o(.ARM.Collect$$libshutdown$$0000000F)
    __rt_lib_shutdown_return                 0x0800012b   Thumb Code     0  libshutdown2.o(.ARM.Collect$$libshutdown$$00000010)
    __rt_lib_shutdown_signal_1               0x0800012b   Thumb Code     0  libshutdown2.o(.ARM.Collect$$libshutdown$$0000000A)
    __rt_lib_shutdown_stdio_1                0x0800012b   Thumb Code     0  libshutdown2.o(.ARM.Collect$$libshutdown$$00000004)
    __rt_lib_shutdown_user_alloc_1           0x0800012b   Thumb Code     0  libshutdown2.o(.ARM.Collect$$libshutdown$$0000000C)
    __rt_entry                               0x0800012d   Thumb Code     0  __rtentry.o(.ARM.Collect$$rtentry$$00000000)
    __rt_entry_presh_1                       0x0800012d   Thumb Code     0  __rtentry2.o(.ARM.Collect$$rtentry$$00000002)
    __rt_entry_sh                            0x0800012d   Thumb Code     0  __rtentry4.o(.ARM.Collect$$rtentry$$00000004)
    __rt_entry_postsh_1                      0x08000133   Thumb Code     0  __rtentry2.o(.ARM.Collect$$rtentry$$00000008)
    __rt_entry_li                            0x0800013b   Thumb Code     0  __rtentry2.o(.ARM.Collect$$rtentry$$0000000A)
    __rt_entry_main                          0x0800013f   Thumb Code     0  __rtentry2.o(.ARM.Collect$$rtentry$$0000000D)
    __rt_entry_postli_1                      0x0800013f   Thumb Code     0  __rtentry2.o(.ARM.Collect$$rtentry$$0000000C)
    __rt_exit                                0x08000147   Thumb Code     0  rtexit.o(.ARM.Collect$$rtexit$$00000000)
    __rt_exit_ls                             0x08000149   Thumb Code     0  rtexit2.o(.ARM.Collect$$rtexit$$00000003)
    __rt_exit_prels_1                        0x08000149   Thumb Code     0  rtexit2.o(.ARM.Collect$$rtexit$$00000002)
    __rt_exit_exit                           0x0800014d   Thumb Code     0  rtexit2.o(.ARM.Collect$$rtexit$$00000004)
    __aeabi_memcpy4                          0x08000155   Thumb Code    56  rt_memcpy.o(.emb_text)
    __aeabi_memcpy8                          0x08000155   Thumb Code     0  rt_memcpy.o(.emb_text)
    task_Led                                 0x0800018d   Thumb Code    36  main.o(.text)
    main                                     0x080001b1   Thumb Code   136  main.o(.text)
    setParameters                            0x0800025d   Thumb Code    30  pub_var.o(.text)
    wordEndianer                             0x08000281   Thumb Code    16  util.o(.text)
    copy_string                              0x08000291   Thumb Code    44  util.o(.text)
    compare_string                           0x080002bd   Thumb Code    46  util.o(.text)
    count_string                             0x080002eb   Thumb Code    36  util.o(.text)
    write_HDC1080_configuration              0x08000311   Thumb Code   140  hdc1080.o(.text)
    read_HDC1080_configuration               0x0800039d   Thumb Code   150  hdc1080.o(.text)
    trig_HDC1080                             0x08000433   Thumb Code   142  hdc1080.o(.text)
    init_HDC1080                             0x080004c1   Thumb Code    44  hdc1080.o(.text)
    task_HDC1080                             0x080004ed   Thumb Code   230  hdc1080.o(.text)
    crc16                                    0x080005fd   Thumb Code    76  modbus.o(.text)
    checkCrc16                               0x08000649   Thumb Code    94  modbus.o(.text)
    mbReturnException                        0x080006a7   Thumb Code    54  modbus.o(.text)
    modbusRTU                                0x080006dd   Thumb Code   488  modbus.o(.text)
    readCoils                                0x080008d9   Thumb Code    80  modbus_func.o(.text)
    readInputs                               0x08000929   Thumb Code    82  modbus_func.o(.text)
    readHoldingRegister                      0x0800097b   Thumb Code   218  modbus_func.o(.text)
    writeSingleCoil                          0x08000a55   Thumb Code   214  modbus_func.o(.text)
    rwDummyFunc                              0x08000b2b   Thumb Code     4  modbus_func.o(.text)
    task_stepper_motor                       0x08000b51   Thumb Code   808  stepper_motor.o(.text)
    change_device_name                       0x08000ea5   Thumb Code    60  hc0x_bluetooth.o(.text)
    mobile_app_interface                     0x08000ee1   Thumb Code   498  hc0x_bluetooth.o(.text)
    DMA_DeInit                               0x080011a1   Thumb Code   342  stm32f0xx_dma.o(.text)
    DMA_Init                                 0x080012f7   Thumb Code    58  stm32f0xx_dma.o(.text)
    DMA_StructInit                           0x08001331   Thumb Code    26  stm32f0xx_dma.o(.text)
    DMA_Cmd                                  0x0800134b   Thumb Code    24  stm32f0xx_dma.o(.text)
    DMA_RemapConfig                          0x08001363   Thumb Code    48  stm32f0xx_dma.o(.text)
    DMA_SetCurrDataCounter                   0x08001393   Thumb Code     4  stm32f0xx_dma.o(.text)
    DMA_GetCurrDataCounter                   0x08001397   Thumb Code     8  stm32f0xx_dma.o(.text)
    DMA_ITConfig                             0x0800139f   Thumb Code    20  stm32f0xx_dma.o(.text)
    DMA_GetFlagStatus                        0x080013b3   Thumb Code    46  stm32f0xx_dma.o(.text)
    DMA_ClearFlag                            0x080013e1   Thumb Code    26  stm32f0xx_dma.o(.text)
    DMA_GetITStatus                          0x080013fb   Thumb Code    46  stm32f0xx_dma.o(.text)
    DMA_ClearITPendingBit                    0x08001429   Thumb Code    26  stm32f0xx_dma.o(.text)
    GPIO_DeInit                              0x08001455   Thumb Code   156  stm32f0xx_gpio.o(.text)
    GPIO_Init                                0x080014f1   Thumb Code   144  stm32f0xx_gpio.o(.text)
    GPIO_StructInit                          0x08001581   Thumb Code    20  stm32f0xx_gpio.o(.text)
    GPIO_PinLockConfig                       0x08001595   Thumb Code    34  stm32f0xx_gpio.o(.text)
    GPIO_ReadInputDataBit                    0x080015b7   Thumb Code    20  stm32f0xx_gpio.o(.text)
    GPIO_ReadInputData                       0x080015cb   Thumb Code     6  stm32f0xx_gpio.o(.text)
    GPIO_ReadOutputDataBit                   0x080015d1   Thumb Code    20  stm32f0xx_gpio.o(.text)
    GPIO_ReadOutputData                      0x080015e5   Thumb Code     6  stm32f0xx_gpio.o(.text)
    GPIO_SetBits                             0x080015eb   Thumb Code     4  stm32f0xx_gpio.o(.text)
    GPIO_ResetBits                           0x080015ef   Thumb Code     4  stm32f0xx_gpio.o(.text)
    GPIO_WriteBit                            0x080015f3   Thumb Code    12  stm32f0xx_gpio.o(.text)
    GPIO_Write                               0x080015ff   Thumb Code     4  stm32f0xx_gpio.o(.text)
    GPIO_PinAFConfig                         0x08001603   Thumb Code    68  stm32f0xx_gpio.o(.text)
    NVIC_Init                                0x08001661   Thumb Code   106  stm32f0xx_misc.o(.text)
    NVIC_SystemLPConfig                      0x080016cb   Thumb Code    28  stm32f0xx_misc.o(.text)
    SysTick_CLKSourceConfig                  0x080016e7   Thumb Code    32  stm32f0xx_misc.o(.text)
    USART_DeInit                             0x08001715   Thumb Code   206  stm32f0xx_usart.o(.text)
    USART_Init                               0x080017e3   Thumb Code   226  stm32f0xx_usart.o(.text)
    USART_StructInit                         0x080018c5   Thumb Code    24  stm32f0xx_usart.o(.text)
    USART_ClockInit                          0x080018dd   Thumb Code    36  stm32f0xx_usart.o(.text)
    USART_ClockStructInit                    0x08001901   Thumb Code    12  stm32f0xx_usart.o(.text)
    USART_Cmd                                0x0800190d   Thumb Code    24  stm32f0xx_usart.o(.text)
    USART_DirectionModeCmd                   0x08001925   Thumb Code    20  stm32f0xx_usart.o(.text)
    USART_OverSampling8Cmd                   0x08001939   Thumb Code    28  stm32f0xx_usart.o(.text)
    USART_OneBitMethodCmd                    0x08001955   Thumb Code    28  stm32f0xx_usart.o(.text)
    USART_MSBFirstCmd                        0x08001971   Thumb Code    28  stm32f0xx_usart.o(.text)
    USART_DataInvCmd                         0x0800198d   Thumb Code    28  stm32f0xx_usart.o(.text)
    USART_InvPinCmd                          0x080019a9   Thumb Code    20  stm32f0xx_usart.o(.text)
    USART_SWAPPinCmd                         0x080019bd   Thumb Code    28  stm32f0xx_usart.o(.text)
    USART_ReceiverTimeOutCmd                 0x080019d9   Thumb Code    28  stm32f0xx_usart.o(.text)
    USART_SetReceiverTimeOut                 0x080019f5   Thumb Code    16  stm32f0xx_usart.o(.text)
    USART_SetPrescaler                       0x08001a05   Thumb Code    18  stm32f0xx_usart.o(.text)
    USART_STOPModeCmd                        0x08001a17   Thumb Code    24  stm32f0xx_usart.o(.text)
    USART_StopModeWakeUpSourceConfig         0x08001a2f   Thumb Code    18  stm32f0xx_usart.o(.text)
    USART_AutoBaudRateCmd                    0x08001a41   Thumb Code    28  stm32f0xx_usart.o(.text)
    USART_AutoBaudRateConfig                 0x08001a5d   Thumb Code    18  stm32f0xx_usart.o(.text)
    USART_SendData                           0x08001a6f   Thumb Code     8  stm32f0xx_usart.o(.text)
    USART_ReceiveData                        0x08001a77   Thumb Code    10  stm32f0xx_usart.o(.text)
    USART_SetAddress                         0x08001a81   Thumb Code    18  stm32f0xx_usart.o(.text)
    USART_MuteModeCmd                        0x08001a93   Thumb Code    28  stm32f0xx_usart.o(.text)
    USART_MuteModeWakeUpConfig               0x08001aaf   Thumb Code    18  stm32f0xx_usart.o(.text)
    USART_AddressDetectionConfig             0x08001ac1   Thumb Code    16  stm32f0xx_usart.o(.text)
    USART_LINBreakDetectLengthConfig         0x08001ad1   Thumb Code    16  stm32f0xx_usart.o(.text)
    USART_LINCmd                             0x08001ae1   Thumb Code    68  stm32f0xx_usart.o(.text)
    USART_HalfDuplexCmd                      0x08001b25   Thumb Code    24  stm32f0xx_usart.o(.text)
    USART_SetGuardTime                       0x08001b3d   Thumb Code    16  stm32f0xx_usart.o(.text)
    USART_SmartCardCmd                       0x08001b4d   Thumb Code    24  stm32f0xx_usart.o(.text)
    USART_SmartCardNACKCmd                   0x08001b65   Thumb Code    24  stm32f0xx_usart.o(.text)
    USART_SetAutoRetryCount                  0x08001b7d   Thumb Code    20  stm32f0xx_usart.o(.text)
    USART_SetBlockLength                     0x08001b91   Thumb Code    18  stm32f0xx_usart.o(.text)
    USART_IrDAConfig                         0x08001ba3   Thumb Code    16  stm32f0xx_usart.o(.text)
    USART_IrDACmd                            0x08001bb3   Thumb Code    24  stm32f0xx_usart.o(.text)
    USART_DECmd                              0x08001bcb   Thumb Code    28  stm32f0xx_usart.o(.text)
    USART_DEPolarityConfig                   0x08001be7   Thumb Code    18  stm32f0xx_usart.o(.text)
    USART_SetDEAssertionTime                 0x08001bf9   Thumb Code    20  stm32f0xx_usart.o(.text)
    USART_SetDEDeassertionTime               0x08001c0d   Thumb Code    20  stm32f0xx_usart.o(.text)
    USART_DMACmd                             0x08001c21   Thumb Code    20  stm32f0xx_usart.o(.text)
    USART_DMAReceptionErrorConfig            0x08001c35   Thumb Code    18  stm32f0xx_usart.o(.text)
    USART_ITConfig                           0x08001c47   Thumb Code    66  stm32f0xx_usart.o(.text)
    USART_RequestCmd                         0x08001c89   Thumb Code    20  stm32f0xx_usart.o(.text)
    USART_OverrunDetectionConfig             0x08001c9d   Thumb Code    18  stm32f0xx_usart.o(.text)
    USART_GetFlagStatus                      0x08001caf   Thumb Code    20  stm32f0xx_usart.o(.text)
    USART_ClearFlag                          0x08001cc3   Thumb Code     4  stm32f0xx_usart.o(.text)
    USART_GetITStatus                        0x08001cc7   Thumb Code    78  stm32f0xx_usart.o(.text)
    USART_ClearITPendingBit                  0x08001d15   Thumb Code    18  stm32f0xx_usart.o(.text)
    initGpio                                 0x08001d29   Thumb Code   232  gpio.o(.text)
    setGpioOutputs                           0x08001e11   Thumb Code    50  gpio.o(.text)
    readGpioOutputs                          0x08001e43   Thumb Code    12  gpio.o(.text)
    readGpioInputs                           0x08001e4f   Thumb Code    14  gpio.o(.text)
    USART1_IRQHandler                        0x08001e79   Thumb Code   148  uart.o(.text)
    USART2_IRQHandler                        0x08001f0d   Thumb Code   152  uart.o(.text)
    DMA1_Channel2_3_IRQHandler               0x08001fa5   Thumb Code    48  uart.o(.text)
    DMA1_Channel4_5_IRQHandler               0x08001fd5   Thumb Code    52  uart.o(.text)
    initUart1                                0x08002009   Thumb Code   114  uart.o(.text)
    initUart2                                0x0800207b   Thumb Code   114  uart.o(.text)
    uartNvicConfig                           0x080020ed   Thumb Code    72  uart.o(.text)
    initUartDma                              0x08002135   Thumb Code   426  uart.o(.text)
    uart1TxCmd                               0x080022df   Thumb Code   116  uart.o(.text)
    uart2TxCmd                               0x08002353   Thumb Code   116  uart.o(.text)
    uart1CheckRxBuf                          0x080023c7   Thumb Code    52  uart.o(.text)
    uart2CheckRxBuf                          0x080023fb   Thumb Code    52  uart.o(.text)
    task_Uart1                               0x0800242f   Thumb Code   178  uart.o(.text)
    task_Uart2                               0x080024e1   Thumb Code   184  uart.o(.text)
    I2C1_IRQHandler                          0x080025d1   Thumb Code   438  i2c.o(.text)
    initI2C                                  0x08002787   Thumb Code   138  i2c.o(.text)
    i2c_master_process                       0x08002811   Thumb Code   170  i2c.o(.text)
    TIM6_IRQHandler                          0x08002965   Thumb Code    70  timer.o(.text)
    initTimers                               0x080029ab   Thumb Code   104  timer.o(.text)
    RCC_DeInit                               0x08002aa5   Thumb Code   102  stm32f0xx_rcc.o(.text)
    RCC_HSEConfig                            0x08002b0b   Thumb Code    12  stm32f0xx_rcc.o(.text)
    RCC_GetFlagStatus                        0x08002b17   Thumb Code    68  stm32f0xx_rcc.o(.text)
    RCC_WaitForHSEStartUp                    0x08002b5b   Thumb Code    60  stm32f0xx_rcc.o(.text)
    RCC_AdjustHSICalibrationValue            0x08002b97   Thumb Code    26  stm32f0xx_rcc.o(.text)
    RCC_HSICmd                               0x08002bb1   Thumb Code    32  stm32f0xx_rcc.o(.text)
    RCC_AdjustHSI14CalibrationValue          0x08002bd1   Thumb Code    26  stm32f0xx_rcc.o(.text)
    RCC_HSI14Cmd                             0x08002beb   Thumb Code    32  stm32f0xx_rcc.o(.text)
    RCC_HSI14ADCRequestCmd                   0x08002c0b   Thumb Code    32  stm32f0xx_rcc.o(.text)
    RCC_LSEConfig                            0x08002c2b   Thumb Code    34  stm32f0xx_rcc.o(.text)
    RCC_LSEDriveConfig                       0x08002c4d   Thumb Code    22  stm32f0xx_rcc.o(.text)
    RCC_LSICmd                               0x08002c63   Thumb Code    32  stm32f0xx_rcc.o(.text)
    RCC_PLLConfig                            0x08002c83   Thumb Code    30  stm32f0xx_rcc.o(.text)
    RCC_PLLCmd                               0x08002ca1   Thumb Code    36  stm32f0xx_rcc.o(.text)
    RCC_HSI48Cmd                             0x08002cc5   Thumb Code    36  stm32f0xx_rcc.o(.text)
    RCC_PREDIV1Config                        0x08002ce9   Thumb Code    24  stm32f0xx_rcc.o(.text)
    RCC_ClockSecuritySystemCmd               0x08002d01   Thumb Code    36  stm32f0xx_rcc.o(.text)
    RCC_MCOConfig                            0x08002d25   Thumb Code    24  stm32f0xx_rcc.o(.text)
    RCC_SYSCLKConfig                         0x08002d3d   Thumb Code    24  stm32f0xx_rcc.o(.text)
    RCC_GetSYSCLKSource                      0x08002d55   Thumb Code    10  stm32f0xx_rcc.o(.text)
    RCC_HCLKConfig                           0x08002d5f   Thumb Code    28  stm32f0xx_rcc.o(.text)
    RCC_PCLKConfig                           0x08002d7b   Thumb Code    30  stm32f0xx_rcc.o(.text)
    RCC_ADCCLKConfig                         0x08002d99   Thumb Code    52  stm32f0xx_rcc.o(.text)
    RCC_CECCLKConfig                         0x08002dcd   Thumb Code    22  stm32f0xx_rcc.o(.text)
    RCC_I2CCLKConfig                         0x08002de3   Thumb Code    22  stm32f0xx_rcc.o(.text)
    RCC_USARTCLKConfig                       0x08002df9   Thumb Code    68  stm32f0xx_rcc.o(.text)
    RCC_USBCLKConfig                         0x08002e3d   Thumb Code    22  stm32f0xx_rcc.o(.text)
    RCC_GetClocksFreq                        0x08002e53   Thumb Code   576  stm32f0xx_rcc.o(.text)
    RCC_RTCCLKConfig                         0x08003093   Thumb Code    12  stm32f0xx_rcc.o(.text)
    RCC_RTCCLKCmd                            0x0800309f   Thumb Code    36  stm32f0xx_rcc.o(.text)
    RCC_BackupResetCmd                       0x080030c3   Thumb Code    36  stm32f0xx_rcc.o(.text)
    RCC_AHBPeriphClockCmd                    0x080030e7   Thumb Code    28  stm32f0xx_rcc.o(.text)
    RCC_APB2PeriphClockCmd                   0x08003103   Thumb Code    28  stm32f0xx_rcc.o(.text)
    RCC_APB1PeriphClockCmd                   0x0800311f   Thumb Code    28  stm32f0xx_rcc.o(.text)
    RCC_AHBPeriphResetCmd                    0x0800313b   Thumb Code    28  stm32f0xx_rcc.o(.text)
    RCC_APB2PeriphResetCmd                   0x08003157   Thumb Code    28  stm32f0xx_rcc.o(.text)
    RCC_APB1PeriphResetCmd                   0x08003173   Thumb Code    28  stm32f0xx_rcc.o(.text)
    RCC_ITConfig                             0x0800318f   Thumb Code    28  stm32f0xx_rcc.o(.text)
    RCC_ClearFlag                            0x080031ab   Thumb Code    16  stm32f0xx_rcc.o(.text)
    RCC_GetITStatus                          0x080031bb   Thumb Code    22  stm32f0xx_rcc.o(.text)
    RCC_ClearITPendingBit                    0x080031d1   Thumb Code     6  stm32f0xx_rcc.o(.text)
    _platform_post_stackheap_init            0x080031f5   Thumb Code     8  rtx_lib.o(.text)
    __user_perthread_libspace                0x0800321f   Thumb Code    94  rtx_lib.o(.text)
    _mutex_initialize                        0x0800327d   Thumb Code    34  rtx_lib.o(.text)
    _mutex_acquire                           0x0800329f   Thumb Code    24  rtx_lib.o(.text)
    _mutex_release                           0x080032b7   Thumb Code    20  rtx_lib.o(.text)
    _mutex_free                              0x080032cb   Thumb Code    12  rtx_lib.o(.text)
    osRtxIdleThread                          0x080032e9   Thumb Code     4  rtx_config.o(.text)
    osRtxErrorNotify                         0x080032ed   Thumb Code    32  rtx_config.o(.text)
    Reset_Handler                            0x0800330d   Thumb Code     8  startup_stm32f030x8.o(.text)
    NMI_Handler                              0x08003315   Thumb Code     2  startup_stm32f030x8.o(.text)
    HardFault_Handler                        0x08003317   Thumb Code     2  startup_stm32f030x8.o(.text)
    ADC1_IRQHandler                          0x0800331f   Thumb Code     0  startup_stm32f030x8.o(.text)
    DMA1_Channel1_IRQHandler                 0x0800331f   Thumb Code     0  startup_stm32f030x8.o(.text)
    EXTI0_1_IRQHandler                       0x0800331f   Thumb Code     0  startup_stm32f030x8.o(.text)
    EXTI2_3_IRQHandler                       0x0800331f   Thumb Code     0  startup_stm32f030x8.o(.text)
    EXTI4_15_IRQHandler                      0x0800331f   Thumb Code     0  startup_stm32f030x8.o(.text)
    FLASH_IRQHandler                         0x0800331f   Thumb Code     0  startup_stm32f030x8.o(.text)
    I2C2_IRQHandler                          0x0800331f   Thumb Code     0  startup_stm32f030x8.o(.text)
    RCC_IRQHandler                           0x0800331f   Thumb Code     0  startup_stm32f030x8.o(.text)
    RTC_IRQHandler                           0x0800331f   Thumb Code     0  startup_stm32f030x8.o(.text)
    SPI1_IRQHandler                          0x0800331f   Thumb Code     0  startup_stm32f030x8.o(.text)
    SPI2_IRQHandler                          0x0800331f   Thumb Code     0  startup_stm32f030x8.o(.text)
    TIM14_IRQHandler                         0x0800331f   Thumb Code     0  startup_stm32f030x8.o(.text)
    TIM15_IRQHandler                         0x0800331f   Thumb Code     0  startup_stm32f030x8.o(.text)
    TIM16_IRQHandler                         0x0800331f   Thumb Code     0  startup_stm32f030x8.o(.text)
    TIM17_IRQHandler                         0x0800331f   Thumb Code     0  startup_stm32f030x8.o(.text)
    TIM1_BRK_UP_TRG_COM_IRQHandler           0x0800331f   Thumb Code     0  startup_stm32f030x8.o(.text)
    TIM1_CC_IRQHandler                       0x0800331f   Thumb Code     0  startup_stm32f030x8.o(.text)
    TIM3_IRQHandler                          0x0800331f   Thumb Code     0  startup_stm32f030x8.o(.text)
    WWDG_IRQHandler                          0x0800331f   Thumb Code     0  startup_stm32f030x8.o(.text)
    __user_initial_stackheap                 0x08003321   Thumb Code     0  startup_stm32f030x8.o(.text)
    SystemInit                               0x08003345   Thumb Code   228  system_stm32f0xx.o(.text)
    SystemCoreClockUpdate                    0x08003429   Thumb Code   158  system_stm32f0xx.o(.text)
    SVC_Handler                              0x080034ed   Thumb Code   120  irq_cm0.o(.text)
    PendSV_Handler                           0x08003565   Thumb Code    12  irq_cm0.o(.text)
    SysTick_Handler                          0x08003571   Thumb Code    12  irq_cm0.o(.text)
    __2sprintf                               0x08003585   Thumb Code    36  noretval__2sprintf.o(.text)
    __printf                                 0x080035ad   Thumb Code   108  __printf.o(.text)
    _printf_int_dec                          0x08003619   Thumb Code    90  _printf_dec.o(.text)
    __aeabi_memcpy                           0x08003685   Thumb Code   130  rt_memcpy.o(.text)
    __rt_memcpy                              0x08003685   Thumb Code     0  rt_memcpy.o(.text)
    __aeabi_memset4                          0x08003707   Thumb Code    18  aeabi_memset4.o(.text)
    __aeabi_memset8                          0x08003707   Thumb Code     0  aeabi_memset4.o(.text)
    _memset_w                                0x08003719   Thumb Code    26  rt_memclr.o(.text)
    _memset                                  0x08003733   Thumb Code    30  rt_memclr.o(.text)
    __aeabi_memclr                           0x08003751   Thumb Code     4  rt_memclr.o(.text)
    __rt_memclr                              0x08003751   Thumb Code     0  rt_memclr.o(.text)
    __aeabi_memclr4                          0x08003755   Thumb Code     0  rt_memclr.o(.text)
    __aeabi_memclr8                          0x08003755   Thumb Code     0  rt_memclr.o(.text)
    __rt_memclr_w                            0x08003755   Thumb Code     4  rt_memclr.o(.text)
    __aeabi_uidiv                            0x08003759   Thumb Code     0  aeabi_sdivfast.o(.text)
    __aeabi_uidivmod                         0x08003759   Thumb Code    28  aeabi_sdivfast.o(.text)
    __aeabi_idiv                             0x08003775   Thumb Code     0  aeabi_sdivfast.o(.text)
    __aeabi_idivmod                          0x08003775   Thumb Code   460  aeabi_sdivfast.o(.text)
    __use_two_region_memory                  0x08003941   Thumb Code     2  heapauxi.o(.text)
    __rt_heap_escrow$2region                 0x08003943   Thumb Code     2  heapauxi.o(.text)
    __rt_heap_expand$2region                 0x08003945   Thumb Code     2  heapauxi.o(.text)
    _printf_int_common                       0x08003947   Thumb Code   176  _printf_intcommon.o(.text)
    _printf_char_common                      0x08003a03   Thumb Code    32  _printf_char_common.o(.text)
    _sputc                                   0x08003a29   Thumb Code    10  _sputc.o(.text)
    __rt_udiv10                              0x08003a33   Thumb Code    40  rtudiv10.o(.text)
    __user_setup_stackheap                   0x08003a5b   Thumb Code    62  sys_stackheap_outer.o(.text)
    exit                                     0x08003a99   Thumb Code    16  exit.o(.text)
    __user_libspace                          0x08003aa9   Thumb Code     8  libspace.o(.text)
    __user_perproc_libspace                  0x08003aa9   Thumb Code     0  libspace.o(.text)
    _sys_exit                                0x08003ab1   Thumb Code     8  sys_exit.o(.text)
    __I$use$semihosting                      0x08003abd   Thumb Code     0  use_no_semi.o(.text)
    __use_no_semihosting_swi                 0x08003abd   Thumb Code     2  use_no_semi.o(.text)
    __decompress                             0x08003abf   Thumb Code     0  __dczerorl2.o(.text)
    __decompress1                            0x08003abf   Thumb Code    86  __dczerorl2.o(.text)
    __semihosting_library_function           0x08003abf   Thumb Code     0  indicate_semi.o(.text)
    osDelay                                  0x08003b15   Thumb Code    36  rtx_delay.o(.text.osDelay)
    osEventFlagsNew                          0x08003b39   Thumb Code    56  rtx_evflags.o(.text.osEventFlagsNew)
    osEventFlagsSet                          0x08003b71   Thumb Code    88  rtx_evflags.o(.text.osEventFlagsSet)
    osEventFlagsWait                         0x08003bc9   Thumb Code   192  rtx_evflags.o(.text.osEventFlagsWait)
    osKernelGetState                         0x08003c89   Thumb Code    52  rtx_kernel.o(.text.osKernelGetState)
    osKernelInitialize                       0x08003cbd   Thumb Code    56  rtx_kernel.o(.text.osKernelInitialize)
    osKernelStart                            0x08003cf5   Thumb Code    56  rtx_kernel.o(.text.osKernelStart)
    osMessageQueuePut                        0x08003d2d   Thumb Code   128  rtx_msgqueue.o(.text.osMessageQueuePut)
    osMutexAcquire                           0x08003dad   Thumb Code    36  rtx_mutex.o(.text.osMutexAcquire)
    osMutexDelete                            0x08003dd1   Thumb Code    36  rtx_mutex.o(.text.osMutexDelete)
    osMutexNew                               0x08003df5   Thumb Code    56  rtx_mutex.o(.text.osMutexNew)
    osMutexRelease                           0x08003e2d   Thumb Code    36  rtx_mutex.o(.text.osMutexRelease)
    osRtxEventFlagsPostProcess               0x08003e51   Thumb Code   160  rtx_evflags.o(.text.osRtxEventFlagsPostProcess)
    osRtxMemoryAlloc                         0x08003ef1   Thumb Code   118  rtx_memory.o(.text.osRtxMemoryAlloc)
    osRtxMemoryFree                          0x08003f67   Thumb Code    74  rtx_memory.o(.text.osRtxMemoryFree)
    osRtxMemoryInit                          0x08003fb1   Thumb Code    54  rtx_memory.o(.text.osRtxMemoryInit)
    osRtxMemoryPoolAlloc                     0x08003fe7   Thumb Code    54  rtx_mempool.o(.text.osRtxMemoryPoolAlloc)
    osRtxMemoryPoolFree                      0x0800401d   Thumb Code    62  rtx_mempool.o(.text.osRtxMemoryPoolFree)
    osRtxMemoryPoolInit                      0x0800405b   Thumb Code    68  rtx_mempool.o(.text.osRtxMemoryPoolInit)
    osRtxMutexOwnerRelease                   0x0800409f   Thumb Code    70  rtx_mutex.o(.text.osRtxMutexOwnerRelease)
    osRtxPendSV_Handler                      0x080040e5   Thumb Code   160  rtx_system.o(.text.osRtxPendSV_Handler)
    osRtxPostProcess                         0x08004185   Thumb Code   116  rtx_system.o(.text.osRtxPostProcess)
    osRtxSysTimerAckIRQ                      0x080041f9   Thumb Code    12  rtx_system.o(.text.osRtxSysTimerAckIRQ)
    osRtxSysTimerEnable                      0x08004205   Thumb Code    12  rtx_system.o(.text.osRtxSysTimerEnable)
    osRtxSysTimerSetup                       0x08004211   Thumb Code    56  rtx_system.o(.text.osRtxSysTimerSetup)
    osRtxThreadDelayTick                     0x08004249   Thumb Code   128  rtx_thread.o(.text.osRtxThreadDelayTick)
    osRtxThreadDispatch                      0x080042c9   Thumb Code   300  rtx_thread.o(.text.osRtxThreadDispatch)
    osRtxThreadListGet                       0x080043f5   Thumb Code    24  rtx_thread.o(.text.osRtxThreadListGet)
    osRtxThreadListPut                       0x0800440d   Thumb Code    56  rtx_thread.o(.text.osRtxThreadListPut)
    osRtxThreadListRemove                    0x08004445   Thumb Code    24  rtx_thread.o(.text.osRtxThreadListRemove)
    osRtxThreadListSort                      0x0800445d   Thumb Code    92  rtx_thread.o(.text.osRtxThreadListSort)
    osRtxThreadPostProcess                   0x080044b9   Thumb Code   264  rtx_thread.o(.text.osRtxThreadPostProcess)
    osRtxThreadReadyPut                      0x080045c1   Thumb Code    72  rtx_thread.o(.text.osRtxThreadReadyPut)
    osRtxThreadRegPtr                        0x08004609   Thumb Code     6  rtx_thread.o(.text.osRtxThreadRegPtr)
    osRtxThreadStackCheck                    0x08004611   Thumb Code    44  rtx_thread.o(.text.osRtxThreadStackCheck)
    osRtxThreadSwitch                        0x0800463d   Thumb Code    20  rtx_thread.o(.text.osRtxThreadSwitch)
    osRtxThreadWaitEnter                     0x08004651   Thumb Code   232  rtx_thread.o(.text.osRtxThreadWaitEnter)
    osRtxThreadWaitExit                      0x08004739   Thumb Code   168  rtx_thread.o(.text.osRtxThreadWaitExit)
    osRtxTick_Handler                        0x080047e1   Thumb Code   120  rtx_system.o(.text.osRtxTick_Handler)
    osRtxTimerTick                           0x08004859   Thumb Code   164  rtx_timer.o(.text.osRtxTimerTick)
    osThreadExit                             0x080048fd   Thumb Code    12  rtx_thread.o(.text.osThreadExit)
    osThreadGetId                            0x08004909   Thumb Code    32  rtx_thread.o(.text.osThreadGetId)
    osThreadNew                              0x08004929   Thumb Code    56  rtx_thread.o(.text.osThreadNew)
    osThreadSetPriority                      0x08004961   Thumb Code    36  rtx_thread.o(.text.osThreadSetPriority)
    svcRtxDelay                              0x08004985   Thumb Code    18  rtx_delay.o(.text.svcRtxDelay)
    svcRtxEventFlagsNew                      0x08004999   Thumb Code   120  rtx_evflags.o(.text.svcRtxEventFlagsNew)
    svcRtxEventFlagsSet                      0x08004a11   Thumb Code   272  rtx_evflags.o(.text.svcRtxEventFlagsSet)
    svcRtxEventFlagsWait                     0x08004b21   Thumb Code   240  rtx_evflags.o(.text.svcRtxEventFlagsWait)
    svcRtxKernelGetState                     0x08004c11   Thumb Code    12  rtx_kernel.o(.text.svcRtxKernelGetState)
    svcRtxKernelInitialize                   0x08004c1d   Thumb Code   436  rtx_kernel.o(.text.svcRtxKernelInitialize)
    svcRtxKernelStart                        0x08004dd1   Thumb Code   144  rtx_kernel.o(.text.svcRtxKernelStart)
    svcRtxMessageQueuePut                    0x08004e61   Thumb Code   308  rtx_msgqueue.o(.text.svcRtxMessageQueuePut)
    svcRtxMutexAcquire                       0x08004f95   Thumb Code   164  rtx_mutex.o(.text.svcRtxMutexAcquire)
    svcRtxMutexDelete                        0x08005039   Thumb Code   216  rtx_mutex.o(.text.svcRtxMutexDelete)
    svcRtxMutexNew                           0x08005111   Thumb Code   120  rtx_mutex.o(.text.svcRtxMutexNew)
    svcRtxMutexRelease                       0x08005189   Thumb Code   204  rtx_mutex.o(.text.svcRtxMutexRelease)
    svcRtxThreadExit                         0x08005255   Thumb Code   340  rtx_thread.o(.text.svcRtxThreadExit)
    svcRtxThreadGetId                        0x080053a9   Thumb Code    12  rtx_thread.o(.text.svcRtxThreadGetId)
    svcRtxThreadNew                          0x080053b5   Thumb Code   584  rtx_thread.o(.text.svcRtxThreadNew)
    svcRtxThreadSetPriority                  0x080055fd   Thumb Code   280  rtx_thread.o(.text.svcRtxThreadSetPriority)
    __ARM_common_switch8                     0x08005715   Thumb Code    28  modbus_func.o(i.__ARM_common_switch8)
    stCrcTable                               0x08005730   Data         512  modbus.o(.constdata)
    stHoldingRegArray                        0x08005938   Data          48  modbus_func.o(.constdata)
    sizeOfHoldingRegister                    0x08005968   Data           2  modbus_func.o(.constdata)
    step_array_full                          0x0800596c   Data           4  stepper_motor.o(.constdata)
    ucShift                                  0x08005970   Data           2  stepper_motor.o(.constdata)
    ulStepperEn                              0x08005974   Data           8  stepper_motor.o(.constdata)
    ulStepperMask                            0x0800597c   Data           8  stepper_motor.o(.constdata)
    ulSwitchMask                             0x08005984   Data           8  stepper_motor.o(.constdata)
    osRtxUserSVC                             0x080059ec   Data           4  rtx_lib.o(.constdata)
    AHBPrescTable                            0x080059f0   Data          16  system_stm32f0xx.o(.constdata)
    irqRtxLib                                0x08005a00   Data           1  irq_cm0.o(.constdata)
    osRtxConfig                              0x08005a04   Data         104  rtx_lib.o(.rodata)
    Region$$Table$$Base                      0x08005a78   Number         0  anon$$obj.o(Region$$Table)
    Region$$Table$$Limit                     0x08005a98   Number         0  anon$$obj.o(Region$$Table)
    mutex_I2C                                0x200014d0   Data           4  main.o(.data)
    event_general                            0x200014d4   Data           4  main.o(.data)
    stTempHum                                0x200014d8   Data           4  hdc1080.o(.data)
    stHDC1080Status                          0x200014dc   Data           1  hdc1080.o(.data)
    uiTimerHDC1080                           0x200014de   Data           2  hdc1080.o(.data)
    statusT                                  0x200014e0   Data           4  hdc1080.o(.data)
    uiWordQty                                0x200014e4   Data           2  modbus.o(.data)
    ulMfTmp                                  0x200014e8   Data           4  modbus_func.o(.data)
    uiMfTmp                                  0x200014ec   Data           2  modbus_func.o(.data)
    ptruInt                                  0x200014f0   Data           4  modbus_func.o(.data)
    uistMfTmp                                0x200014f4   Data           2  modbus_func.o(.data)
    ptruChar                                 0x200014f8   Data           4  modbus_func.o(.data)
    ulPar1                                   0x200014fc   Data           4  modbus_func.o(.data)
    active_motor                             0x20001500   Data           1  stepper_motor.o(.data)
    ulInputs                                 0x20001504   Data           4  gpio.o(.data)
    ulOutputs                                0x20001508   Data           4  gpio.o(.data)
    ulTmp                                    0x2000150c   Data           4  gpio.o(.data)
    uart1Tx                                  0x20001510   Data          66  uart.o(.data)
    uart1Flags                               0x20001552   Data           5  uart.o(.data)
    uiTmp                                    0x20001557   Data           1  uart.o(.data)
    uiTimerUart1                             0x20001558   Data           2  uart.o(.data)
    uart2Tx                                  0x2000155a   Data          66  uart.o(.data)
    uart2Flags                               0x2000159c   Data           5  uart.o(.data)
    uiTimerUart2                             0x200015a2   Data           2  uart.o(.data)
    i2cTxBufPtr                              0x200015a4   Data           4  i2c.o(.data)
    i2cRxBufPtr                              0x200015a8   Data           4  i2c.o(.data)
    stI2cMsgTx                               0x200015ac   Data           2  i2c.o(.data)
    stI2cStatus                              0x200015ae   Data           1  i2c.o(.data)
    ucI2CMasterSendStartStop                 0x200015af   Data           1  i2c.o(.data)
    ulTempI2C                                0x200015b0   Data           4  i2c.o(.data)
    uiTimerI2C                               0x200015b4   Data           2  i2c.o(.data)
    irqRtxLibRef                             0x200015c8   Data           4  rtx_lib.o(.data)
    SystemCoreClock                          0x200015d0   Data           4  system_stm32f0xx.o(.data)
    osRtxInfo                                0x200015d8   Data         168  rtx_kernel.o(.data.os)
    sys_par                                  0x20001680   Data          10  pub_var.o(.bss)
    mbTxRxData                               0x2000168c   Data          12  modbus.o(.bss)
    motor_s                                  0x20001698   Data          16  stepper_motor.o(.bss)
    uart1Rx                                  0x200016a8   Data         136  uart.o(.bss)
    uart2Rx                                  0x20001730   Data         136  uart.o(.bss)
    ucI2CTxBuf                               0x200017b8   Data          32  i2c.o(.bss)
    ucI2CRxBuf                               0x200017d8   Data          32  i2c.o(.bss)
    __libspace_start                         0x200017f8   Data          96  libspace.o(.bss)
    __temporary_stack_top$libspace           0x20001858   Data           0  libspace.o(.bss)



==============================================================================

Memory Map of the image

  Image Entry point : 0x080000b5

  Load Region LR_IROM1 (Base: 0x08000000, Size: 0x00007118, Max: 0x00010000, ABSOLUTE, COMPRESSED[0x00005b08])

    Execution Region ER_IROM1 (Base: 0x08000000, Size: 0x00005a98, Max: 0x00010000, ABSOLUTE)

    Base Addr    Size         Type   Attr      Idx    E Section Name        Object

    0x08000000   0x000000b4   Data   RO          656    RESET               startup_stm32f030x8.o
    0x080000b4   0x00000008   Code   RO         1226  * !!!main             c_p.l(__main.o)
    0x080000bc   0x0000003c   Code   RO         1406    !!!scatter          c_p.l(__scatter.o)
    0x080000f8   0x0000001c   Code   RO         1408    !!handler_zi        c_p.l(__scatter_zi.o)
    0x08000114   0x00000002   Code   RO         1211    .ARM.Collect$$_printf_percent$$00000000  c_p.l(_printf_percent.o)
    0x08000116   0x0000000a   Code   RO         1210    .ARM.Collect$$_printf_percent$$00000009  c_p.l(_printf_d.o)
    0x08000120   0x00000004   Code   RO         1239    .ARM.Collect$$_printf_percent$$00000017  c_p.l(_printf_percent_end.o)
    0x08000124   0x00000002   Code   RO         1273    .ARM.Collect$$libinit$$00000000  c_p.l(libinit.o)
    0x08000126   0x00000000   Code   RO         1287    .ARM.Collect$$libinit$$00000002  c_p.l(libinit2.o)
    0x08000126   0x00000000   Code   RO         1289    .ARM.Collect$$libinit$$00000004  c_p.l(libinit2.o)
    0x08000126   0x00000000   Code   RO         1292    .ARM.Collect$$libinit$$0000000A  c_p.l(libinit2.o)
    0x08000126   0x00000000   Code   RO         1294    .ARM.Collect$$libinit$$0000000C  c_p.l(libinit2.o)
    0x08000126   0x00000000   Code   RO         1296    .ARM.Collect$$libinit$$0000000E  c_p.l(libinit2.o)
    0x08000126   0x00000000   Code   RO         1299    .ARM.Collect$$libinit$$00000011  c_p.l(libinit2.o)
    0x08000126   0x00000000   Code   RO         1301    .ARM.Collect$$libinit$$00000013  c_p.l(libinit2.o)
    0x08000126   0x00000000   Code   RO         1303    .ARM.Collect$$libinit$$00000015  c_p.l(libinit2.o)
    0x08000126   0x00000000   Code   RO         1305    .ARM.Collect$$libinit$$00000017  c_p.l(libinit2.o)
    0x08000126   0x00000000   Code   RO         1307    .ARM.Collect$$libinit$$00000019  c_p.l(libinit2.o)
    0x08000126   0x00000000   Code   RO         1309    .ARM.Collect$$libinit$$0000001B  c_p.l(libinit2.o)
    0x08000126   0x00000000   Code   RO         1311    .ARM.Collect$$libinit$$0000001D  c_p.l(libinit2.o)
    0x08000126   0x00000000   Code   RO         1313    .ARM.Collect$$libinit$$0000001F  c_p.l(libinit2.o)
    0x08000126   0x00000000   Code   RO         1315    .ARM.Collect$$libinit$$00000021  c_p.l(libinit2.o)
    0x08000126   0x00000000   Code   RO         1317    .ARM.Collect$$libinit$$00000023  c_p.l(libinit2.o)
    0x08000126   0x00000000   Code   RO         1319    .ARM.Collect$$libinit$$00000025  c_p.l(libinit2.o)
    0x08000126   0x00000000   Code   RO         1323    .ARM.Collect$$libinit$$0000002C  c_p.l(libinit2.o)
    0x08000126   0x00000000   Code   RO         1325    .ARM.Collect$$libinit$$0000002E  c_p.l(libinit2.o)
    0x08000126   0x00000000   Code   RO         1327    .ARM.Collect$$libinit$$00000030  c_p.l(libinit2.o)
    0x08000126   0x00000000   Code   RO         1329    .ARM.Collect$$libinit$$00000032  c_p.l(libinit2.o)
    0x08000126   0x00000002   Code   RO         1330    .ARM.Collect$$libinit$$00000033  c_p.l(libinit2.o)
    0x08000128   0x00000002   Code   RO         1361    .ARM.Collect$$libshutdown$$00000000  c_p.l(libshutdown.o)
    0x0800012a   0x00000000   Code   RO         1387    .ARM.Collect$$libshutdown$$00000002  c_p.l(libshutdown2.o)
    0x0800012a   0x00000000   Code   RO         1389    .ARM.Collect$$libshutdown$$00000004  c_p.l(libshutdown2.o)
    0x0800012a   0x00000000   Code   RO         1392    .ARM.Collect$$libshutdown$$00000007  c_p.l(libshutdown2.o)
    0x0800012a   0x00000000   Code   RO         1395    .ARM.Collect$$libshutdown$$0000000A  c_p.l(libshutdown2.o)
    0x0800012a   0x00000000   Code   RO         1397    .ARM.Collect$$libshutdown$$0000000C  c_p.l(libshutdown2.o)
    0x0800012a   0x00000000   Code   RO         1400    .ARM.Collect$$libshutdown$$0000000F  c_p.l(libshutdown2.o)
    0x0800012a   0x00000002   Code   RO         1401    .ARM.Collect$$libshutdown$$00000010  c_p.l(libshutdown2.o)
    0x0800012c   0x00000000   Code   RO         1228    .ARM.Collect$$rtentry$$00000000  c_p.l(__rtentry.o)
    0x0800012c   0x00000000   Code   RO         1243    .ARM.Collect$$rtentry$$00000002  c_p.l(__rtentry2.o)
    0x0800012c   0x00000006   Code   RO         1255    .ARM.Collect$$rtentry$$00000004  c_p.l(__rtentry4.o)
    0x08000132   0x00000008   Code   RO         1244    .ARM.Collect$$rtentry$$00000008  c_p.l(__rtentry2.o)
    0x0800013a   0x00000004   Code   RO         1246    .ARM.Collect$$rtentry$$0000000A  c_p.l(__rtentry2.o)
    0x0800013e   0x00000000   Code   RO         1248    .ARM.Collect$$rtentry$$0000000C  c_p.l(__rtentry2.o)
    0x0800013e   0x00000008   Code   RO         1249    .ARM.Collect$$rtentry$$0000000D  c_p.l(__rtentry2.o)
    0x08000146   0x00000002   Code   RO         1278    .ARM.Collect$$rtexit$$00000000  c_p.l(rtexit.o)
    0x08000148   0x00000000   Code   RO         1334    .ARM.Collect$$rtexit$$00000002  c_p.l(rtexit2.o)
    0x08000148   0x00000004   Code   RO         1335    .ARM.Collect$$rtexit$$00000003  c_p.l(rtexit2.o)
    0x0800014c   0x00000006   Code   RO         1336    .ARM.Collect$$rtexit$$00000004  c_p.l(rtexit2.o)
    0x08000152   0x00000002   PAD
    0x08000154   0x00000038   Code   RO         1212    .emb_text           c_p.l(rt_memcpy.o)
    0x0800018c   0x000000d0   Code   RO            3    .text               main.o
    0x0800025c   0x00000024   Code   RO          127    .text               pub_var.o
    0x08000280   0x0000008e   Code   RO          145    .text               util.o
    0x0800030e   0x00000002   PAD
    0x08000310   0x000002ec   Code   RO          162    .text               hdc1080.o
    0x080005fc   0x000002dc   Code   RO          192    .text               modbus.o
    0x080008d8   0x00000278   Code   RO          251    .text               modbus_func.o
    0x08000b50   0x00000354   Code   RO          284    .text               stepper_motor.o
    0x08000ea4   0x000002fc   Code   RO          312    .text               hc0x_bluetooth.o
    0x080011a0   0x000002b4   Code   RO          336    .text               stm32f0xx_dma.o
    0x08001454   0x0000020c   Code   RO          356    .text               stm32f0xx_gpio.o
    0x08001660   0x000000b4   Code   RO          379    .text               stm32f0xx_misc.o
    0x08001714   0x00000612   Code   RO          399    .text               stm32f0xx_usart.o
    0x08001d26   0x00000002   PAD
    0x08001d28   0x00000150   Code   RO          439    .text               gpio.o
    0x08001e78   0x00000758   Code   RO          465    .text               uart.o
    0x080025d0   0x00000394   Code   RO          492    .text               i2c.o
    0x08002964   0x00000140   Code   RO          522    .text               timer.o
    0x08002aa4   0x00000750   Code   RO          572    .text               stm32f0xx_rcc.o
    0x080031f4   0x000000f4   Code   RO          594    .text               rtx_lib.o
    0x080032e8   0x00000024   Code   RO          632    .text               rtx_config.o
    0x0800330c   0x00000038   Code   RO          657    .text               startup_stm32f030x8.o
    0x08003344   0x000001a8   Code   RO          663    .text               system_stm32f0xx.o
    0x080034ec   0x00000098   Code   RO          983    .text               RTX_CM0.lib(irq_cm0.o)
    0x08003584   0x00000028   Code   RO         1184    .text               c_p.l(noretval__2sprintf.o)
    0x080035ac   0x0000006c   Code   RO         1186    .text               c_p.l(__printf.o)
    0x08003618   0x0000006c   Code   RO         1188    .text               c_p.l(_printf_dec.o)
    0x08003684   0x00000082   Code   RO         1213    .text               c_p.l(rt_memcpy.o)
    0x08003706   0x00000012   Code   RO         1216    .text               c_p.l(aeabi_memset4.o)
    0x08003718   0x00000040   Code   RO         1218    .text               c_p.l(rt_memclr.o)
    0x08003758   0x000001e8   Code   RO         1220    .text               c_p.l(aeabi_sdivfast.o)
    0x08003940   0x00000006   Code   RO         1224    .text               c_p.l(heapauxi.o)
    0x08003946   0x000000b0   Code   RO         1233    .text               c_p.l(_printf_intcommon.o)
    0x080039f6   0x00000002   PAD
    0x080039f8   0x00000030   Code   RO         1235    .text               c_p.l(_printf_char_common.o)
    0x08003a28   0x0000000a   Code   RO         1237    .text               c_p.l(_sputc.o)
    0x08003a32   0x00000028   Code   RO         1240    .text               c_p.l(rtudiv10.o)
    0x08003a5a   0x0000003e   Code   RO         1261    .text               c_p.l(sys_stackheap_outer.o)
    0x08003a98   0x00000010   Code   RO         1264    .text               c_p.l(exit.o)
    0x08003aa8   0x00000008   Code   RO         1274    .text               c_p.l(libspace.o)
    0x08003ab0   0x0000000c   Code   RO         1331    .text               c_p.l(sys_exit.o)
    0x08003abc   0x00000002   Code   RO         1350    .text               c_p.l(use_no_semi.o)
    0x08003abe   0x00000000   Code   RO         1352    .text               c_p.l(indicate_semi.o)
    0x08003abe   0x00000056   Code   RO         1404    .text               c_p.l(__dczerorl2.o)
    0x08003b14   0x00000024   Code   RO          890    .text.osDelay       RTX_CM0.lib(rtx_delay.o)
    0x08003b38   0x00000038   Code   RO          921    .text.osEventFlagsNew  RTX_CM0.lib(rtx_evflags.o)
    0x08003b70   0x00000058   Code   RO          925    .text.osEventFlagsSet  RTX_CM0.lib(rtx_evflags.o)
    0x08003bc8   0x000000c0   Code   RO          931    .text.osEventFlagsWait  RTX_CM0.lib(rtx_evflags.o)
    0x08003c88   0x00000034   Code   RO          719    .text.osKernelGetState  RTX_CM0.lib(rtx_kernel.o)
    0x08003cbc   0x00000038   Code   RO          715    .text.osKernelInitialize  RTX_CM0.lib(rtx_kernel.o)
    0x08003cf4   0x00000038   Code   RO          721    .text.osKernelStart  RTX_CM0.lib(rtx_kernel.o)
    0x08003d2c   0x00000080   Code   RO         1154    .text.osMessageQueuePut  RTX_CM0.lib(rtx_msgqueue.o)
    0x08003dac   0x00000024   Code   RO          964    .text.osMutexAcquire  RTX_CM0.lib(rtx_mutex.o)
    0x08003dd0   0x00000024   Code   RO          970    .text.osMutexDelete  RTX_CM0.lib(rtx_mutex.o)
    0x08003df4   0x00000038   Code   RO          960    .text.osMutexNew    RTX_CM0.lib(rtx_mutex.o)
    0x08003e2c   0x00000024   Code   RO          966    .text.osMutexRelease  RTX_CM0.lib(rtx_mutex.o)
    0x08003e50   0x000000a0   Code   RO          905    .text.osRtxEventFlagsPostProcess  RTX_CM0.lib(rtx_evflags.o)
    0x08003ef0   0x00000076   Code   RO         1029    .text.osRtxMemoryAlloc  RTX_CM0.lib(rtx_memory.o)
    0x08003f66   0x0000004a   Code   RO         1031    .text.osRtxMemoryFree  RTX_CM0.lib(rtx_memory.o)
    0x08003fb0   0x00000036   Code   RO         1027    .text.osRtxMemoryInit  RTX_CM0.lib(rtx_memory.o)
    0x08003fe6   0x00000036   Code   RO         1046    .text.osRtxMemoryPoolAlloc  RTX_CM0.lib(rtx_mempool.o)
    0x0800401c   0x0000003e   Code   RO         1048    .text.osRtxMemoryPoolFree  RTX_CM0.lib(rtx_mempool.o)
    0x0800405a   0x00000044   Code   RO         1044    .text.osRtxMemoryPoolInit  RTX_CM0.lib(rtx_mempool.o)
    0x0800409e   0x00000046   Code   RO          946    .text.osRtxMutexOwnerRelease  RTX_CM0.lib(rtx_mutex.o)
    0x080040e4   0x000000a0   Code   RO         1103    .text.osRtxPendSV_Handler  RTX_CM0.lib(rtx_system.o)
    0x08004184   0x00000074   Code   RO         1105    .text.osRtxPostProcess  RTX_CM0.lib(rtx_system.o)
    0x080041f8   0x0000000c   Code   RO         1101    .text.osRtxSysTimerAckIRQ  RTX_CM0.lib(rtx_system.o)
    0x08004204   0x0000000c   Code   RO         1109    .text.osRtxSysTimerEnable  RTX_CM0.lib(rtx_system.o)
    0x08004210   0x00000038   Code   RO         1107    .text.osRtxSysTimerSetup  RTX_CM0.lib(rtx_system.o)
    0x08004248   0x00000080   Code   RO          773    .text.osRtxThreadDelayTick  RTX_CM0.lib(rtx_thread.o)
    0x080042c8   0x0000012c   Code   RO          783    .text.osRtxThreadDispatch  RTX_CM0.lib(rtx_thread.o)
    0x080043f4   0x00000018   Code   RO          757    .text.osRtxThreadListGet  RTX_CM0.lib(rtx_thread.o)
    0x0800440c   0x00000038   Code   RO          755    .text.osRtxThreadListPut  RTX_CM0.lib(rtx_thread.o)
    0x08004444   0x00000018   Code   RO          763    .text.osRtxThreadListRemove  RTX_CM0.lib(rtx_thread.o)
    0x0800445c   0x0000005c   Code   RO          761    .text.osRtxThreadListSort  RTX_CM0.lib(rtx_thread.o)
    0x080044b8   0x00000108   Code   RO          789    .text.osRtxThreadPostProcess  RTX_CM0.lib(rtx_thread.o)
    0x080045c0   0x00000048   Code   RO          767    .text.osRtxThreadReadyPut  RTX_CM0.lib(rtx_thread.o)
    0x08004608   0x00000006   Code   RO          775    .text.osRtxThreadRegPtr  RTX_CM0.lib(rtx_thread.o)
    0x0800460e   0x00000002   PAD
    0x08004610   0x0000002c   Code   RO          781    .text.osRtxThreadStackCheck  RTX_CM0.lib(rtx_thread.o)
    0x0800463c   0x00000014   Code   RO          779    .text.osRtxThreadSwitch  RTX_CM0.lib(rtx_thread.o)
    0x08004650   0x000000e8   Code   RO          787    .text.osRtxThreadWaitEnter  RTX_CM0.lib(rtx_thread.o)
    0x08004738   0x000000a8   Code   RO          785    .text.osRtxThreadWaitExit  RTX_CM0.lib(rtx_thread.o)
    0x080047e0   0x00000078   Code   RO         1099    .text.osRtxTick_Handler  RTX_CM0.lib(rtx_system.o)
    0x08004858   0x000000a4   Code   RO          988    .text.osRtxTimerTick  RTX_CM0.lib(rtx_timer.o)
    0x080048fc   0x0000000c   Code   RO          793    .text.osThreadExit  RTX_CM0.lib(rtx_thread.o)
    0x08004908   0x00000020   Code   RO          839    .text.osThreadGetId  RTX_CM0.lib(rtx_thread.o)
    0x08004928   0x00000038   Code   RO          835    .text.osThreadNew   RTX_CM0.lib(rtx_thread.o)
    0x08004960   0x00000024   Code   RO          847    .text.osThreadSetPriority  RTX_CM0.lib(rtx_thread.o)
    0x08004984   0x00000012   Code   RO          886    .text.svcRtxDelay   RTX_CM0.lib(rtx_delay.o)
    0x08004996   0x00000002   PAD
    0x08004998   0x00000078   Code   RO          907    .text.svcRtxEventFlagsNew  RTX_CM0.lib(rtx_evflags.o)
    0x08004a10   0x00000110   Code   RO          911    .text.svcRtxEventFlagsSet  RTX_CM0.lib(rtx_evflags.o)
    0x08004b20   0x000000f0   Code   RO          917    .text.svcRtxEventFlagsWait  RTX_CM0.lib(rtx_evflags.o)
    0x08004c10   0x0000000c   Code   RO          693    .text.svcRtxKernelGetState  RTX_CM0.lib(rtx_kernel.o)
    0x08004c1c   0x000001b4   Code   RO          689    .text.svcRtxKernelInitialize  RTX_CM0.lib(rtx_kernel.o)
    0x08004dd0   0x00000090   Code   RO          695    .text.svcRtxKernelStart  RTX_CM0.lib(rtx_kernel.o)
    0x08004e60   0x00000134   Code   RO         1134    .text.svcRtxMessageQueuePut  RTX_CM0.lib(rtx_msgqueue.o)
    0x08004f94   0x000000a4   Code   RO          952    .text.svcRtxMutexAcquire  RTX_CM0.lib(rtx_mutex.o)
    0x08005038   0x000000d8   Code   RO          958    .text.svcRtxMutexDelete  RTX_CM0.lib(rtx_mutex.o)
    0x08005110   0x00000078   Code   RO          948    .text.svcRtxMutexNew  RTX_CM0.lib(rtx_mutex.o)
    0x08005188   0x000000cc   Code   RO          954    .text.svcRtxMutexRelease  RTX_CM0.lib(rtx_mutex.o)
    0x08005254   0x00000154   Code   RO          819    .text.svcRtxThreadExit  RTX_CM0.lib(rtx_thread.o)
    0x080053a8   0x0000000c   Code   RO          797    .text.svcRtxThreadGetId  RTX_CM0.lib(rtx_thread.o)
    0x080053b4   0x00000248   Code   RO          791    .text.svcRtxThreadNew  RTX_CM0.lib(rtx_thread.o)
    0x080055fc   0x00000118   Code   RO          805    .text.svcRtxThreadSetPriority  RTX_CM0.lib(rtx_thread.o)
    0x08005714   0x0000001c   Code   RO          270    i.__ARM_common_switch8  modbus_func.o
    0x08005730   0x00000206   Data   RO          194    .constdata          modbus.o
    0x08005936   0x00000002   PAD
    0x08005938   0x00000032   Data   RO          252    .constdata          modbus_func.o
    0x0800596a   0x00000002   PAD
    0x0800596c   0x00000020   Data   RO          286    .constdata          stepper_motor.o
    0x0800598c   0x00000064   Data   RO          600    .constdata          rtx_lib.o
    0x080059f0   0x00000010   Data   RO          664    .constdata          system_stm32f0xx.o
    0x08005a00   0x00000001   Data   RO          982    .constdata          RTX_CM0.lib(irq_cm0.o)
    0x08005a01   0x00000003   PAD
    0x08005a04   0x00000068   Data   RO          602    .rodata             rtx_lib.o
    0x08005a6c   0x0000000b   Data   RO          741    .rodata.str1.4      RTX_CM0.lib(rtx_kernel.o)
    0x08005a77   0x00000001   PAD
    0x08005a78   0x00000020   Data   RO         1402    Region$$Table       anon$$obj.o


    Execution Region RW_IRAM1 (Base: 0x20000000, Size: 0x00001f58, Max: 0x00002000, ABSOLUTE, COMPRESSED[0x00000070])

    Base Addr    Size         Type   Attr      Idx    E Section Name        Object

    0x20000000   0x00001230   Data   RW          595    .bss.os             rtx_lib.o
    0x20001230   0x00000034   Data   RW          596    .bss.os.msgqueue.cb  rtx_lib.o
    0x20001264   0x00000050   Data   RW          597    .bss.os.msgqueue.mem  rtx_lib.o
    0x200012b4   0x00000088   Data   RW          598    .bss.os.thread.cb   rtx_lib.o
    0x2000133c   0x00000004   PAD
    0x20001340   0x00000190   Data   RW          599    .bss.os.thread.stack  rtx_lib.o
    0x200014d0   0x00000008   Data   RW            4    .data               main.o
    0x200014d8   0x0000000c   Data   RW          163    .data               hdc1080.o
    0x200014e4   0x00000002   Data   RW          195    .data               modbus.o
    0x200014e6   0x00000002   PAD
    0x200014e8   0x00000018   Data   RW          253    .data               modbus_func.o
    0x20001500   0x00000001   Data   RW          287    .data               stepper_motor.o
    0x20001501   0x00000003   PAD
    0x20001504   0x0000000c   Data   RW          440    .data               gpio.o
    0x20001510   0x00000094   Data   RW          467    .data               uart.o
    0x200015a4   0x00000012   Data   RW          494    .data               i2c.o
    0x200015b6   0x00000010   Data   RW          573    .data               stm32f0xx_rcc.o
    0x200015c6   0x00000002   PAD
    0x200015c8   0x00000005   Data   RW          601    .data               rtx_lib.o
    0x200015cd   0x00000003   PAD
    0x200015d0   0x00000004   Data   RW          665    .data               system_stm32f0xx.o
    0x200015d4   0x00000004   PAD
    0x200015d8   0x000000a8   Data   RW          742    .data.os            RTX_CM0.lib(rtx_kernel.o)
    0x20001680   0x0000000a   Zero   RW          128    .bss                pub_var.o
    0x2000168a   0x00000002   PAD
    0x2000168c   0x0000000c   Zero   RW          193    .bss                modbus.o
    0x20001698   0x00000010   Zero   RW          285    .bss                stepper_motor.o
    0x200016a8   0x00000110   Zero   RW          466    .bss                uart.o
    0x200017b8   0x00000040   Zero   RW          493    .bss                i2c.o
    0x200017f8   0x00000060   Zero   RW         1275    .bss                c_p.l(libspace.o)
    0x20001858   0x00000200   Zero   RW          655    HEAP                startup_stm32f030x8.o
    0x20001a58   0x00000500   Zero   RW          654    STACK               startup_stm32f030x8.o


==============================================================================

Image component sizes


      Code (inc. data)   RO Data    RW Data    ZI Data      Debug   Object Name

       336         28          0         12          0       1148   gpio.o
       764        206          0          0          0       1530   hc0x_bluetooth.o
       748         42          0         12          0       3199   hdc1080.o
       916         60          0         18         64      10178   i2c.o
       208         36          0          8          0     209458   main.o
       732         20        518          2         12       8909   modbus.o
       660         42         50         24          0       3051   modbus_func.o
        36          6          0          0         10        582   pub_var.o
        36          8          0          0          0        627   rtx_config.o
       244         18        204       5329          0       9898   rtx_lib.o
        56         26        180          0       1792        628   startup_stm32f030x8.o
       852         44         32          1         16       2487   stepper_motor.o
       692         18          0          0          0       4470   stm32f0xx_dma.o
       524         26          0          0          0      16557   stm32f0xx_gpio.o
       180         14          0          0          0       1232   stm32f0xx_misc.o
      1872         52          0         16          0       9020   stm32f0xx_rcc.o
      1554         40          0          0          0      11874   stm32f0xx_usart.o
       424         38         16          4          0       1459   system_stm32f0xx.o
       320         36          0          0          0        913   timer.o
      1880        104          0        148        272       5791   uart.o
       142          0          0          0          0       1679   util.o

    ----------------------------------------------------------------------
     13180        864       1036       5592       2168     304690   Object Totals
         0          0         32          0          0          0   (incl. Generated)
         4          0          4         18          2          0   (incl. Padding)

    ----------------------------------------------------------------------

      Code (inc. data)   RO Data    RW Data    ZI Data      Debug   Library Member Name

       152         10          1          0          0        500   irq_cm0.o
        54          4          0          0          0       2752   rtx_delay.o
      1128         24          0          0          0      13117   rtx_evflags.o
       756         52         11        168          0      16970   rtx_kernel.o
       246          0          0          0          0       2071   rtx_memory.o
       184          0          0          0          0      15766   rtx_mempool.o
       436          8          0          0          0      18819   rtx_msgqueue.o
       938         32          0          0          0       8607   rtx_mutex.o
       476         68          0          0          0       7480   rtx_system.o
      2782         84          0          0          0      39176   rtx_thread.o
       164          4          0          0          0       8403   rtx_timer.o
        86          0          0          0          0          0   __dczerorl2.o
         8          0          0          0          0         68   __main.o
       108          0          0          0          0         76   __printf.o
         0          0          0          0          0          0   __rtentry.o
        20          0          0          0          0          0   __rtentry2.o
         6          0          0          0          0          0   __rtentry4.o
        60          8          0          0          0          0   __scatter.o
        28          0          0          0          0          0   __scatter_zi.o
        48          6          0          0          0         88   _printf_char_common.o
        10          0          0          0          0          0   _printf_d.o
       108         18          0          0          0         76   _printf_dec.o
       176          0          0          0          0         84   _printf_intcommon.o
         2          0          0          0          0          0   _printf_percent.o
         4          0          0          0          0          0   _printf_percent_end.o
        10          0          0          0          0         60   _sputc.o
        18          0          0          0          0         68   aeabi_memset4.o
       488          0          0          0          0         92   aeabi_sdivfast.o
        16          0          0          0          0         68   exit.o
         6          0          0          0          0        136   heapauxi.o
         0          0          0          0          0          0   indicate_semi.o
         2          0          0          0          0          0   libinit.o
         2          0          0          0          0          0   libinit2.o
         2          0          0          0          0          0   libshutdown.o
         2          0          0          0          0          0   libshutdown2.o
         8          4          0          0         96         68   libspace.o
        40          4          0          0          0         84   noretval__2sprintf.o
        64          0          0          0          0        108   rt_memclr.o
       186          0          0          0          0        144   rt_memcpy.o
         2          0          0          0          0          0   rtexit.o
        10          0          0          0          0          0   rtexit2.o
        40          0          0          0          0         60   rtudiv10.o
        12          4          0          0          0         60   sys_exit.o
        62          0          0          0          0         80   sys_stackheap_outer.o
         2          0          0          0          0         68   use_no_semi.o

    ----------------------------------------------------------------------
      8960        330         16        168         96     135149   Library Totals
         8          0          4          0          0          0   (incl. Padding)

    ----------------------------------------------------------------------

      Code (inc. data)   RO Data    RW Data    ZI Data      Debug   Library Name

      7316        286         12        168          0     133661   RTX_CM0.lib
      1636         44          0          0         96       1488   c_p.l

    ----------------------------------------------------------------------
      8960        330         16        168         96     135149   Library Totals

    ----------------------------------------------------------------------

==============================================================================


      Code (inc. data)   RO Data    RW Data    ZI Data      Debug   

     22140       1194       1052       5760       2264     437471   Grand Totals
     22140       1194       1052        112       2264     437471   ELF Image Totals (compressed)
     22140       1194       1052        112          0          0   ROM Totals

==============================================================================

    Total RO  Size (Code + RO Data)                23192 (  22.65kB)
    Total RW  Size (RW Data + ZI Data)              8024 (   7.84kB)
    Total ROM Size (Code + RO Data + RW Data)      23304 (  22.76kB)

==============================================================================

