Component: ARM Compiler 5.06 update 4 (build 422) Tool: armlink [4d35d2]

==============================================================================

Section Cross References

    rtx_conf_cm.o(.emb_text) refers to rt_cmsis.o(i.osKernelInitialize) for osKernelInitialize
    rtx_conf_cm.o(.emb_text) refers to rt_cmsis.o(i.osThreadCreate) for osThreadCreate
    rtx_conf_cm.o(.emb_text) refers to rt_cmsis.o(i.osKernelStart) for osKernelStart
    rtx_conf_cm.o(.emb_text) refers to exit.o(.text) for exit
    rtx_conf_cm.o(.emb_text) refers to rtx_conf_cm.o(.constdata) for os_thread_def_main
    rtx_conf_cm.o(i.__user_perthread_libspace) refers to rt_task.o(i.rt_tsk_self) for rt_tsk_self
    rtx_conf_cm.o(i.__user_perthread_libspace) refers to rt_cmsis.o(.data) for os_running
    rtx_conf_cm.o(i.__user_perthread_libspace) refers to rtx_conf_cm.o(.bss) for .bss
    rtx_conf_cm.o(i.__user_perthread_libspace) refers to libspace.o(.bss) for __libspace_start
    rtx_conf_cm.o(i._mutex_acquire) refers to rt_cmsis.o(.data) for os_running
    rtx_conf_cm.o(i._mutex_acquire) refers to rt_mutex.o(i.rt_mut_wait) for rt_mut_wait
    rtx_conf_cm.o(i._mutex_initialize) refers to rt_mutex.o(i.rt_mut_init) for rt_mut_init
    rtx_conf_cm.o(i._mutex_initialize) refers to rtx_conf_cm.o(.data) for .data
    rtx_conf_cm.o(i._mutex_initialize) refers to rtx_conf_cm.o(.bss) for .bss
    rtx_conf_cm.o(i._mutex_release) refers to rt_cmsis.o(.data) for os_running
    rtx_conf_cm.o(i._mutex_release) refers to rt_mutex.o(i.rt_mut_release) for rt_mut_release
    rtx_conf_cm.o(.constdata) refers to rt_cmsis.o(i.osTimerThread) for osTimerThread
    rtx_conf_cm.o(.constdata) refers to rtx_conf_cm.o(.bss) for os_messageQ_q_osTimerMessageQ
    rtx_conf_cm.o(.constdata) refers to main.o(i.main) for main
    startup_stm32f030x8.o(STACK) refers (Special) to heapauxi.o(.text) for __use_two_region_memory
    startup_stm32f030x8.o(HEAP) refers (Special) to heapauxi.o(.text) for __use_two_region_memory
    startup_stm32f030x8.o(RESET) refers (Special) to heapauxi.o(.text) for __use_two_region_memory
    startup_stm32f030x8.o(RESET) refers to startup_stm32f030x8.o(STACK) for __initial_sp
    startup_stm32f030x8.o(RESET) refers to startup_stm32f030x8.o(.text) for Reset_Handler
    startup_stm32f030x8.o(RESET) refers to hal_cm0.o(.emb_text) for SVC_Handler
    startup_stm32f030x8.o(.text) refers (Special) to heapauxi.o(.text) for __use_two_region_memory
    startup_stm32f030x8.o(.text) refers to system_stm32f0xx.o(i.SystemInit) for SystemInit
    startup_stm32f030x8.o(.text) refers to __main.o(!!!main) for __main
    startup_stm32f030x8.o(.text) refers to startup_stm32f030x8.o(HEAP) for Heap_Mem
    startup_stm32f030x8.o(.text) refers to startup_stm32f030x8.o(STACK) for Stack_Mem
    system_stm32f0xx.o(i.SystemCoreClockUpdate) refers to aeabi_sdiv.o(.text) for __aeabi_uidivmod
    system_stm32f0xx.o(i.SystemCoreClockUpdate) refers to system_stm32f0xx.o(.data) for SystemCoreClock
    system_stm32f0xx.o(i.SystemCoreClockUpdate) refers to system_stm32f0xx.o(.constdata) for AHBPrescTable
    rt_cmsis.o(i.isrMessageGet) refers to rt_mailbox.o(i.isr_mbx_receive) for isr_mbx_receive
    rt_cmsis.o(i.isrMessagePut) refers to rt_mailbox.o(i.rt_mbx_check) for rt_mbx_check
    rt_cmsis.o(i.isrMessagePut) refers to rt_mailbox.o(i.isr_mbx_send) for isr_mbx_send
    rt_cmsis.o(i.isrSemaphoreRelease) refers to rt_cmsis.o(i.rt_id2obj) for rt_id2obj
    rt_cmsis.o(i.isrSemaphoreRelease) refers to rt_semaphore.o(i.isr_sem_send) for isr_sem_send
    rt_cmsis.o(i.isrSignalSet) refers to rt_cmsis.o(i.rt_tid2ptcb) for rt_tid2ptcb
    rt_cmsis.o(i.isrSignalSet) refers to rt_event.o(i.isr_evt_set) for isr_evt_set
    rt_cmsis.o(i.osDelay) refers to rt_cmsis.o(i.svcDelay) for svcDelay
    rt_cmsis.o(i.osKernelInitialize) refers to rt_cmsis.o(i.svcKernelInitialize) for svcKernelInitialize
    rt_cmsis.o(i.osKernelRunning) refers to rt_cmsis.o(i.svcKernelRunning) for svcKernelRunning
    rt_cmsis.o(i.osKernelRunning) refers to rt_cmsis.o(.data) for .data
    rt_cmsis.o(i.osKernelStart) refers to rtx_conf_cm.o(.constdata) for os_flags
    rt_cmsis.o(i.osKernelStart) refers to rt_cmsis.o(i.svcKernelStart) for svcKernelStart
    rt_cmsis.o(i.osKernelSysTick) refers to rt_cmsis.o(i.svcKernelSysTick) for svcKernelSysTick
    rt_cmsis.o(i.osMailAlloc) refers to rt_cmsis.o(i.sysMailAlloc) for sysMailAlloc
    rt_cmsis.o(i.osMailCAlloc) refers to rt_cmsis.o(i.sysMailAlloc) for sysMailAlloc
    rt_cmsis.o(i.osMailCAlloc) refers to rt_cmsis.o(i.rt_clr_box) for rt_clr_box
    rt_cmsis.o(i.osMailCreate) refers to rt_cmsis.o(i.svcMailCreate) for svcMailCreate
    rt_cmsis.o(i.osMailCreate) refers to rt_cmsis.o(.data) for .data
    rt_cmsis.o(i.osMailFree) refers to rt_cmsis.o(i.sysMailFree) for sysMailFree
    rt_cmsis.o(i.osMailGet) refers to rt_cmsis.o(i.osMessageGet) for osMessageGet
    rt_cmsis.o(i.osMailPut) refers to rt_cmsis.o(i.osMessagePut) for osMessagePut
[...]
    rt_mailbox.o(i.rt_mbx_send) refers to rt_task.o(i.rt_block) for rt_block
    rt_mailbox.o(i.rt_mbx_send) refers to rt_task.o(.data) for os_tsk
    rt_mailbox.o(i.rt_mbx_wait) refers to rt_list.o(i.rt_get_first) for rt_get_first
    rt_mailbox.o(i.rt_mbx_wait) refers to hal_cm.o(i.rt_ret_val) for rt_ret_val
    rt_mailbox.o(i.rt_mbx_wait) refers to rt_list.o(i.rt_rmv_dly) for rt_rmv_dly
    rt_mailbox.o(i.rt_mbx_wait) refers to rt_task.o(i.rt_dispatch) for rt_dispatch
    rt_mailbox.o(i.rt_mbx_wait) refers to rt_list.o(i.rt_put_prio) for rt_put_prio
    rt_mailbox.o(i.rt_mbx_wait) refers to rt_task.o(i.rt_block) for rt_block
    rt_mailbox.o(i.rt_mbx_wait) refers to rt_task.o(.data) for os_tsk
    rt_semaphore.o(i.isr_sem_send) refers to rt_list.o(i.rt_psq_enq) for rt_psq_enq
    rt_semaphore.o(i.isr_sem_send) refers to rt_system.o(i.rt_psh_req) for rt_psh_req
    rt_semaphore.o(i.rt_sem_delete) refers to rt_list.o(i.rt_get_first) for rt_get_first
    rt_semaphore.o(i.rt_sem_delete) refers to hal_cm.o(i.rt_ret_val) for rt_ret_val
    rt_semaphore.o(i.rt_sem_delete) refers to rt_list.o(i.rt_rmv_dly) for rt_rmv_dly
    rt_semaphore.o(i.rt_sem_delete) refers to rt_list.o(i.rt_put_prio) for rt_put_prio
    rt_semaphore.o(i.rt_sem_delete) refers to rt_task.o(i.rt_dispatch) for rt_dispatch
    rt_semaphore.o(i.rt_sem_delete) refers to rt_list.o(.bss) for os_rdy
    rt_semaphore.o(i.rt_sem_delete) refers to rt_task.o(.data) for os_tsk
    rt_semaphore.o(i.rt_sem_psh) refers to rt_list.o(i.rt_get_first) for rt_get_first
    rt_semaphore.o(i.rt_sem_psh) refers to rt_list.o(i.rt_rmv_dly) for rt_rmv_dly
    rt_semaphore.o(i.rt_sem_psh) refers to hal_cm.o(i.rt_ret_val) for rt_ret_val
    rt_semaphore.o(i.rt_sem_psh) refers to rt_list.o(i.rt_put_prio) for rt_put_prio
    rt_semaphore.o(i.rt_sem_psh) refers to rt_list.o(.bss) for os_rdy
    rt_semaphore.o(i.rt_sem_send) refers to rt_list.o(i.rt_get_first) for rt_get_first
    rt_semaphore.o(i.rt_sem_send) refers to hal_cm.o(i.rt_ret_val) for rt_ret_val
    rt_semaphore.o(i.rt_sem_send) refers to rt_list.o(i.rt_rmv_dly) for rt_rmv_dly
    rt_semaphore.o(i.rt_sem_send) refers to rt_task.o(i.rt_dispatch) for rt_dispatch
    rt_semaphore.o(i.rt_sem_wait) refers to rt_list.o(i.rt_put_prio) for rt_put_prio
    rt_semaphore.o(i.rt_sem_wait) refers to rt_task.o(i.rt_block) for rt_block
    rt_semaphore.o(i.rt_sem_wait) refers to rt_task.o(.data) for os_tsk
    rt_time.o(i.rt_dly_wait) refers to rt_task.o(i.rt_block) for rt_block
    rt_time.o(i.rt_itv_set) refers to rt_task.o(.data) for os_tsk
    rt_time.o(i.rt_itv_set) refers to rt_time.o(.data) for .data
    rt_time.o(i.rt_itv_wait) refers to rt_task.o(i.rt_block) for rt_block
    rt_time.o(i.rt_itv_wait) refers to rt_task.o(.data) for os_tsk
    rt_time.o(i.rt_itv_wait) refers to rt_time.o(.data) for .data
    rt_time.o(i.rt_time_get) refers to rt_time.o(.data) for .data
    rt_robin.o(i.rt_chk_robin) refers to rt_list.o(i.rt_get_first) for rt_get_first
    rt_robin.o(i.rt_chk_robin) refers to rt_list.o(i.rt_put_prio) for rt_put_prio
    rt_robin.o(i.rt_chk_robin) refers to rt_robin.o(.data) for .data
    rt_robin.o(i.rt_chk_robin) refers to rt_list.o(.bss) for os_rdy
    rt_robin.o(i.rt_chk_robin) refers to rt_time.o(.data) for os_time
    rt_robin.o(i.rt_init_robin) refers to rt_robin.o(.data) for .data
    rt_robin.o(i.rt_init_robin) refers to rtx_conf_cm.o(.constdata) for os_rrobin
    rt_membox.o(i._calloc_box) refers to hal_cm0.o(.emb_text) for _alloc_box
    hal_cm.o(i.rt_init_stack) refers to rtx_conf_cm.o(.constdata) for os_stackinfo
    hal_cm0.o(.emb_text) refers to rtx_conf_cm.o(.constdata) for os_flags
    hal_cm0.o(.emb_text) refers to rt_membox.o(i.rt_alloc_box) for rt_alloc_box
    hal_cm0.o(.emb_text) refers to rt_membox.o(i.rt_free_box) for rt_free_box
    hal_cm0.o(.emb_text) refers to rt_system.o(i.rt_stk_check) for rt_stk_check
    hal_cm0.o(.emb_text) refers to rt_task.o(.data) for os_tsk
    hal_cm0.o(.emb_text) refers to svc_table.o(SVC_TABLE) for SVC_Count
    hal_cm0.o(.emb_text) refers to rt_system.o(i.rt_pop_req) for rt_pop_req
    hal_cm0.o(.emb_text) refers to rt_system.o(i.rt_systick) for rt_systick
    hal_cm0.o(.emb_text) refers to rt_system.o(i.os_tick_irqack) for os_tick_irqack
    libspace.o(.text) refers to libspace.o(.bss) for __libspace_start
    exit.o(.text) refers to rtexit.o(.ARM.Collect$$rtexit$$00000000) for __rt_exit
    __main.o(!!!main) refers to __rtentry.o(.ARM.Collect$$rtentry$$00000000) for __rt_entry
    __rtentry.o(.ARM.Collect$$rtentry$$00000000) refers (Special) to __rtentry2.o(.ARM.Collect$$rtentry$$0000000A) for __rt_entry_li
    __rtentry.o(.ARM.Collect$$rtentry$$00000000) refers (Special) to __rtentry2.o(.ARM.Collect$$rtentry$$0000000D) for __rt_entry_main
    __rtentry.o(.ARM.Collect$$rtentry$$00000000) refers (Special) to __rtentry2.o(.ARM.Collect$$rtentry$$0000000B) for __rt_entry_postli_1
    __rtentry.o(.ARM.Collect$$rtentry$$00000000) refers (Special) to __rtentry2.o(.ARM.Collect$$rtentry$$00000009) for __rt_entry_postsh_1
    __rtentry.o(.ARM.Collect$$rtentry$$00000000) refers (Special) to __rtentry2.o(.ARM.Collect$$rtentry$$00000002) for __rt_entry_presh_1
    __rtentry.o(.ARM.Collect$$rtentry$$00000000) refers (Special) to __rtentry4.o(.ARM.Collect$$rtentry$$00000004) for __rt_entry_sh
    rtexit.o(.ARM.Collect$$rtexit$$00000000) refers (Special) to rtexit2.o(.ARM.Collect$$rtexit$$00000004) for __rt_exit_exit
    rtexit.o(.ARM.Collect$$rtexit$$00000000) refers (Special) to rtexit2.o(.ARM.Collect$$rtexit$$00000003) for __rt_exit_ls
    rtexit.o(.ARM.Collect$$rtexit$$00000000) refers (Special) to rtexit2.o(.ARM.Collect$$rtexit$$00000002) for __rt_exit_prels_1
    rtexit.o(.ARM.exidx) refers (Special) to rtexit2.o(.ARM.Collect$$rtexit$$00000004) for __rt_exit_exit
    rtexit.o(.ARM.exidx) refers (Special) to rtexit2.o(.ARM.Collect$$rtexit$$00000003) for __rt_exit_ls
    rtexit.o(.ARM.exidx) refers (Special) to rtexit2.o(.ARM.Collect$$rtexit$$00000002) for __rt_exit_prels_1
    rtexit.o(.ARM.exidx) refers to rtexit.o(.ARM.Collect$$rtexit$$00000000) for .ARM.Collect$$rtexit$$00000000
    aeabi_idiv0_sigfpe.o(.text) refers to rt_div0.o(.text) for __rt_div0
    aeabi_ldiv0_sigfpe.o(.text) refers to rt_div0.o(.text) for __rt_div0
    __rtentry2.o(.ARM.Collect$$rtentry$$00000008) refers to boardinit2.o(.text) for _platform_post_stackheap_init
    __rtentry2.o(.ARM.Collect$$rtentry$$0000000A) refers to libinit.o(.ARM.Collect$$libinit$$00000000) for __rt_lib_init
    __rtentry2.o(.ARM.Collect$$rtentry$$0000000B) refers to rtx_conf_cm.o(.emb_text) for _platform_post_lib_init
    __rtentry2.o(.ARM.Collect$$rtentry$$0000000D) refers to main.o(i.main) for main
    __rtentry2.o(.ARM.Collect$$rtentry$$0000000D) refers to exit.o(.text) for exit
    __rtentry2.o(.ARM.exidx) refers to __rtentry2.o(.ARM.Collect$$rtentry$$00000001) for .ARM.Collect$$rtentry$$00000001
    __rtentry2.o(.ARM.exidx) refers to __rtentry2.o(.ARM.Collect$$rtentry$$00000008) for .ARM.Collect$$rtentry$$00000008
    __rtentry2.o(.ARM.exidx) refers to __rtentry2.o(.ARM.Collect$$rtentry$$0000000A) for .ARM.Collect$$rtentry$$0000000A
    __rtentry2.o(.ARM.exidx) refers to __rtentry2.o(.ARM.Collect$$rtentry$$0000000B) for .ARM.Collect$$rtentry$$0000000B
    __rtentry2.o(.ARM.exidx) refers to __rtentry2.o(.ARM.Collect$$rtentry$$0000000D) for .ARM.Collect$$rtentry$$0000000D
    __rtentry4.o(.ARM.Collect$$rtentry$$00000004) refers to sys_stackheap_outer.o(.text) for __user_setup_stackheap
    __rtentry4.o(.ARM.exidx) refers to __rtentry4.o(.ARM.Collect$$rtentry$$00000004) for .ARM.Collect$$rtentry$$00000004
    rtexit2.o(.ARM.Collect$$rtexit$$00000003) refers to libshutdown.o(.ARM.Collect$$libshutdown$$00000000) for __rt_lib_shutdown
    rtexit2.o(.ARM.Collect$$rtexit$$00000004) refers to sys_exit.o(.text) for _sys_exit
    rtexit2.o(.ARM.exidx) refers to rtexit2.o(.ARM.Collect$$rtexit$$00000001) for .ARM.Collect$$rtexit$$00000001
    rtexit2.o(.ARM.exidx) refers to rtexit2.o(.ARM.Collect$$rtexit$$00000003) for .ARM.Collect$$rtexit$$00000003
    rtexit2.o(.ARM.exidx) refers to rtexit2.o(.ARM.Collect$$rtexit$$00000004) for .ARM.Collect$$rtexit$$00000004
    rt_div0.o(.text) refers to defsig_fpe_outer.o(.text) for __rt_SIGFPE
    sys_exit.o(.text) refers (Special) to use_no_semi.o(.text) for __I$use$semihosting
    sys_exit.o(.text) refers (Special) to indicate_semi.o(.text) for __semihosting_library_function
    sys_stackheap_outer.o(.text) refers to libspace.o(.text) for __user_perproc_libspace
    sys_stackheap_outer.o(.text) refers to startup_stm32f030x8.o(.text) for __user_initial_stackheap
    sys_stackheap_outer.o(__vectab_stack_and_reset_area) refers to tempstk.o(.text) for __temporary_stack_top
    sys_stackheap_outer.o(__vectab_stack_and_reset_area) refers to __main.o(!!!main) for __main
    defsig_fpe_outer.o(.text) refers to defsig_fpe_inner.o(.text) for __rt_SIGFPE_inner
    defsig_fpe_outer.o(.text) refers to defsig_exit.o(.text) for __sig_exit
    defsig_fpe_formal.o(.text) refers to rt_raise.o(.text) for __rt_raise
    libinit.o(.ARM.Collect$$libinit$$00000000) refers (Special) to libinit2.o(.ARM.Collect$$libinit$$0000002E) for __rt_lib_init_alloca_1
    libinit.o(.ARM.Collect$$libinit$$00000000) refers (Special) to libinit2.o(.ARM.Collect$$libinit$$0000002C) for __rt_lib_init_argv_1
    libinit.o(.ARM.Collect$$libinit$$00000000) refers (Special) to libinit2.o(.ARM.Collect$$libinit$$0000001B) for __rt_lib_init_atexit_1
    libinit.o(.ARM.Collect$$libinit$$00000000) refers (Special) to libinit2.o(.ARM.Collect$$libinit$$00000021) for __rt_lib_init_clock_1
    libinit.o(.ARM.Collect$$libinit$$00000000) refers (Special) to libinit2.o(.ARM.Collect$$libinit$$00000032) for __rt_lib_init_cpp_1
    libinit.o(.ARM.Collect$$libinit$$00000000) refers (Special) to libinit2.o(.ARM.Collect$$libinit$$00000030) for __rt_lib_init_exceptions_1
    libinit.o(.ARM.Collect$$libinit$$00000000) refers (Special) to libinit2.o(.ARM.Collect$$libinit$$00000002) for __rt_lib_init_fp_1
    libinit.o(.ARM.Collect$$libinit$$00000000) refers (Special) to libinit2.o(.ARM.Collect$$libinit$$0000001F) for __rt_lib_init_fp_trap_1
    libinit.o(.ARM.Collect$$libinit$$00000000) refers (Special) to libinit2.o(.ARM.Collect$$libinit$$00000023) for __rt_lib_init_getenv_1
    libinit.o(.ARM.Collect$$libinit$$00000000) refers (Special) to libinit2.o(.ARM.Collect$$libinit$$0000000A) for __rt_lib_init_heap_1
    libinit.o(.ARM.Collect$$libinit$$00000000) refers (Special) to libinit2.o(.ARM.Collect$$libinit$$00000011) for __rt_lib_init_lc_collate_1
    libinit.o(.ARM.Collect$$libinit$$00000000) refers (Special) to libinit2.o(.ARM.Collect$$libinit$$00000013) for __rt_lib_init_lc_ctype_1
    libinit.o(.ARM.Collect$$libinit$$00000000) refers (Special) to libinit2.o(.ARM.Collect$$libinit$$00000015) for __rt_lib_init_lc_monetary_1
    libinit.o(.ARM.Collect$$libinit$$00000000) refers (Special) to libinit2.o(.ARM.Collect$$libinit$$00000017) for __rt_lib_init_lc_numeric_1
    libinit.o(.ARM.Collect$$libinit$$00000000) refers (Special) to libinit2.o(.ARM.Collect$$libinit$$00000019) for __rt_lib_init_lc_time_1
    libinit.o(.ARM.Collect$$libinit$$00000000) refers (Special) to libinit2.o(.ARM.Collect$$libinit$$00000004) for __rt_lib_init_preinit_1
    libinit.o(.ARM.Collect$$libinit$$00000000) refers (Special) to libinit2.o(.ARM.Collect$$libinit$$0000000E) for __rt_lib_init_rand_1
    libinit.o(.ARM.Collect$$libinit$$00000000) refers (Special) to libinit2.o(.ARM.Collect$$libinit$$00000033) for __rt_lib_init_return
    libinit.o(.ARM.Collect$$libinit$$00000000) refers (Special) to libinit2.o(.ARM.Collect$$libinit$$0000001D) for __rt_lib_init_signal_1
    libinit.o(.ARM.Collect$$libinit$$00000000) refers (Special) to libinit2.o(.ARM.Collect$$libinit$$00000025) for __rt_lib_init_stdio_1
    libinit.o(.ARM.Collect$$libinit$$00000000) refers (Special) to libinit2.o(.ARM.Collect$$libinit$$0000000C) for __rt_lib_init_user_alloc_1
    libshutdown.o(.ARM.Collect$$libshutdown$$00000000) refers (Special) to libshutdown2.o(.ARM.Collect$$libshutdown$$00000002) for __rt_lib_shutdown_cpp_1
    libshutdown.o(.ARM.Collect$$libshutdown$$00000000) refers (Special) to libshutdown2.o(.ARM.Collect$$libshutdown$$00000007) for __rt_lib_shutdown_fp_trap_1
    libshutdown.o(.ARM.Collect$$libshutdown$$00000000) refers (Special) to libshutdown2.o(.ARM.Collect$$libshutdown$$0000000F) for __rt_lib_shutdown_heap_1
    libshutdown.o(.ARM.Collect$$libshutdown$$00000000) refers (Special) to libshutdown2.o(.ARM.Collect$$libshutdown$$00000010) for __rt_lib_shutdown_return
    libshutdown.o(.ARM.Collect$$libshutdown$$00000000) refers (Special) to libshutdown2.o(.ARM.Collect$$libshutdown$$0000000A) for __rt_lib_shutdown_signal_1
    libshutdown.o(.ARM.Collect$$libshutdown$$00000000) refers (Special) to libshutdown2.o(.ARM.Collect$$libshutdown$$00000004) for __rt_lib_shutdown_stdio_1
    libshutdown.o(.ARM.Collect$$libshutdown$$00000000) refers (Special) to libshutdown2.o(.ARM.Collect$$libshutdown$$0000000C) for __rt_lib_shutdown_user_alloc_1
    rt_raise.o(.text) refers to __raise.o(.text) for __raise
    rt_raise.o(.text) refers to sys_exit.o(.text) for _sys_exit
    defsig_exit.o(.text) refers to sys_exit.o(.text) for _sys_exit
    defsig_fpe_inner.o(.text) refers to defsig_general.o(.text) for __default_signal_display
    libinit2.o(.ARM.Collect$$libinit$$00000010) refers to libinit2.o(.ARM.Collect$$libinit$$0000000F) for .ARM.Collect$$libinit$$0000000F
    libinit2.o(.ARM.Collect$$libinit$$00000012) refers to libinit2.o(.ARM.Collect$$libinit$$0000000F) for .ARM.Collect$$libinit$$0000000F
    libinit2.o(.ARM.Collect$$libinit$$00000014) refers to libinit2.o(.ARM.Collect$$libinit$$0000000F) for .ARM.Collect$$libinit$$0000000F
    libinit2.o(.ARM.Collect$$libinit$$00000016) refers to libinit2.o(.ARM.Collect$$libinit$$0000000F) for .ARM.Collect$$libinit$$0000000F
    libinit2.o(.ARM.Collect$$libinit$$00000018) refers to libinit2.o(.ARM.Collect$$libinit$$0000000F) for .ARM.Collect$$libinit$$0000000F
    libinit2.o(.ARM.Collect$$libinit$$00000026) refers to argv_veneer.o(.text) for __ARM_argv_veneer
    libinit2.o(.ARM.Collect$$libinit$$00000027) refers to argv_veneer.o(.text) for __ARM_argv_veneer
    __raise.o(.text) refers to defsig.o(CL$$defsig) for __default_signal_handler
    defsig_general.o(.text) refers to sys_wrch.o(.text) for _ttywrch
    sys_wrch.o(.text) refers (Special) to use_no_semi.o(.text) for __I$use$semihosting
    sys_wrch.o(.text) refers (Special) to indicate_semi.o(.text) for __semihosting_library_function
    defsig.o(CL$$defsig) refers to defsig_fpe_inner.o(.text) for __rt_SIGFPE_inner
    defsig.o(CL$$defsig) refers to defsig_rtmem_inner.o(.text) for __rt_SIGRTMEM_inner
    _get_argv_nomalloc.o(.text) refers (Special) to hrguard.o(.text) for __heap_region$guard
    _get_argv_nomalloc.o(.text) refers to defsig_rtmem_outer.o(.text) for __rt_SIGRTMEM
    _get_argv_nomalloc.o(.text) refers to sys_command.o(.text) for _sys_command_string
    sys_command.o(.text) refers (Special) to use_no_semi.o(.text) for __I$use$semihosting
    sys_command.o(.text) refers (Special) to indicate_semi.o(.text) for __semihosting_library_function
    defsig_abrt_inner.o(.text) refers to defsig_general.o(.text) for __default_signal_display
    defsig_rtred_inner.o(.text) refers to defsig_general.o(.text) for __default_signal_display
    defsig_rtmem_inner.o(.text) refers to defsig_general.o(.text) for __default_signal_display
    defsig_rtmem_outer.o(.text) refers to defsig_rtmem_inner.o(.text) for __rt_SIGRTMEM_inner
    defsig_rtmem_outer.o(.text) refers to defsig_exit.o(.text) for __sig_exit
    defsig_rtmem_formal.o(.text) refers to rt_raise.o(.text) for __rt_raise
    defsig_stak_inner.o(.text) refers to defsig_general.o(.text) for __default_signal_display
    defsig_pvfn_inner.o(.text) refers to defsig_general.o(.text) for __default_signal_display
    defsig_cppl_inner.o(.text) refers to defsig_general.o(.text) for __default_signal_display
    defsig_segv_inner.o(.text) refers to defsig_general.o(.text) for __default_signal_display
    defsig_other.o(.text) refers to defsig_general.o(.text) for __default_signal_display


==============================================================================

Removing Unused input sections from the image.

    Removing rtx_conf_cm.o(i.__user_perthread_libspace), (48 bytes).
    Removing rtx_conf_cm.o(i._mutex_initialize), (44 bytes).
    Removing system_stm32f0xx.o(.rev16_text), (4 bytes).
    Removing system_stm32f0xx.o(.revsh_text), (4 bytes).
    Removing system_stm32f0xx.o(i.SystemCoreClockUpdate), (176 bytes).
    Removing system_stm32f0xx.o(.constdata), (16 bytes).
    Removing system_stm32f0xx.o(.data), (4 bytes).
    Removing rt_cmsis.o(.rev16_text), (4 bytes).
    Removing rt_cmsis.o(.revsh_text), (4 bytes).
    Removing rt_cmsis.o(i.isrSemaphoreRelease), (44 bytes).
    Removing rt_cmsis.o(i.isrSignalSet), (38 bytes).
    Removing rt_cmsis.o(i.osDelay), (28 bytes).
    Removing rt_cmsis.o(i.osKernelRunning), (40 bytes).
    Removing rt_cmsis.o(i.osKernelSysTick), (28 bytes).
    Removing rt_cmsis.o(i.osMailAlloc), (32 bytes).
    Removing rt_cmsis.o(i.osMailCAlloc), (52 bytes).
    Removing rt_cmsis.o(i.osMailCreate), (52 bytes).
    Removing rt_cmsis.o(i.osMailFree), (32 bytes).
    Removing rt_cmsis.o(i.osMailGet), (24 bytes).
    Removing rt_cmsis.o(i.osMailPut), (28 bytes).
    Removing rt_cmsis.o(i.osMessageCreate), (52 bytes).
    Removing rt_cmsis.o(i.osMessagePut), (28 bytes).
    Removing rt_cmsis.o(i.osMutexCreate), (52 bytes).
    Removing rt_cmsis.o(i.osMutexDelete), (28 bytes).
    Removing rt_cmsis.o(i.osMutexRelease), (28 bytes).
    Removing rt_cmsis.o(i.osMutexWait), (28 bytes).
    Removing rt_cmsis.o(i.osPoolAlloc), (36 bytes).
    Removing rt_cmsis.o(i.osPoolCAlloc), (56 bytes).
    Removing rt_cmsis.o(i.osPoolCreate), (52 bytes).
    Removing rt_cmsis.o(i.osPoolFree), (36 bytes).
    Removing rt_cmsis.o(i.osSemaphoreCreate), (52 bytes).
    Removing rt_cmsis.o(i.osSemaphoreDelete), (28 bytes).
    Removing rt_cmsis.o(i.osSemaphoreRelease), (28 bytes).
    Removing rt_cmsis.o(i.osSemaphoreWait), (28 bytes).
    Removing rt_cmsis.o(i.osSignalClear), (28 bytes).
    Removing rt_cmsis.o(i.osSignalSet), (28 bytes).
    Removing rt_cmsis.o(i.osSignalWait), (28 bytes).
    Removing rt_cmsis.o(i.osThreadGetId), (28 bytes).
    Removing rt_cmsis.o(i.osThreadGetPriority), (28 bytes).
    Removing rt_cmsis.o(i.osThreadSetPriority), (28 bytes).
    Removing rt_cmsis.o(i.osThreadTerminate), (28 bytes).
    Removing rt_cmsis.o(i.osThreadYield), (28 bytes).
    Removing rt_cmsis.o(i.osTimerCreate), (52 bytes).
    Removing rt_cmsis.o(i.osTimerDelete), (28 bytes).
    Removing rt_cmsis.o(i.osTimerStart), (28 bytes).
    Removing rt_cmsis.o(i.osTimerStop), (28 bytes).
    Removing rt_cmsis.o(i.osWait), (4 bytes).
    Removing rt_cmsis.o(i.os_resume), (16 bytes).
    Removing rt_cmsis.o(i.os_suspend), (16 bytes).
    Removing rt_cmsis.o(i.rt_clr_box), (26 bytes).
    Removing rt_cmsis.o(i.rt_timer_remove), (68 bytes).
    Removing rt_cmsis.o(i.svcDelay), (18 bytes).
    Removing rt_cmsis.o(i.svcKernelRunning), (12 bytes).
    Removing rt_cmsis.o(i.svcKernelSysTick), (56 bytes).
    Removing rt_cmsis.o(i.svcMailCreate), (78 bytes).
    Removing rt_cmsis.o(i.svcMessagePut), (56 bytes).
    Removing rt_cmsis.o(i.svcMutexCreate), (32 bytes).
    Removing rt_cmsis.o(i.svcMutexDelete), (28 bytes).
    Removing rt_cmsis.o(i.svcMutexRelease), (36 bytes).
    Removing rt_cmsis.o(i.svcMutexWait), (60 bytes).
    Removing rt_cmsis.o(i.svcPoolCreate), (46 bytes).
    Removing rt_cmsis.o(i.svcSemaphoreCreate), (44 bytes).
    Removing rt_cmsis.o(i.svcSemaphoreDelete), (28 bytes).
    Removing rt_cmsis.o(i.svcSemaphoreRelease), (44 bytes).
    Removing rt_cmsis.o(i.svcSemaphoreWait), (52 bytes).
    Removing rt_cmsis.o(i.svcSignalClear), (38 bytes).
    Removing rt_cmsis.o(i.svcSignalSet), (38 bytes).
    Removing rt_cmsis.o(i.svcSignalWait), (92 bytes).
    Removing rt_cmsis.o(i.svcThreadGetPriority), (20 bytes).
    Removing rt_cmsis.o(i.svcThreadSetPriority), (48 bytes).
    Removing rt_cmsis.o(i.svcThreadYield), (10 bytes).
    Removing rt_cmsis.o(i.svcTimerCreate), (64 bytes).
    Removing rt_cmsis.o(i.svcTimerDelete), (40 bytes).
    Removing rt_cmsis.o(i.svcTimerStart), (108 bytes).
    Removing rt_cmsis.o(i.svcTimerStop), (38 bytes).
    Removing rt_cmsis.o(i.sysMailAlloc), (100 bytes).
    Removing rt_cmsis.o(i.sysMailFree), (106 bytes).
    Removing rt_cmsis.o(i.sysPoolAlloc), (12 bytes).
    Removing rt_cmsis.o(i.sysPoolFree), (22 bytes).
    Removing rt_cmsis.o(i.sysUserTimerUpdate), (48 bytes).
    Removing rt_cmsis.o(i.sysUserTimerWakeupTime), (24 bytes).
    Removing rt_task.o(i.rt_tsk_pass), (44 bytes).
    Removing rt_mutex.o(i.rt_mut_delete), (180 bytes).
    Removing rt_mutex.o(i.rt_mut_init), (16 bytes).
    Removing rt_system.o(.emb_text), (0 bytes).
    Removing rt_system.o(i.os_tick_ovf), (16 bytes).
    Removing rt_system.o(i.os_tick_val), (20 bytes).
    Removing rt_system.o(i.rt_resume), (136 bytes).
    Removing rt_system.o(i.rt_suspend), (40 bytes).
    Removing rt_system.o(i.rt_tsk_lock), (84 bytes).
    Removing rt_system.o(i.rt_tsk_unlock), (84 bytes).
    Removing rt_event.o(i.isr_evt_set), (36 bytes).
    Removing rt_event.o(i.rt_evt_clr), (28 bytes).
    Removing rt_event.o(i.rt_evt_get), (12 bytes).
    Removing rt_event.o(i.rt_evt_set), (92 bytes).
    Removing rt_event.o(i.rt_evt_wait), (64 bytes).
    Removing rt_list.o(i.rt_get_same_rdy_prio), (36 bytes).
    Removing rt_mailbox.o(i.rt_mbx_send), (148 bytes).
    Removing rt_semaphore.o(i.isr_sem_send), (14 bytes).
    Removing rt_semaphore.o(i.rt_sem_delete), (96 bytes).
    Removing rt_semaphore.o(i.rt_sem_init), (12 bytes).
    Removing rt_semaphore.o(i.rt_sem_send), (44 bytes).
    Removing rt_semaphore.o(i.rt_sem_wait), (68 bytes).
    Removing rt_time.o(i.rt_dly_wait), (10 bytes).
    Removing rt_time.o(i.rt_itv_set), (24 bytes).
    Removing rt_time.o(i.rt_itv_wait), (44 bytes).
    Removing rt_time.o(i.rt_time_get), (12 bytes).
    Removing rt_membox.o(i._calloc_box), (32 bytes).
    Removing rt_cmsis.o(i.__ARM_common_ll_muluu), (48 bytes).

109 unused section(s) (total 4562 bytes) removed from the image.

==============================================================================

Image Symbol Table

    Local Symbols

    Symbol Name                              Value     Ov Type        Size  Object(Section)

    ../clib/angel/boardlib.s                 0x00000000   Number         0  boardinit1.o ABSOLUTE
    ../clib/angel/boardlib.s                 0x00000000   Number         0  boardshut.o ABSOLUTE
    ../clib/angel/boardlib.s                 0x00000000   Number         0  boardinit2.o ABSOLUTE
    ../clib/angel/handlers.s                 0x00000000   Number         0  __scatter_zi.o ABSOLUTE
    ../clib/angel/handlers.s                 0x00000000   Number         0  __scatter_copy.o ABSOLUTE
    ../clib/angel/kernel.s                   0x00000000   Number         0  __rtentry2.o ABSOLUTE
    ../clib/angel/kernel.s                   0x00000000   Number         0  __rtentry4.o ABSOLUTE
    ../clib/angel/kernel.s                   0x00000000   Number         0  rtexit.o ABSOLUTE
    ../clib/angel/kernel.s                   0x00000000   Number         0  __rtentry.o ABSOLUTE
    ../clib/angel/kernel.s                   0x00000000   Number         0  rtexit2.o ABSOLUTE
    ../clib/angel/rt.s                       0x00000000   Number         0  aeabi_idiv0_sigfpe.o ABSOLUTE
    ../clib/angel/rt.s                       0x00000000   Number         0  aeabi_idiv0.o ABSOLUTE
    ../clib/angel/rt.s                       0x00000000   Number         0  rt_raise.o ABSOLUTE
    ../clib/angel/rt.s                       0x00000000   Number         0  aeabi_ldiv0_sigfpe.o ABSOLUTE
    ../clib/angel/rt.s                       0x00000000   Number         0  aeabi_ldiv0.o ABSOLUTE
    ../clib/angel/rt.s                       0x00000000   Number         0  rt_div0.o ABSOLUTE
    ../clib/angel/scatterp.s                 0x00000000   Number         0  __scatter.o ABSOLUTE
    ../clib/angel/startup.s                  0x00000000   Number         0  __main.o ABSOLUTE
    ../clib/angel/sys.s                      0x00000000   Number         0  sys_stackheap_outer.o ABSOLUTE
    ../clib/angel/sys.s                      0x00000000   Number         0  libspace.o ABSOLUTE
    ../clib/angel/sys.s                      0x00000000   Number         0  tempstk.o ABSOLUTE
    ../clib/angel/sys.s                      0x00000000   Number         0  use_no_semi.o ABSOLUTE
    ../clib/angel/sys.s                      0x00000000   Number         0  indicate_semi.o ABSOLUTE
    ../clib/angel/sysapp.c                   0x00000000   Number         0  sys_wrch.o ABSOLUTE
    ../clib/angel/sysapp.c                   0x00000000   Number         0  sys_exit.o ABSOLUTE
    ../clib/angel/sysapp.c                   0x00000000   Number         0  sys_command.o ABSOLUTE
    ../clib/armsys.c                         0x00000000   Number         0  argv_veneer.o ABSOLUTE
    ../clib/armsys.c                         0x00000000   Number         0  _get_argv_nomalloc.o ABSOLUTE
    ../clib/armsys.c                         0x00000000   Number         0  no_argv.o ABSOLUTE
    ../clib/division.c                       0x00000000   Number         0  lludiv.o ABSOLUTE
    ../clib/division.s                       0x00000000   Number         0  aeabi_sdiv_div0.o ABSOLUTE
    ../clib/division.s                       0x00000000   Number         0  aeabi_sdiv.o ABSOLUTE
    ../clib/heapalloc.c                      0x00000000   Number         0  hrguard.o ABSOLUTE
    ../clib/heapaux.c                        0x00000000   Number         0  heapauxi.o ABSOLUTE
    ../clib/libinit.s                        0x00000000   Number         0  libshutdown2.o ABSOLUTE
    ../clib/libinit.s                        0x00000000   Number         0  libinit2.o ABSOLUTE
    ../clib/libinit.s                        0x00000000   Number         0  libinit.o ABSOLUTE
    ../clib/libinit.s                        0x00000000   Number         0  libshutdown.o ABSOLUTE
    ../clib/signal.c                         0x00000000   Number         0  defsig_general.o ABSOLUTE
    ../clib/signal.c                         0x00000000   Number         0  __raise.o ABSOLUTE
    ../clib/signal.c                         0x00000000   Number         0  defsig_rtmem_inner.o ABSOLUTE
    ../clib/signal.c                         0x00000000   Number         0  defsig_fpe_inner.o ABSOLUTE
    ../clib/signal.c                         0x00000000   Number         0  defsig_exit.o ABSOLUTE
    ../clib/signal.c                         0x00000000   Number         0  defsig_fpe_formal.o ABSOLUTE
    ../clib/signal.c                         0x00000000   Number         0  defsig_fpe_outer.o ABSOLUTE
    ../clib/signal.c                         0x00000000   Number         0  defsig_other.o ABSOLUTE
    ../clib/signal.c                         0x00000000   Number         0  defsig_segv_inner.o ABSOLUTE
    ../clib/signal.c                         0x00000000   Number         0  defsig_cppl_inner.o ABSOLUTE
    ../clib/signal.c                         0x00000000   Number         0  defsig_pvfn_inner.o ABSOLUTE
    ../clib/signal.c                         0x00000000   Number         0  defsig_stak_inner.o ABSOLUTE
    ../clib/signal.c                         0x00000000   Number         0  defsig_rtmem_formal.o ABSOLUTE
    ../clib/signal.c                         0x00000000   Number         0  defsig_rtmem_outer.o ABSOLUTE
    ../clib/signal.c                         0x00000000   Number         0  defsig_rtred_inner.o ABSOLUTE
    ../clib/signal.c                         0x00000000   Number         0  defsig_abrt_inner.o ABSOLUTE
    ../clib/signal.s                         0x00000000   Number         0  defsig.o ABSOLUTE
    ../clib/stdlib.c                         0x00000000   Number         0  exit.o ABSOLUTE
    ../fplib/cfplib/fpinit.c                 0x00000000   Number         0  fpinit.o ABSOLUTE
    ..\HAL_CM.c                              0x00000000   Number         0  hal_cm.o ABSOLUTE
    ..\\rt_CMSIS.c                           0x00000000   Number         0  rt_cmsis.o ABSOLUTE
    ..\\rt_System.c                          0x00000000   Number         0  rt_system.o ABSOLUTE
    ..\rt_CMSIS.c                            0x00000000   Number         0  rt_cmsis.o ABSOLUTE
    ..\rt_Event.c                            0x00000000   Number         0  rt_event.o ABSOLUTE
    ..\rt_List.c                             0x00000000   Number         0  rt_list.o ABSOLUTE
    ..\rt_Mailbox.c                          0x00000000   Number         0  rt_mailbox.o ABSOLUTE
    ..\rt_MemBox.c                           0x00000000   Number         0  rt_membox.o ABSOLUTE
    ..\rt_Memory.c                           0x00000000   Number         0  rt_memory.o ABSOLUTE
    ..\rt_Mutex.c                            0x00000000   Number         0  rt_mutex.o ABSOLUTE
    ..\rt_Robin.c                            0x00000000   Number         0  rt_robin.o ABSOLUTE
    ..\rt_Semaphore.c                        0x00000000   Number         0  rt_semaphore.o ABSOLUTE
    ..\rt_System.c                           0x00000000   Number         0  rt_system.o ABSOLUTE
    ..\rt_Task.c                             0x00000000   Number         0  rt_task.o ABSOLUTE
    ..\rt_Time.c                             0x00000000   Number         0  rt_time.o ABSOLUTE
    HAL_CM0.c                                0x00000000   Number         0  hal_cm0.o ABSOLUTE
    HAL_CM0.c                                0x00000000   Number         0  hal_cm0.o ABSOLUTE
    RTE\CMSIS\RTX_Conf_CM.c                  0x00000000   Number         0  rtx_conf_cm.o ABSOLUTE
    RTE\Device\STM32F030R8\startup_stm32f030x8.s 0x00000000   Number         0  startup_stm32f030x8.o ABSOLUTE
    RTE\Device\STM32F030R8\system_stm32f0xx.c 0x00000000   Number         0  system_stm32f0xx.o ABSOLUTE
    RTE\\CMSIS\\RTX_Conf_CM.c                0x00000000   Number         0  rtx_conf_cm.o ABSOLUTE
    RTE\\Device\\STM32F030R8\\system_stm32f0xx.c 0x00000000   Number         0  system_stm32f0xx.o ABSOLUTE
    SVC_Table.s                              0x00000000   Number         0  svc_table.o ABSOLUTE
    app\main.c                               0x00000000   Number         0  main.o ABSOLUTE
    dc.s                                     0x00000000   Number         0  dc.o ABSOLUTE
    RESET                                    0x08000000   Section      180  startup_stm32f030x8.o(RESET)
    !!!main                                  0x080000b4   Section        8  __main.o(!!!main)
    !!!scatter                               0x080000bc   Section       60  __scatter.o(!!!scatter)
    !!handler_copy                           0x080000f8   Section       26  __scatter_copy.o(!!handler_copy)
    !!handler_zi                             0x08000114   Section       28  __scatter_zi.o(!!handler_zi)
    .ARM.Collect$$libinit$$00000000          0x08000130   Section        2  libinit.o(.ARM.Collect$$libinit$$00000000)
    .ARM.Collect$$libinit$$00000002          0x08000132   Section        0  libinit2.o(.ARM.Collect$$libinit$$00000002)
    .ARM.Collect$$libinit$$00000004          0x08000132   Section        0  libinit2.o(.ARM.Collect$$libinit$$00000004)
    .ARM.Collect$$libinit$$0000000A          0x08000132   Section        0  libinit2.o(.ARM.Collect$$libinit$$0000000A)
    .ARM.Collect$$libinit$$0000000C          0x08000132   Section        0  libinit2.o(.ARM.Collect$$libinit$$0000000C)
    .ARM.Collect$$libinit$$0000000E          0x08000132   Section        0  libinit2.o(.ARM.Collect$$libinit$$0000000E)
    .ARM.Collect$$libinit$$00000011          0x08000132   Section        0  libinit2.o(.ARM.Collect$$libinit$$00000011)
    .ARM.Collect$$libinit$$00000013          0x08000132   Section        0  libinit2.o(.ARM.Collect$$libinit$$00000013)
    .ARM.Collect$$libinit$$00000015          0x08000132   Section        0  libinit2.o(.ARM.Collect$$libinit$$00000015)
    .ARM.Collect$$libinit$$00000017          0x08000132   Section        0  libinit2.o(.ARM.Collect$$libinit$$00000017)
    .ARM.Collect$$libinit$$00000019          0x08000132   Section        0  libinit2.o(.ARM.Collect$$libinit$$00000019)
    .ARM.Collect$$libinit$$0000001B          0x08000132   Section        0  libinit2.o(.ARM.Collect$$libinit$$0000001B)
    .ARM.Collect$$libinit$$0000001D          0x08000132   Section        0  libinit2.o(.ARM.Collect$$libinit$$0000001D)
    .ARM.Collect$$libinit$$0000001F          0x08000132   Section        0  libinit2.o(.ARM.Collect$$libinit$$0000001F)
    .ARM.Collect$$libinit$$00000021          0x08000132   Section        0  libinit2.o(.ARM.Collect$$libinit$$00000021)
    .ARM.Collect$$libinit$$00000023          0x08000132   Section        0  libinit2.o(.ARM.Collect$$libinit$$00000023)
    .ARM.Collect$$libinit$$00000025          0x08000132   Section        0  libinit2.o(.ARM.Collect$$libinit$$00000025)
    .ARM.Collect$$libinit$$0000002C          0x08000132   Section        0  libinit2.o(.ARM.Collect$$libinit$$0000002C)
    .ARM.Collect$$libinit$$0000002E          0x08000132   Section        0  libinit2.o(.ARM.Collect$$libinit$$0000002E)
    .ARM.Collect$$libinit$$00000030          0x08000132   Section        0  libinit2.o(.ARM.Collect$$libinit$$00000030)
    .ARM.Collect$$libinit$$00000032          0x08000132   Section        0  libinit2.o(.ARM.Collect$$libinit$$00000032)
    .ARM.Collect$$libinit$$00000033          0x08000132   Section        2  libinit2.o(.ARM.Collect$$libinit$$00000033)
    .ARM.Collect$$libshutdown$$00000000      0x08000134   Section        2  libshutdown.o(.ARM.Collect$$libshutdown$$00000000)
    .ARM.Collect$$libshutdown$$00000002      0x08000136   Section        0  libshutdown2.o(.ARM.Collect$$libshutdown$$00000002)
    .ARM.Collect$$libshutdown$$00000004      0x08000136   Section        0  libshutdown2.o(.ARM.Collect$$libshutdown$$00000004)
    .ARM.Collect$$libshutdown$$00000007      0x08000136   Section        0  libshutdown2.o(.ARM.Collect$$libshutdown$$00000007)
    .ARM.Collect$$libshutdown$$0000000A      0x08000136   Section        0  libshutdown2.o(.ARM.Collect$$libshutdown$$0000000A)
    .ARM.Collect$$libshutdown$$0000000C      0x08000136   Section        0  libshutdown2.o(.ARM.Collect$$libshutdown$$0000000C)
    .ARM.Collect$$libshutdown$$0000000F      0x08000136   Section        0  libshutdown2.o(.ARM.Collect$$libshutdown$$0000000F)
    .ARM.Collect$$libshutdown$$00000010      0x08000136   Section        2  libshutdown2.o(.ARM.Collect$$libshutdown$$00000010)
    .ARM.Collect$$rtentry$$00000000          0x08000138   Section        0  __rtentry.o(.ARM.Collect$$rtentry$$00000000)
    .ARM.Collect$$rtentry$$00000002          0x08000138   Section        0  __rtentry2.o(.ARM.Collect$$rtentry$$00000002)
    .ARM.Collect$$rtentry$$00000004          0x08000138   Section        6  __rtentry4.o(.ARM.Collect$$rtentry$$00000004)
    .ARM.Collect$$rtentry$$00000009          0x0800013e   Section        0  __rtentry2.o(.ARM.Collect$$rtentry$$00000009)
    .ARM.Collect$$rtentry$$0000000A          0x0800013e   Section        4  __rtentry2.o(.ARM.Collect$$rtentry$$0000000A)
    .ARM.Collect$$rtentry$$0000000B          0x08000142   Section        8  __rtentry2.o(.ARM.Collect$$rtentry$$0000000B)
    .ARM.Collect$$rtentry$$0000000D          0x0800014a   Section        8  __rtentry2.o(.ARM.Collect$$rtentry$$0000000D)
    .ARM.Collect$$rtexit$$00000000           0x08000152   Section        2  rtexit.o(.ARM.Collect$$rtexit$$00000000)
    .ARM.Collect$$rtexit$$00000002           0x08000154   Section        0  rtexit2.o(.ARM.Collect$$rtexit$$00000002)
    .ARM.Collect$$rtexit$$00000003           0x08000154   Section        4  rtexit2.o(.ARM.Collect$$rtexit$$00000003)
    .ARM.Collect$$rtexit$$00000004           0x08000158   Section        6  rtexit2.o(.ARM.Collect$$rtexit$$00000004)
    .emb_text                                0x08000160   Section       28  rtx_conf_cm.o(.emb_text)
    .emb_text                                0x0800017c   Section      356  hal_cm0.o(.emb_text)
    .text                                    0x080002e0   Section       56  startup_stm32f030x8.o(.text)
    .text                                    0x08000318   Section        8  libspace.o(.text)
    .text                                    0x08000320   Section        0  exit.o(.text)
    .text                                    0x08000330   Section      346  aeabi_sdiv.o(.text)
    .text                                    0x0800048a   Section        0  heapauxi.o(.text)
    .text                                    0x08000490   Section        0  sys_exit.o(.text)
    .text                                    0x0800049c   Section       62  sys_stackheap_outer.o(.text)
    .text                                    0x080004da   Section        2  use_no_semi.o(.text)
    .text                                    0x080004dc   Section        0  indicate_semi.o(.text)
    SVC_TABLE                                0x080004dc   Section        4  svc_table.o(SVC_TABLE)
    i.SystemInit                             0x080004e0   Section        0  system_stm32f0xx.o(i.SystemInit)
    i._init_box                              0x08000554   Section        0  rt_membox.o(i._init_box)
    i._mutex_acquire                         0x0800059c   Section        0  rtx_conf_cm.o(i._mutex_acquire)
    __tagsym$$used                           0x0800059d   Number         0  rtx_conf_cm.o(i._mutex_acquire)
    i._mutex_release                         0x080005c0   Section        0  rtx_conf_cm.o(i._mutex_release)
    __tagsym$$used                           0x080005c1   Number         0  rtx_conf_cm.o(i._mutex_release)
    i.isrMessageGet                          0x080005dc   Section        0  rt_cmsis.o(i.isrMessageGet)
    i.isrMessagePut                          0x0800060a   Section        0  rt_cmsis.o(i.isrMessagePut)
    i.isr_mbx_receive                        0x0800063a   Section        0  rt_mailbox.o(i.isr_mbx_receive)
    i.isr_mbx_send                           0x08000686   Section        0  rt_mailbox.o(i.isr_mbx_send)
    i.main                                   0x08000692   Section        0  main.o(i.main)
    i.osKernelInitialize                     0x08000698   Section        0  rt_cmsis.o(i.osKernelInitialize)
    i.osKernelStart                          0x080006c0   Section        0  rt_cmsis.o(i.osKernelStart)
    i.osMessageGet                           0x0800072c   Section        0  rt_cmsis.o(i.osMessageGet)
    i.osThreadCreate                         0x08000748   Section        0  rt_cmsis.o(i.osThreadCreate)
    i.osThreadExit                           0x0800077c   Section        0  rt_cmsis.o(i.osThreadExit)
    i.osTimerCall                            0x08000794   Section        0  rt_cmsis.o(i.osTimerCall)
    i.osTimerThread                          0x080007a4   Section        0  rt_cmsis.o(i.osTimerThread)
    i.os_error                               0x080007d0   Section        0  rtx_conf_cm.o(i.os_error)
    i.os_idle_demon                          0x080007f2   Section        0  rtx_conf_cm.o(i.os_idle_demon)
    i.os_tick_init                           0x080007f8   Section        0  rt_system.o(i.os_tick_init)
    i.os_tick_irqack                         0x08000824   Section        0  rt_system.o(i.os_tick_irqack)
    i.rt_alloc_box                           0x08000826   Section        0  rt_membox.o(i.rt_alloc_box)
    i.rt_alloc_mem                           0x08000844   Section        0  rt_memory.o(i.rt_alloc_mem)
    i.rt_block                               0x08000888   Section        0  rt_task.o(i.rt_block)
    i.rt_chk_robin                           0x080008c0   Section        0  rt_robin.o(i.rt_chk_robin)
    i.rt_dec_dly                             0x08000904   Section        0  rt_list.o(i.rt_dec_dly)
    i.rt_dispatch                            0x08000978   Section        0  rt_task.o(i.rt_dispatch)
    i.rt_evt_psh                             0x080009b8   Section        0  rt_event.o(i.rt_evt_psh)
    i.rt_free_box                            0x08000a08   Section        0  rt_membox.o(i.rt_free_box)
    i.rt_free_mem                            0x08000a2e   Section        0  rt_memory.o(i.rt_free_mem)
    i.rt_get_first                           0x08000a5e   Section        0  rt_list.o(i.rt_get_first)
    i.rt_id2obj                              0x08000a88   Section        0  rt_cmsis.o(i.rt_id2obj)
    rt_id2obj                                0x08000a89   Thumb Code     8  rt_cmsis.o(i.rt_id2obj)
    i.rt_init_context                        0x08000a90   Section        0  rt_task.o(i.rt_init_context)
    rt_init_context                          0x08000a91   Thumb Code    66  rt_task.o(i.rt_init_context)
    i.rt_init_mem                            0x08000ad8   Section        0  rt_memory.o(i.rt_init_mem)
    i.rt_init_robin                          0x08000af4   Section        0  rt_robin.o(i.rt_init_robin)
    i.rt_init_stack                          0x08000b0c   Section        0  hal_cm.o(i.rt_init_stack)
    i.rt_mbx_check                           0x08000b84   Section        0  rt_mailbox.o(i.rt_mbx_check)
    i.rt_mbx_init                            0x08000b8c   Section        0  rt_mailbox.o(i.rt_mbx_init)
    i.rt_mbx_psh                             0x08000bb0   Section        0  rt_mailbox.o(i.rt_mbx_psh)
    i.rt_mbx_wait                            0x08000c80   Section        0  rt_mailbox.o(i.rt_mbx_wait)
    i.rt_ms2tick                             0x08000d30   Section        0  rt_cmsis.o(i.rt_ms2tick)
    rt_ms2tick                               0x08000d31   Thumb Code    56  rt_cmsis.o(i.rt_ms2tick)
    i.rt_mut_release                         0x08000d74   Section        0  rt_mutex.o(i.rt_mut_release)
    i.rt_mut_wait                            0x08000e4c   Section        0  rt_mutex.o(i.rt_mut_wait)
    i.rt_pop_req                             0x08000ecc   Section        0  rt_system.o(i.rt_pop_req)
    i.rt_psh_req                             0x08000f3c   Section        0  rt_system.o(i.rt_psh_req)
    i.rt_psq_enq                             0x08000f5c   Section        0  rt_list.o(i.rt_psq_enq)
    i.rt_put_dly                             0x08000f9c   Section        0  rt_list.o(i.rt_put_dly)
    i.rt_put_prio                            0x08000fec   Section        0  rt_list.o(i.rt_put_prio)
    i.rt_put_rdy_first                       0x08001028   Section        0  rt_list.o(i.rt_put_rdy_first)
    i.rt_resort_prio                         0x0800103c   Section        0  rt_list.o(i.rt_resort_prio)
    i.rt_ret_val                             0x0800106c   Section        0  hal_cm.o(i.rt_ret_val)
    i.rt_ret_val2                            0x08001072   Section        0  hal_cm.o(i.rt_ret_val2)
    i.rt_rmv_dly                             0x0800107a   Section        0  rt_list.o(i.rt_rmv_dly)
    i.rt_rmv_list                            0x080010a4   Section        0  rt_list.o(i.rt_rmv_list)
    i.rt_sem_psh                             0x080010d8   Section        0  rt_semaphore.o(i.rt_sem_psh)
    i.rt_stk_check                           0x0800110c   Section        0  rt_system.o(i.rt_stk_check)
    i.rt_switch_req                          0x08001134   Section        0  rt_task.o(i.rt_switch_req)
    i.rt_sys_init                            0x08001144   Section        0  rt_task.o(i.rt_sys_init)
    i.rt_sys_start                           0x0800120c   Section        0  rt_task.o(i.rt_sys_start)
    i.rt_systick                             0x08001270   Section        0  rt_system.o(i.rt_systick)
    i.rt_tid2ptcb                            0x080012ac   Section        0  rt_cmsis.o(i.rt_tid2ptcb)
    rt_tid2ptcb                              0x080012ad   Thumb Code    18  rt_cmsis.o(i.rt_tid2ptcb)
    i.rt_timer_insert                        0x080012c0   Section        0  rt_cmsis.o(i.rt_timer_insert)
    rt_timer_insert                          0x080012c1   Thumb Code    52  rt_cmsis.o(i.rt_timer_insert)
    i.rt_tsk_create                          0x080012f8   Section        0  rt_task.o(i.rt_tsk_create)
    i.rt_tsk_delete                          0x08001370   Section        0  rt_task.o(i.rt_tsk_delete)
    i.rt_tsk_prio                            0x080014c8   Section        0  rt_task.o(i.rt_tsk_prio)
    i.rt_tsk_self                            0x08001548   Section        0  rt_task.o(i.rt_tsk_self)
    i.svcKernelInitialize                    0x08001558   Section        0  rt_cmsis.o(i.svcKernelInitialize)
    i.svcKernelStart                         0x080015d0   Section        0  rt_cmsis.o(i.svcKernelStart)
    i.svcMessageCreate                       0x0800161c   Section        0  rt_cmsis.o(i.svcMessageCreate)
    i.svcMessageGet                          0x08001646   Section        0  rt_cmsis.o(i.svcMessageGet)
    i.svcThreadCreate                        0x08001684   Section        0  rt_cmsis.o(i.svcThreadCreate)
    i.svcThreadGetId                         0x080016f8   Section        0  rt_cmsis.o(i.svcThreadGetId)
    i.svcThreadTerminate                     0x08001714   Section        0  rt_cmsis.o(i.svcThreadTerminate)
    i.svcTimerCall                           0x08001750   Section        0  rt_cmsis.o(i.svcTimerCall)
    i.sysTimerTick                           0x0800176c   Section        0  rt_cmsis.o(i.sysTimerTick)
    .constdata                               0x080017c4   Section      104  rtx_conf_cm.o(.constdata)
    __tagsym$$used                           0x080017e0   Number         0  rtx_conf_cm.o(.constdata)
    __tagsym$$used                           0x080017e4   Number         0  rtx_conf_cm.o(.constdata)
    __tagsym$$used                           0x080017e8   Number         0  rtx_conf_cm.o(.constdata)
    __tagsym$$used                           0x080017ec   Number         0  rtx_conf_cm.o(.constdata)
    .data                                    0x20000000   Section       20  rtx_conf_cm.o(.data)
    nr_mutex                                 0x20000010   Data           4  rtx_conf_cm.o(.data)
    .data                                    0x20000014   Section        8  rt_cmsis.o(.data)
    .data                                    0x2000001c   Section        8  rt_task.o(.data)
    .data                                    0x20000024   Section        8  rt_system.o(.data)
    os_lock                                  0x20000024   Data           1  rt_system.o(.data)
    os_psh_flag                              0x20000025   Data           1  rt_system.o(.data)
    pend_flags                               0x20000026   Data           1  rt_system.o(.data)
    .data                                    0x2000002c   Section        4  rt_time.o(.data)
    .data                                    0x20000030   Section        8  rt_robin.o(.data)
    .bss                                     0x20000038   Section     3016  rtx_conf_cm.o(.bss)
    std_libspace                             0x200008e0   Data         672  rtx_conf_cm.o(.bss)
    std_libmutex                             0x20000b80   Data         128  rtx_conf_cm.o(.bss)
    .bss                                     0x20000c00   Section       52  rt_task.o(.bss)
    .bss                                     0x20000c34   Section       48  rt_list.o(.bss)
    .bss                                     0x20000c64   Section       96  libspace.o(.bss)
    HEAP                                     0x20000cc8   Section      512  startup_stm32f030x8.o(HEAP)
    Heap_Mem                                 0x20000cc8   Data         512  startup_stm32f030x8.o(HEAP)
    STACK                                    0x20000ec8   Section     1024  startup_stm32f030x8.o(STACK)
    Stack_Mem                                0x20000ec8   Data        1024  startup_stm32f030x8.o(STACK)
    __initial_sp                             0x200012c8   Data           0  startup_stm32f030x8.o(STACK)

    Global Symbols

    Symbol Name                              Value     Ov Type        Size  Object(Section)

    BuildAttributes$$THM_ISAv3M$S$PE$A:L22$X:L11$S22$IEEE1$IW$USESV6$~STKCKD$USESV7$~SHL$OSPACE$ROPI$EBA8$UX$STANDARDLIB$REQ8$PRES8$EABIv2 0x00000000   Number         0  anon$$obj.o ABSOLUTE
    __ARM_use_no_argv                        0x00000000   Number         0  main.o ABSOLUTE
    __ARM_exceptions_init                     - Undefined Weak Reference
    __alloca_initialize                       - Undefined Weak Reference
    __arm_preinit_                            - Undefined Weak Reference
    __cpp_initialize__aeabi_                  - Undefined Weak Reference
    __cxa_finalize                            - Undefined Weak Reference
    __rt_locale                               - Undefined Weak Reference
    __sigvec_lookup                           - Undefined Weak Reference
    _atexit_init                              - Undefined Weak Reference
    _call_atexit_fns                          - Undefined Weak Reference
    _clock_init                               - Undefined Weak Reference
    _fp_trap_init                             - Undefined Weak Reference
    _fp_trap_shutdown                         - Undefined Weak Reference
    _get_lc_collate                           - Undefined Weak Reference
    _get_lc_ctype                             - Undefined Weak Reference
    _get_lc_monetary                          - Undefined Weak Reference
    _get_lc_numeric                           - Undefined Weak Reference
    _get_lc_time                              - Undefined Weak Reference
    _getenv_init                              - Undefined Weak Reference
    _handle_redirection                       - Undefined Weak Reference
    _init_alloc                               - Undefined Weak Reference
    _init_user_alloc                          - Undefined Weak Reference
    _initio                                   - Undefined Weak Reference
    _rand_init                                - Undefined Weak Reference
    _signal_finish                            - Undefined Weak Reference
    _signal_init                              - Undefined Weak Reference
    _terminate_alloc                          - Undefined Weak Reference
    _terminate_user_alloc                     - Undefined Weak Reference
    _terminateio                              - Undefined Weak Reference
    __Vectors_Size                           0x000000b4   Number         0  startup_stm32f030x8.o ABSOLUTE
    __RL_RTX_VER                             0x00000482   Number         0  rt_system.o ABSOLUTE
    __Vectors                                0x08000000   Data           4  startup_stm32f030x8.o(RESET)
    __Vectors_End                            0x080000b4   Data           0  startup_stm32f030x8.o(RESET)
    __main                                   0x080000b5   Thumb Code     8  __main.o(!!!main)
    __scatterload                            0x080000bd   Thumb Code     0  __scatter.o(!!!scatter)
    __scatterload_rt2                        0x080000bd   Thumb Code    52  __scatter.o(!!!scatter)
    __scatterload_rt2_thumb_only             0x080000bd   Thumb Code     0  __scatter.o(!!!scatter)
    __scatterload_null                       0x080000cd   Thumb Code     0  __scatter.o(!!!scatter)
    __scatterload_copy                       0x080000f9   Thumb Code    26  __scatter_copy.o(!!handler_copy)
    __scatterload_zeroinit                   0x08000115   Thumb Code    28  __scatter_zi.o(!!handler_zi)
    __rt_lib_init                            0x08000131   Thumb Code     0  libinit.o(.ARM.Collect$$libinit$$00000000)
    __rt_lib_init_alloca_1                   0x08000133   Thumb Code     0  libinit2.o(.ARM.Collect$$libinit$$0000002E)
    __rt_lib_init_argv_1                     0x08000133   Thumb Code     0  libinit2.o(.ARM.Collect$$libinit$$0000002C)
    __rt_lib_init_atexit_1                   0x08000133   Thumb Code     0  libinit2.o(.ARM.Collect$$libinit$$0000001B)
    __rt_lib_init_clock_1                    0x08000133   Thumb Code     0  libinit2.o(.ARM.Collect$$libinit$$00000021)
    __rt_lib_init_cpp_1                      0x08000133   Thumb Code     0  libinit2.o(.ARM.Collect$$libinit$$00000032)
    __rt_lib_init_exceptions_1               0x08000133   Thumb Code     0  libinit2.o(.ARM.Collect$$libinit$$00000030)
    __rt_lib_init_fp_1                       0x08000133   Thumb Code     0  libinit2.o(.ARM.Collect$$libinit$$00000002)
    __rt_lib_init_fp_trap_1                  0x08000133   Thumb Code     0  libinit2.o(.ARM.Collect$$libinit$$0000001F)
    __rt_lib_init_getenv_1                   0x08000133   Thumb Code     0  libinit2.o(.ARM.Collect$$libinit$$00000023)
    __rt_lib_init_heap_1                     0x08000133   Thumb Code     0  libinit2.o(.ARM.Collect$$libinit$$0000000A)
    __rt_lib_init_lc_collate_1               0x08000133   Thumb Code     0  libinit2.o(.ARM.Collect$$libinit$$00000011)
    __rt_lib_init_lc_ctype_1                 0x08000133   Thumb Code     0  libinit2.o(.ARM.Collect$$libinit$$00000013)
    __rt_lib_init_lc_monetary_1              0x08000133   Thumb Code     0  libinit2.o(.ARM.Collect$$libinit$$00000015)
    __rt_lib_init_lc_numeric_1               0x08000133   Thumb Code     0  libinit2.o(.ARM.Collect$$libinit$$00000017)
    __rt_lib_init_lc_time_1                  0x08000133   Thumb Code     0  libinit2.o(.ARM.Collect$$libinit$$00000019)
    __rt_lib_init_preinit_1                  0x08000133   Thumb Code     0  libinit2.o(.ARM.Collect$$libinit$$00000004)
    __rt_lib_init_rand_1                     0x08000133   Thumb Code     0  libinit2.o(.ARM.Collect$$libinit$$0000000E)
    __rt_lib_init_return                     0x08000133   Thumb Code     0  libinit2.o(.ARM.Collect$$libinit$$00000033)
    __rt_lib_init_signal_1                   0x08000133   Thumb Code     0  libinit2.o(.ARM.Collect$$libinit$$0000001D)
    __rt_lib_init_stdio_1                    0x08000133   Thumb Code     0  libinit2.o(.ARM.Collect$$libinit$$00000025)
    __rt_lib_init_user_alloc_1               0x08000133   Thumb Code     0  libinit2.o(.ARM.Collect$$libinit$$0000000C)
    __rt_lib_shutdown                        0x08000135   Thumb Code     0  libshutdown.o(.ARM.Collect$$libshutdown$$00000000)
    __rt_lib_shutdown_cpp_1                  0x08000137   Thumb Code     0  libshutdown2.o(.ARM.Collect$$libshutdown$$00000002)
    __rt_lib_shutdown_fp_trap_1              0x08000137   Thumb Code     0  libshutdown2.o(.ARM.Collect$$libshutdown$$00000007)
    __rt_lib_shutdown_heap_1                 0x08000137   Thumb Code     0  libshutdown2.o(.ARM.Collect$$libshutdown$$0000000F)
    __rt_lib_shutdown_return                 0x08000137   Thumb Code     0  libshutdown2.o(.ARM.Collect$$libshutdown$$00000010)
    __rt_lib_shutdown_signal_1               0x08000137   Thumb Code     0  libshutdown2.o(.ARM.Collect$$libshutdown$$0000000A)
    __rt_lib_shutdown_stdio_1                0x08000137   Thumb Code     0  libshutdown2.o(.ARM.Collect$$libshutdown$$00000004)
    __rt_lib_shutdown_user_alloc_1           0x08000137   Thumb Code     0  libshutdown2.o(.ARM.Collect$$libshutdown$$0000000C)
    __rt_entry                               0x08000139   Thumb Code     0  __rtentry.o(.ARM.Collect$$rtentry$$00000000)
    __rt_entry_presh_1                       0x08000139   Thumb Code     0  __rtentry2.o(.ARM.Collect$$rtentry$$00000002)
    __rt_entry_sh                            0x08000139   Thumb Code     0  __rtentry4.o(.ARM.Collect$$rtentry$$00000004)
    __rt_entry_li                            0x0800013f   Thumb Code     0  __rtentry2.o(.ARM.Collect$$rtentry$$0000000A)
    __rt_entry_postsh_1                      0x0800013f   Thumb Code     0  __rtentry2.o(.ARM.Collect$$rtentry$$00000009)
    __rt_entry_postli_1                      0x08000143   Thumb Code     0  __rtentry2.o(.ARM.Collect$$rtentry$$0000000B)
    __rt_entry_main                          0x0800014b   Thumb Code     0  __rtentry2.o(.ARM.Collect$$rtentry$$0000000D)
    __rt_exit                                0x08000153   Thumb Code     0  rtexit.o(.ARM.Collect$$rtexit$$00000000)
    __rt_exit_ls                             0x08000155   Thumb Code     0  rtexit2.o(.ARM.Collect$$rtexit$$00000003)
    __rt_exit_prels_1                        0x08000155   Thumb Code     0  rtexit2.o(.ARM.Collect$$rtexit$$00000002)
    __rt_exit_exit                           0x08000159   Thumb Code     0  rtexit2.o(.ARM.Collect$$rtexit$$00000004)
    _platform_post_lib_init                  0x08000161   Thumb Code    24  rtx_conf_cm.o(.emb_text)
    rt_set_PSP                               0x0800017d   Thumb Code     6  hal_cm0.o(.emb_text)
    rt_get_PSP                               0x08000183   Thumb Code     6  hal_cm0.o(.emb_text)
    os_set_env                               0x08000189   Thumb Code    32  hal_cm0.o(.emb_text)
    _alloc_box                               0x080001ad   Thumb Code    28  hal_cm0.o(.emb_text)
    _free_box                                0x080001cd   Thumb Code    28  hal_cm0.o(.emb_text)
    SVC_Handler                              0x080001ed   Thumb Code   136  hal_cm0.o(.emb_text)
    PendSV_Handler                           0x08000281   Thumb Code    72  hal_cm0.o(.emb_text)
    SysTick_Handler                          0x080002cd   Thumb Code     8  hal_cm0.o(.emb_text)
    OS_Tick_Handler                          0x080002d5   Thumb Code    12  hal_cm0.o(.emb_text)
    Reset_Handler                            0x080002e1   Thumb Code     8  startup_stm32f030x8.o(.text)
    NMI_Handler                              0x080002e9   Thumb Code     2  startup_stm32f030x8.o(.text)
    HardFault_Handler                        0x080002eb   Thumb Code     2  startup_stm32f030x8.o(.text)
    ADC1_IRQHandler                          0x080002f3   Thumb Code     0  startup_stm32f030x8.o(.text)
    DMA1_Channel1_IRQHandler                 0x080002f3   Thumb Code     0  startup_stm32f030x8.o(.text)
    DMA1_Channel2_3_IRQHandler               0x080002f3   Thumb Code     0  startup_stm32f030x8.o(.text)
    DMA1_Channel4_5_IRQHandler               0x080002f3   Thumb Code     0  startup_stm32f030x8.o(.text)
    EXTI0_1_IRQHandler                       0x080002f3   Thumb Code     0  startup_stm32f030x8.o(.text)
    EXTI2_3_IRQHandler                       0x080002f3   Thumb Code     0  startup_stm32f030x8.o(.text)
    EXTI4_15_IRQHandler                      0x080002f3   Thumb Code     0  startup_stm32f030x8.o(.text)
    FLASH_IRQHandler                         0x080002f3   Thumb Code     0  startup_stm32f030x8.o(.text)
    I2C1_IRQHandler                          0x080002f3   Thumb Code     0  startup_stm32f030x8.o(.text)
    I2C2_IRQHandler                          0x080002f3   Thumb Code     0  startup_stm32f030x8.o(.text)
    RCC_IRQHandler                           0x080002f3   Thumb Code     0  startup_stm32f030x8.o(.text)
    RTC_IRQHandler                           0x080002f3   Thumb Code     0  startup_stm32f030x8.o(.text)
    SPI1_IRQHandler                          0x080002f3   Thumb Code     0  startup_stm32f030x8.o(.text)
    SPI2_IRQHandler                          0x080002f3   Thumb Code     0  startup_stm32f030x8.o(.text)
    TIM14_IRQHandler                         0x080002f3   Thumb Code     0  startup_stm32f030x8.o(.text)
    TIM15_IRQHandler                         0x080002f3   Thumb Code     0  startup_stm32f030x8.o(.text)
    TIM16_IRQHandler                         0x080002f3   Thumb Code     0  startup_stm32f030x8.o(.text)
    TIM17_IRQHandler                         0x080002f3   Thumb Code     0  startup_stm32f030x8.o(.text)
    TIM1_BRK_UP_TRG_COM_IRQHandler           0x080002f3   Thumb Code     0  startup_stm32f030x8.o(.text)
    TIM1_CC_IRQHandler                       0x080002f3   Thumb Code     0  startup_stm32f030x8.o(.text)
    TIM3_IRQHandler                          0x080002f3   Thumb Code     0  startup_stm32f030x8.o(.text)
    USART1_IRQHandler                        0x080002f3   Thumb Code     0  startup_stm32f030x8.o(.text)
    USART2_IRQHandler                        0x080002f3   Thumb Code     0  startup_stm32f030x8.o(.text)
    WWDG_IRQHandler                          0x080002f3   Thumb Code     0  startup_stm32f030x8.o(.text)
    __user_initial_stackheap                 0x080002f5   Thumb Code     0  startup_stm32f030x8.o(.text)
    __user_libspace                          0x08000319   Thumb Code     8  libspace.o(.text)
    __user_perproc_libspace                  0x08000319   Thumb Code     0  libspace.o(.text)
    exit                                     0x08000321   Thumb Code    16  exit.o(.text)
    __aeabi_uidiv                            0x08000331   Thumb Code     0  aeabi_sdiv.o(.text)
    __aeabi_uidivmod                         0x08000331   Thumb Code    20  aeabi_sdiv.o(.text)
    __aeabi_idiv                             0x08000345   Thumb Code     0  aeabi_sdiv.o(.text)
    __aeabi_idivmod                          0x08000345   Thumb Code   326  aeabi_sdiv.o(.text)
    __use_two_region_memory                  0x0800048b   Thumb Code     2  heapauxi.o(.text)
    __rt_heap_escrow$2region                 0x0800048d   Thumb Code     2  heapauxi.o(.text)
    __rt_heap_expand$2region                 0x0800048f   Thumb Code     2  heapauxi.o(.text)
    _sys_exit                                0x08000491   Thumb Code     8  sys_exit.o(.text)
    __user_setup_stackheap                   0x0800049d   Thumb Code    62  sys_stackheap_outer.o(.text)
    __I$use$semihosting                      0x080004db   Thumb Code     0  use_no_semi.o(.text)
    __use_no_semihosting_swi                 0x080004db   Thumb Code     2  use_no_semi.o(.text)
    SVC_Count                                0x080004dc   Data           4  svc_table.o(SVC_TABLE)
    __semihosting_library_function           0x080004dd   Thumb Code     0  indicate_semi.o(.text)
    SVC_Table                                0x080004e0   Data           0  svc_table.o(SVC_TABLE)
    SystemInit                               0x080004e1   Thumb Code   104  system_stm32f0xx.o(i.SystemInit)
    _init_box                                0x08000555   Thumb Code    72  rt_membox.o(i._init_box)
    _mutex_acquire                           0x0800059d   Thumb Code    22  rtx_conf_cm.o(i._mutex_acquire)
    _mutex_release                           0x080005c1   Thumb Code    20  rtx_conf_cm.o(i._mutex_release)
    isrMessageGet                            0x080005dd   Thumb Code    46  rt_cmsis.o(i.isrMessageGet)
    isrMessagePut                            0x0800060b   Thumb Code    48  rt_cmsis.o(i.isrMessagePut)
    isr_mbx_receive                          0x0800063b   Thumb Code    76  rt_mailbox.o(i.isr_mbx_receive)
    isr_mbx_send                             0x08000687   Thumb Code    12  rt_mailbox.o(i.isr_mbx_send)
    main                                     0x08000693   Thumb Code     4  main.o(i.main)
    osKernelInitialize                       0x08000699   Thumb Code    36  rt_cmsis.o(i.osKernelInitialize)
    osKernelStart                            0x080006c1   Thumb Code   100  rt_cmsis.o(i.osKernelStart)
    osMessageGet                             0x0800072d   Thumb Code    24  rt_cmsis.o(i.osMessageGet)
    osThreadCreate                           0x08000749   Thumb Code    44  rt_cmsis.o(i.osThreadCreate)
    osThreadExit                             0x0800077d   Thumb Code    14  rt_cmsis.o(i.osThreadExit)
    osTimerCall                              0x08000795   Thumb Code    10  rt_cmsis.o(i.osTimerCall)
    osTimerThread                            0x080007a5   Thumb Code    38  rt_cmsis.o(i.osTimerThread)
    os_error                                 0x080007d1   Thumb Code    34  rtx_conf_cm.o(i.os_error)
    os_idle_demon                            0x080007f3   Thumb Code     4  rtx_conf_cm.o(i.os_idle_demon)
    os_tick_init                             0x080007f9   Thumb Code    32  rt_system.o(i.os_tick_init)
    os_tick_irqack                           0x08000825   Thumb Code     2  rt_system.o(i.os_tick_irqack)
    rt_alloc_box                             0x08000827   Thumb Code    30  rt_membox.o(i.rt_alloc_box)
    rt_alloc_mem                             0x08000845   Thumb Code    66  rt_memory.o(i.rt_alloc_mem)
    rt_block                                 0x08000889   Thumb Code    42  rt_task.o(i.rt_block)
    rt_chk_robin                             0x080008c1   Thumb Code    56  rt_robin.o(i.rt_chk_robin)
    rt_dec_dly                               0x08000905   Thumb Code   108  rt_list.o(i.rt_dec_dly)
    rt_dispatch                              0x08000979   Thumb Code    56  rt_task.o(i.rt_dispatch)
    rt_evt_psh                               0x080009b9   Thumb Code    74  rt_event.o(i.rt_evt_psh)
    rt_free_box                              0x08000a09   Thumb Code    38  rt_membox.o(i.rt_free_box)
    rt_free_mem                              0x08000a2f   Thumb Code    48  rt_memory.o(i.rt_free_mem)
    rt_get_first                             0x08000a5f   Thumb Code    42  rt_list.o(i.rt_get_first)
    rt_init_mem                              0x08000ad9   Thumb Code    28  rt_memory.o(i.rt_init_mem)
    rt_init_robin                            0x08000af5   Thumb Code    14  rt_robin.o(i.rt_init_robin)
    rt_init_stack                            0x08000b0d   Thumb Code   106  hal_cm.o(i.rt_init_stack)
    rt_mbx_check                             0x08000b85   Thumb Code     8  rt_mailbox.o(i.rt_mbx_check)
    rt_mbx_init                              0x08000b8d   Thumb Code    30  rt_mailbox.o(i.rt_mbx_init)
    rt_mbx_psh                               0x08000bb1   Thumb Code   204  rt_mailbox.o(i.rt_mbx_psh)
    rt_mbx_wait                              0x08000c81   Thumb Code   170  rt_mailbox.o(i.rt_mbx_wait)
    rt_mut_release                           0x08000d75   Thumb Code   206  rt_mutex.o(i.rt_mut_release)
    rt_mut_wait                              0x08000e4d   Thumb Code   118  rt_mutex.o(i.rt_mut_wait)
    rt_pop_req                               0x08000ecd   Thumb Code   100  rt_system.o(i.rt_pop_req)
    rt_psh_req                               0x08000f3d   Thumb Code    24  rt_system.o(i.rt_psh_req)
    rt_psq_enq                               0x08000f5d   Thumb Code    60  rt_list.o(i.rt_psq_enq)
    rt_put_dly                               0x08000f9d   Thumb Code    74  rt_list.o(i.rt_put_dly)
    rt_put_prio                              0x08000fed   Thumb Code    60  rt_list.o(i.rt_put_prio)
    rt_put_rdy_first                         0x08001029   Thumb Code    14  rt_list.o(i.rt_put_rdy_first)
    rt_resort_prio                           0x0800103d   Thumb Code    44  rt_list.o(i.rt_resort_prio)
    rt_ret_val                               0x0800106d   Thumb Code     6  hal_cm.o(i.rt_ret_val)
    rt_ret_val2                              0x08001073   Thumb Code     8  hal_cm.o(i.rt_ret_val2)
    rt_rmv_dly                               0x0800107b   Thumb Code    42  rt_list.o(i.rt_rmv_dly)
    rt_rmv_list                              0x080010a5   Thumb Code    46  rt_list.o(i.rt_rmv_list)
    rt_sem_psh                               0x080010d9   Thumb Code    48  rt_semaphore.o(i.rt_sem_psh)
    rt_stk_check                             0x0800110d   Thumb Code    30  rt_system.o(i.rt_stk_check)
    rt_switch_req                            0x08001135   Thumb Code    10  rt_task.o(i.rt_switch_req)
    rt_sys_init                              0x08001145   Thumb Code   134  rt_task.o(i.rt_sys_init)
    rt_sys_start                             0x0800120d   Thumb Code    82  rt_task.o(i.rt_sys_start)
    rt_systick                               0x08001271   Thumb Code    48  rt_system.o(i.rt_systick)
    rt_tsk_create                            0x080012f9   Thumb Code   106  rt_task.o(i.rt_tsk_create)
    rt_tsk_delete                            0x08001371   Thumb Code   318  rt_task.o(i.rt_tsk_delete)
    rt_tsk_prio                              0x080014c9   Thumb Code   112  rt_task.o(i.rt_tsk_prio)
    rt_tsk_self                              0x08001549   Thumb Code    12  rt_task.o(i.rt_tsk_self)
    svcKernelInitialize                      0x08001559   Thumb Code    86  rt_cmsis.o(i.svcKernelInitialize)
    svcKernelStart                           0x080015d1   Thumb Code    66  rt_cmsis.o(i.svcKernelStart)
    svcMessageCreate                         0x0800161d   Thumb Code    42  rt_cmsis.o(i.svcMessageCreate)
    svcMessageGet                            0x08001647   Thumb Code    60  rt_cmsis.o(i.svcMessageGet)
    svcThreadCreate                          0x08001685   Thumb Code   102  rt_cmsis.o(i.svcThreadCreate)
    svcThreadGetId                           0x080016f9   Thumb Code    22  rt_cmsis.o(i.svcThreadGetId)
    svcThreadTerminate                       0x08001715   Thumb Code    56  rt_cmsis.o(i.svcThreadTerminate)
    svcTimerCall                             0x08001751   Thumb Code    28  rt_cmsis.o(i.svcTimerCall)
    sysTimerTick                             0x0800176d   Thumb Code    78  rt_cmsis.o(i.sysTimerTick)
    os_maxtaskrun                            0x080017c4   Data           2  rtx_conf_cm.o(.constdata)
    os_stackinfo                             0x080017c8   Data           4  rtx_conf_cm.o(.constdata)
    os_rrobin                                0x080017cc   Data           4  rtx_conf_cm.o(.constdata)
    os_tickfreq                              0x080017d0   Data           4  rtx_conf_cm.o(.constdata)
    os_tickus_i                              0x080017d4   Data           2  rtx_conf_cm.o(.constdata)
    os_tickus_f                              0x080017d6   Data           2  rtx_conf_cm.o(.constdata)
    os_trv                                   0x080017d8   Data           4  rtx_conf_cm.o(.constdata)
    os_flags                                 0x080017dc   Data           1  rtx_conf_cm.o(.constdata)
    CMSIS_RTOS_API_Version                   0x080017e0   Data           4  rtx_conf_cm.o(.constdata)
    CMSIS_RTOS_RTX_Version                   0x080017e4   Data           4  rtx_conf_cm.o(.constdata)
    os_clockrate                             0x080017e8   Data           4  rtx_conf_cm.o(.constdata)
    os_timernum                              0x080017ec   Data           4  rtx_conf_cm.o(.constdata)
    mp_tcb_size                              0x080017f0   Data           2  rtx_conf_cm.o(.constdata)
    mp_stk_size                              0x080017f4   Data           4  rtx_conf_cm.o(.constdata)
    os_stack_sz                              0x080017f8   Data           4  rtx_conf_cm.o(.constdata)
    os_fifo_size                             0x080017fc   Data           1  rtx_conf_cm.o(.constdata)
    os_thread_def_osTimerThread              0x08001800   Data          16  rtx_conf_cm.o(.constdata)
    os_messageQ_def_osTimerMessageQ          0x08001810   Data           8  rtx_conf_cm.o(.constdata)
    mp_tmr_size                              0x08001818   Data           2  rtx_conf_cm.o(.constdata)
    os_thread_def_main                       0x0800181c   Data          16  rtx_conf_cm.o(.constdata)
    Region$$Table$$Base                      0x0800182c   Number         0  anon$$obj.o(Region$$Table)
    Region$$Table$$Limit                     0x0800184c   Number         0  anon$$obj.o(Region$$Table)
    osThreadId_osTimerThread                 0x20000000   Data           4  rtx_conf_cm.o(.data)
    osMessageQId_osTimerMessageQ             0x20000004   Data           4  rtx_conf_cm.o(.data)
    os_tmr                                   0x20000008   Data           4  rtx_conf_cm.o(.data)
    m_tmr                                    0x2000000c   Data           4  rtx_conf_cm.o(.data)
    os_initialized                           0x20000014   Data           1  rt_cmsis.o(.data)
    os_running                               0x20000015   Data           1  rt_cmsis.o(.data)
    os_timer_head                            0x20000018   Data           4  rt_cmsis.o(.data)
    os_tsk                                   0x2000001c   Data           8  rt_task.o(.data)
    os_tick_irqn                             0x20000028   Data           4  rt_system.o(.data)
    os_time                                  0x2000002c   Data           4  rt_time.o(.data)
    os_robin                                 0x20000030   Data           8  rt_robin.o(.data)
    mp_tcb                                   0x20000038   Data         376  rtx_conf_cm.o(.bss)
    mp_stk                                   0x200001b0   Data        1216  rtx_conf_cm.o(.bss)
    os_stack_mem                             0x20000670   Data         432  rtx_conf_cm.o(.bss)
    os_fifo                                  0x20000820   Data         132  rtx_conf_cm.o(.bss)
    os_active_TCB                            0x200008a4   Data          28  rtx_conf_cm.o(.bss)
    os_messageQ_q_osTimerMessageQ            0x200008c0   Data          32  rtx_conf_cm.o(.bss)
    os_idle_TCB                              0x20000c00   Data          52  rt_task.o(.bss)
    os_rdy                                   0x20000c34   Data          24  rt_list.o(.bss)
    os_dly                                   0x20000c4c   Data          24  rt_list.o(.bss)
    __libspace_start                         0x20000c64   Data          96  libspace.o(.bss)
    __temporary_stack_top$libspace           0x20000cc4   Data           0  libspace.o(.bss)



==============================================================================

Memory Map of the image

  Image Entry point : 0x080000b5

  Load Region LR_IROM1 (Base: 0x08000000, Size: 0x00001884, Max: 0x00010000, ABSOLUTE)

    Execution Region ER_IROM1 (Base: 0x08000000, Size: 0x0000184c, Max: 0x00010000, ABSOLUTE)

    Base Addr    Size         Type   Attr      Idx    E Section Name        Object

    0x08000000   0x000000b4   Data   RO           79    RESET               startup_stm32f030x8.o
    0x080000b4   0x00000008   Code   RO         1329  * !!!main             c_p.l(__main.o)
    0x080000bc   0x0000003c   Code   RO         1496    !!!scatter          c_p.l(__scatter.o)
    0x080000f8   0x0000001a   Code   RO         1498    !!handler_copy      c_p.l(__scatter_copy.o)
    0x08000112   0x00000002   PAD
    0x08000114   0x0000001c   Code   RO         1500    !!handler_zi        c_p.l(__scatter_zi.o)
    0x08000130   0x00000002   Code   RO         1381    .ARM.Collect$$libinit$$00000000  c_p.l(libinit.o)
    0x08000132   0x00000000   Code   RO         1394    .ARM.Collect$$libinit$$00000002  c_p.l(libinit2.o)
    0x08000132   0x00000000   Code   RO         1396    .ARM.Collect$$libinit$$00000004  c_p.l(libinit2.o)
    0x08000132   0x00000000   Code   RO         1399    .ARM.Collect$$libinit$$0000000A  c_p.l(libinit2.o)
    0x08000132   0x00000000   Code   RO         1401    .ARM.Collect$$libinit$$0000000C  c_p.l(libinit2.o)
    0x08000132   0x00000000   Code   RO         1403    .ARM.Collect$$libinit$$0000000E  c_p.l(libinit2.o)
    0x08000132   0x00000000   Code   RO         1406    .ARM.Collect$$libinit$$00000011  c_p.l(libinit2.o)
    0x08000132   0x00000000   Code   RO         1408    .ARM.Collect$$libinit$$00000013  c_p.l(libinit2.o)
    0x08000132   0x00000000   Code   RO         1410    .ARM.Collect$$libinit$$00000015  c_p.l(libinit2.o)
    0x08000132   0x00000000   Code   RO         1412    .ARM.Collect$$libinit$$00000017  c_p.l(libinit2.o)
    0x08000132   0x00000000   Code   RO         1414    .ARM.Collect$$libinit$$00000019  c_p.l(libinit2.o)
    0x08000132   0x00000000   Code   RO         1416    .ARM.Collect$$libinit$$0000001B  c_p.l(libinit2.o)
    0x08000132   0x00000000   Code   RO         1418    .ARM.Collect$$libinit$$0000001D  c_p.l(libinit2.o)
    0x08000132   0x00000000   Code   RO         1420    .ARM.Collect$$libinit$$0000001F  c_p.l(libinit2.o)
    0x08000132   0x00000000   Code   RO         1422    .ARM.Collect$$libinit$$00000021  c_p.l(libinit2.o)
    0x08000132   0x00000000   Code   RO         1424    .ARM.Collect$$libinit$$00000023  c_p.l(libinit2.o)
    0x08000132   0x00000000   Code   RO         1426    .ARM.Collect$$libinit$$00000025  c_p.l(libinit2.o)
    0x08000132   0x00000000   Code   RO         1430    .ARM.Collect$$libinit$$0000002C  c_p.l(libinit2.o)
    0x08000132   0x00000000   Code   RO         1432    .ARM.Collect$$libinit$$0000002E  c_p.l(libinit2.o)
    0x08000132   0x00000000   Code   RO         1434    .ARM.Collect$$libinit$$00000030  c_p.l(libinit2.o)
    0x08000132   0x00000000   Code   RO         1436    .ARM.Collect$$libinit$$00000032  c_p.l(libinit2.o)
    0x08000132   0x00000002   Code   RO         1437    .ARM.Collect$$libinit$$00000033  c_p.l(libinit2.o)
    0x08000134   0x00000002   Code   RO         1382    .ARM.Collect$$libshutdown$$00000000  c_p.l(libshutdown.o)
    0x08000136   0x00000000   Code   RO         1439    .ARM.Collect$$libshutdown$$00000002  c_p.l(libshutdown2.o)
    0x08000136   0x00000000   Code   RO         1441    .ARM.Collect$$libshutdown$$00000004  c_p.l(libshutdown2.o)
    0x08000136   0x00000000   Code   RO         1444    .ARM.Collect$$libshutdown$$00000007  c_p.l(libshutdown2.o)
    0x08000136   0x00000000   Code   RO         1447    .ARM.Collect$$libshutdown$$0000000A  c_p.l(libshutdown2.o)
    0x08000136   0x00000000   Code   RO         1449    .ARM.Collect$$libshutdown$$0000000C  c_p.l(libshutdown2.o)
    0x08000136   0x00000000   Code   RO         1452    .ARM.Collect$$libshutdown$$0000000F  c_p.l(libshutdown2.o)
    0x08000136   0x00000002   Code   RO         1453    .ARM.Collect$$libshutdown$$00000010  c_p.l(libshutdown2.o)
    0x08000138   0x00000000   Code   RO         1331    .ARM.Collect$$rtentry$$00000000  c_p.l(__rtentry.o)
    0x08000138   0x00000000   Code   RO         1343    .ARM.Collect$$rtentry$$00000002  c_p.l(__rtentry2.o)
    0x08000138   0x00000006   Code   RO         1355    .ARM.Collect$$rtentry$$00000004  c_p.l(__rtentry4.o)
    0x0800013e   0x00000000   Code   RO         1345    .ARM.Collect$$rtentry$$00000009  c_p.l(__rtentry2.o)
    0x0800013e   0x00000004   Code   RO         1346    .ARM.Collect$$rtentry$$0000000A  c_p.l(__rtentry2.o)
    0x08000142   0x00000008   Code   RO         1347    .ARM.Collect$$rtentry$$0000000B  c_p.l(__rtentry2.o)
    0x0800014a   0x00000008   Code   RO         1349    .ARM.Collect$$rtentry$$0000000D  c_p.l(__rtentry2.o)
    0x08000152   0x00000002   Code   RO         1332    .ARM.Collect$$rtexit$$00000000  c_p.l(rtexit.o)
    0x08000154   0x00000000   Code   RO         1358    .ARM.Collect$$rtexit$$00000002  c_p.l(rtexit2.o)
    0x08000154   0x00000004   Code   RO         1359    .ARM.Collect$$rtexit$$00000003  c_p.l(rtexit2.o)
    0x08000158   0x00000006   Code   RO         1360    .ARM.Collect$$rtexit$$00000004  c_p.l(rtexit2.o)
    0x0800015e   0x00000002   PAD
    0x08000160   0x0000001c   Code   RO           12    .emb_text           rtx_conf_cm.o
    0x0800017c   0x00000164   Code   RO         1301    .emb_text           RTX_CM0.lib(hal_cm0.o)
    0x080002e0   0x00000038   Code   RO           80    .text               startup_stm32f030x8.o
    0x08000318   0x00000008   Code   RO         1316    .text               c_p.l(libspace.o)
    0x08000320   0x00000010   Code   RO         1321    .text               c_p.l(exit.o)
    0x08000330   0x0000015a   Code   RO         1323    .text               c_p.l(aeabi_sdiv.o)
    0x0800048a   0x00000006   Code   RO         1327    .text               c_p.l(heapauxi.o)
    0x08000490   0x0000000c   Code   RO         1366    .text               c_p.l(sys_exit.o)
    0x0800049c   0x0000003e   Code   RO         1368    .text               c_p.l(sys_stackheap_outer.o)
    0x080004da   0x00000002   Code   RO         1383    .text               c_p.l(use_no_semi.o)
    0x080004dc   0x00000000   Code   RO         1385    .text               c_p.l(indicate_semi.o)
    0x080004dc   0x00000004   Code   RO         1311    SVC_TABLE           RTX_CM0.lib(svc_table.o)
    0x080004e0   0x00000074   Code   RO           87    i.SystemInit        system_stm32f0xx.o
    0x08000554   0x00000048   Code   RO         1224    i._init_box         RTX_CM0.lib(rt_membox.o)
    0x0800059c   0x00000024   Code   RO           14    i._mutex_acquire    rtx_conf_cm.o
    0x080005c0   0x0000001c   Code   RO           16    i._mutex_release    rtx_conf_cm.o
    0x080005dc   0x0000002e   Code   RO          134    i.isrMessageGet     RTX_CM0.lib(rt_cmsis.o)
    0x0800060a   0x00000030   Code   RO          135    i.isrMessagePut     RTX_CM0.lib(rt_cmsis.o)
    0x0800063a   0x0000004c   Code   RO         1079    i.isr_mbx_receive   RTX_CM0.lib(rt_mailbox.o)
    0x08000686   0x0000000c   Code   RO         1080    i.isr_mbx_send      RTX_CM0.lib(rt_mailbox.o)
    0x08000692   0x00000004   Code   RO            1    i.main              main.o
    0x08000696   0x00000002   PAD
    0x08000698   0x00000028   Code   RO          139    i.osKernelInitialize  RTX_CM0.lib(rt_cmsis.o)
    0x080006c0   0x0000006c   Code   RO          141    i.osKernelStart     RTX_CM0.lib(rt_cmsis.o)
    0x0800072c   0x0000001c   Code   RO          150    i.osMessageGet      RTX_CM0.lib(rt_cmsis.o)
    0x08000748   0x00000034   Code   RO          167    i.osThreadCreate    RTX_CM0.lib(rt_cmsis.o)
    0x0800077c   0x00000018   Code   RO          168    i.osThreadExit      RTX_CM0.lib(rt_cmsis.o)
    0x08000794   0x00000010   Code   RO          174    i.osTimerCall       RTX_CM0.lib(rt_cmsis.o)
    0x080007a4   0x0000002c   Code   RO          179    i.osTimerThread     RTX_CM0.lib(rt_cmsis.o)
    0x080007d0   0x00000022   Code   RO           17    i.os_error          rtx_conf_cm.o
    0x080007f2   0x00000004   Code   RO           18    i.os_idle_demon     rtx_conf_cm.o
    0x080007f6   0x00000002   PAD
    0x080007f8   0x0000002c   Code   RO          871    i.os_tick_init      RTX_CM0.lib(rt_system.o)
    0x08000824   0x00000002   Code   RO          872    i.os_tick_irqack    RTX_CM0.lib(rt_system.o)
    0x08000826   0x0000001e   Code   RO         1225    i.rt_alloc_box      RTX_CM0.lib(rt_membox.o)
    0x08000844   0x00000042   Code   RO         1253    i.rt_alloc_mem      RTX_CM0.lib(rt_memory.o)
    0x08000886   0x00000002   PAD
    0x08000888   0x00000038   Code   RO          752    i.rt_block          RTX_CM0.lib(rt_task.o)
    0x080008c0   0x00000044   Code   RO         1202    i.rt_chk_robin      RTX_CM0.lib(rt_robin.o)
    0x08000904   0x00000074   Code   RO         1003    i.rt_dec_dly        RTX_CM0.lib(rt_list.o)
    0x08000978   0x00000040   Code   RO          753    i.rt_dispatch       RTX_CM0.lib(rt_task.o)
    0x080009b8   0x00000050   Code   RO          964    i.rt_evt_psh        RTX_CM0.lib(rt_event.o)
    0x08000a08   0x00000026   Code   RO         1226    i.rt_free_box       RTX_CM0.lib(rt_membox.o)
    0x08000a2e   0x00000030   Code   RO         1254    i.rt_free_mem       RTX_CM0.lib(rt_memory.o)
    0x08000a5e   0x0000002a   Code   RO         1004    i.rt_get_first      RTX_CM0.lib(rt_list.o)
    0x08000a88   0x00000008   Code   RO          184    i.rt_id2obj         RTX_CM0.lib(rt_cmsis.o)
    0x08000a90   0x00000048   Code   RO          754    i.rt_init_context   RTX_CM0.lib(rt_task.o)
    0x08000ad8   0x0000001c   Code   RO         1255    i.rt_init_mem       RTX_CM0.lib(rt_memory.o)
    0x08000af4   0x00000018   Code   RO         1203    i.rt_init_robin     RTX_CM0.lib(rt_robin.o)
    0x08000b0c   0x00000078   Code   RO         1277    i.rt_init_stack     RTX_CM0.lib(hal_cm.o)
    0x08000b84   0x00000008   Code   RO         1081    i.rt_mbx_check      RTX_CM0.lib(rt_mailbox.o)
    0x08000b8c   0x00000024   Code   RO         1082    i.rt_mbx_init       RTX_CM0.lib(rt_mailbox.o)
    0x08000bb0   0x000000d0   Code   RO         1083    i.rt_mbx_psh        RTX_CM0.lib(rt_mailbox.o)
    0x08000c80   0x000000b0   Code   RO         1085    i.rt_mbx_wait       RTX_CM0.lib(rt_mailbox.o)
    0x08000d30   0x00000044   Code   RO          185    i.rt_ms2tick        RTX_CM0.lib(rt_cmsis.o)
    0x08000d74   0x000000d8   Code   RO          838    i.rt_mut_release    RTX_CM0.lib(rt_mutex.o)
    0x08000e4c   0x00000080   Code   RO          839    i.rt_mut_wait       RTX_CM0.lib(rt_mutex.o)
    0x08000ecc   0x00000070   Code   RO          875    i.rt_pop_req        RTX_CM0.lib(rt_system.o)
    0x08000f3c   0x00000020   Code   RO          876    i.rt_psh_req        RTX_CM0.lib(rt_system.o)
    0x08000f5c   0x00000040   Code   RO         1006    i.rt_psq_enq        RTX_CM0.lib(rt_list.o)
    0x08000f9c   0x00000050   Code   RO         1007    i.rt_put_dly        RTX_CM0.lib(rt_list.o)
    0x08000fec   0x0000003c   Code   RO         1008    i.rt_put_prio       RTX_CM0.lib(rt_list.o)
    0x08001028   0x00000014   Code   RO         1009    i.rt_put_rdy_first  RTX_CM0.lib(rt_list.o)
    0x0800103c   0x00000030   Code   RO         1010    i.rt_resort_prio    RTX_CM0.lib(rt_list.o)
    0x0800106c   0x00000006   Code   RO         1278    i.rt_ret_val        RTX_CM0.lib(hal_cm.o)
    0x08001072   0x00000008   Code   RO         1279    i.rt_ret_val2       RTX_CM0.lib(hal_cm.o)
    0x0800107a   0x0000002a   Code   RO         1011    i.rt_rmv_dly        RTX_CM0.lib(rt_list.o)
    0x080010a4   0x00000034   Code   RO         1012    i.rt_rmv_list       RTX_CM0.lib(rt_list.o)
    0x080010d8   0x00000034   Code   RO         1130    i.rt_sem_psh        RTX_CM0.lib(rt_semaphore.o)
    0x0800110c   0x00000028   Code   RO          878    i.rt_stk_check      RTX_CM0.lib(rt_system.o)
    0x08001134   0x00000010   Code   RO          755    i.rt_switch_req     RTX_CM0.lib(rt_task.o)
    0x08001144   0x000000c8   Code   RO          756    i.rt_sys_init       RTX_CM0.lib(rt_task.o)
    0x0800120c   0x00000064   Code   RO          757    i.rt_sys_start      RTX_CM0.lib(rt_task.o)
    0x08001270   0x0000003c   Code   RO          880    i.rt_systick        RTX_CM0.lib(rt_system.o)
    0x080012ac   0x00000012   Code   RO          186    i.rt_tid2ptcb       RTX_CM0.lib(rt_cmsis.o)
    0x080012be   0x00000002   PAD
    0x080012c0   0x00000038   Code   RO          187    i.rt_timer_insert   RTX_CM0.lib(rt_cmsis.o)
    0x080012f8   0x00000078   Code   RO          758    i.rt_tsk_create     RTX_CM0.lib(rt_task.o)
    0x08001370   0x00000158   Code   RO          759    i.rt_tsk_delete     RTX_CM0.lib(rt_task.o)
    0x080014c8   0x00000080   Code   RO          761    i.rt_tsk_prio       RTX_CM0.lib(rt_task.o)
    0x08001548   0x00000010   Code   RO          762    i.rt_tsk_self       RTX_CM0.lib(rt_task.o)
    0x08001558   0x00000078   Code   RO          190    i.svcKernelInitialize  RTX_CM0.lib(rt_cmsis.o)
    0x080015d0   0x0000004c   Code   RO          192    i.svcKernelStart    RTX_CM0.lib(rt_cmsis.o)
    0x0800161c   0x0000002a   Code   RO          195    i.svcMessageCreate  RTX_CM0.lib(rt_cmsis.o)
    0x08001646   0x0000003c   Code   RO          196    i.svcMessageGet     RTX_CM0.lib(rt_cmsis.o)
    0x08001682   0x00000002   PAD
    0x08001684   0x00000074   Code   RO          210    i.svcThreadCreate   RTX_CM0.lib(rt_cmsis.o)
    0x080016f8   0x0000001c   Code   RO          211    i.svcThreadGetId    RTX_CM0.lib(rt_cmsis.o)
    0x08001714   0x0000003c   Code   RO          214    i.svcThreadTerminate  RTX_CM0.lib(rt_cmsis.o)
    0x08001750   0x0000001c   Code   RO          216    i.svcTimerCall      RTX_CM0.lib(rt_cmsis.o)
    0x0800176c   0x00000058   Code   RO          225    i.sysTimerTick      RTX_CM0.lib(rt_cmsis.o)
    0x080017c4   0x00000068   Data   RO           20    .constdata          rtx_conf_cm.o
    0x0800182c   0x00000020   Data   RO         1494    Region$$Table       anon$$obj.o


    Execution Region RW_IRAM1 (Base: 0x20000000, Size: 0x000012c8, Max: 0x00002000, ABSOLUTE)

    Base Addr    Size         Type   Attr      Idx    E Section Name        Object

    0x20000000   0x00000014   Data   RW           21    .data               rtx_conf_cm.o
    0x20000014   0x00000008   Data   RW          228    .data               RTX_CM0.lib(rt_cmsis.o)
    0x2000001c   0x00000008   Data   RW          764    .data               RTX_CM0.lib(rt_task.o)
    0x20000024   0x00000008   Data   RW          883    .data               RTX_CM0.lib(rt_system.o)
    0x2000002c   0x00000004   Data   RW         1173    .data               RTX_CM0.lib(rt_time.o)
    0x20000030   0x00000008   Data   RW         1204    .data               RTX_CM0.lib(rt_robin.o)
    0x20000038   0x00000bc8   Zero   RW           19    .bss                rtx_conf_cm.o
    0x20000c00   0x00000034   Zero   RW          763    .bss                RTX_CM0.lib(rt_task.o)
    0x20000c34   0x00000030   Zero   RW         1013    .bss                RTX_CM0.lib(rt_list.o)
    0x20000c64   0x00000060   Zero   RW         1317    .bss                c_p.l(libspace.o)
    0x20000cc4   0x00000004   PAD
    0x20000cc8   0x00000200   Zero   RW           78    HEAP                startup_stm32f030x8.o
    0x20000ec8   0x00000400   Zero   RW           77    STACK               startup_stm32f030x8.o


==============================================================================

Image component sizes


      Code (inc. data)   RO Data    RW Data    ZI Data      Debug   Object Name

         4          0          0          0          0       1835   main.o
       130         28        104         20       3016      12259   rtx_conf_cm.o
        56         26        180          0       1536        644   startup_stm32f030x8.o
       116         12          0          0          0        481   system_stm32f0xx.o

    ----------------------------------------------------------------------
       310         66        316         20       4552      15219   Object Totals
         0          0         32          0          0          0   (incl. Generated)
         4          0          0          0          0          0   (incl. Padding)

    ----------------------------------------------------------------------

      Code (inc. data)   RO Data    RW Data    ZI Data      Debug   Library Member Name

       134         14          0          0          0       1687   hal_cm.o
       356         40          0          0          0        840   hal_cm0.o
      1174        140          0          8          0      30609   rt_cmsis.o
        80          6          0          0          0        629   rt_event.o
       524         34          0          0         48       8081   rt_list.o
       516         16          0          0          0       3837   rt_mailbox.o
       140          0          0          0          0       1957   rt_membox.o
       142          0          0          0          0       2315   rt_memory.o
       344         20          0          0          0       1619   rt_mutex.o
        92         22          0          8          0       1126   rt_robin.o
        52          4          0          0          0        553   rt_semaphore.o
       290         54          0          8          0       6039   rt_system.o
      1116        178          0          8         52       9253   rt_task.o
         0          0          0          4          0        214   rt_time.o
         4          4          0          0          0        208   svc_table.o
         8          0          0          0          0         68   __main.o
         0          0          0          0          0          0   __rtentry.o
        20          0          0          0          0          0   __rtentry2.o
         6          0          0          0          0          0   __rtentry4.o
        60          8          0          0          0          0   __scatter.o
        26          0          0          0          0          0   __scatter_copy.o
        28          0          0          0          0          0   __scatter_zi.o
       346          0          0          0          0         92   aeabi_sdiv.o
        16          0          0          0          0         68   exit.o
         6          0          0          0          0        136   heapauxi.o
         0          0          0          0          0          0   indicate_semi.o
         2          0          0          0          0          0   libinit.o
         2          0          0          0          0          0   libinit2.o
         2          0          0          0          0          0   libshutdown.o
         2          0          0          0          0          0   libshutdown2.o
         8          4          0          0         96         68   libspace.o
         2          0          0          0          0          0   rtexit.o
        10          0          0          0          0          0   rtexit2.o
        12          4          0          0          0         60   sys_exit.o
        62          0          0          0          0         80   sys_stackheap_outer.o
         2          0          0          0          0         68   use_no_semi.o

    ----------------------------------------------------------------------
      5594        548          0         36        200      69607   Library Totals
        10          0          0          0          4          0   (incl. Padding)

    ----------------------------------------------------------------------

      Code (inc. data)   RO Data    RW Data    ZI Data      Debug   Library Name

      4964        532          0         36        100      68967   RTX_CM0.lib
       620         16          0          0         96        640   c_p.l

    ----------------------------------------------------------------------
      5594        548          0         36        200      69607   Library Totals

    ----------------------------------------------------------------------

==============================================================================


      Code (inc. data)   RO Data    RW Data    ZI Data      Debug   

      5904        614        316         56       4752      81630   Grand Totals
      5904        614        316         56       4752      81630   ELF Image Totals
      5904        614        316         56          0          0   ROM Totals

==============================================================================

    Total RO  Size (Code + RO Data)                 6220 (   6.07kB)
    Total RW  Size (RW Data + ZI Data)              4808 (   4.70kB)
    Total ROM Size (Code + RO Data + RW Data)       6276 (   6.13kB)

==============================================================================

