Component: ARM Compiler 5.06 update 4 (build 422) Tool: armlink [4d35d2]

==============================================================================

Section Cross References

    main.o(.text) refers to rtx_delay.o(.text.osDelay) for osDelay
    main.o(.text) refers to system_stm32f0xx.o(.text) for SystemCoreClockUpdate
    main.o(.text) refers to gpio.o(.text) for initGpio
    main.o(.text) refers to pub_var.o(.text) for setParameters
    main.o(.text) refers to uart.o(.text) for initUart1
    main.o(.text) refers to timer.o(.text) for initTimers
    main.o(.text) refers to i2c.o(.text) for init_i2c
    main.o(.text) refers to rtx_kernel.o(.text.osKernelGetState) for osKernelGetState
    main.o(.text) refers to rtx_kernel.o(.text.osKernelInitialize) for osKernelInitialize
    main.o(.text) refers to rtx_mutex.o(.text.osMutexNew) for osMutexNew
    main.o(.text) refers to rtx_evflags.o(.text.osEventFlagsNew) for osEventFlagsNew
    main.o(.text) refers to rtx_thread.o(.text.osThreadNew) for osThreadNew
    main.o(.text) refers to rtx_kernel.o(.text.osKernelStart) for osKernelStart
    main.o(.text) refers to pub_var.o(.bss) for sys_par
    main.o(.text) refers to stepper_motor.o(.bss) for motor_s
    main.o(.text) refers to main.o(.data) for mutex_I2C
    main.o(.text) refers to hdc1080.o(.text) for task_HDC1080
    main.o(.text) refers to stepper_motor.o(.text) for task_stepper_motor
    pub_var.o(.text) refers to pub_var.o(.bss) for sys_par
    hdc1080.o(.text) refers to rtx_mutex.o(.text.osMutexAcquire) for osMutexAcquire
    hdc1080.o(.text) refers to i2c.o(.text) for i2c_master_process
    hdc1080.o(.text) refers to rtx_mutex.o(.text.osMutexRelease) for osMutexRelease
    hdc1080.o(.text) refers to rtx_delay.o(.text.osDelay) for osDelay
    hdc1080.o(.text) refers to rtx_thread.o(.text.osThreadGetId) for osThreadGetId
    hdc1080.o(.text) refers to rtx_thread.o(.text.osThreadSetPriority) for osThreadSetPriority
    hdc1080.o(.text) refers to util.o(.text) for wordEndianer
    hdc1080.o(.text) refers to main.o(.data) for mutex_I2C
    hdc1080.o(.text) refers to hdc1080.o(.data) for statusT
    hdc1080.o(.text) refers to i2c.o(.data) for i2c_master_send_start_stop
    hdc1080.o(.text) refers to i2c.o(.bss) for i2c_tx_buf
    modbus.o(.text) refers to util.o(.text) for wordEndianer
    modbus.o(.text) refers to modbus_func.o(.text) for readCoils
    modbus.o(.text) refers to modbus.o(.constdata) for .constdata
    modbus.o(.text) refers to modbus.o(.bss) for mbTxRxData
    modbus.o(.text) refers to modbus.o(.data) for uiWordQty
    modbus.o(.text) refers to modbus_func.o(.constdata) for sizeOfHoldingRegister
    modbus_func.o(.text) refers to gpio.o(.text) for readGpioOutputs
    modbus_func.o(.text) refers to modbus.o(.text) for crc16
    modbus_func.o(.text) refers to modbus_func.o(i.__ARM_common_switch8) for __ARM_common_switch8
    modbus_func.o(.text) refers to util.o(.text) for wordEndianer
    modbus_func.o(.text) refers to gpio.o(.data) for ulOutputs
    modbus_func.o(.text) refers to modbus_func.o(.data) for ulMfTmp
    modbus_func.o(.text) refers to modbus.o(.bss) for mbTxRxData
    modbus_func.o(.text) refers to modbus.o(.data) for uiWordQty
    modbus_func.o(.text) refers to modbus_func.o(.constdata) for stHoldingRegArray
    modbus_func.o(.constdata) refers to modbus_func.o(.data) for ulPar1
    modbus_func.o(.constdata) refers to modbus_func.o(.text) for rwDummyFunc
    stepper_motor.o(.text) refers to gpio.o(.text) for setGpioOutputs
    stepper_motor.o(.text) refers to rtx_evflags.o(.text.osEventFlagsWait) for osEventFlagsWait
    stepper_motor.o(.text) refers to rtx_delay.o(.text.osDelay) for osDelay
    stepper_motor.o(.text) refers to stepper_motor.o(.data) for active_motor
    stepper_motor.o(.text) refers to stepper_motor.o(.bss) for motor_s
    stepper_motor.o(.text) refers to stepper_motor.o(.constdata) for stepper_max_point
    stepper_motor.o(.text) refers to gpio.o(.data) for ulOutputs
    stepper_motor.o(.text) refers to main.o(.data) for event_general
    hc0x_bluetooth.o(.text) refers to _printf_percent.o(.ARM.Collect$$_printf_percent$$00000000) for _printf_percent
    hc0x_bluetooth.o(.text) refers to _printf_d.o(.ARM.Collect$$_printf_percent$$00000009) for _printf_d
    hc0x_bluetooth.o(.text) refers to _printf_dec.o(.text) for _printf_int_dec
    hc0x_bluetooth.o(.text) refers to util.o(.text) for copy_string
    hc0x_bluetooth.o(.text) refers to uart.o(.text) for uart1TxCmd
    hc0x_bluetooth.o(.text) refers to rtx_delay.o(.text.osDelay) for osDelay
    hc0x_bluetooth.o(.text) refers to noretval__2sprintf.o(.text) for __2sprintf
    hc0x_bluetooth.o(.text) refers to rtx_evflags.o(.text.osEventFlagsSet) for osEventFlagsSet
    hc0x_bluetooth.o(.text) refers to uart.o(.data) for uart1Tx
    hc0x_bluetooth.o(.text) refers to uart.o(.bss) for uart1Rx
    hc0x_bluetooth.o(.text) refers to hdc1080.o(.data) for stHDC1080Status
[...]
    .text                                    0x08001fdc   Section        0  stm32f0xx_dma.o(.text)
    .text                                    0x08002290   Section        0  stm32f0xx_gpio.o(.text)
    .text                                    0x0800249c   Section        0  stm32f0xx_misc.o(.text)
    .text                                    0x08002550   Section        0  stm32f0xx_usart.o(.text)
    .text                                    0x08002b64   Section        0  stm32f0xx_rcc.o(.text)
    .text                                    0x080032b4   Section        0  rtx_lib.o(.text)
    os_kernel_is_active                      0x080032bd   Thumb Code    34  rtx_lib.o(.text)
    __tagsym$$used                           0x0800333d   Number         0  rtx_lib.o(.text)
    __tagsym$$used                           0x0800335f   Number         0  rtx_lib.o(.text)
    __tagsym$$used                           0x08003377   Number         0  rtx_lib.o(.text)
    __tagsym$$used                           0x0800338b   Number         0  rtx_lib.o(.text)
    .text                                    0x080033a8   Section        0  rtx_config.o(.text)
    .text                                    0x080033cc   Section       56  startup_stm32f030x8.o(.text)
    .text                                    0x08003404   Section        0  system_stm32f0xx.o(.text)
    .text                                    0x080035ac   Section      152  irq_cm0.o(.text)
    .text                                    0x08003644   Section        0  noretval__2sprintf.o(.text)
    .text                                    0x0800366c   Section        0  __printf.o(.text)
    .text                                    0x080036d8   Section        0  _printf_dec.o(.text)
    .text                                    0x08003744   Section        0  rt_memcpy.o(.text)
    .text                                    0x080037c6   Section        0  aeabi_memset4.o(.text)
    .text                                    0x080037d8   Section        0  rt_memclr.o(.text)
    .text                                    0x08003818   Section      488  aeabi_sdivfast.o(.text)
    .text                                    0x08003a00   Section        0  heapauxi.o(.text)
    .text                                    0x08003a06   Section        0  _printf_intcommon.o(.text)
    .text                                    0x08003ab8   Section        0  _printf_char_common.o(.text)
    _printf_input_char                       0x08003ab9   Thumb Code    10  _printf_char_common.o(.text)
    .text                                    0x08003ae8   Section        0  _sputc.o(.text)
    .text                                    0x08003af2   Section        0  rtudiv10.o(.text)
    .text                                    0x08003b1a   Section       62  sys_stackheap_outer.o(.text)
    .text                                    0x08003b58   Section        0  exit.o(.text)
    .text                                    0x08003b68   Section        8  libspace.o(.text)
    .text                                    0x08003b70   Section        0  sys_exit.o(.text)
    .text                                    0x08003b7c   Section        2  use_no_semi.o(.text)
    .text                                    0x08003b7e   Section        0  __dczerorl2.o(.text)
    .text                                    0x08003b7e   Section        0  indicate_semi.o(.text)
    [Anonymous Symbol]                       0x08003bd4   Section        0  rtx_delay.o(.text.osDelay)
    __arm_cp.2_0                             0x08003bf4   Number         4  rtx_delay.o(.text.osDelay)
    [Anonymous Symbol]                       0x08003bf8   Section        0  rtx_evflags.o(.text.osEventFlagsNew)
    __arm_cp.8_0                             0x08003c2c   Number         4  rtx_evflags.o(.text.osEventFlagsNew)
    [Anonymous Symbol]                       0x08003c30   Section        0  rtx_evflags.o(.text.osEventFlagsSet)
    __arm_cp.10_0                            0x08003c84   Number         4  rtx_evflags.o(.text.osEventFlagsSet)
    [Anonymous Symbol]                       0x08003c88   Section        0  rtx_evflags.o(.text.osEventFlagsWait)
    __arm_cp.13_0                            0x08003d44   Number         4  rtx_evflags.o(.text.osEventFlagsWait)
    [Anonymous Symbol]                       0x08003d48   Section        0  rtx_kernel.o(.text.osKernelGetState)
    __arm_cp.15_0                            0x08003d74   Number         4  rtx_kernel.o(.text.osKernelGetState)
    __arm_cp.15_1                            0x08003d78   Number         4  rtx_kernel.o(.text.osKernelGetState)
    [Anonymous Symbol]                       0x08003d7c   Section        0  rtx_kernel.o(.text.osKernelInitialize)
    __arm_cp.13_0                            0x08003db0   Number         4  rtx_kernel.o(.text.osKernelInitialize)
    [Anonymous Symbol]                       0x08003db4   Section        0  rtx_kernel.o(.text.osKernelStart)
    __arm_cp.16_0                            0x08003de8   Number         4  rtx_kernel.o(.text.osKernelStart)
    [Anonymous Symbol]                       0x08003dec   Section        0  rtx_msgqueue.o(.text.osMessageQueuePut)
    __arm_cp.13_0                            0x08003e68   Number         4  rtx_msgqueue.o(.text.osMessageQueuePut)
    [Anonymous Symbol]                       0x08003e6c   Section        0  rtx_mutex.o(.text.osMutexAcquire)
    __arm_cp.9_0                             0x08003e8c   Number         4  rtx_mutex.o(.text.osMutexAcquire)
    [Anonymous Symbol]                       0x08003e90   Section        0  rtx_mutex.o(.text.osMutexDelete)
    __arm_cp.12_0                            0x08003eb0   Number         4  rtx_mutex.o(.text.osMutexDelete)
    [Anonymous Symbol]                       0x08003eb4   Section        0  rtx_mutex.o(.text.osMutexNew)
    __arm_cp.7_0                             0x08003ee8   Number         4  rtx_mutex.o(.text.osMutexNew)
    [Anonymous Symbol]                       0x08003eec   Section        0  rtx_mutex.o(.text.osMutexRelease)
    __arm_cp.10_0                            0x08003f0c   Number         4  rtx_mutex.o(.text.osMutexRelease)
    [Anonymous Symbol]                       0x08003f10   Section        0  rtx_evflags.o(.text.osRtxEventFlagsPostProcess)
    [Anonymous Symbol]                       0x08003fb0   Section        0  rtx_memory.o(.text.osRtxMemoryAlloc)
    [Anonymous Symbol]                       0x08004026   Section        0  rtx_memory.o(.text.osRtxMemoryFree)
    [Anonymous Symbol]                       0x08004070   Section        0  rtx_memory.o(.text.osRtxMemoryInit)
    [Anonymous Symbol]                       0x080040a6   Section        0  rtx_mempool.o(.text.osRtxMemoryPoolAlloc)
    [Anonymous Symbol]                       0x080040dc   Section        0  rtx_mempool.o(.text.osRtxMemoryPoolFree)
    [Anonymous Symbol]                       0x0800411a   Section        0  rtx_mempool.o(.text.osRtxMemoryPoolInit)
    [Anonymous Symbol]                       0x0800415e   Section        0  rtx_mutex.o(.text.osRtxMutexOwnerRelease)
    [Anonymous Symbol]                       0x080041a4   Section        0  rtx_system.o(.text.osRtxPendSV_Handler)
    __arm_cp.2_0                             0x08004240   Number         4  rtx_system.o(.text.osRtxPendSV_Handler)
    [Anonymous Symbol]                       0x08004244   Section        0  rtx_system.o(.text.osRtxPostProcess)
    __arm_cp.3_0                             0x080042b0   Number         4  rtx_system.o(.text.osRtxPostProcess)
    __arm_cp.3_1                             0x080042b4   Number         4  rtx_system.o(.text.osRtxPostProcess)
    [Anonymous Symbol]                       0x080042b8   Section        0  rtx_system.o(.text.osRtxSysTimerAckIRQ)
    __arm_cp.1_0                             0x080042c0   Number         4  rtx_system.o(.text.osRtxSysTimerAckIRQ)
    [Anonymous Symbol]                       0x080042c4   Section        0  rtx_system.o(.text.osRtxSysTimerEnable)
    __arm_cp.5_0                             0x080042cc   Number         4  rtx_system.o(.text.osRtxSysTimerEnable)
    [Anonymous Symbol]                       0x080042d0   Section        0  rtx_system.o(.text.osRtxSysTimerSetup)
    __arm_cp.4_0                             0x080042f8   Number         4  rtx_system.o(.text.osRtxSysTimerSetup)
    __arm_cp.4_1                             0x080042fc   Number         4  rtx_system.o(.text.osRtxSysTimerSetup)
    __arm_cp.4_2                             0x08004300   Number         4  rtx_system.o(.text.osRtxSysTimerSetup)
    __arm_cp.4_3                             0x08004304   Number         4  rtx_system.o(.text.osRtxSysTimerSetup)
    [Anonymous Symbol]                       0x08004308   Section        0  rtx_thread.o(.text.osRtxThreadDelayTick)
    __arm_cp.9_0                             0x08004384   Number         4  rtx_thread.o(.text.osRtxThreadDelayTick)
    [Anonymous Symbol]                       0x08004388   Section        0  rtx_thread.o(.text.osRtxThreadDispatch)
    __arm_cp.14_0                            0x080044b0   Number         4  rtx_thread.o(.text.osRtxThreadDispatch)
    [Anonymous Symbol]                       0x080044b4   Section        0  rtx_thread.o(.text.osRtxThreadListGet)
    [Anonymous Symbol]                       0x080044cc   Section        0  rtx_thread.o(.text.osRtxThreadListPut)
    [Anonymous Symbol]                       0x08004504   Section        0  rtx_thread.o(.text.osRtxThreadListRemove)
    [Anonymous Symbol]                       0x0800451c   Section        0  rtx_thread.o(.text.osRtxThreadListSort)
    [Anonymous Symbol]                       0x08004578   Section        0  rtx_thread.o(.text.osRtxThreadPostProcess)
    __arm_cp.17_0                            0x0800467c   Number         4  rtx_thread.o(.text.osRtxThreadPostProcess)
    [Anonymous Symbol]                       0x08004680   Section        0  rtx_thread.o(.text.osRtxThreadReadyPut)
    __arm_cp.6_0                             0x080046c4   Number         4  rtx_thread.o(.text.osRtxThreadReadyPut)
    [Anonymous Symbol]                       0x080046c8   Section        0  rtx_thread.o(.text.osRtxThreadRegPtr)
    [Anonymous Symbol]                       0x080046d0   Section        0  rtx_thread.o(.text.osRtxThreadStackCheck)
    __arm_cp.13_0                            0x080046f4   Number         4  rtx_thread.o(.text.osRtxThreadStackCheck)
    __arm_cp.13_1                            0x080046f8   Number         4  rtx_thread.o(.text.osRtxThreadStackCheck)
    [Anonymous Symbol]                       0x080046fc   Section        0  rtx_thread.o(.text.osRtxThreadSwitch)
    __arm_cp.12_0                            0x0800470c   Number         4  rtx_thread.o(.text.osRtxThreadSwitch)
    [Anonymous Symbol]                       0x08004710   Section        0  rtx_thread.o(.text.osRtxThreadWaitEnter)
    __arm_cp.16_0                            0x080047f4   Number         4  rtx_thread.o(.text.osRtxThreadWaitEnter)
    [Anonymous Symbol]                       0x080047f8   Section        0  rtx_thread.o(.text.osRtxThreadWaitExit)
    __arm_cp.15_0                            0x0800489c   Number         4  rtx_thread.o(.text.osRtxThreadWaitExit)
    [Anonymous Symbol]                       0x080048a0   Section        0  rtx_system.o(.text.osRtxTick_Handler)
    __arm_cp.0_0                             0x08004914   Number         4  rtx_system.o(.text.osRtxTick_Handler)
    [Anonymous Symbol]                       0x08004918   Section        0  rtx_timer.o(.text.osRtxTimerTick)
    __arm_cp.0_0                             0x080049b8   Number         4  rtx_timer.o(.text.osRtxTimerTick)
    [Anonymous Symbol]                       0x080049bc   Section        0  rtx_thread.o(.text.osThreadExit)
    __arm_cp.19_0                            0x080049c4   Number         4  rtx_thread.o(.text.osThreadExit)
    [Anonymous Symbol]                       0x080049c8   Section        0  rtx_thread.o(.text.osThreadGetId)
    __arm_cp.42_0                            0x080049e4   Number         4  rtx_thread.o(.text.osThreadGetId)
    [Anonymous Symbol]                       0x080049e8   Section        0  rtx_thread.o(.text.osThreadNew)
    __arm_cp.40_0                            0x08004a1c   Number         4  rtx_thread.o(.text.osThreadNew)
    [Anonymous Symbol]                       0x08004a20   Section        0  rtx_thread.o(.text.osThreadSetPriority)
    __arm_cp.46_0                            0x08004a40   Number         4  rtx_thread.o(.text.osThreadSetPriority)
    [Anonymous Symbol]                       0x08004a44   Section        0  rtx_delay.o(.text.svcRtxDelay)
    [Anonymous Symbol]                       0x08004a58   Section        0  rtx_evflags.o(.text.svcRtxEventFlagsNew)
    __arm_cp.1_0                             0x08004ac8   Number         4  rtx_evflags.o(.text.svcRtxEventFlagsNew)
    __arm_cp.1_1                             0x08004acc   Number         4  rtx_evflags.o(.text.svcRtxEventFlagsNew)
    [Anonymous Symbol]                       0x08004ad0   Section        0  rtx_evflags.o(.text.svcRtxEventFlagsSet)
    [Anonymous Symbol]                       0x08004be0   Section        0  rtx_evflags.o(.text.svcRtxEventFlagsWait)
    __arm_cp.6_0                             0x08004ccc   Number         4  rtx_evflags.o(.text.svcRtxEventFlagsWait)
    [Anonymous Symbol]                       0x08004cd0   Section        0  rtx_kernel.o(.text.svcRtxKernelGetState)
    __arm_cp.2_0                             0x08004cd8   Number         4  rtx_kernel.o(.text.svcRtxKernelGetState)
    [Anonymous Symbol]                       0x08004cdc   Section        0  rtx_kernel.o(.text.svcRtxKernelInitialize)
    __arm_cp.0_0                             0x08004e84   Number         4  rtx_kernel.o(.text.svcRtxKernelInitialize)
    __arm_cp.0_1                             0x08004e88   Number         4  rtx_kernel.o(.text.svcRtxKernelInitialize)
    __arm_cp.0_2                             0x08004e8c   Number         4  rtx_kernel.o(.text.svcRtxKernelInitialize)
    [Anonymous Symbol]                       0x08004e90   Section        0  rtx_kernel.o(.text.svcRtxKernelStart)
    __arm_cp.3_0                             0x08004f0c   Number         4  rtx_kernel.o(.text.svcRtxKernelStart)
    __arm_cp.3_1                             0x08004f10   Number         4  rtx_kernel.o(.text.svcRtxKernelStart)
    __arm_cp.3_2                             0x08004f14   Number         4  rtx_kernel.o(.text.svcRtxKernelStart)
    __arm_cp.3_3                             0x08004f18   Number         4  rtx_kernel.o(.text.svcRtxKernelStart)
    __arm_cp.3_4                             0x08004f1c   Number         4  rtx_kernel.o(.text.svcRtxKernelStart)
    [Anonymous Symbol]                       0x08004f20   Section        0  rtx_msgqueue.o(.text.svcRtxMessageQueuePut)
    __arm_cp.3_0                             0x08005050   Number         4  rtx_msgqueue.o(.text.svcRtxMessageQueuePut)
    [Anonymous Symbol]                       0x08005054   Section        0  rtx_mutex.o(.text.svcRtxMutexAcquire)
    __arm_cp.3_0                             0x080050f4   Number         4  rtx_mutex.o(.text.svcRtxMutexAcquire)
    [Anonymous Symbol]                       0x080050f8   Section        0  rtx_mutex.o(.text.svcRtxMutexDelete)
    __arm_cp.6_0                             0x080051cc   Number         4  rtx_mutex.o(.text.svcRtxMutexDelete)
    [Anonymous Symbol]                       0x080051d0   Section        0  rtx_mutex.o(.text.svcRtxMutexNew)
    __arm_cp.1_0                             0x08005244   Number         4  rtx_mutex.o(.text.svcRtxMutexNew)
    [Anonymous Symbol]                       0x08005248   Section        0  rtx_mutex.o(.text.svcRtxMutexRelease)
    __arm_cp.4_0                             0x08005310   Number         4  rtx_mutex.o(.text.svcRtxMutexRelease)
    [Anonymous Symbol]                       0x08005314   Section        0  rtx_thread.o(.text.svcRtxThreadExit)
    __arm_cp.32_0                            0x08005464   Number         4  rtx_thread.o(.text.svcRtxThreadExit)
    [Anonymous Symbol]                       0x08005468   Section        0  rtx_thread.o(.text.svcRtxThreadGetId)
    __arm_cp.21_0                            0x08005470   Number         4  rtx_thread.o(.text.svcRtxThreadGetId)
    [Anonymous Symbol]                       0x08005474   Section        0  rtx_thread.o(.text.svcRtxThreadNew)
    __arm_cp.18_0                            0x080056a8   Number         4  rtx_thread.o(.text.svcRtxThreadNew)
    __arm_cp.18_1                            0x080056ac   Number         4  rtx_thread.o(.text.svcRtxThreadNew)
    __arm_cp.18_2                            0x080056b0   Number         4  rtx_thread.o(.text.svcRtxThreadNew)
    __arm_cp.18_3                            0x080056b4   Number         4  rtx_thread.o(.text.svcRtxThreadNew)
    __arm_cp.18_4                            0x080056b8   Number         4  rtx_thread.o(.text.svcRtxThreadNew)
    [Anonymous Symbol]                       0x080056bc   Section        0  rtx_thread.o(.text.svcRtxThreadSetPriority)
    __arm_cp.25_0                            0x080057d0   Number         4  rtx_thread.o(.text.svcRtxThreadSetPriority)
    i.__ARM_common_switch8                   0x080057d4   Section        0  modbus_func.o(i.__ARM_common_switch8)
    .constdata                               0x080057f0   Section      518  modbus.o(.constdata)
    .constdata                               0x080059f8   Section       50  modbus_func.o(.constdata)
    .constdata                               0x08005a2c   Section       36  stepper_motor.o(.constdata)
    .constdata                               0x08005a50   Section      100  rtx_lib.o(.constdata)
    os_idle_thread_attr                      0x08005a50   Data          36  rtx_lib.o(.constdata)
    os_timer_thread_attr                     0x08005a74   Data          36  rtx_lib.o(.constdata)
    os_timer_mq_attr                         0x08005a98   Data          24  rtx_lib.o(.constdata)
    .constdata                               0x08005ab4   Section       16  system_stm32f0xx.o(.constdata)
    .constdata                               0x08005ac4   Section        1  irq_cm0.o(.constdata)
    .rodata                                  0x08005ac8   Section      104  rtx_lib.o(.rodata)
    __tagsym$$used                           0x08005ac8   Number         0  rtx_lib.o(.rodata)
    [Anonymous Symbol]                       0x08005b30   Section        0  rtx_kernel.o(.rodata.str1.4)
    .L.str                                   0x08005b30   Data          11  rtx_kernel.o(.rodata.str1.4)
    .bss.os                                  0x20000000   Section     4656  rtx_lib.o(.bss.os)
    os_mem                                   0x20000000   Data        4096  rtx_lib.o(.bss.os)
    os_isr_queue                             0x20001000   Data          64  rtx_lib.o(.bss.os)
    os_libspace                              0x20001040   Data         480  rtx_lib.o(.bss.os)
    os_libspace_id                           0x20001220   Data          16  rtx_lib.o(.bss.os)
    .bss.os.msgqueue.cb                      0x20001230   Section       52  rtx_lib.o(.bss.os.msgqueue.cb)
    os_timer_mq_cb                           0x20001230   Data          52  rtx_lib.o(.bss.os.msgqueue.cb)
    .bss.os.msgqueue.mem                     0x20001264   Section       80  rtx_lib.o(.bss.os.msgqueue.mem)
    os_timer_mq_data                         0x20001264   Data          80  rtx_lib.o(.bss.os.msgqueue.mem)
    .bss.os.thread.cb                        0x200012b4   Section      136  rtx_lib.o(.bss.os.thread.cb)
    os_idle_thread_cb                        0x200012b4   Data          68  rtx_lib.o(.bss.os.thread.cb)
    os_timer_thread_cb                       0x200012f8   Data          68  rtx_lib.o(.bss.os.thread.cb)
    .bss.os.thread.stack                     0x20001340   Section      400  rtx_lib.o(.bss.os.thread.stack)
    os_idle_thread_stack                     0x20001340   Data         200  rtx_lib.o(.bss.os.thread.stack)
    os_timer_thread_stack                    0x20001408   Data         200  rtx_lib.o(.bss.os.thread.stack)
    .data                                    0x200014d0   Section        8  main.o(.data)
    .data                                    0x200014d8   Section       12  hdc1080.o(.data)
    .data                                    0x200014e4   Section        2  modbus.o(.data)
    .data                                    0x200014e8   Section       24  modbus_func.o(.data)
    .data                                    0x20001500   Section        1  stepper_motor.o(.data)
    .data                                    0x20001504   Section       12  gpio.o(.data)
    .data                                    0x20001510   Section      148  uart.o(.data)
    .data                                    0x200015a4   Section       22  i2c.o(.data)
    .data                                    0x200015ba   Section       16  stm32f0xx_rcc.o(.data)
    APBAHBPrescTable                         0x200015ba   Data          16  stm32f0xx_rcc.o(.data)
    .data                                    0x200015cc   Section        5  rtx_lib.o(.data)
    os_kernel_active                         0x200015d0   Data           1  rtx_lib.o(.data)
    .data                                    0x200015d4   Section        4  system_stm32f0xx.o(.data)
    .bss                                     0x20001680   Section       10  pub_var.o(.bss)
    .bss                                     0x2000168c   Section       12  modbus.o(.bss)
    .bss                                     0x20001698   Section       16  stepper_motor.o(.bss)
    .bss                                     0x200016a8   Section      272  uart.o(.bss)
    .bss                                     0x200017b8   Section       68  i2c.o(.bss)
    .bss                                     0x200017fc   Section       96  libspace.o(.bss)
    HEAP                                     0x20001860   Section      512  startup_stm32f030x8.o(HEAP)
    Heap_Mem                                 0x20001860   Data         512  startup_stm32f030x8.o(HEAP)
    STACK                                    0x20001a60   Section     1280  startup_stm32f030x8.o(STACK)
    Stack_Mem                                0x20001a60   Data        1280  startup_stm32f030x8.o(STACK)
    __initial_sp                             0x20001f60   Data           0  startup_stm32f030x8.o(STACK)

    Global Symbols

    Symbol Name                              Value     Ov Type        Size  Object(Section)

    BuildAttributes$$THM_ISAv3M$S$PE$A:L22$X:L11$S22$IEEE1$IW$~IW$USESV6$~STKCKD$USESV7$~SHL$OTIME$ROPI$EBA8$UX$STANDARDLIB$REQ8$PRES8$EABIv2 0x00000000   Number         0  anon$$obj.o ABSOLUTE
    __ARM_use_no_argv                        0x00000000   Number         0  main.o ABSOLUTE
    __ARM_exceptions_init                     - Undefined Weak Reference
    __alloca_initialize                       - Undefined Weak Reference
    __arm_preinit_                            - Undefined Weak Reference
    __cpp_initialize__aeabi_                  - Undefined Weak Reference
    __cxa_finalize                            - Undefined Weak Reference
    __rt_locale                               - Undefined Weak Reference
    __sigvec_lookup                           - Undefined Weak Reference
    _atexit_init                              - Undefined Weak Reference
    _call_atexit_fns                          - Undefined Weak Reference
    _clock_init                               - Undefined Weak Reference
    _fp_trap_init                             - Undefined Weak Reference
    _fp_trap_shutdown                         - Undefined Weak Reference
    _get_lc_collate                           - Undefined Weak Reference
    _get_lc_ctype                             - Undefined Weak Reference
    _get_lc_monetary                          - Undefined Weak Reference
    _get_lc_numeric                           - Undefined Weak Reference
    _get_lc_time                              - Undefined Weak Reference
    _getenv_init                              - Undefined Weak Reference
    _handle_redirection                       - Undefined Weak Reference
    _init_alloc                               - Undefined Weak Reference
    _init_user_alloc                          - Undefined Weak Reference
    _initio                                   - Undefined Weak Reference
    _printf_post_padding                      - Undefined Weak Reference
    _printf_pre_padding                       - Undefined Weak Reference
    _printf_truncate_signed                   - Undefined Weak Reference
    _printf_truncate_unsigned                 - Undefined Weak Reference
    _rand_init                                - Undefined Weak Reference
    _signal_finish                            - Undefined Weak Reference
    _signal_init                              - Undefined Weak Reference
    _terminate_alloc                          - Undefined Weak Reference
    _terminate_user_alloc                     - Undefined Weak Reference
    _terminateio                              - Undefined Weak Reference
    __Vectors_Size                           0x000000b4   Number         0  startup_stm32f030x8.o ABSOLUTE
    __Vectors                                0x08000000   Data           4  startup_stm32f030x8.o(RESET)
    __Vectors_End                            0x080000b4   Data           0  startup_stm32f030x8.o(RESET)
    __main                                   0x080000b5   Thumb Code     8  __main.o(!!!main)
    __scatterload                            0x080000bd   Thumb Code     0  __scatter.o(!!!scatter)
    __scatterload_rt2                        0x080000bd   Thumb Code    52  __scatter.o(!!!scatter)
    __scatterload_rt2_thumb_only             0x080000bd   Thumb Code     0  __scatter.o(!!!scatter)
    __scatterload_null                       0x080000cd   Thumb Code     0  __scatter.o(!!!scatter)
    __scatterload_zeroinit                   0x080000f9   Thumb Code    28  __scatter_zi.o(!!handler_zi)
    _printf_percent                          0x08000115   Thumb Code     0  _printf_percent.o(.ARM.Collect$$_printf_percent$$00000000)
    _printf_d                                0x08000117   Thumb Code     0  _printf_d.o(.ARM.Collect$$_printf_percent$$00000009)
    _printf_percent_end                      0x08000121   Thumb Code     0  _printf_percent_end.o(.ARM.Collect$$_printf_percent$$00000017)
    __rt_lib_init                            0x08000125   Thumb Code     0  libinit.o(.ARM.Collect$$libinit$$00000000)
    __rt_lib_init_alloca_1                   0x08000127   Thumb Code     0  libinit2.o(.ARM.Collect$$libinit$$0000002E)
    __rt_lib_init_argv_1                     0x08000127   Thumb Code     0  libinit2.o(.ARM.Collect$$libinit$$0000002C)
    __rt_lib_init_atexit_1                   0x08000127   Thumb Code     0  libinit2.o(.ARM.Collect$$libinit$$0000001B)
    __rt_lib_init_clock_1                    0x08000127   Thumb Code     0  libinit2.o(.ARM.Collect$$libinit$$00000021)
    __rt_lib_init_cpp_1                      0x08000127   Thumb Code     0  libinit2.o(.ARM.Collect$$libinit$$00000032)
    __rt_lib_init_exceptions_1               0x08000127   Thumb Code     0  libinit2.o(.ARM.Collect$$libinit$$00000030)
    __rt_lib_init_fp_1                       0x08000127   Thumb Code     0  libinit2.o(.ARM.Collect$$libinit$$00000002)
    __rt_lib_init_fp_trap_1                  0x08000127   Thumb Code     0  libinit2.o(.ARM.Collect$$libinit$$0000001F)
    __rt_lib_init_getenv_1                   0x08000127   Thumb Code     0  libinit2.o(.ARM.Collect$$libinit$$00000023)
    __rt_lib_init_heap_1                     0x08000127   Thumb Code     0  libinit2.o(.ARM.Collect$$libinit$$0000000A)
    __rt_lib_init_lc_collate_1               0x08000127   Thumb Code     0  libinit2.o(.ARM.Collect$$libinit$$00000011)
    __rt_lib_init_lc_ctype_1                 0x08000127   Thumb Code     0  libinit2.o(.ARM.Collect$$libinit$$00000013)
    __rt_lib_init_lc_monetary_1              0x08000127   Thumb Code     0  libinit2.o(.ARM.Collect$$libinit$$00000015)
    __rt_lib_init_lc_numeric_1               0x08000127   Thumb Code     0  libinit2.o(.ARM.Collect$$libinit$$00000017)
    __rt_lib_init_lc_time_1                  0x08000127   Thumb Code     0  libinit2.o(.ARM.Collect$$libinit$$00000019)
    __rt_lib_init_preinit_1                  0x08000127   Thumb Code     0  libinit2.o(.ARM.Collect$$libinit$$00000004)
    __rt_lib_init_rand_1                     0x08000127   Thumb Code     0  libinit2.o(.ARM.Collect$$libinit$$0000000E)
    __rt_lib_init_return                     0x08000127   Thumb Code     0  libinit2.o(.ARM.Collect$$libinit$$00000033)
    __rt_lib_init_signal_1                   0x08000127   Thumb Code     0  libinit2.o(.ARM.Collect$$libinit$$0000001D)
    __rt_lib_init_stdio_1                    0x08000127   Thumb Code     0  libinit2.o(.ARM.Collect$$libinit$$00000025)
    __rt_lib_init_user_alloc_1               0x08000127   Thumb Code     0  libinit2.o(.ARM.Collect$$libinit$$0000000C)
    __rt_lib_shutdown                        0x08000129   Thumb Code     0  libshutdown.o(.ARM.Collect$$libshutdown$$00000000)
    __rt_lib_shutdown_cpp_1                  0x0800012b   Thumb Code     0  libshutdown2.o(.ARM.Collect$$libshutdown$$00000002)
    __rt_lib_shutdown_fp_trap_1              0x0800012b   Thumb Code     0  libshutdown2.o(.ARM.Collect$$libshutdown$$00000007)
    __rt_lib_shutdown_heap_1                 0x0800012b   Thumb Code     0  libshutdown2.o(.ARM.Collect$$libshutdown$$0000000F)
    __rt_lib_shutdown_return                 0x0800012b   Thumb Code     0  libshutdown2.o(.ARM.Collect$$libshutdown$$00000010)
    __rt_lib_shutdown_signal_1               0x0800012b   Thumb Code     0  libshutdown2.o(.ARM.Collect$$libshutdown$$0000000A)
    __rt_lib_shutdown_stdio_1                0x0800012b   Thumb Code     0  libshutdown2.o(.ARM.Collect$$libshutdown$$00000004)
    __rt_lib_shutdown_user_alloc_1           0x0800012b   Thumb Code     0  libshutdown2.o(.ARM.Collect$$libshutdown$$0000000C)
    __rt_entry                               0x0800012d   Thumb Code     0  __rtentry.o(.ARM.Collect$$rtentry$$00000000)
    __rt_entry_presh_1                       0x0800012d   Thumb Code     0  __rtentry2.o(.ARM.Collect$$rtentry$$00000002)
    __rt_entry_sh                            0x0800012d   Thumb Code     0  __rtentry4.o(.ARM.Collect$$rtentry$$00000004)
    __rt_entry_postsh_1                      0x08000133   Thumb Code     0  __rtentry2.o(.ARM.Collect$$rtentry$$00000008)
    __rt_entry_li                            0x0800013b   Thumb Code     0  __rtentry2.o(.ARM.Collect$$rtentry$$0000000A)
    __rt_entry_main                          0x0800013f   Thumb Code     0  __rtentry2.o(.ARM.Collect$$rtentry$$0000000D)
    __rt_entry_postli_1                      0x0800013f   Thumb Code     0  __rtentry2.o(.ARM.Collect$$rtentry$$0000000C)
    __rt_exit                                0x08000147   Thumb Code     0  rtexit.o(.ARM.Collect$$rtexit$$00000000)
    __rt_exit_ls                             0x08000149   Thumb Code     0  rtexit2.o(.ARM.Collect$$rtexit$$00000003)
    __rt_exit_prels_1                        0x08000149   Thumb Code     0  rtexit2.o(.ARM.Collect$$rtexit$$00000002)
    __rt_exit_exit                           0x0800014d   Thumb Code     0  rtexit2.o(.ARM.Collect$$rtexit$$00000004)
    __aeabi_memcpy4                          0x08000155   Thumb Code    56  rt_memcpy.o(.emb_text)
    __aeabi_memcpy8                          0x08000155   Thumb Code     0  rt_memcpy.o(.emb_text)
    task_Led                                 0x0800018d   Thumb Code    36  main.o(.text)
    main                                     0x080001b1   Thumb Code   160  main.o(.text)
    setParameters                            0x08000279   Thumb Code    30  pub_var.o(.text)
    wordEndianer                             0x0800029d   Thumb Code    16  util.o(.text)
    copy_string                              0x080002ad   Thumb Code    44  util.o(.text)
    compare_string                           0x080002d9   Thumb Code    46  util.o(.text)
    count_string                             0x08000307   Thumb Code    36  util.o(.text)
    write_HDC1080_configuration              0x0800032d   Thumb Code   140  hdc1080.o(.text)
    read_HDC1080_configuration               0x080003b9   Thumb Code   150  hdc1080.o(.text)
    trig_HDC1080                             0x0800044f   Thumb Code   142  hdc1080.o(.text)
    init_HDC1080                             0x080004dd   Thumb Code    44  hdc1080.o(.text)
    task_HDC1080                             0x08000509   Thumb Code   230  hdc1080.o(.text)
    crc16                                    0x08000619   Thumb Code    76  modbus.o(.text)
    checkCrc16                               0x08000665   Thumb Code    94  modbus.o(.text)
    mbReturnException                        0x080006c3   Thumb Code    54  modbus.o(.text)
    modbusRTU                                0x080006f9   Thumb Code   488  modbus.o(.text)
    readCoils                                0x080008f5   Thumb Code    80  modbus_func.o(.text)
    readInputs                               0x08000945   Thumb Code    82  modbus_func.o(.text)
    readHoldingRegister                      0x08000997   Thumb Code   218  modbus_func.o(.text)
    writeSingleCoil                          0x08000a71   Thumb Code   214  modbus_func.o(.text)
    rwDummyFunc                              0x08000b47   Thumb Code     4  modbus_func.o(.text)
    task_stepper_motor                       0x08000b6d   Thumb Code   870  stepper_motor.o(.text)
    change_device_name                       0x08000f01   Thumb Code    60  hc0x_bluetooth.o(.text)
    mobile_app_interface                     0x08000f3d   Thumb Code   498  hc0x_bluetooth.o(.text)
    initGpio                                 0x080011fd   Thumb Code   232  gpio.o(.text)
    setGpioOutputs                           0x080012e5   Thumb Code    50  gpio.o(.text)
    readGpioOutputs                          0x08001317   Thumb Code    12  gpio.o(.text)
    readGpioInputs                           0x08001323   Thumb Code    14  gpio.o(.text)
    USART1_IRQHandler                        0x0800134d   Thumb Code   148  uart.o(.text)
    USART2_IRQHandler                        0x080013e1   Thumb Code   152  uart.o(.text)
    DMA1_Channel2_3_IRQHandler               0x08001479   Thumb Code    48  uart.o(.text)
    DMA1_Channel4_5_IRQHandler               0x080014a9   Thumb Code    52  uart.o(.text)
    initUart1                                0x080014dd   Thumb Code   114  uart.o(.text)
    initUart2                                0x0800154f   Thumb Code   114  uart.o(.text)
    uartNvicConfig                           0x080015c1   Thumb Code    72  uart.o(.text)
    initUartDma                              0x08001609   Thumb Code   426  uart.o(.text)
    uart1TxCmd                               0x080017b3   Thumb Code   116  uart.o(.text)
    uart2TxCmd                               0x08001827   Thumb Code   116  uart.o(.text)
    uart1CheckRxBuf                          0x0800189b   Thumb Code    52  uart.o(.text)
    uart2CheckRxBuf                          0x080018cf   Thumb Code    52  uart.o(.text)
    task_Uart1                               0x08001903   Thumb Code   178  uart.o(.text)
    task_Uart2                               0x080019b5   Thumb Code   184  uart.o(.text)
    I2C1_IRQHandler                          0x08001aa5   Thumb Code   472  i2c.o(.text)
    init_i2c                                 0x08001c7d   Thumb Code   126  i2c.o(.text)
    i2c_master_process                       0x08001cfb   Thumb Code   244  i2c.o(.text)
    TIM6_IRQHandler                          0x08001e9d   Thumb Code    70  timer.o(.text)
    initTimers                               0x08001ee3   Thumb Code   104  timer.o(.text)
    DMA_DeInit                               0x08001fdd   Thumb Code   342  stm32f0xx_dma.o(.text)
    DMA_Init                                 0x08002133   Thumb Code    58  stm32f0xx_dma.o(.text)
    DMA_StructInit                           0x0800216d   Thumb Code    26  stm32f0xx_dma.o(.text)
    DMA_Cmd                                  0x08002187   Thumb Code    24  stm32f0xx_dma.o(.text)
    DMA_RemapConfig                          0x0800219f   Thumb Code    48  stm32f0xx_dma.o(.text)
    DMA_SetCurrDataCounter                   0x080021cf   Thumb Code     4  stm32f0xx_dma.o(.text)
    DMA_GetCurrDataCounter                   0x080021d3   Thumb Code     8  stm32f0xx_dma.o(.text)
    DMA_ITConfig                             0x080021db   Thumb Code    20  stm32f0xx_dma.o(.text)
    DMA_GetFlagStatus                        0x080021ef   Thumb Code    46  stm32f0xx_dma.o(.text)
    DMA_ClearFlag                            0x0800221d   Thumb Code    26  stm32f0xx_dma.o(.text)
    DMA_GetITStatus                          0x08002237   Thumb Code    46  stm32f0xx_dma.o(.text)
    DMA_ClearITPendingBit                    0x08002265   Thumb Code    26  stm32f0xx_dma.o(.text)
    GPIO_DeInit                              0x08002291   Thumb Code   156  stm32f0xx_gpio.o(.text)
    GPIO_Init                                0x0800232d   Thumb Code   144  stm32f0xx_gpio.o(.text)
    GPIO_StructInit                          0x080023bd   Thumb Code    20  stm32f0xx_gpio.o(.text)
    GPIO_PinLockConfig                       0x080023d1   Thumb Code    34  stm32f0xx_gpio.o(.text)
    GPIO_ReadInputDataBit                    0x080023f3   Thumb Code    20  stm32f0xx_gpio.o(.text)
    GPIO_ReadInputData                       0x08002407   Thumb Code     6  stm32f0xx_gpio.o(.text)
    GPIO_ReadOutputDataBit                   0x0800240d   Thumb Code    20  stm32f0xx_gpio.o(.text)
    GPIO_ReadOutputData                      0x08002421   Thumb Code     6  stm32f0xx_gpio.o(.text)
    GPIO_SetBits                             0x08002427   Thumb Code     4  stm32f0xx_gpio.o(.text)
    GPIO_ResetBits                           0x0800242b   Thumb Code     4  stm32f0xx_gpio.o(.text)
    GPIO_WriteBit                            0x0800242f   Thumb Code    12  stm32f0xx_gpio.o(.text)
    GPIO_Write                               0x0800243b   Thumb Code     4  stm32f0xx_gpio.o(.text)
    GPIO_PinAFConfig                         0x0800243f   Thumb Code    68  stm32f0xx_gpio.o(.text)
    NVIC_Init                                0x0800249d   Thumb Code   106  stm32f0xx_misc.o(.text)
    NVIC_SystemLPConfig                      0x08002507   Thumb Code    28  stm32f0xx_misc.o(.text)
    SysTick_CLKSourceConfig                  0x08002523   Thumb Code    32  stm32f0xx_misc.o(.text)
    USART_DeInit                             0x08002551   Thumb Code   206  stm32f0xx_usart.o(.text)
    USART_Init                               0x0800261f   Thumb Code   226  stm32f0xx_usart.o(.text)
    USART_StructInit                         0x08002701   Thumb Code    24  stm32f0xx_usart.o(.text)
    USART_ClockInit                          0x08002719   Thumb Code    36  stm32f0xx_usart.o(.text)
    USART_ClockStructInit                    0x0800273d   Thumb Code    12  stm32f0xx_usart.o(.text)
    USART_Cmd                                0x08002749   Thumb Code    24  stm32f0xx_usart.o(.text)
    USART_DirectionModeCmd                   0x08002761   Thumb Code    20  stm32f0xx_usart.o(.text)
    USART_OverSampling8Cmd                   0x08002775   Thumb Code    28  stm32f0xx_usart.o(.text)
    USART_OneBitMethodCmd                    0x08002791   Thumb Code    28  stm32f0xx_usart.o(.text)
    USART_MSBFirstCmd                        0x080027ad   Thumb Code    28  stm32f0xx_usart.o(.text)
    USART_DataInvCmd                         0x080027c9   Thumb Code    28  stm32f0xx_usart.o(.text)
    USART_InvPinCmd                          0x080027e5   Thumb Code    20  stm32f0xx_usart.o(.text)
    USART_SWAPPinCmd                         0x080027f9   Thumb Code    28  stm32f0xx_usart.o(.text)
    USART_ReceiverTimeOutCmd                 0x08002815   Thumb Code    28  stm32f0xx_usart.o(.text)
    USART_SetReceiverTimeOut                 0x08002831   Thumb Code    16  stm32f0xx_usart.o(.text)
    USART_SetPrescaler                       0x08002841   Thumb Code    18  stm32f0xx_usart.o(.text)
    USART_STOPModeCmd                        0x08002853   Thumb Code    24  stm32f0xx_usart.o(.text)
    USART_StopModeWakeUpSourceConfig         0x0800286b   Thumb Code    18  stm32f0xx_usart.o(.text)
    USART_AutoBaudRateCmd                    0x0800287d   Thumb Code    28  stm32f0xx_usart.o(.text)
    USART_AutoBaudRateConfig                 0x08002899   Thumb Code    18  stm32f0xx_usart.o(.text)
    USART_SendData                           0x080028ab   Thumb Code     8  stm32f0xx_usart.o(.text)
    USART_ReceiveData                        0x080028b3   Thumb Code    10  stm32f0xx_usart.o(.text)
    USART_SetAddress                         0x080028bd   Thumb Code    18  stm32f0xx_usart.o(.text)
    USART_MuteModeCmd                        0x080028cf   Thumb Code    28  stm32f0xx_usart.o(.text)
    USART_MuteModeWakeUpConfig               0x080028eb   Thumb Code    18  stm32f0xx_usart.o(.text)
    USART_AddressDetectionConfig             0x080028fd   Thumb Code    16  stm32f0xx_usart.o(.text)
    USART_LINBreakDetectLengthConfig         0x0800290d   Thumb Code    16  stm32f0xx_usart.o(.text)
    USART_LINCmd                             0x0800291d   Thumb Code    68  stm32f0xx_usart.o(.text)
    USART_HalfDuplexCmd                      0x08002961   Thumb Code    24  stm32f0xx_usart.o(.text)
    USART_SetGuardTime                       0x08002979   Thumb Code    16  stm32f0xx_usart.o(.text)
    USART_SmartCardCmd                       0x08002989   Thumb Code    24  stm32f0xx_usart.o(.text)
    USART_SmartCardNACKCmd                   0x080029a1   Thumb Code    24  stm32f0xx_usart.o(.text)
    USART_SetAutoRetryCount                  0x080029b9   Thumb Code    20  stm32f0xx_usart.o(.text)
    USART_SetBlockLength                     0x080029cd   Thumb Code    18  stm32f0xx_usart.o(.text)
    USART_IrDAConfig                         0x080029df   Thumb Code    16  stm32f0xx_usart.o(.text)
    USART_IrDACmd                            0x080029ef   Thumb Code    24  stm32f0xx_usart.o(.text)
    USART_DECmd                              0x08002a07   Thumb Code    28  stm32f0xx_usart.o(.text)
    USART_DEPolarityConfig                   0x08002a23   Thumb Code    18  stm32f0xx_usart.o(.text)
    USART_SetDEAssertionTime                 0x08002a35   Thumb Code    20  stm32f0xx_usart.o(.text)
    USART_SetDEDeassertionTime               0x08002a49   Thumb Code    20  stm32f0xx_usart.o(.text)
    USART_DMACmd                             0x08002a5d   Thumb Code    20  stm32f0xx_usart.o(.text)
    USART_DMAReceptionErrorConfig            0x08002a71   Thumb Code    18  stm32f0xx_usart.o(.text)
    USART_ITConfig                           0x08002a83   Thumb Code    66  stm32f0xx_usart.o(.text)
    USART_RequestCmd                         0x08002ac5   Thumb Code    20  stm32f0xx_usart.o(.text)
    USART_OverrunDetectionConfig             0x08002ad9   Thumb Code    18  stm32f0xx_usart.o(.text)
    USART_GetFlagStatus                      0x08002aeb   Thumb Code    20  stm32f0xx_usart.o(.text)
    USART_ClearFlag                          0x08002aff   Thumb Code     4  stm32f0xx_usart.o(.text)
    USART_GetITStatus                        0x08002b03   Thumb Code    78  stm32f0xx_usart.o(.text)
    USART_ClearITPendingBit                  0x08002b51   Thumb Code    18  stm32f0xx_usart.o(.text)
    RCC_DeInit                               0x08002b65   Thumb Code   102  stm32f0xx_rcc.o(.text)
    RCC_HSEConfig                            0x08002bcb   Thumb Code    12  stm32f0xx_rcc.o(.text)
    RCC_GetFlagStatus                        0x08002bd7   Thumb Code    68  stm32f0xx_rcc.o(.text)
    RCC_WaitForHSEStartUp                    0x08002c1b   Thumb Code    60  stm32f0xx_rcc.o(.text)
    RCC_AdjustHSICalibrationValue            0x08002c57   Thumb Code    26  stm32f0xx_rcc.o(.text)
    RCC_HSICmd                               0x08002c71   Thumb Code    32  stm32f0xx_rcc.o(.text)
    RCC_AdjustHSI14CalibrationValue          0x08002c91   Thumb Code    26  stm32f0xx_rcc.o(.text)
    RCC_HSI14Cmd                             0x08002cab   Thumb Code    32  stm32f0xx_rcc.o(.text)
    RCC_HSI14ADCRequestCmd                   0x08002ccb   Thumb Code    32  stm32f0xx_rcc.o(.text)
    RCC_LSEConfig                            0x08002ceb   Thumb Code    34  stm32f0xx_rcc.o(.text)
    RCC_LSEDriveConfig                       0x08002d0d   Thumb Code    22  stm32f0xx_rcc.o(.text)
    RCC_LSICmd                               0x08002d23   Thumb Code    32  stm32f0xx_rcc.o(.text)
    RCC_PLLConfig                            0x08002d43   Thumb Code    30  stm32f0xx_rcc.o(.text)
    RCC_PLLCmd                               0x08002d61   Thumb Code    36  stm32f0xx_rcc.o(.text)
    RCC_HSI48Cmd                             0x08002d85   Thumb Code    36  stm32f0xx_rcc.o(.text)
    RCC_PREDIV1Config                        0x08002da9   Thumb Code    24  stm32f0xx_rcc.o(.text)
    RCC_ClockSecuritySystemCmd               0x08002dc1   Thumb Code    36  stm32f0xx_rcc.o(.text)
    RCC_MCOConfig                            0x08002de5   Thumb Code    24  stm32f0xx_rcc.o(.text)
    RCC_SYSCLKConfig                         0x08002dfd   Thumb Code    24  stm32f0xx_rcc.o(.text)
    RCC_GetSYSCLKSource                      0x08002e15   Thumb Code    10  stm32f0xx_rcc.o(.text)
    RCC_HCLKConfig                           0x08002e1f   Thumb Code    28  stm32f0xx_rcc.o(.text)
    RCC_PCLKConfig                           0x08002e3b   Thumb Code    30  stm32f0xx_rcc.o(.text)
    RCC_ADCCLKConfig                         0x08002e59   Thumb Code    52  stm32f0xx_rcc.o(.text)
    RCC_CECCLKConfig                         0x08002e8d   Thumb Code    22  stm32f0xx_rcc.o(.text)
    RCC_I2CCLKConfig                         0x08002ea3   Thumb Code    22  stm32f0xx_rcc.o(.text)
    RCC_USARTCLKConfig                       0x08002eb9   Thumb Code    68  stm32f0xx_rcc.o(.text)
    RCC_USBCLKConfig                         0x08002efd   Thumb Code    22  stm32f0xx_rcc.o(.text)
    RCC_GetClocksFreq                        0x08002f13   Thumb Code   576  stm32f0xx_rcc.o(.text)
    RCC_RTCCLKConfig                         0x08003153   Thumb Code    12  stm32f0xx_rcc.o(.text)
    RCC_RTCCLKCmd                            0x0800315f   Thumb Code    36  stm32f0xx_rcc.o(.text)
    RCC_BackupResetCmd                       0x08003183   Thumb Code    36  stm32f0xx_rcc.o(.text)
    RCC_AHBPeriphClockCmd                    0x080031a7   Thumb Code    28  stm32f0xx_rcc.o(.text)
    RCC_APB2PeriphClockCmd                   0x080031c3   Thumb Code    28  stm32f0xx_rcc.o(.text)
    RCC_APB1PeriphClockCmd                   0x080031df   Thumb Code    28  stm32f0xx_rcc.o(.text)
    RCC_AHBPeriphResetCmd                    0x080031fb   Thumb Code    28  stm32f0xx_rcc.o(.text)
    RCC_APB2PeriphResetCmd                   0x08003217   Thumb Code    28  stm32f0xx_rcc.o(.text)
    RCC_APB1PeriphResetCmd                   0x08003233   Thumb Code    28  stm32f0xx_rcc.o(.text)
    RCC_ITConfig                             0x0800324f   Thumb Code    28  stm32f0xx_rcc.o(.text)
    RCC_ClearFlag                            0x0800326b   Thumb Code    16  stm32f0xx_rcc.o(.text)
    RCC_GetITStatus                          0x0800327b   Thumb Code    22  stm32f0xx_rcc.o(.text)
    RCC_ClearITPendingBit                    0x08003291   Thumb Code     6  stm32f0xx_rcc.o(.text)
    _platform_post_stackheap_init            0x080032b5   Thumb Code     8  rtx_lib.o(.text)
    __user_perthread_libspace                0x080032df   Thumb Code    94  rtx_lib.o(.text)
    _mutex_initialize                        0x0800333d   Thumb Code    34  rtx_lib.o(.text)
    _mutex_acquire                           0x0800335f   Thumb Code    24  rtx_lib.o(.text)
    _mutex_release                           0x08003377   Thumb Code    20  rtx_lib.o(.text)
    _mutex_free                              0x0800338b   Thumb Code    12  rtx_lib.o(.text)
    osRtxIdleThread                          0x080033a9   Thumb Code     4  rtx_config.o(.text)
    osRtxErrorNotify                         0x080033ad   Thumb Code    32  rtx_config.o(.text)
    Reset_Handler                            0x080033cd   Thumb Code     8  startup_stm32f030x8.o(.text)
    NMI_Handler                              0x080033d5   Thumb Code     2  startup_stm32f030x8.o(.text)
    HardFault_Handler                        0x080033d7   Thumb Code     2  startup_stm32f030x8.o(.text)
    ADC1_IRQHandler                          0x080033df   Thumb Code     0  startup_stm32f030x8.o(.text)
    DMA1_Channel1_IRQHandler                 0x080033df   Thumb Code     0  startup_stm32f030x8.o(.text)
    EXTI0_1_IRQHandler                       0x080033df   Thumb Code     0  startup_stm32f030x8.o(.text)
    EXTI2_3_IRQHandler                       0x080033df   Thumb Code     0  startup_stm32f030x8.o(.text)
    EXTI4_15_IRQHandler                      0x080033df   Thumb Code     0  startup_stm32f030x8.o(.text)
    FLASH_IRQHandler                         0x080033df   Thumb Code     0  startup_stm32f030x8.o(.text)
    I2C2_IRQHandler                          0x080033df   Thumb Code     0  startup_stm32f030x8.o(.text)
    RCC_IRQHandler                           0x080033df   Thumb Code     0  startup_stm32f030x8.o(.text)
    RTC_IRQHandler                           0x080033df   Thumb Code     0  startup_stm32f030x8.o(.text)
    SPI1_IRQHandler                          0x080033df   Thumb Code     0  startup_stm32f030x8.o(.text)
    SPI2_IRQHandler                          0x080033df   Thumb Code     0  startup_stm32f030x8.o(.text)
    TIM14_IRQHandler                         0x080033df   Thumb Code     0  startup_stm32f030x8.o(.text)
    TIM15_IRQHandler                         0x080033df   Thumb Code     0  startup_stm32f030x8.o(.text)
    TIM16_IRQHandler                         0x080033df   Thumb Code     0  startup_stm32f030x8.o(.text)
    TIM17_IRQHandler                         0x080033df   Thumb Code     0  startup_stm32f030x8.o(.text)
    TIM1_BRK_UP_TRG_COM_IRQHandler           0x080033df   Thumb Code     0  startup_stm32f030x8.o(.text)
    TIM1_CC_IRQHandler                       0x080033df   Thumb Code     0  startup_stm32f030x8.o(.text)
    TIM3_IRQHandler                          0x080033df   Thumb Code     0  startup_stm32f030x8.o(.text)
    WWDG_IRQHandler                          0x080033df   Thumb Code     0  startup_stm32f030x8.o(.text)
    __user_initial_stackheap                 0x080033e1   Thumb Code     0  startup_stm32f030x8.o(.text)
    SystemInit                               0x08003405   Thumb Code   228  system_stm32f0xx.o(.text)
    SystemCoreClockUpdate                    0x080034e9   Thumb Code   158  system_stm32f0xx.o(.text)
    SVC_Handler                              0x080035ad   Thumb Code   120  irq_cm0.o(.text)
    PendSV_Handler                           0x08003625   Thumb Code    12  irq_cm0.o(.text)
    SysTick_Handler                          0x08003631   Thumb Code    12  irq_cm0.o(.text)
    __2sprintf                               0x08003645   Thumb Code    36  noretval__2sprintf.o(.text)
    __printf                                 0x0800366d   Thumb Code   108  __printf.o(.text)
    _printf_int_dec                          0x080036d9   Thumb Code    90  _printf_dec.o(.text)
    __aeabi_memcpy                           0x08003745   Thumb Code   130  rt_memcpy.o(.text)
    __rt_memcpy                              0x08003745   Thumb Code     0  rt_memcpy.o(.text)
    __aeabi_memset4                          0x080037c7   Thumb Code    18  aeabi_memset4.o(.text)
    __aeabi_memset8                          0x080037c7   Thumb Code     0  aeabi_memset4.o(.text)
    _memset_w                                0x080037d9   Thumb Code    26  rt_memclr.o(.text)
    _memset                                  0x080037f3   Thumb Code    30  rt_memclr.o(.text)
    __aeabi_memclr                           0x08003811   Thumb Code     4  rt_memclr.o(.text)
    __rt_memclr                              0x08003811   Thumb Code     0  rt_memclr.o(.text)
    __aeabi_memclr4                          0x08003815   Thumb Code     0  rt_memclr.o(.text)
    __aeabi_memclr8                          0x08003815   Thumb Code     0  rt_memclr.o(.text)
    __rt_memclr_w                            0x08003815   Thumb Code     4  rt_memclr.o(.text)
    __aeabi_uidiv                            0x08003819   Thumb Code     0  aeabi_sdivfast.o(.text)
    __aeabi_uidivmod                         0x08003819   Thumb Code    28  aeabi_sdivfast.o(.text)
    __aeabi_idiv                             0x08003835   Thumb Code     0  aeabi_sdivfast.o(.text)
    __aeabi_idivmod                          0x08003835   Thumb Code   460  aeabi_sdivfast.o(.text)
    __use_two_region_memory                  0x08003a01   Thumb Code     2  heapauxi.o(.text)
    __rt_heap_escrow$2region                 0x08003a03   Thumb Code     2  heapauxi.o(.text)
    __rt_heap_expand$2region                 0x08003a05   Thumb Code     2  heapauxi.o(.text)
    _printf_int_common                       0x08003a07   Thumb Code   176  _printf_intcommon.o(.text)
    _printf_char_common                      0x08003ac3   Thumb Code    32  _printf_char_common.o(.text)
    _sputc                                   0x08003ae9   Thumb Code    10  _sputc.o(.text)
    __rt_udiv10                              0x08003af3   Thumb Code    40  rtudiv10.o(.text)
    __user_setup_stackheap                   0x08003b1b   Thumb Code    62  sys_stackheap_outer.o(.text)
    exit                                     0x08003b59   Thumb Code    16  exit.o(.text)
    __user_libspace                          0x08003b69   Thumb Code     8  libspace.o(.text)
    __user_perproc_libspace                  0x08003b69   Thumb Code     0  libspace.o(.text)
    _sys_exit                                0x08003b71   Thumb Code     8  sys_exit.o(.text)
    __I$use$semihosting                      0x08003b7d   Thumb Code     0  use_no_semi.o(.text)
    __use_no_semihosting_swi                 0x08003b7d   Thumb Code     2  use_no_semi.o(.text)
    __decompress                             0x08003b7f   Thumb Code     0  __dczerorl2.o(.text)
    __decompress1                            0x08003b7f   Thumb Code    86  __dczerorl2.o(.text)
    __semihosting_library_function           0x08003b7f   Thumb Code     0  indicate_semi.o(.text)
    osDelay                                  0x08003bd5   Thumb Code    36  rtx_delay.o(.text.osDelay)
    osEventFlagsNew                          0x08003bf9   Thumb Code    56  rtx_evflags.o(.text.osEventFlagsNew)
    osEventFlagsSet                          0x08003c31   Thumb Code    88  rtx_evflags.o(.text.osEventFlagsSet)
    osEventFlagsWait                         0x08003c89   Thumb Code   192  rtx_evflags.o(.text.osEventFlagsWait)
    osKernelGetState                         0x08003d49   Thumb Code    52  rtx_kernel.o(.text.osKernelGetState)
    osKernelInitialize                       0x08003d7d   Thumb Code    56  rtx_kernel.o(.text.osKernelInitialize)
    osKernelStart                            0x08003db5   Thumb Code    56  rtx_kernel.o(.text.osKernelStart)
    osMessageQueuePut                        0x08003ded   Thumb Code   128  rtx_msgqueue.o(.text.osMessageQueuePut)
    osMutexAcquire                           0x08003e6d   Thumb Code    36  rtx_mutex.o(.text.osMutexAcquire)
    osMutexDelete                            0x08003e91   Thumb Code    36  rtx_mutex.o(.text.osMutexDelete)
    osMutexNew                               0x08003eb5   Thumb Code    56  rtx_mutex.o(.text.osMutexNew)
    osMutexRelease                           0x08003eed   Thumb Code    36  rtx_mutex.o(.text.osMutexRelease)
    osRtxEventFlagsPostProcess               0x08003f11   Thumb Code   160  rtx_evflags.o(.text.osRtxEventFlagsPostProcess)
    osRtxMemoryAlloc                         0x08003fb1   Thumb Code   118  rtx_memory.o(.text.osRtxMemoryAlloc)
    osRtxMemoryFree                          0x08004027   Thumb Code    74  rtx_memory.o(.text.osRtxMemoryFree)
    osRtxMemoryInit                          0x08004071   Thumb Code    54  rtx_memory.o(.text.osRtxMemoryInit)
    osRtxMemoryPoolAlloc                     0x080040a7   Thumb Code    54  rtx_mempool.o(.text.osRtxMemoryPoolAlloc)
    osRtxMemoryPoolFree                      0x080040dd   Thumb Code    62  rtx_mempool.o(.text.osRtxMemoryPoolFree)
    osRtxMemoryPoolInit                      0x0800411b   Thumb Code    68  rtx_mempool.o(.text.osRtxMemoryPoolInit)
    osRtxMutexOwnerRelease                   0x0800415f   Thumb Code    70  rtx_mutex.o(.text.osRtxMutexOwnerRelease)
    osRtxPendSV_Handler                      0x080041a5   Thumb Code   160  rtx_system.o(.text.osRtxPendSV_Handler)
    osRtxPostProcess                         0x08004245   Thumb Code   116  rtx_system.o(.text.osRtxPostProcess)
    osRtxSysTimerAckIRQ                      0x080042b9   Thumb Code    12  rtx_system.o(.text.osRtxSysTimerAckIRQ)
    osRtxSysTimerEnable                      0x080042c5   Thumb Code    12  rtx_system.o(.text.osRtxSysTimerEnable)
    osRtxSysTimerSetup                       0x080042d1   Thumb Code    56  rtx_system.o(.text.osRtxSysTimerSetup)
    osRtxThreadDelayTick                     0x08004309   Thumb Code   128  rtx_thread.o(.text.osRtxThreadDelayTick)
    osRtxThreadDispatch                      0x08004389   Thumb Code   300  rtx_thread.o(.text.osRtxThreadDispatch)
    osRtxThreadListGet                       0x080044b5   Thumb Code    24  rtx_thread.o(.text.osRtxThreadListGet)
    osRtxThreadListPut                       0x080044cd   Thumb Code    56  rtx_thread.o(.text.osRtxThreadListPut)
    osRtxThreadListRemove                    0x08004505   Thumb Code    24  rtx_thread.o(.text.osRtxThreadListRemove)
    osRtxThreadListSort                      0x0800451d   Thumb Code    92  rtx_thread.o(.text.osRtxThreadListSort)
    osRtxThreadPostProcess                   0x08004579   Thumb Code   264  rtx_thread.o(.text.osRtxThreadPostProcess)
    osRtxThreadReadyPut                      0x08004681   Thumb Code    72  rtx_thread.o(.text.osRtxThreadReadyPut)
    osRtxThreadRegPtr                        0x080046c9   Thumb Code     6  rtx_thread.o(.text.osRtxThreadRegPtr)
    osRtxThreadStackCheck                    0x080046d1   Thumb Code    44  rtx_thread.o(.text.osRtxThreadStackCheck)
    osRtxThreadSwitch                        0x080046fd   Thumb Code    20  rtx_thread.o(.text.osRtxThreadSwitch)
    osRtxThreadWaitEnter                     0x08004711   Thumb Code   232  rtx_thread.o(.text.osRtxThreadWaitEnter)
    osRtxThreadWaitExit                      0x080047f9   Thumb Code   168  rtx_thread.o(.text.osRtxThreadWaitExit)
    osRtxTick_Handler                        0x080048a1   Thumb Code   120  rtx_system.o(.text.osRtxTick_Handler)
    osRtxTimerTick                           0x08004919   Thumb Code   164  rtx_timer.o(.text.osRtxTimerTick)
    osThreadExit                             0x080049bd   Thumb Code    12  rtx_thread.o(.text.osThreadExit)
    osThreadGetId                            0x080049c9   Thumb Code    32  rtx_thread.o(.text.osThreadGetId)
    osThreadNew                              0x080049e9   Thumb Code    56  rtx_thread.o(.text.osThreadNew)
    osThreadSetPriority                      0x08004a21   Thumb Code    36  rtx_thread.o(.text.osThreadSetPriority)
    svcRtxDelay                              0x08004a45   Thumb Code    18  rtx_delay.o(.text.svcRtxDelay)
    svcRtxEventFlagsNew                      0x08004a59   Thumb Code   120  rtx_evflags.o(.text.svcRtxEventFlagsNew)
    svcRtxEventFlagsSet                      0x08004ad1   Thumb Code   272  rtx_evflags.o(.text.svcRtxEventFlagsSet)
    svcRtxEventFlagsWait                     0x08004be1   Thumb Code   240  rtx_evflags.o(.text.svcRtxEventFlagsWait)
    svcRtxKernelGetState                     0x08004cd1   Thumb Code    12  rtx_kernel.o(.text.svcRtxKernelGetState)
    svcRtxKernelInitialize                   0x08004cdd   Thumb Code   436  rtx_kernel.o(.text.svcRtxKernelInitialize)
    svcRtxKernelStart                        0x08004e91   Thumb Code   144  rtx_kernel.o(.text.svcRtxKernelStart)
    svcRtxMessageQueuePut                    0x08004f21   Thumb Code   308  rtx_msgqueue.o(.text.svcRtxMessageQueuePut)
    svcRtxMutexAcquire                       0x08005055   Thumb Code   164  rtx_mutex.o(.text.svcRtxMutexAcquire)
    svcRtxMutexDelete                        0x080050f9   Thumb Code   216  rtx_mutex.o(.text.svcRtxMutexDelete)
    svcRtxMutexNew                           0x080051d1   Thumb Code   120  rtx_mutex.o(.text.svcRtxMutexNew)
    svcRtxMutexRelease                       0x08005249   Thumb Code   204  rtx_mutex.o(.text.svcRtxMutexRelease)
    svcRtxThreadExit                         0x08005315   Thumb Code   340  rtx_thread.o(.text.svcRtxThreadExit)
    svcRtxThreadGetId                        0x08005469   Thumb Code    12  rtx_thread.o(.text.svcRtxThreadGetId)
    svcRtxThreadNew                          0x08005475   Thumb Code   584  rtx_thread.o(.text.svcRtxThreadNew)
    svcRtxThreadSetPriority                  0x080056bd   Thumb Code   280  rtx_thread.o(.text.svcRtxThreadSetPriority)
    __ARM_common_switch8                     0x080057d5   Thumb Code    28  modbus_func.o(i.__ARM_common_switch8)
    stCrcTable                               0x080057f0   Data         512  modbus.o(.constdata)
    stHoldingRegArray                        0x080059f8   Data          48  modbus_func.o(.constdata)
    sizeOfHoldingRegister                    0x08005a28   Data           2  modbus_func.o(.constdata)
    step_array_full                          0x08005a2c   Data           4  stepper_motor.o(.constdata)
    ucShift                                  0x08005a30   Data           2  stepper_motor.o(.constdata)
    ulStepperEn                              0x08005a34   Data           8  stepper_motor.o(.constdata)
    ulStepperMask                            0x08005a3c   Data           8  stepper_motor.o(.constdata)
    ulSwitchMask                             0x08005a44   Data           8  stepper_motor.o(.constdata)
    stepper_max_point                        0x08005a4c   Data           4  stepper_motor.o(.constdata)
    osRtxUserSVC                             0x08005ab0   Data           4  rtx_lib.o(.constdata)
    AHBPrescTable                            0x08005ab4   Data          16  system_stm32f0xx.o(.constdata)
    irqRtxLib                                0x08005ac4   Data           1  irq_cm0.o(.constdata)
    osRtxConfig                              0x08005ac8   Data         104  rtx_lib.o(.rodata)
    Region$$Table$$Base                      0x08005b3c   Number         0  anon$$obj.o(Region$$Table)
    Region$$Table$$Limit                     0x08005b5c   Number         0  anon$$obj.o(Region$$Table)
    mutex_I2C                                0x200014d0   Data           4  main.o(.data)
    event_general                            0x200014d4   Data           4  main.o(.data)
    stTempHum                                0x200014d8   Data           4  hdc1080.o(.data)
    stHDC1080Status                          0x200014dc   Data           1  hdc1080.o(.data)
    uiTimerHDC1080                           0x200014de   Data           2  hdc1080.o(.data)
    statusT                                  0x200014e0   Data           4  hdc1080.o(.data)
    uiWordQty                                0x200014e4   Data           2  modbus.o(.data)
    ulMfTmp                                  0x200014e8   Data           4  modbus_func.o(.data)
    uiMfTmp                                  0x200014ec   Data           2  modbus_func.o(.data)
    ptruInt                                  0x200014f0   Data           4  modbus_func.o(.data)
    uistMfTmp                                0x200014f4   Data           2  modbus_func.o(.data)
    ptruChar                                 0x200014f8   Data           4  modbus_func.o(.data)
    ulPar1                                   0x200014fc   Data           4  modbus_func.o(.data)
    active_motor                             0x20001500   Data           1  stepper_motor.o(.data)
    ulInputs                                 0x20001504   Data           4  gpio.o(.data)
    ulOutputs                                0x20001508   Data           4  gpio.o(.data)
    ulTmp                                    0x2000150c   Data           4  gpio.o(.data)
    uart1Tx                                  0x20001510   Data          66  uart.o(.data)
    uart1Flags                               0x20001552   Data           5  uart.o(.data)
    uiTmp                                    0x20001557   Data           1  uart.o(.data)
    uiTimerUart1                             0x20001558   Data           2  uart.o(.data)
    uart2Tx                                  0x2000155a   Data          66  uart.o(.data)
    uart2Flags                               0x2000159c   Data           5  uart.o(.data)
    uiTimerUart2                             0x200015a2   Data           2  uart.o(.data)
    ptr_i2c_tx                               0x200015a4   Data           4  i2c.o(.data)
    ptr_i2c_rx                               0x200015a8   Data           4  i2c.o(.data)
    i2c_msg_tx_s                             0x200015ac   Data           3  i2c.o(.data)
    i2c_status_s                             0x200015af   Data           1  i2c.o(.data)
    i2c_master_send_start_stop               0x200015b0   Data           1  i2c.o(.data)
    ulTempI2C                                0x200015b4   Data           4  i2c.o(.data)
    uiTimerI2C                               0x200015b8   Data           2  i2c.o(.data)
    irqRtxLibRef                             0x200015cc   Data           4  rtx_lib.o(.data)
    SystemCoreClock                          0x200015d4   Data           4  system_stm32f0xx.o(.data)
    osRtxInfo                                0x200015d8   Data         168  rtx_kernel.o(.data.os)
    sys_par                                  0x20001680   Data          10  pub_var.o(.bss)
    mbTxRxData                               0x2000168c   Data          12  modbus.o(.bss)
    motor_s                                  0x20001698   Data          16  stepper_motor.o(.bss)
    uart1Rx                                  0x200016a8   Data         136  uart.o(.bss)
    uart2Rx                                  0x20001730   Data         136  uart.o(.bss)
    i2c_tx_buf                               0x200017b8   Data          34  i2c.o(.bss)
    i2c_rx_buf                               0x200017da   Data          34  i2c.o(.bss)
    __libspace_start                         0x200017fc   Data          96  libspace.o(.bss)
    __temporary_stack_top$libspace           0x2000185c   Data           0  libspace.o(.bss)



==============================================================================

Memory Map of the image

  Image Entry point : 0x080000b5

  Load Region LR_IROM1 (Base: 0x08000000, Size: 0x000071dc, Max: 0x00010000, ABSOLUTE, COMPRESSED[0x00005bcc])

    Execution Region ER_IROM1 (Base: 0x08000000, Size: 0x00005b5c, Max: 0x00010000, ABSOLUTE)

    Base Addr    Size         Type   Attr      Idx    E Section Name        Object

    0x08000000   0x000000b4   Data   RO          680    RESET               startup_stm32f030x8.o
    0x080000b4   0x00000008   Code   RO         1250  * !!!main             c_p.l(__main.o)
    0x080000bc   0x0000003c   Code   RO         1430    !!!scatter          c_p.l(__scatter.o)
    0x080000f8   0x0000001c   Code   RO         1432    !!handler_zi        c_p.l(__scatter_zi.o)
    0x08000114   0x00000002   Code   RO         1235    .ARM.Collect$$_printf_percent$$00000000  c_p.l(_printf_percent.o)
    0x08000116   0x0000000a   Code   RO         1234    .ARM.Collect$$_printf_percent$$00000009  c_p.l(_printf_d.o)
    0x08000120   0x00000004   Code   RO         1263    .ARM.Collect$$_printf_percent$$00000017  c_p.l(_printf_percent_end.o)
    0x08000124   0x00000002   Code   RO         1297    .ARM.Collect$$libinit$$00000000  c_p.l(libinit.o)
    0x08000126   0x00000000   Code   RO         1311    .ARM.Collect$$libinit$$00000002  c_p.l(libinit2.o)
    0x08000126   0x00000000   Code   RO         1313    .ARM.Collect$$libinit$$00000004  c_p.l(libinit2.o)
    0x08000126   0x00000000   Code   RO         1316    .ARM.Collect$$libinit$$0000000A  c_p.l(libinit2.o)
    0x08000126   0x00000000   Code   RO         1318    .ARM.Collect$$libinit$$0000000C  c_p.l(libinit2.o)
    0x08000126   0x00000000   Code   RO         1320    .ARM.Collect$$libinit$$0000000E  c_p.l(libinit2.o)
    0x08000126   0x00000000   Code   RO         1323    .ARM.Collect$$libinit$$00000011  c_p.l(libinit2.o)
    0x08000126   0x00000000   Code   RO         1325    .ARM.Collect$$libinit$$00000013  c_p.l(libinit2.o)
    0x08000126   0x00000000   Code   RO         1327    .ARM.Collect$$libinit$$00000015  c_p.l(libinit2.o)
    0x08000126   0x00000000   Code   RO         1329    .ARM.Collect$$libinit$$00000017  c_p.l(libinit2.o)
    0x08000126   0x00000000   Code   RO         1331    .ARM.Collect$$libinit$$00000019  c_p.l(libinit2.o)
    0x08000126   0x00000000   Code   RO         1333    .ARM.Collect$$libinit$$0000001B  c_p.l(libinit2.o)
    0x08000126   0x00000000   Code   RO         1335    .ARM.Collect$$libinit$$0000001D  c_p.l(libinit2.o)
    0x08000126   0x00000000   Code   RO         1337    .ARM.Collect$$libinit$$0000001F  c_p.l(libinit2.o)
    0x08000126   0x00000000   Code   RO         1339    .ARM.Collect$$libinit$$00000021  c_p.l(libinit2.o)
    0x08000126   0x00000000   Code   RO         1341    .ARM.Collect$$libinit$$00000023  c_p.l(libinit2.o)
    0x08000126   0x00000000   Code   RO         1343    .ARM.Collect$$libinit$$00000025  c_p.l(libinit2.o)
    0x08000126   0x00000000   Code   RO         1347    .ARM.Collect$$libinit$$0000002C  c_p.l(libinit2.o)
    0x08000126   0x00000000   Code   RO         1349    .ARM.Collect$$libinit$$0000002E  c_p.l(libinit2.o)
    0x08000126   0x00000000   Code   RO         1351    .ARM.Collect$$libinit$$00000030  c_p.l(libinit2.o)
    0x08000126   0x00000000   Code   RO         1353    .ARM.Collect$$libinit$$00000032  c_p.l(libinit2.o)
    0x08000126   0x00000002   Code   RO         1354    .ARM.Collect$$libinit$$00000033  c_p.l(libinit2.o)
    0x08000128   0x00000002   Code   RO         1385    .ARM.Collect$$libshutdown$$00000000  c_p.l(libshutdown.o)
    0x0800012a   0x00000000   Code   RO         1411    .ARM.Collect$$libshutdown$$00000002  c_p.l(libshutdown2.o)
    0x0800012a   0x00000000   Code   RO         1413    .ARM.Collect$$libshutdown$$00000004  c_p.l(libshutdown2.o)
    0x0800012a   0x00000000   Code   RO         1416    .ARM.Collect$$libshutdown$$00000007  c_p.l(libshutdown2.o)
    0x0800012a   0x00000000   Code   RO         1419    .ARM.Collect$$libshutdown$$0000000A  c_p.l(libshutdown2.o)
    0x0800012a   0x00000000   Code   RO         1421    .ARM.Collect$$libshutdown$$0000000C  c_p.l(libshutdown2.o)
    0x0800012a   0x00000000   Code   RO         1424    .ARM.Collect$$libshutdown$$0000000F  c_p.l(libshutdown2.o)
    0x0800012a   0x00000002   Code   RO         1425    .ARM.Collect$$libshutdown$$00000010  c_p.l(libshutdown2.o)
    0x0800012c   0x00000000   Code   RO         1252    .ARM.Collect$$rtentry$$00000000  c_p.l(__rtentry.o)
    0x0800012c   0x00000000   Code   RO         1267    .ARM.Collect$$rtentry$$00000002  c_p.l(__rtentry2.o)
    0x0800012c   0x00000006   Code   RO         1279    .ARM.Collect$$rtentry$$00000004  c_p.l(__rtentry4.o)
    0x08000132   0x00000008   Code   RO         1268    .ARM.Collect$$rtentry$$00000008  c_p.l(__rtentry2.o)
    0x0800013a   0x00000004   Code   RO         1270    .ARM.Collect$$rtentry$$0000000A  c_p.l(__rtentry2.o)
    0x0800013e   0x00000000   Code   RO         1272    .ARM.Collect$$rtentry$$0000000C  c_p.l(__rtentry2.o)
    0x0800013e   0x00000008   Code   RO         1273    .ARM.Collect$$rtentry$$0000000D  c_p.l(__rtentry2.o)
    0x08000146   0x00000002   Code   RO         1302    .ARM.Collect$$rtexit$$00000000  c_p.l(rtexit.o)
    0x08000148   0x00000000   Code   RO         1358    .ARM.Collect$$rtexit$$00000002  c_p.l(rtexit2.o)
    0x08000148   0x00000004   Code   RO         1359    .ARM.Collect$$rtexit$$00000003  c_p.l(rtexit2.o)
    0x0800014c   0x00000006   Code   RO         1360    .ARM.Collect$$rtexit$$00000004  c_p.l(rtexit2.o)
    0x08000152   0x00000002   PAD
    0x08000154   0x00000038   Code   RO         1236    .emb_text           c_p.l(rt_memcpy.o)
    0x0800018c   0x000000ec   Code   RO            3    .text               main.o
    0x08000278   0x00000024   Code   RO          127    .text               pub_var.o
    0x0800029c   0x0000008e   Code   RO          145    .text               util.o
    0x0800032a   0x00000002   PAD
    0x0800032c   0x000002ec   Code   RO          162    .text               hdc1080.o
    0x08000618   0x000002dc   Code   RO          192    .text               modbus.o
    0x080008f4   0x00000278   Code   RO          251    .text               modbus_func.o
    0x08000b6c   0x00000394   Code   RO          284    .text               stepper_motor.o
    0x08000f00   0x000002fc   Code   RO          312    .text               hc0x_bluetooth.o
    0x080011fc   0x00000150   Code   RO          336    .text               gpio.o
    0x0800134c   0x00000758   Code   RO          362    .text               uart.o
    0x08001aa4   0x000003f8   Code   RO          389    .text               i2c.o
    0x08001e9c   0x00000140   Code   RO          419    .text               timer.o
    0x08001fdc   0x000002b4   Code   RO          446    .text               stm32f0xx_dma.o
    0x08002290   0x0000020c   Code   RO          478    .text               stm32f0xx_gpio.o
    0x0800249c   0x000000b4   Code   RO          504    .text               stm32f0xx_misc.o
    0x08002550   0x00000612   Code   RO          527    .text               stm32f0xx_usart.o
    0x08002b62   0x00000002   PAD
    0x08002b64   0x00000750   Code   RO          596    .text               stm32f0xx_rcc.o
    0x080032b4   0x000000f4   Code   RO          618    .text               rtx_lib.o
    0x080033a8   0x00000024   Code   RO          656    .text               rtx_config.o
    0x080033cc   0x00000038   Code   RO          681    .text               startup_stm32f030x8.o
    0x08003404   0x000001a8   Code   RO          687    .text               system_stm32f0xx.o
    0x080035ac   0x00000098   Code   RO         1007    .text               RTX_CM0.lib(irq_cm0.o)
    0x08003644   0x00000028   Code   RO         1208    .text               c_p.l(noretval__2sprintf.o)
    0x0800366c   0x0000006c   Code   RO         1210    .text               c_p.l(__printf.o)
    0x080036d8   0x0000006c   Code   RO         1212    .text               c_p.l(_printf_dec.o)
    0x08003744   0x00000082   Code   RO         1237    .text               c_p.l(rt_memcpy.o)
    0x080037c6   0x00000012   Code   RO         1240    .text               c_p.l(aeabi_memset4.o)
    0x080037d8   0x00000040   Code   RO         1242    .text               c_p.l(rt_memclr.o)
    0x08003818   0x000001e8   Code   RO         1244    .text               c_p.l(aeabi_sdivfast.o)
    0x08003a00   0x00000006   Code   RO         1248    .text               c_p.l(heapauxi.o)
    0x08003a06   0x000000b0   Code   RO         1257    .text               c_p.l(_printf_intcommon.o)
    0x08003ab6   0x00000002   PAD
    0x08003ab8   0x00000030   Code   RO         1259    .text               c_p.l(_printf_char_common.o)
    0x08003ae8   0x0000000a   Code   RO         1261    .text               c_p.l(_sputc.o)
    0x08003af2   0x00000028   Code   RO         1264    .text               c_p.l(rtudiv10.o)
    0x08003b1a   0x0000003e   Code   RO         1285    .text               c_p.l(sys_stackheap_outer.o)
    0x08003b58   0x00000010   Code   RO         1288    .text               c_p.l(exit.o)
    0x08003b68   0x00000008   Code   RO         1298    .text               c_p.l(libspace.o)
    0x08003b70   0x0000000c   Code   RO         1355    .text               c_p.l(sys_exit.o)
    0x08003b7c   0x00000002   Code   RO         1374    .text               c_p.l(use_no_semi.o)
    0x08003b7e   0x00000000   Code   RO         1376    .text               c_p.l(indicate_semi.o)
    0x08003b7e   0x00000056   Code   RO         1428    .text               c_p.l(__dczerorl2.o)
    0x08003bd4   0x00000024   Code   RO          914    .text.osDelay       RTX_CM0.lib(rtx_delay.o)
    0x08003bf8   0x00000038   Code   RO          945    .text.osEventFlagsNew  RTX_CM0.lib(rtx_evflags.o)
    0x08003c30   0x00000058   Code   RO          949    .text.osEventFlagsSet  RTX_CM0.lib(rtx_evflags.o)
    0x08003c88   0x000000c0   Code   RO          955    .text.osEventFlagsWait  RTX_CM0.lib(rtx_evflags.o)
    0x08003d48   0x00000034   Code   RO          743    .text.osKernelGetState  RTX_CM0.lib(rtx_kernel.o)
    0x08003d7c   0x00000038   Code   RO          739    .text.osKernelInitialize  RTX_CM0.lib(rtx_kernel.o)
    0x08003db4   0x00000038   Code   RO          745    .text.osKernelStart  RTX_CM0.lib(rtx_kernel.o)
    0x08003dec   0x00000080   Code   RO         1178    .text.osMessageQueuePut  RTX_CM0.lib(rtx_msgqueue.o)
    0x08003e6c   0x00000024   Code   RO          988    .text.osMutexAcquire  RTX_CM0.lib(rtx_mutex.o)
    0x08003e90   0x00000024   Code   RO          994    .text.osMutexDelete  RTX_CM0.lib(rtx_mutex.o)
    0x08003eb4   0x00000038   Code   RO          984    .text.osMutexNew    RTX_CM0.lib(rtx_mutex.o)
    0x08003eec   0x00000024   Code   RO          990    .text.osMutexRelease  RTX_CM0.lib(rtx_mutex.o)
    0x08003f10   0x000000a0   Code   RO          929    .text.osRtxEventFlagsPostProcess  RTX_CM0.lib(rtx_evflags.o)
    0x08003fb0   0x00000076   Code   RO         1053    .text.osRtxMemoryAlloc  RTX_CM0.lib(rtx_memory.o)
    0x08004026   0x0000004a   Code   RO         1055    .text.osRtxMemoryFree  RTX_CM0.lib(rtx_memory.o)
    0x08004070   0x00000036   Code   RO         1051    .text.osRtxMemoryInit  RTX_CM0.lib(rtx_memory.o)
    0x080040a6   0x00000036   Code   RO         1070    .text.osRtxMemoryPoolAlloc  RTX_CM0.lib(rtx_mempool.o)
    0x080040dc   0x0000003e   Code   RO         1072    .text.osRtxMemoryPoolFree  RTX_CM0.lib(rtx_mempool.o)
    0x0800411a   0x00000044   Code   RO         1068    .text.osRtxMemoryPoolInit  RTX_CM0.lib(rtx_mempool.o)
    0x0800415e   0x00000046   Code   RO          970    .text.osRtxMutexOwnerRelease  RTX_CM0.lib(rtx_mutex.o)
    0x080041a4   0x000000a0   Code   RO         1127    .text.osRtxPendSV_Handler  RTX_CM0.lib(rtx_system.o)
    0x08004244   0x00000074   Code   RO         1129    .text.osRtxPostProcess  RTX_CM0.lib(rtx_system.o)
    0x080042b8   0x0000000c   Code   RO         1125    .text.osRtxSysTimerAckIRQ  RTX_CM0.lib(rtx_system.o)
    0x080042c4   0x0000000c   Code   RO         1133    .text.osRtxSysTimerEnable  RTX_CM0.lib(rtx_system.o)
    0x080042d0   0x00000038   Code   RO         1131    .text.osRtxSysTimerSetup  RTX_CM0.lib(rtx_system.o)
    0x08004308   0x00000080   Code   RO          797    .text.osRtxThreadDelayTick  RTX_CM0.lib(rtx_thread.o)
    0x08004388   0x0000012c   Code   RO          807    .text.osRtxThreadDispatch  RTX_CM0.lib(rtx_thread.o)
    0x080044b4   0x00000018   Code   RO          781    .text.osRtxThreadListGet  RTX_CM0.lib(rtx_thread.o)
    0x080044cc   0x00000038   Code   RO          779    .text.osRtxThreadListPut  RTX_CM0.lib(rtx_thread.o)
    0x08004504   0x00000018   Code   RO          787    .text.osRtxThreadListRemove  RTX_CM0.lib(rtx_thread.o)
    0x0800451c   0x0000005c   Code   RO          785    .text.osRtxThreadListSort  RTX_CM0.lib(rtx_thread.o)
    0x08004578   0x00000108   Code   RO          813    .text.osRtxThreadPostProcess  RTX_CM0.lib(rtx_thread.o)
    0x08004680   0x00000048   Code   RO          791    .text.osRtxThreadReadyPut  RTX_CM0.lib(rtx_thread.o)
    0x080046c8   0x00000006   Code   RO          799    .text.osRtxThreadRegPtr  RTX_CM0.lib(rtx_thread.o)
    0x080046ce   0x00000002   PAD
    0x080046d0   0x0000002c   Code   RO          805    .text.osRtxThreadStackCheck  RTX_CM0.lib(rtx_thread.o)
    0x080046fc   0x00000014   Code   RO          803    .text.osRtxThreadSwitch  RTX_CM0.lib(rtx_thread.o)
    0x08004710   0x000000e8   Code   RO          811    .text.osRtxThreadWaitEnter  RTX_CM0.lib(rtx_thread.o)
    0x080047f8   0x000000a8   Code   RO          809    .text.osRtxThreadWaitExit  RTX_CM0.lib(rtx_thread.o)
    0x080048a0   0x00000078   Code   RO         1123    .text.osRtxTick_Handler  RTX_CM0.lib(rtx_system.o)
    0x08004918   0x000000a4   Code   RO         1012    .text.osRtxTimerTick  RTX_CM0.lib(rtx_timer.o)
    0x080049bc   0x0000000c   Code   RO          817    .text.osThreadExit  RTX_CM0.lib(rtx_thread.o)
    0x080049c8   0x00000020   Code   RO          863    .text.osThreadGetId  RTX_CM0.lib(rtx_thread.o)
    0x080049e8   0x00000038   Code   RO          859    .text.osThreadNew   RTX_CM0.lib(rtx_thread.o)
    0x08004a20   0x00000024   Code   RO          871    .text.osThreadSetPriority  RTX_CM0.lib(rtx_thread.o)
    0x08004a44   0x00000012   Code   RO          910    .text.svcRtxDelay   RTX_CM0.lib(rtx_delay.o)
    0x08004a56   0x00000002   PAD
    0x08004a58   0x00000078   Code   RO          931    .text.svcRtxEventFlagsNew  RTX_CM0.lib(rtx_evflags.o)
    0x08004ad0   0x00000110   Code   RO          935    .text.svcRtxEventFlagsSet  RTX_CM0.lib(rtx_evflags.o)
    0x08004be0   0x000000f0   Code   RO          941    .text.svcRtxEventFlagsWait  RTX_CM0.lib(rtx_evflags.o)
    0x08004cd0   0x0000000c   Code   RO          717    .text.svcRtxKernelGetState  RTX_CM0.lib(rtx_kernel.o)
    0x08004cdc   0x000001b4   Code   RO          713    .text.svcRtxKernelInitialize  RTX_CM0.lib(rtx_kernel.o)
    0x08004e90   0x00000090   Code   RO          719    .text.svcRtxKernelStart  RTX_CM0.lib(rtx_kernel.o)
    0x08004f20   0x00000134   Code   RO         1158    .text.svcRtxMessageQueuePut  RTX_CM0.lib(rtx_msgqueue.o)
    0x08005054   0x000000a4   Code   RO          976    .text.svcRtxMutexAcquire  RTX_CM0.lib(rtx_mutex.o)
    0x080050f8   0x000000d8   Code   RO          982    .text.svcRtxMutexDelete  RTX_CM0.lib(rtx_mutex.o)
    0x080051d0   0x00000078   Code   RO          972    .text.svcRtxMutexNew  RTX_CM0.lib(rtx_mutex.o)
    0x08005248   0x000000cc   Code   RO          978    .text.svcRtxMutexRelease  RTX_CM0.lib(rtx_mutex.o)
    0x08005314   0x00000154   Code   RO          843    .text.svcRtxThreadExit  RTX_CM0.lib(rtx_thread.o)
    0x08005468   0x0000000c   Code   RO          821    .text.svcRtxThreadGetId  RTX_CM0.lib(rtx_thread.o)
    0x08005474   0x00000248   Code   RO          815    .text.svcRtxThreadNew  RTX_CM0.lib(rtx_thread.o)
    0x080056bc   0x00000118   Code   RO          829    .text.svcRtxThreadSetPriority  RTX_CM0.lib(rtx_thread.o)
    0x080057d4   0x0000001c   Code   RO          270    i.__ARM_common_switch8  modbus_func.o
    0x080057f0   0x00000206   Data   RO          194    .constdata          modbus.o
    0x080059f6   0x00000002   PAD
    0x080059f8   0x00000032   Data   RO          252    .constdata          modbus_func.o
    0x08005a2a   0x00000002   PAD
    0x08005a2c   0x00000024   Data   RO          286    .constdata          stepper_motor.o
    0x08005a50   0x00000064   Data   RO          624    .constdata          rtx_lib.o
    0x08005ab4   0x00000010   Data   RO          688    .constdata          system_stm32f0xx.o
    0x08005ac4   0x00000001   Data   RO         1006    .constdata          RTX_CM0.lib(irq_cm0.o)
    0x08005ac5   0x00000003   PAD
    0x08005ac8   0x00000068   Data   RO          626    .rodata             rtx_lib.o
    0x08005b30   0x0000000b   Data   RO          765    .rodata.str1.4      RTX_CM0.lib(rtx_kernel.o)
    0x08005b3b   0x00000001   PAD
    0x08005b3c   0x00000020   Data   RO         1426    Region$$Table       anon$$obj.o


    Execution Region RW_IRAM1 (Base: 0x20000000, Size: 0x00001f60, Max: 0x00002000, ABSOLUTE, COMPRESSED[0x00000070])

    Base Addr    Size         Type   Attr      Idx    E Section Name        Object

    0x20000000   0x00001230   Data   RW          619    .bss.os             rtx_lib.o
    0x20001230   0x00000034   Data   RW          620    .bss.os.msgqueue.cb  rtx_lib.o
    0x20001264   0x00000050   Data   RW          621    .bss.os.msgqueue.mem  rtx_lib.o
    0x200012b4   0x00000088   Data   RW          622    .bss.os.thread.cb   rtx_lib.o
    0x2000133c   0x00000004   PAD
    0x20001340   0x00000190   Data   RW          623    .bss.os.thread.stack  rtx_lib.o
    0x200014d0   0x00000008   Data   RW            4    .data               main.o
    0x200014d8   0x0000000c   Data   RW          163    .data               hdc1080.o
    0x200014e4   0x00000002   Data   RW          195    .data               modbus.o
    0x200014e6   0x00000002   PAD
    0x200014e8   0x00000018   Data   RW          253    .data               modbus_func.o
    0x20001500   0x00000001   Data   RW          287    .data               stepper_motor.o
    0x20001501   0x00000003   PAD
    0x20001504   0x0000000c   Data   RW          337    .data               gpio.o
    0x20001510   0x00000094   Data   RW          364    .data               uart.o
    0x200015a4   0x00000016   Data   RW          391    .data               i2c.o
    0x200015ba   0x00000010   Data   RW          597    .data               stm32f0xx_rcc.o
    0x200015ca   0x00000002   PAD
    0x200015cc   0x00000005   Data   RW          625    .data               rtx_lib.o
    0x200015d1   0x00000003   PAD
    0x200015d4   0x00000004   Data   RW          689    .data               system_stm32f0xx.o
    0x200015d8   0x000000a8   Data   RW          766    .data.os            RTX_CM0.lib(rtx_kernel.o)
    0x20001680   0x0000000a   Zero   RW          128    .bss                pub_var.o
    0x2000168a   0x00000002   PAD
    0x2000168c   0x0000000c   Zero   RW          193    .bss                modbus.o
    0x20001698   0x00000010   Zero   RW          285    .bss                stepper_motor.o
    0x200016a8   0x00000110   Zero   RW          363    .bss                uart.o
    0x200017b8   0x00000044   Zero   RW          390    .bss                i2c.o
    0x200017fc   0x00000060   Zero   RW         1299    .bss                c_p.l(libspace.o)
    0x2000185c   0x00000004   PAD
    0x20001860   0x00000200   Zero   RW          679    HEAP                startup_stm32f030x8.o
    0x20001a60   0x00000500   Zero   RW          678    STACK               startup_stm32f030x8.o


==============================================================================

Image component sizes


      Code (inc. data)   RO Data    RW Data    ZI Data      Debug   Object Name

       336         28          0         12          0       1180   gpio.o
       764        206          0          0          0       1566   hc0x_bluetooth.o
       748         42          0         12          0       3255   hdc1080.o
      1016         64          0         22         68      10386   i2c.o
       236         40          0          8          0     209570   main.o
       732         20        518          2         12       8989   modbus.o
       660         42         50         24          0       3123   modbus_func.o
        36          6          0          0         10        618   pub_var.o
        36          8          0          0          0        647   rtx_config.o
       244         18        204       5329          0       9898   rtx_lib.o
        56         26        180          0       1792        644   startup_stm32f030x8.o
       916         46         36          1         16       2669   stepper_motor.o
       692         18          0          0          0     189542   stm32f0xx_dma.o
       524         26          0          0          0      20909   stm32f0xx_gpio.o
       180         14          0          0          0       2136   stm32f0xx_misc.o
      1872         52          0         16          0       9048   stm32f0xx_rcc.o
      1554         40          0          0          0      21450   stm32f0xx_usart.o
       424         38         16          4          0       1503   system_stm32f0xx.o
       320         36          0          0          0        929   timer.o
      1880        104          0        148        272       5851   uart.o
       142          0          0          0          0       1711   util.o

    ----------------------------------------------------------------------
     13372        874       1040       5592       2172     505624   Object Totals
         0          0         32          0          0          0   (incl. Generated)
         4          0          4         14          2          0   (incl. Padding)

    ----------------------------------------------------------------------

      Code (inc. data)   RO Data    RW Data    ZI Data      Debug   Library Member Name

       152         10          1          0          0        500   irq_cm0.o
        54          4          0          0          0       2752   rtx_delay.o
      1128         24          0          0          0      13117   rtx_evflags.o
       756         52         11        168          0      16970   rtx_kernel.o
       246          0          0          0          0       2071   rtx_memory.o
       184          0          0          0          0      15766   rtx_mempool.o
       436          8          0          0          0      18819   rtx_msgqueue.o
       938         32          0          0          0       8607   rtx_mutex.o
       476         68          0          0          0       7480   rtx_system.o
      2782         84          0          0          0      39176   rtx_thread.o
       164          4          0          0          0       8403   rtx_timer.o
        86          0          0          0          0          0   __dczerorl2.o
         8          0          0          0          0         68   __main.o
       108          0          0          0          0         76   __printf.o
         0          0          0          0          0          0   __rtentry.o
        20          0          0          0          0          0   __rtentry2.o
         6          0          0          0          0          0   __rtentry4.o
        60          8          0          0          0          0   __scatter.o
        28          0          0          0          0          0   __scatter_zi.o
        48          6          0          0          0         88   _printf_char_common.o
        10          0          0          0          0          0   _printf_d.o
       108         18          0          0          0         76   _printf_dec.o
       176          0          0          0          0         84   _printf_intcommon.o
         2          0          0          0          0          0   _printf_percent.o
         4          0          0          0          0          0   _printf_percent_end.o
        10          0          0          0          0         60   _sputc.o
        18          0          0          0          0         68   aeabi_memset4.o
       488          0          0          0          0         92   aeabi_sdivfast.o
        16          0          0          0          0         68   exit.o
         6          0          0          0          0        136   heapauxi.o
         0          0          0          0          0          0   indicate_semi.o
         2          0          0          0          0          0   libinit.o
         2          0          0          0          0          0   libinit2.o
         2          0          0          0          0          0   libshutdown.o
         2          0          0          0          0          0   libshutdown2.o
         8          4          0          0         96         68   libspace.o
        40          4          0          0          0         84   noretval__2sprintf.o
        64          0          0          0          0        108   rt_memclr.o
       186          0          0          0          0        144   rt_memcpy.o
         2          0          0          0          0          0   rtexit.o
        10          0          0          0          0          0   rtexit2.o
        40          0          0          0          0         60   rtudiv10.o
        12          4          0          0          0         60   sys_exit.o
        62          0          0          0          0         80   sys_stackheap_outer.o
         2          0          0          0          0         68   use_no_semi.o

    ----------------------------------------------------------------------
      8960        330         16        168        100     135149   Library Totals
         8          0          4          0          4          0   (incl. Padding)

    ----------------------------------------------------------------------

      Code (inc. data)   RO Data    RW Data    ZI Data      Debug   Library Name

      7316        286         12        168          0     133661   RTX_CM0.lib
      1636         44          0          0         96       1488   c_p.l

    ----------------------------------------------------------------------
      8960        330         16        168        100     135149   Library Totals

    ----------------------------------------------------------------------

==============================================================================


      Code (inc. data)   RO Data    RW Data    ZI Data      Debug   

     22332       1204       1056       5760       2272     638493   Grand Totals
     22332       1204       1056        112       2272     638493   ELF Image Totals (compressed)
     22332       1204       1056        112          0          0   ROM Totals

==============================================================================

    Total RO  Size (Code + RO Data)                23388 (  22.84kB)
    Total RW  Size (RW Data + ZI Data)              8032 (   7.84kB)
    Total ROM Size (Code + RO Data + RW Data)      23500 (  22.95kB)

==============================================================================

