Archive member included to satisfy reference by file (symbol)

c:/program files (x86)/gnu tools arm embedded/5.4 2016q3/bin/../lib/gcc/arm-none-eabi/5.4.1/armv6-m\libgcc.a(_udivsi3.o)
                              ..\obj\stm32f0xx_rcc.o (__aeabi_uidiv)
c:/program files (x86)/gnu tools arm embedded/5.4 2016q3/bin/../lib/gcc/arm-none-eabi/5.4.1/armv6-m\libgcc.a(_divsi3.o)
                              ..\obj\time.o (__aeabi_idiv)
c:/program files (x86)/gnu tools arm embedded/5.4 2016q3/bin/../lib/gcc/arm-none-eabi/5.4.1/armv6-m\libgcc.a(_dvmd_tls.o)
                              c:/program files (x86)/gnu tools arm embedded/5.4 2016q3/bin/../lib/gcc/arm-none-eabi/5.4.1/armv6-m\libgcc.a(_udivsi3.o) (__aeabi_idiv0)
c:/program files (x86)/gnu tools arm embedded/5.4 2016q3/bin/../lib/gcc/arm-none-eabi/5.4.1/../../../../arm-none-eabi/lib/armv6-m\libg.a(lib_a-exit.o)
                              c:/program files (x86)/gnu tools arm embedded/5.4 2016q3/bin/../lib/gcc/arm-none-eabi/5.4.1/../../../../arm-none-eabi/lib/armv6-m/crt0.o (exit)
c:/program files (x86)/gnu tools arm embedded/5.4 2016q3/bin/../lib/gcc/arm-none-eabi/5.4.1/../../../../arm-none-eabi/lib/armv6-m\libg.a(lib_a-impure.o)
                              c:/program files (x86)/gnu tools arm embedded/5.4 2016q3/bin/../lib/gcc/arm-none-eabi/5.4.1/../../../../arm-none-eabi/lib/armv6-m\libg.a(lib_a-exit.o) (_global_impure_ptr)
c:/program files (x86)/gnu tools arm embedded/5.4 2016q3/bin/../lib/gcc/arm-none-eabi/5.4.1/../../../../arm-none-eabi/lib/armv6-m\libg.a(lib_a-init.o)
                              c:/program files (x86)/gnu tools arm embedded/5.4 2016q3/bin/../lib/gcc/arm-none-eabi/5.4.1/../../../../arm-none-eabi/lib/armv6-m/crt0.o (__libc_init_array)
c:/program files (x86)/gnu tools arm embedded/5.4 2016q3/bin/../lib/gcc/arm-none-eabi/5.4.1/../../../../arm-none-eabi/lib/armv6-m\libg.a(lib_a-memset.o)
                              c:/program files (x86)/gnu tools arm embedded/5.4 2016q3/bin/../lib/gcc/arm-none-eabi/5.4.1/../../../../arm-none-eabi/lib/armv6-m/crt0.o (memset)
c:/program files (x86)/gnu tools arm embedded/5.4 2016q3/bin/../lib/gcc/arm-none-eabi/5.4.1/../../../../arm-none-eabi/lib/armv6-m\libg.a(lib_a-sprintf.o)
                              ..\obj\main.o (sprintf)
c:/program files (x86)/gnu tools arm embedded/5.4 2016q3/bin/../lib/gcc/arm-none-eabi/5.4.1/../../../../arm-none-eabi/lib/armv6-m\libg.a(lib_a-svfprintf.o)
                              c:/program files (x86)/gnu tools arm embedded/5.4 2016q3/bin/../lib/gcc/arm-none-eabi/5.4.1/../../../../arm-none-eabi/lib/armv6-m\libg.a(lib_a-sprintf.o) (_svfprintf_r)
c:/program files (x86)/gnu tools arm embedded/5.4 2016q3/bin/../lib/gcc/arm-none-eabi/5.4.1/../../../../arm-none-eabi/lib/armv6-m\libg.a(lib_a-__call_atexit.o)
                              c:/program files (x86)/gnu tools arm embedded/5.4 2016q3/bin/../lib/gcc/arm-none-eabi/5.4.1/../../../../arm-none-eabi/lib/armv6-m\libg.a(lib_a-exit.o) (__call_exitprocs)
c:/program files (x86)/gnu tools arm embedded/5.4 2016q3/bin/../lib/gcc/arm-none-eabi/5.4.1/../../../../arm-none-eabi/lib/armv6-m\libg.a(lib_a-atexit.o)
                              c:/program files (x86)/gnu tools arm embedded/5.4 2016q3/bin/../lib/gcc/arm-none-eabi/5.4.1/../../../../arm-none-eabi/lib/armv6-m\libg.a(lib_a-__call_atexit.o) (atexit)
c:/program files (x86)/gnu tools arm embedded/5.4 2016q3/bin/../lib/gcc/arm-none-eabi/5.4.1/../../../../arm-none-eabi/lib/armv6-m\libg.a(lib_a-dtoa.o)
                              c:/program files (x86)/gnu tools arm embedded/5.4 2016q3/bin/../lib/gcc/arm-none-eabi/5.4.1/../../../../arm-none-eabi/lib/armv6-m\libg.a(lib_a-svfprintf.o) (_dtoa_r)
c:/program files (x86)/gnu tools arm embedded/5.4 2016q3/bin/../lib/gcc/arm-none-eabi/5.4.1/../../../../arm-none-eabi/lib/armv6-m\libg.a(lib_a-fini.o)
                              c:/program files (x86)/gnu tools arm embedded/5.4 2016q3/bin/../lib/gcc/arm-none-eabi/5.4.1/../../../../arm-none-eabi/lib/armv6-m\libg.a(lib_a-__call_atexit.o) (__libc_fini_array)
c:/program files (x86)/gnu tools arm embedded/5.4 2016q3/bin/../lib/gcc/arm-none-eabi/5.4.1/../../../../arm-none-eabi/lib/armv6-m\libg.a(lib_a-localeconv.o)
                              c:/program files (x86)/gnu tools arm embedded/5.4 2016q3/bin/../lib/gcc/arm-none-eabi/5.4.1/../../../../arm-none-eabi/lib/armv6-m\libg.a(lib_a-svfprintf.o) (_localeconv_r)
c:/program files (x86)/gnu tools arm embedded/5.4 2016q3/bin/../lib/gcc/arm-none-eabi/5.4.1/../../../../arm-none-eabi/lib/armv6-m\libg.a(lib_a-mallocr.o)
                              c:/program files (x86)/gnu tools arm embedded/5.4 2016q3/bin/../lib/gcc/arm-none-eabi/5.4.1/../../../../arm-none-eabi/lib/armv6-m\libg.a(lib_a-svfprintf.o) (_malloc_r)
c:/program files (x86)/gnu tools arm embedded/5.4 2016q3/bin/../lib/gcc/arm-none-eabi/5.4.1/../../../../arm-none-eabi/lib/armv6-m\libg.a(lib_a-memchr-stub.o)
[...]
Memory Configuration

Name             Origin             Length             Attributes
rom              0x08000000         0x00010000         xr
ram              0x20000000         0x00002000         xrw
*default*        0x00000000         0xffffffff

Linker script and memory map

LOAD c:/program files (x86)/gnu tools arm embedded/5.4 2016q3/bin/../lib/gcc/arm-none-eabi/5.4.1/armv6-m/crti.o
LOAD c:/program files (x86)/gnu tools arm embedded/5.4 2016q3/bin/../lib/gcc/arm-none-eabi/5.4.1/armv6-m/crtbegin.o
LOAD c:/program files (x86)/gnu tools arm embedded/5.4 2016q3/bin/../lib/gcc/arm-none-eabi/5.4.1/../../../../arm-none-eabi/lib/armv6-m/crt0.o
                0x20002000                _eram = 0x20002000

.text           0x08000000     0xbd3c
 *(.isr_vector)
 .isr_vector    0x08000000       0xc4 ..\obj\startup_stm32f0xx.o
                0x08000000                g_pfnVectors
 *(.text*)
 .text          0x080000c4       0x60 c:/program files (x86)/gnu tools arm embedded/5.4 2016q3/bin/../lib/gcc/arm-none-eabi/5.4.1/armv6-m/crtbegin.o
 .text          0x08000124      0x24c ..\obj\mbox.o
                0x08000124                CoCreateMbox
                0x08000140                CoDelMbox
                0x08000168                CoAcceptMail
                0x080001c0                CoPendMail
                0x080002c0                CoPostMail
                0x08000308                isr_PostMail
 .text          0x08000370      0x24c ..\obj\i2c.o
                0x08000370                I2C1_IRQHandler
                0x080004bc                initI2C
                0x08000538                i2c_master_process
 .text          0x080005bc        0x8 ..\obj\util.o
                0x080005bc                wordEndianer
 .text          0x080005c4      0x398 ..\obj\uart.o
                0x080005c4                USART1_IRQHandler
                0x0800064c                initUart1
                0x080006bc                DMA1_Channel2_3_IRQHandler
                0x080006f8                uart1NvicConfig
                0x08000724                initUartDma
                0x080007e4                uart1TxCmd
                0x0800084c                task_Uart1
 .text          0x0800095c      0x778 ..\obj\flag.o
                0x0800095c                CoCreateFlag
                0x080009b0                CoDelFlag
                0x08000b18                CoAcceptSingleFlag
                0x08000b5c                CoAcceptMultipleFlags
                0x08000bd0                CoWaitForSingleFlag
                0x08000cc4                CoWaitForMultipleFlags
                0x08000e08                CoClearFlag
                0x08000e2c                CoSetFlag
                0x08000f50                isr_SetFlag
                0x08001098                RemoveLinkNode
 .text          0x080010d4       0x4c ..\obj\syscalls.o
                0x080010d4                _sbrk
                0x080010f0                link
                0x080010f8                _close
                0x08001100                _fstat
                0x0800110c                _isatty
                0x08001110                _lseek
                0x08001114                _read
                0x08001118                _write
                0x0800111c                abort
 .text          0x08001120      0x1a8 ..\obj\core.o
                0x08001120                CoEnterISR
                0x08001130                CoExitISR
                0x08001164                OsSchedUnlock
                0x080011a0                CoSchedLock
                0x080011b0                CoSchedUnlock
                0x080011ec                CoInitOS
                0x08001264                CoStartOS
                0x080012c0                CoGetOSVersion
 .text          0x080012c8       0x94 ..\obj\arch.o
                0x080012c8                InitTaskContext
                0x080012e4                SysTick_Handler
 .text          0x0800135c       0xf8 ..\obj\serviceReq.o
                0x0800135c                InsertInSRQ
                0x080013a4                RespondSRQ
 .text          0x08001454       0xb0 ..\obj\timer.o
                0x08001454                TIM6_DAC_IRQHandler
                0x080014a8                initTimers
 .text          0x08001504      0x660 ..\obj\stm32f0xx_rcc.o
                0x08001504                RCC_DeInit
                0x08001564                RCC_HSEConfig
                0x08001574                RCC_WaitForHSEStartUp
                0x080015b0                RCC_AdjustHSICalibrationValue
                0x080015c4                RCC_HSICmd
                0x080015e4                RCC_AdjustHSI14CalibrationValue
                0x080015f8                RCC_HSI14Cmd
                0x08001618                RCC_HSI14ADCRequestCmd
                0x08001638                RCC_LSEConfig
                0x08001658                RCC_LSEDriveConfig
                0x08001670                RCC_LSICmd
                0x08001690                RCC_PLLConfig
                0x080016b0                RCC_PLLCmd
                0x080016d4                RCC_HSI48Cmd
                0x080016f8                RCC_PREDIV1Config
                0x0800170c                RCC_ClockSecuritySystemCmd
                0x08001730                RCC_MCOConfig
                0x08001748                RCC_SYSCLKConfig
                0x0800175c                RCC_GetSYSCLKSource
                0x0800176c                RCC_HCLKConfig
                0x08001780                RCC_PCLKConfig
                0x08001798                RCC_ADCCLKConfig
                0x080017cc                RCC_CECCLKConfig
                0x080017e4                RCC_I2CCLKConfig
                0x080017fc                RCC_USARTCLKConfig
                0x08001838                RCC_USBCLKConfig
                0x08001850                RCC_GetClocksFreq
                0x080019e0                RCC_RTCCLKConfig
                0x080019f0                RCC_RTCCLKCmd
                0x08001a14                RCC_BackupResetCmd
                0x08001a38                RCC_AHBPeriphClockCmd
                0x08001a54                RCC_APB2PeriphClockCmd
                0x08001a70                RCC_APB1PeriphClockCmd
                0x08001a8c                RCC_AHBPeriphResetCmd
                0x08001aa8                RCC_APB2PeriphResetCmd
                0x08001ac4                RCC_APB1PeriphResetCmd
                0x08001ae0                RCC_ITConfig
                0x08001afc                RCC_GetFlagStatus
                0x08001b30                RCC_ClearFlag
                0x08001b44                RCC_GetITStatus
                0x08001b58                RCC_ClearITPendingBit
 .text.Reset_Handler
                0x08001b64       0x4c ..\obj\startup_stm32f0xx.o
                0x08001b64                Reset_Handler
 .text.Default_Handler
                0x08001bb0        0x2 ..\obj\startup_stm32f0xx.o
                0x08001bb0                TIM1_CC_IRQHandler
                0x08001bb0                HardFault_Handler
                0x08001bb0                ADC1_COMP_IRQHandler
                0x08001bb0                PVD_IRQHandler
                0x08001bb0                NMI_Handler
                0x08001bb0                SPI1_IRQHandler
                0x08001bb0                EXTI2_3_IRQHandler
                0x08001bb0                I2C2_IRQHandler
                0x08001bb0                TIM17_IRQHandler
                0x08001bb0                RTC_IRQHandler
                0x08001bb0                TIM16_IRQHandler
                0x08001bb0                TIM3_IRQHandler
                0x08001bb0                EXTI4_15_IRQHandler
                0x08001bb0                RCC_IRQHandler
                0x08001bb0                DMA1_Channel1_IRQHandler
                0x08001bb0                Default_Handler
                0x08001bb0                CEC_IRQHandler
                0x08001bb0                TIM14_IRQHandler
                0x08001bb0                DMA1_Channel4_5_IRQHandler
                0x08001bb0                TIM15_IRQHandler
                0x08001bb0                EXTI0_1_IRQHandler
                0x08001bb0                SPI2_IRQHandler
                0x08001bb0                SVC_Handler
                0x08001bb0                TS_IRQHandler
                0x08001bb0                WWDG_IRQHandler
                0x08001bb0                TIM2_IRQHandler
                0x08001bb0                USART2_IRQHandler
                0x08001bb0                FLASH_IRQHandler
                0x08001bb0                TIM1_BRK_UP_TRG_COM_IRQHandler
 *fill*         0x08001bb2        0x2 
 .text          0x08001bb4      0x838 ..\obj\task.o
                0x08001bb4                CreateTCBList
                0x08001c20                InsertToTCBRdyList
                0x08001cc4                RemoveFromTCBRdyList
                0x08001cfc                CoSetPriority
                0x08001e78                Schedule
                0x08001fb0                CreateTask
                0x08002090                CoDelTask
                0x080021b8                CoExitTask
                0x080022e4                CoGetCurTaskID
                0x080022f0                CoSuspendTask
                0x0800238c                CoAwakeTask
 .text          0x080023ec      0x204 ..\obj\sem.o
                0x080023ec                CoCreateSem
                0x08002418                CoDelSem
                0x08002440                CoAcceptSem
                0x08002488                CoPendSem
                0x0800253c                CoPostSem
                0x08002588                isr_PostSem
 .text          0x080025f0      0x144 ..\obj\gpio.o
                0x080025f0                initGpio
                0x080026e0                setGpioOutputs
                0x08002708                readGpioOutputs
                0x08002720                readGpioInputs
 .text          0x08002734      0x220 ..\obj\kernelHeap.o
                0x08002734                CoCreateKheap
                0x08002754                CoKmalloc
                0x08002810                CoKfree
 .text          0x08002954      0x434 ..\obj\time.o
                0x08002954                InsertDelayList
                0x080029bc                RemoveDelayList
                0x08002a10                CoGetOSTime
                0x08002a1c                CoTickDelay
                0x08002ac8                CoResetTaskDelayTick
                0x08002be0                CoTimeDelay
                0x08002cc8                TimeDispose
                0x08002d18                isr_TimeDispose
 .text          0x08002d88      0x378 ..\obj\queue.o
                0x08002d88                CoCreateQueue
                0x08002e10                CoDelQueue
                0x08002e5c                CoAcceptQueueMail
                0x08002ecc                CoPendQueueMail
                0x08003008                CoPostQueueMail
                0x08003070                isr_PostQueueMail
 .text          0x08003100      0x230 ..\obj\stm32f0xx_gpio.o
                0x08003100                GPIO_DeInit
                0x080031c4                GPIO_Init
                0x08003288                GPIO_StructInit
                0x080032a0                GPIO_PinLockConfig
                0x080032c4                GPIO_ReadInputDataBit
                0x080032d4                GPIO_ReadInputData
                0x080032dc                GPIO_ReadOutputDataBit
                0x080032ec                GPIO_ReadOutputData
                0x080032f4                GPIO_SetBits
                0x080032f8                GPIO_ResetBits
                0x080032fc                GPIO_WriteBit
                0x08003308                GPIO_Write
                0x0800330c                GPIO_PinAFConfig
 .text          0x08003330      0x2e4 ..\obj\hdc1080.o
                0x08003330                write_HDC1080_configuration
                0x08003388                read_HDC1080_configuration
                0x080033e4                trig_HDC1080
                0x08003440                init_HDC1080
                0x080034b4                task_HDC1080
 .text          0x08003614      0x288 ..\obj\mutex.o
                0x08003614                CoCreateMutex
                0x08003658                CoEnterMutexSection
                0x0800376c                CoLeaveMutexSection
                0x08003818                RemoveMutexList
 .text          0x0800389c      0x240 ..\obj\stm32f0xx_dma.o
                0x0800389c                DMA_DeInit
                0x080039b8                DMA_Init
                0x080039f4                DMA_StructInit
                0x08003a10                DMA_Cmd
                0x08003a2c                DMA_RemapConfig
                0x08003a4c                DMA_SetCurrDataCounter
                0x08003a50                DMA_GetCurrDataCounter
                0x08003a58                DMA_ITConfig
                0x08003a6c                DMA_GetFlagStatus
                0x08003a8c                DMA_ClearFlag
                0x08003aa4                DMA_GetITStatus
                0x08003ac4                DMA_ClearITPendingBit
 .text          0x08003adc      0x204 ..\obj\modbus_func.o
                0x08003adc                rwDummyFunc
                0x08003ae0                readCoils
                0x08003b20                readInputs
                0x08003b64                readHoldingRegister
                0x08003c48                writeSingleCoil
 .text          0x08003ce0      0x4d0 ..\obj\modbus.o
                0x08003ce0                crc16
                0x08003d28                checkCrc16
                0x08003d84                mbReturnException
                0x08003de4                modbusRTU
 .text          0x080041b0       0x14 ..\obj\pub_var.o
                0x080041b0                setParameters
 .text          0x080041c4      0x584 ..\obj\Ostimer.o
                0x08004254                CoCreateTmr
                0x080042e4                CoStartTmr
                0x0800431c                CoStopTmr
                0x080043a8                CoDelTmr
                0x08004430                CoGetCurTmrCnt
                0x08004460                CoSetTmrCnt
                0x080044ec                TmrDispose
                0x0800460c                isr_TmrDispose
 .text          0x08004748      0x608 ..\obj\stm32f0xx_usart.o
                0x08004748                USART_DeInit
                0x08004840                USART_Init
                0x080048fc                USART_StructInit
                0x08004914                USART_ClockInit
                0x08004934                USART_ClockStructInit
                0x08004940                USART_Cmd
                0x08004958                USART_DirectionModeCmd
                0x0800496c                USART_OverSampling8Cmd
                0x0800498c                USART_OneBitMethodCmd
                0x080049ac                USART_MSBFirstCmd
                0x080049cc                USART_DataInvCmd
                0x080049ec                USART_InvPinCmd
                0x08004a00                USART_SWAPPinCmd
                0x08004a20                USART_ReceiverTimeOutCmd
                0x08004a40                USART_SetReceiverTimeOut
                0x08004a50                USART_SetPrescaler
                0x08004a60                USART_STOPModeCmd
                0x08004a78                USART_StopModeWakeUpSourceConfig
                0x08004a8c                USART_AutoBaudRateCmd
                0x08004aac                USART_AutoBaudRateConfig
                0x08004ac0                USART_SendData
                0x08004ac8                USART_ReceiveData
                0x08004ad0                USART_SetAddress
                0x08004ae4                USART_MuteModeCmd
                0x08004b04                USART_MuteModeWakeUpConfig
                0x08004b18                USART_AddressDetectionConfig
                0x08004b28                USART_LINBreakDetectLengthConfig
                0x08004b38                USART_LINCmd
                0x08004b58                USART_HalfDuplexCmd
                0x08004b70                USART_SetGuardTime
                0x08004b84                USART_SmartCardCmd
                0x08004b9c                USART_SmartCardNACKCmd
                0x08004bb4                USART_SetAutoRetryCount
                0x08004bcc                USART_SetBlockLength
                0x08004be0                USART_IrDAConfig
                0x08004bf0                USART_IrDACmd
                0x08004c08                USART_DECmd
                0x08004c28                USART_DEPolarityConfig
                0x08004c3c                USART_SetDEAssertionTime
                0x08004c54                USART_SetDEDeassertionTime
                0x08004c6c                USART_DMACmd
                0x08004c80                USART_DMAReceptionErrorConfig
                0x08004c94                USART_ITConfig
                0x08004cc8                USART_RequestCmd
                0x08004cdc                USART_OverrunDetectionConfig
                0x08004cf0                USART_GetFlagStatus
                0x08004d00                USART_ClearFlag
                0x08004d04                USART_GetITStatus
                0x08004d44                USART_ClearITPendingBit
 .text          0x08004d50       0xa8 ..\obj\port.o
                0x08004d50                Inc8
                0x08004d68                Dec8
                0x08004d7c                IRQ_ENABLE_RESTORE
                0x08004d80                IRQ_DISABLE_SAVE
                0x08004d84                SetEnvironment
                0x08004d8c                SwitchContext
                0x08004d98                PendSV_Handler
 .text          0x08004df8      0x184 ..\obj\system_stm32f0xx.o
                0x08004df8                SystemCoreClockUpdate
                0x08004df8                SystemCoreClockUpdate1
                0x08004e5c                SetSysClock
                0x08004f18                SystemInit
                0x08004f18                SystemInit1
 .text          0x08004f7c       0x60 ..\obj\main.o
                0x08004f7c                task_Led
                0x08004fa0                rccConfig
                0x08004fa4                assert_failed
 .text.startup  0x08004fdc       0xa0 ..\obj\main.o
                0x08004fdc                main
 .text          0x0800507c      0x2a4 ..\obj\event.o
                0x0800507c                CreateEventList
                0x080050cc                CreatEvent
                0x0800511c                DeleteEvent
                0x080051c0                EventTaskToWait
                0x0800525c                EventTaskToRdy
                0x080052d8                RemoveEventWaittingList
 .text          0x08005320       0x94 ..\obj\stm32f0xx_misc.o
                0x08005320                NVIC_Init
                0x0800537c                NVIC_SystemLPConfig
                0x08005394                SysTick_CLKSourceConfig
 .text          0x080053b4        0x8 ..\obj\hook.o
                0x080053b4                CoIdleTask
                0x080053b8                CoStkOverflowHook
 .text          0x080053bc      0x114 c:/program files (x86)/gnu tools arm embedded/5.4 2016q3/bin/../lib/gcc/arm-none-eabi/5.4.1/armv6-m\libgcc.a(_udivsi3.o)
                0x080053bc                __aeabi_uidiv
                0x080053bc                __udivsi3
                0x080054c8                __aeabi_uidivmod
 .text          0x080054d0      0x1d4 c:/program files (x86)/gnu tools arm embedded/5.4 2016q3/bin/../lib/gcc/arm-none-eabi/5.4.1/armv6-m\libgcc.a(_divsi3.o)
                0x080054d0                __divsi3
                0x080054d0                __aeabi_idiv
                0x0800569c                __aeabi_idivmod
 .text          0x080056a4        0x4 c:/program files (x86)/gnu tools arm embedded/5.4 2016q3/bin/../lib/gcc/arm-none-eabi/5.4.1/armv6-m\libgcc.a(_dvmd_tls.o)
                0x080056a4                __aeabi_idiv0
                0x080056a4                __aeabi_ldiv0
 .text.memset   0x080056a8       0x8c c:/program files (x86)/gnu tools arm embedded/5.4 2016q3/bin/../lib/gcc/arm-none-eabi/5.4.1/../../../../arm-none-eabi/lib/armv6-m\libg.a(lib_a-memset.o)
                0x080056a8                memset
 .text.sprintf  0x08005734       0x44 c:/program files (x86)/gnu tools arm embedded/5.4 2016q3/bin/../lib/gcc/arm-none-eabi/5.4.1/../../../../arm-none-eabi/lib/armv6-m\libg.a(lib_a-sprintf.o)
                0x08005734                sprintf
 .text._svfprintf_r
                0x08005778     0x1820 c:/program files (x86)/gnu tools arm embedded/5.4 2016q3/bin/../lib/gcc/arm-none-eabi/5.4.1/../../../../arm-none-eabi/lib/armv6-m\libg.a(lib_a-svfprintf.o)
                0x08005778                _svfprintf_r
 .text.startup.register_fini
                0x08006f98       0x18 c:/program files (x86)/gnu tools arm embedded/5.4 2016q3/bin/../lib/gcc/arm-none-eabi/5.4.1/../../../../arm-none-eabi/lib/armv6-m\libg.a(lib_a-__call_atexit.o)
 .text.atexit   0x08006fb0       0x10 c:/program files (x86)/gnu tools arm embedded/5.4 2016q3/bin/../lib/gcc/arm-none-eabi/5.4.1/../../../../arm-none-eabi/lib/armv6-m\libg.a(lib_a-atexit.o)
                0x08006fb0                atexit
 .text.quorem   0x08006fc0      0x150 c:/program files (x86)/gnu tools arm embedded/5.4 2016q3/bin/../lib/gcc/arm-none-eabi/5.4.1/../../../../arm-none-eabi/lib/armv6-m\libg.a(lib_a-dtoa.o)
 .text._dtoa_r  0x08007110      0xf54 c:/program files (x86)/gnu tools arm embedded/5.4 2016q3/bin/../lib/gcc/arm-none-eabi/5.4.1/../../../../arm-none-eabi/lib/armv6-m\libg.a(lib_a-dtoa.o)
                0x08007110                _dtoa_r
 .text.__libc_fini_array
                0x08008064       0x34 c:/program files (x86)/gnu tools arm embedded/5.4 2016q3/bin/../lib/gcc/arm-none-eabi/5.4.1/../../../../arm-none-eabi/lib/armv6-m\libg.a(lib_a-fini.o)
                0x08008064                __libc_fini_array
 .text._localeconv_r
                0x08008098       0x1c c:/program files (x86)/gnu tools arm embedded/5.4 2016q3/bin/../lib/gcc/arm-none-eabi/5.4.1/../../../../arm-none-eabi/lib/armv6-m\libg.a(lib_a-localeconv.o)
                0x08008098                _localeconv_r
 .text._malloc_r
                0x080080b4      0x554 c:/program files (x86)/gnu tools arm embedded/5.4 2016q3/bin/../lib/gcc/arm-none-eabi/5.4.1/../../../../arm-none-eabi/lib/armv6-m\libg.a(lib_a-mallocr.o)
                0x080080b4                _malloc_r
 .text.memchr   0x08008608       0x90 c:/program files (x86)/gnu tools arm embedded/5.4 2016q3/bin/../lib/gcc/arm-none-eabi/5.4.1/../../../../arm-none-eabi/lib/armv6-m\libg.a(lib_a-memchr-stub.o)
                0x08008608                memchr
 .text.memcpy   0x08008698       0x7c c:/program files (x86)/gnu tools arm embedded/5.4 2016q3/bin/../lib/gcc/arm-none-eabi/5.4.1/../../../../arm-none-eabi/lib/armv6-m\libg.a(lib_a-memcpy-stub.o)
                0x08008698                memcpy
 .text.__malloc_lock
                0x08008714        0x4 c:/program files (x86)/gnu tools arm embedded/5.4 2016q3/bin/../lib/gcc/arm-none-eabi/5.4.1/../../../../arm-none-eabi/lib/armv6-m\libg.a(lib_a-mlock.o)
                0x08008714                __malloc_lock
 .text.__malloc_unlock
                0x08008718        0x4 c:/program files (x86)/gnu tools arm embedded/5.4 2016q3/bin/../lib/gcc/arm-none-eabi/5.4.1/../../../../arm-none-eabi/lib/armv6-m\libg.a(lib_a-mlock.o)
                0x08008718                __malloc_unlock
 .text._Balloc  0x0800871c       0x50 c:/program files (x86)/gnu tools arm embedded/5.4 2016q3/bin/../lib/gcc/arm-none-eabi/5.4.1/../../../../arm-none-eabi/lib/armv6-m\libg.a(lib_a-mprec.o)
                0x0800871c                _Balloc
 .text._Bfree   0x0800876c       0x14 c:/program files (x86)/gnu tools arm embedded/5.4 2016q3/bin/../lib/gcc/arm-none-eabi/5.4.1/../../../../arm-none-eabi/lib/armv6-m\libg.a(lib_a-mprec.o)
                0x0800876c                _Bfree
 .text.__multadd
                0x08008780       0x8c c:/program files (x86)/gnu tools arm embedded/5.4 2016q3/bin/../lib/gcc/arm-none-eabi/5.4.1/../../../../arm-none-eabi/lib/armv6-m\libg.a(lib_a-mprec.o)
                0x08008780                __multadd
 .text.__hi0bits
                0x0800880c       0x3c c:/program files (x86)/gnu tools arm embedded/5.4 2016q3/bin/../lib/gcc/arm-none-eabi/5.4.1/../../../../arm-none-eabi/lib/armv6-m\libg.a(lib_a-mprec.o)
                0x0800880c                __hi0bits
 .text.__lo0bits
                0x08008848       0x5c c:/program files (x86)/gnu tools arm embedded/5.4 2016q3/bin/../lib/gcc/arm-none-eabi/5.4.1/../../../../arm-none-eabi/lib/armv6-m\libg.a(lib_a-mprec.o)
                0x08008848                __lo0bits
 .text.__i2b    0x080088a4       0x14 c:/program files (x86)/gnu tools arm embedded/5.4 2016q3/bin/../lib/gcc/arm-none-eabi/5.4.1/../../../../arm-none-eabi/lib/armv6-m\libg.a(lib_a-mprec.o)
                0x080088a4                __i2b
 .text.__multiply
                0x080088b8      0x15c c:/program files (x86)/gnu tools arm embedded/5.4 2016q3/bin/../lib/gcc/arm-none-eabi/5.4.1/../../../../arm-none-eabi/lib/armv6-m\libg.a(lib_a-mprec.o)
                0x080088b8                __multiply
 .text.__pow5mult
                0x08008a14       0xbc c:/program files (x86)/gnu tools arm embedded/5.4 2016q3/bin/../lib/gcc/arm-none-eabi/5.4.1/../../../../arm-none-eabi/lib/armv6-m\libg.a(lib_a-mprec.o)
                0x08008a14                __pow5mult
 .text.__lshift
                0x08008ad0       0xc0 c:/program files (x86)/gnu tools arm embedded/5.4 2016q3/bin/../lib/gcc/arm-none-eabi/5.4.1/../../../../arm-none-eabi/lib/armv6-m\libg.a(lib_a-mprec.o)
                0x08008ad0                __lshift
 .text.__mcmp   0x08008b90       0x3c c:/program files (x86)/gnu tools arm embedded/5.4 2016q3/bin/../lib/gcc/arm-none-eabi/5.4.1/../../../../arm-none-eabi/lib/armv6-m\libg.a(lib_a-mprec.o)
                0x08008b90                __mcmp
 .text.__mdiff  0x08008bcc      0x11c c:/program files (x86)/gnu tools arm embedded/5.4 2016q3/bin/../lib/gcc/arm-none-eabi/5.4.1/../../../../arm-none-eabi/lib/armv6-m\libg.a(lib_a-mprec.o)
                0x08008bcc                __mdiff
 .text.__d2b    0x08008ce8       0xbc c:/program files (x86)/gnu tools arm embedded/5.4 2016q3/bin/../lib/gcc/arm-none-eabi/5.4.1/../../../../arm-none-eabi/lib/armv6-m\libg.a(lib_a-mprec.o)
                0x08008ce8                __d2b
 .text._sbrk_r  0x08008da4       0x24 c:/program files (x86)/gnu tools arm embedded/5.4 2016q3/bin/../lib/gcc/arm-none-eabi/5.4.1/../../../../arm-none-eabi/lib/armv6-m\libg.a(lib_a-sbrkr.o)
                0x08008da4                _sbrk_r
 .text.strlen   0x08008dc8       0x68 c:/program files (x86)/gnu tools arm embedded/5.4 2016q3/bin/../lib/gcc/arm-none-eabi/5.4.1/../../../../arm-none-eabi/lib/armv6-m\libg.a(lib_a-strlen-stub.o)
                0x08008dc8                strlen
 .text.__ssprint_r
                0x08008e30      0x130 c:/program files (x86)/gnu tools arm embedded/5.4 2016q3/bin/../lib/gcc/arm-none-eabi/5.4.1/../../../../arm-none-eabi/lib/armv6-m\libg.a(lib_a-svfiprintf.o)
                0x08008e30                __ssprint_r
 .text.__register_exitproc
                0x08008f60       0xd4 c:/program files (x86)/gnu tools arm embedded/5.4 2016q3/bin/../lib/gcc/arm-none-eabi/5.4.1/../../../../arm-none-eabi/lib/armv6-m\libg.a(lib_a-__atexit.o)
                0x08008f60                __register_exitproc
 .text._calloc_r
                0x08009034       0x60 c:/program files (x86)/gnu tools arm embedded/5.4 2016q3/bin/../lib/gcc/arm-none-eabi/5.4.1/../../../../arm-none-eabi/lib/armv6-m\libg.a(lib_a-callocr.o)
                0x08009034                _calloc_r
 .text._malloc_trim_r
                0x08009094       0xa0 c:/program files (x86)/gnu tools arm embedded/5.4 2016q3/bin/../lib/gcc/arm-none-eabi/5.4.1/../../../../arm-none-eabi/lib/armv6-m\libg.a(lib_a-freer.o)
                0x08009094                _malloc_trim_r
 .text._free_r  0x08009134      0x1c4 c:/program files (x86)/gnu tools arm embedded/5.4 2016q3/bin/../lib/gcc/arm-none-eabi/5.4.1/../../../../arm-none-eabi/lib/armv6-m\libg.a(lib_a-freer.o)
                0x08009134                _free_r
 .text.__ascii_mbtowc
                0x080092f8       0x2c c:/program files (x86)/gnu tools arm embedded/5.4 2016q3/bin/../lib/gcc/arm-none-eabi/5.4.1/../../../../arm-none-eabi/lib/armv6-m\libg.a(lib_a-mbtowc_r.o)
                0x080092f8                __ascii_mbtowc
 .text.memmove  0x08009324       0x98 c:/program files (x86)/gnu tools arm embedded/5.4 2016q3/bin/../lib/gcc/arm-none-eabi/5.4.1/../../../../arm-none-eabi/lib/armv6-m\libg.a(lib_a-memmove.o)
                0x08009324                memmove
 .text._realloc_r
                0x080093bc      0x3dc c:/program files (x86)/gnu tools arm embedded/5.4 2016q3/bin/../lib/gcc/arm-none-eabi/5.4.1/../../../../arm-none-eabi/lib/armv6-m\libg.a(lib_a-reallocr.o)
                0x080093bc                _realloc_r
 .text.__ascii_wctomb
                0x08009798       0x1c c:/program files (x86)/gnu tools arm embedded/5.4 2016q3/bin/../lib/gcc/arm-none-eabi/5.4.1/../../../../arm-none-eabi/lib/armv6-m\libg.a(lib_a-wctomb_r.o)
                0x08009798                __ascii_wctomb
 .text          0x080097b4       0x7c c:/program files (x86)/gnu tools arm embedded/5.4 2016q3/bin/../lib/gcc/arm-none-eabi/5.4.1/armv6-m\libgcc.a(_arm_cmpdf2.o)
                0x080097b4                __aeabi_cdrcmple
                0x080097c4                __aeabi_cdcmple
                0x080097c4                __aeabi_cdcmpeq
                0x080097d4                __aeabi_dcmpeq
                0x080097e0                __aeabi_dcmplt
                0x080097f4                __aeabi_dcmple
                0x08009808                __aeabi_dcmpgt
                0x0800981c                __aeabi_dcmpge
 .text          0x08009830       0x40 c:/program files (x86)/gnu tools arm embedded/5.4 2016q3/bin/../lib/gcc/arm-none-eabi/5.4.1/armv6-m\libgcc.a(_aeabi_uldivmod.o)
                0x08009830                __aeabi_uldivmod
 .text          0x08009870      0x180 c:/program files (x86)/gnu tools arm embedded/5.4 2016q3/bin/../lib/gcc/arm-none-eabi/5.4.1/armv6-m\libgcc.a(_udivmoddi4.o)
                0x08009870                __udivmoddi4
 .text          0x080099f0      0x658 c:/program files (x86)/gnu tools arm embedded/5.4 2016q3/bin/../lib/gcc/arm-none-eabi/5.4.1/armv6-m\libgcc.a(adddf3.o)
                0x080099f0                __aeabi_dadd
 .text          0x0800a048      0x62c c:/program files (x86)/gnu tools arm embedded/5.4 2016q3/bin/../lib/gcc/arm-none-eabi/5.4.1/armv6-m\libgcc.a(divdf3.o)
                0x0800a048                __aeabi_ddiv
 .text          0x0800a674       0x80 c:/program files (x86)/gnu tools arm embedded/5.4 2016q3/bin/../lib/gcc/arm-none-eabi/5.4.1/armv6-m\libgcc.a(eqdf2.o)
                0x0800a674                __nedf2
                0x0800a674                __eqdf2
 .text          0x0800a6f4       0xc8 c:/program files (x86)/gnu tools arm embedded/5.4 2016q3/bin/../lib/gcc/arm-none-eabi/5.4.1/armv6-m\libgcc.a(gedf2.o)
                0x0800a6f4                __gedf2
                0x0800a6f4                __gtdf2
 .text          0x0800a7bc       0xd4 c:/program files (x86)/gnu tools arm embedded/5.4 2016q3/bin/../lib/gcc/arm-none-eabi/5.4.1/armv6-m\libgcc.a(ledf2.o)
                0x0800a7bc                __ledf2
                0x0800a7bc                __ltdf2
 .text          0x0800a890      0x4f4 c:/program files (x86)/gnu tools arm embedded/5.4 2016q3/bin/../lib/gcc/arm-none-eabi/5.4.1/armv6-m\libgcc.a(muldf3.o)
                0x0800a890                __aeabi_dmul
 .text          0x0800ad84      0x6a8 c:/program files (x86)/gnu tools arm embedded/5.4 2016q3/bin/../lib/gcc/arm-none-eabi/5.4.1/armv6-m\libgcc.a(subdf3.o)
                0x0800ad84                __aeabi_dsub
 .text          0x0800b42c       0x40 c:/program files (x86)/gnu tools arm embedded/5.4 2016q3/bin/../lib/gcc/arm-none-eabi/5.4.1/armv6-m\libgcc.a(unorddf2.o)
                0x0800b42c                __aeabi_dcmpun
 .text          0x0800b46c       0x6c c:/program files (x86)/gnu tools arm embedded/5.4 2016q3/bin/../lib/gcc/arm-none-eabi/5.4.1/armv6-m\libgcc.a(fixdfsi.o)
                0x0800b46c                __aeabi_d2iz
 .text          0x0800b4d8       0x84 c:/program files (x86)/gnu tools arm embedded/5.4 2016q3/bin/../lib/gcc/arm-none-eabi/5.4.1/armv6-m\libgcc.a(floatsidf.o)
                0x0800b4d8                __aeabi_i2d
 .text          0x0800b55c       0x70 c:/program files (x86)/gnu tools arm embedded/5.4 2016q3/bin/../lib/gcc/arm-none-eabi/5.4.1/armv6-m\libgcc.a(floatunsidf.o)
                0x0800b55c                __aeabi_ui2d
 .text          0x0800b5cc       0x3c c:/program files (x86)/gnu tools arm embedded/5.4 2016q3/bin/../lib/gcc/arm-none-eabi/5.4.1/armv6-m\libgcc.a(_clzsi2.o)
                0x0800b5cc                __clzsi2
 .text          0x0800b608       0x18 c:/program files (x86)/gnu tools arm embedded/5.4 2016q3/bin/../lib/gcc/arm-none-eabi/5.4.1/armv6-m\libgcc.a(_clzdi2.o)
                0x0800b608                __clzdi2
 *(.init)
 .init          0x0800b620        0x4 c:/program files (x86)/gnu tools arm embedded/5.4 2016q3/bin/../lib/gcc/arm-none-eabi/5.4.1/armv6-m/crti.o
                0x0800b620                _init
 .init          0x0800b624        0x8 c:/program files (x86)/gnu tools arm embedded/5.4 2016q3/bin/../lib/gcc/arm-none-eabi/5.4.1/armv6-m/crtn.o
 *(.fini)
 .fini          0x0800b62c        0x4 c:/program files (x86)/gnu tools arm embedded/5.4 2016q3/bin/../lib/gcc/arm-none-eabi/5.4.1/armv6-m/crti.o
                0x0800b62c                _fini
 .fini          0x0800b630        0x8 c:/program files (x86)/gnu tools arm embedded/5.4 2016q3/bin/../lib/gcc/arm-none-eabi/5.4.1/armv6-m/crtn.o
 *crtbegin.o(.ctors)
 *crtbegin?.o(.ctors)
 *(EXCLUDE_FILE(*crtend.o *crtend?.o) .ctors)
 *(SORT(.ctors.*))
 *(.ctors)
 *crtbegin.o(.dtors)
 *crtbegin?.o(.dtors)
 *(EXCLUDE_FILE(*crtend.o *crtend?.o) .dtors)
 *(SORT(.dtors.*))
 *(.dtors)
 *(.rodata*)
 .rodata        0x0800b638       0x3e ..\obj\modbus_func.o
                0x0800b638                stHoldingRegArray
                0x0800b674                sizeOfHoldingRegister
 *fill*         0x0800b676        0x2 
 .rodata        0x0800b678      0x244 ..\obj\modbus.o
                0x0800b6bc                stCrcTable
 .rodata.str1.4
                0x0800b8bc        0x9 ..\obj\main.o
 *fill*         0x0800b8c5        0x3 
 .rodata._global_impure_ptr
                0x0800b8c8        0x4 c:/program files (x86)/gnu tools arm embedded/5.4 2016q3/bin/../lib/gcc/arm-none-eabi/5.4.1/../../../../arm-none-eabi/lib/armv6-m\libg.a(lib_a-impure.o)
                0x0800b8c8                _global_impure_ptr
 .rodata._svfprintf_r
                0x0800b8cc      0x164 c:/program files (x86)/gnu tools arm embedded/5.4 2016q3/bin/../lib/gcc/arm-none-eabi/5.4.1/../../../../arm-none-eabi/lib/armv6-m\libg.a(lib_a-svfprintf.o)
 .rodata.zeroes.7256
                0x0800ba30       0x10 c:/program files (x86)/gnu tools arm embedded/5.4 2016q3/bin/../lib/gcc/arm-none-eabi/5.4.1/../../../../arm-none-eabi/lib/armv6-m\libg.a(lib_a-svfprintf.o)
 .rodata.str1.4
                0x0800ba40       0x42 c:/program files (x86)/gnu tools arm embedded/5.4 2016q3/bin/../lib/gcc/arm-none-eabi/5.4.1/../../../../arm-none-eabi/lib/armv6-m\libg.a(lib_a-svfprintf.o)
 *fill*         0x0800ba82        0x2 
 .rodata.blanks.7255
                0x0800ba84       0x10 c:/program files (x86)/gnu tools arm embedded/5.4 2016q3/bin/../lib/gcc/arm-none-eabi/5.4.1/../../../../arm-none-eabi/lib/armv6-m\libg.a(lib_a-svfprintf.o)
 .rodata.str1.4
                0x0800ba94       0x10 c:/program files (x86)/gnu tools arm embedded/5.4 2016q3/bin/../lib/gcc/arm-none-eabi/5.4.1/../../../../arm-none-eabi/lib/armv6-m\libg.a(lib_a-dtoa.o)
                                 0x12 (size before relaxing)
 *fill*         0x0800baa4        0x4 
 .rodata.__mprec_tens
                0x0800baa8       0xc8 c:/program files (x86)/gnu tools arm embedded/5.4 2016q3/bin/../lib/gcc/arm-none-eabi/5.4.1/../../../../arm-none-eabi/lib/armv6-m\libg.a(lib_a-mprec.o)
                0x0800baa8                __mprec_tens
 .rodata.p05.6085
                0x0800bb70        0xc c:/program files (x86)/gnu tools arm embedded/5.4 2016q3/bin/../lib/gcc/arm-none-eabi/5.4.1/../../../../arm-none-eabi/lib/armv6-m\libg.a(lib_a-mprec.o)
 *fill*         0x0800bb7c        0x4 
 .rodata.__mprec_bigtens
                0x0800bb80       0x28 c:/program files (x86)/gnu tools arm embedded/5.4 2016q3/bin/../lib/gcc/arm-none-eabi/5.4.1/../../../../arm-none-eabi/lib/armv6-m\libg.a(lib_a-mprec.o)
                0x0800bb80                __mprec_bigtens
 .rodata.str1.4
                0x0800bba8       0x10 c:/program files (x86)/gnu tools arm embedded/5.4 2016q3/bin/../lib/gcc/arm-none-eabi/5.4.1/../../../../arm-none-eabi/lib/armv6-m\libg.a(lib_a-locale.o)
                                 0x12 (size before relaxing)
 .rodata._ctype_
                0x0800bbb8      0x101 c:/program files (x86)/gnu tools arm embedded/5.4 2016q3/bin/../lib/gcc/arm-none-eabi/5.4.1/../../../../arm-none-eabi/lib/armv6-m\libg.a(lib_a-ctype_.o)
                0x0800bbb8                _ctype_
 *fill*         0x0800bcb9        0x3 
 .rodata        0x0800bcbc       0x40 c:/program files (x86)/gnu tools arm embedded/5.4 2016q3/bin/../lib/gcc/arm-none-eabi/5.4.1/armv6-m\libgcc.a(divdf3.o)
 .rodata        0x0800bcfc       0x40 c:/program files (x86)/gnu tools arm embedded/5.4 2016q3/bin/../lib/gcc/arm-none-eabi/5.4.1/armv6-m\libgcc.a(muldf3.o)
 *(.eh_fram e*)

.eh_frame       0x0800bd3c        0x0
 .eh_frame      0x0800bd3c        0x0 c:/program files (x86)/gnu tools arm embedded/5.4 2016q3/bin/../lib/gcc/arm-none-eabi/5.4.1/armv6-m/crtbegin.o

.glue_7         0x0800bd3c        0x0
 .glue_7        0x0800bd3c        0x0 linker stubs

.glue_7t        0x0800bd3c        0x0
 .glue_7t       0x0800bd3c        0x0 linker stubs

.vfp11_veneer   0x0800bd3c        0x0
 .vfp11_veneer  0x0800bd3c        0x0 linker stubs

.v4_bx          0x0800bd3c        0x0
 .v4_bx         0x0800bd3c        0x0 linker stubs

.iplt           0x0800bd3c        0x0
 .iplt          0x0800bd3c        0x0 c:/program files (x86)/gnu tools arm embedded/5.4 2016q3/bin/../lib/gcc/arm-none-eabi/5.4.1/armv6-m/crtbegin.o

.ARM.extab
 *(.ARM.extab* .gnu.linkonce.armextab.*)
                0x0800bd3c                __exidx_start = .

.ARM.exidx      0x0800bd3c        0x8
 *(.ARM.exidx* .gnu.linkonce.armexidx.*)
 .ARM.exidx     0x0800bd3c        0x8 c:/program files (x86)/gnu tools arm embedded/5.4 2016q3/bin/../lib/gcc/arm-none-eabi/5.4.1/armv6-m\libgcc.a(_udivmoddi4.o)
                0x0800bd44                __exidx_end = .
                0x0800bd44                __etext = .
                0x0800bd44                _sidata = __etext

.rel.dyn        0x0800bd44        0x0
 .rel.iplt      0x0800bd44        0x0 c:/program files (x86)/gnu tools arm embedded/5.4 2016q3/bin/../lib/gcc/arm-none-eabi/5.4.1/armv6-m/crtbegin.o

.data           0x20000000      0xa10 load address 0x0800bd44
                0x20000000                __data_start__ = .
                0x20000000                _sdata = __data_start__
 *(vtable)
 *(.data*)
 .data          0x20000000       0x22 ..\obj\uart.o
                0x20000000                uart1Tx
 *fill*         0x20000022        0x2 
 .data          0x20000024       0x10 ..\obj\stm32f0xx_rcc.o
 .data          0x20000034        0x4 ..\obj\modbus_func.o
                0x20000034                ulPar1
 .data          0x20000038        0xc ..\obj\port.o
                0x20000038                INT_EXIT
                0x2000003c                NVIC_PENDSVSET
                0x20000040                NVIC_INT_CTRL
 .data          0x20000044       0x14 ..\obj\system_stm32f0xx.o
                0x20000044                AHBPrescTable
                0x20000054                SystemCoreClock
 .data.impure_data
                0x20000058      0x428 c:/program files (x86)/gnu tools arm embedded/5.4 2016q3/bin/../lib/gcc/arm-none-eabi/5.4.1/../../../../arm-none-eabi/lib/armv6-m\libg.a(lib_a-impure.o)
 .data._impure_ptr
                0x20000480        0x4 c:/program files (x86)/gnu tools arm embedded/5.4 2016q3/bin/../lib/gcc/arm-none-eabi/5.4.1/../../../../arm-none-eabi/lib/armv6-m\libg.a(lib_a-impure.o)
                0x20000480                _impure_ptr
 .data.__malloc_av_
                0x20000484      0x408 c:/program files (x86)/gnu tools arm embedded/5.4 2016q3/bin/../lib/gcc/arm-none-eabi/5.4.1/../../../../arm-none-eabi/lib/armv6-m\libg.a(lib_a-mallocr.o)
                0x20000484                __malloc_av_
 .data.__malloc_trim_threshold
                0x2000088c        0x4 c:/program files (x86)/gnu tools arm embedded/5.4 2016q3/bin/../lib/gcc/arm-none-eabi/5.4.1/../../../../arm-none-eabi/lib/armv6-m\libg.a(lib_a-mallocr.o)
                0x2000088c                __malloc_trim_threshold
 .data.__malloc_sbrk_base
                0x20000890        0x4 c:/program files (x86)/gnu tools arm embedded/5.4 2016q3/bin/../lib/gcc/arm-none-eabi/5.4.1/../../../../arm-none-eabi/lib/armv6-m\libg.a(lib_a-mallocr.o)
                0x20000890                __malloc_sbrk_base
 .data.__global_locale
                0x20000894      0x16c c:/program files (x86)/gnu tools arm embedded/5.4 2016q3/bin/../lib/gcc/arm-none-eabi/5.4.1/../../../../arm-none-eabi/lib/armv6-m\libg.a(lib_a-locale.o)
                0x20000894                __global_locale
                0x20000a00                . = ALIGN (0x4)
                0x20000a00                PROVIDE (__preinit_array_start, .)
 *(.preinit_array)
                0x20000a00                PROVIDE (__preinit_array_end, .)
                0x20000a00                . = ALIGN (0x4)
                0x20000a00                PROVIDE (__init_array_start, .)
 *(SORT(.init_array.*))
 .init_array.00000
                0x20000a00        0x4 c:/program files (x86)/gnu tools arm embedded/5.4 2016q3/bin/../lib/gcc/arm-none-eabi/5.4.1/../../../../arm-none-eabi/lib/armv6-m\libg.a(lib_a-__call_atexit.o)
 *(.init_array)
 .init_array    0x20000a04        0x4 c:/program files (x86)/gnu tools arm embedded/5.4 2016q3/bin/../lib/gcc/arm-none-eabi/5.4.1/armv6-m/crtbegin.o
                0x20000a08                PROVIDE (__init_array_end, .)
                0x20000a08                . = ALIGN (0x4)
                0x20000a08                PROVIDE (__fini_array_start, .)
 *(SORT(.fini_array.*))
 *(.fini_array)
 .fini_array    0x20000a08        0x4 c:/program files (x86)/gnu tools arm embedded/5.4 2016q3/bin/../lib/gcc/arm-none-eabi/5.4.1/armv6-m/crtbegin.o
                0x20000a0c                PROVIDE (__fini_array_end, .)
 *(.jcr*)
 .jcr           0x20000a0c        0x0 c:/program files (x86)/gnu tools arm embedded/5.4 2016q3/bin/../lib/gcc/arm-none-eabi/5.4.1/armv6-m/crtbegin.o
 .jcr           0x20000a0c        0x4 c:/program files (x86)/gnu tools arm embedded/5.4 2016q3/bin/../lib/gcc/arm-none-eabi/5.4.1/armv6-m/crtend.o
                0x20000a10                . = ALIGN (0x4)
                0x20000a10                __data_end__ = .
                0x20000a10                _edata = __data_end__

.igot.plt       0x20000a10        0x0 load address 0x0800c754
 .igot.plt      0x20000a10        0x0 c:/program files (x86)/gnu tools arm embedded/5.4 2016q3/bin/../lib/gcc/arm-none-eabi/5.4.1/armv6-m/crtbegin.o

.bss            0x20000a10      0xbf0 load address 0x0800c758
                0x20000a10                . = ALIGN (0x4)
                0x20000a10                __bss_start__ = .
                0x20000a10                _sbss = __bss_start__
 *(.bss*)
 .bss           0x20000a10       0x1c c:/program files (x86)/gnu tools arm embedded/5.4 2016q3/bin/../lib/gcc/arm-none-eabi/5.4.1/armv6-m/crtbegin.o
 .bss           0x20000a2c       0x4e ..\obj\i2c.o
                0x20000a2c                ucI2CRxBuf
                0x20000a4c                ucI2CTxBuf
                0x20000a6c                stI2cStatus
                0x20000a6d                ucI2CMasterSendStartStop
                0x20000a70                stI2cMsgTx
                0x20000a74                ulTempI2C
                0x20000a78                uiTimerI2C
 *fill*         0x20000a7a        0x2 
 .bss           0x20000a7c       0x4d ..\obj\uart.o
                0x20000a7c                uart1Flags
                0x20000a84                uart1Rx
                0x20000ac6                uiTimerUart1
                0x20000ac8                uiTmp
 *fill*         0x20000ac9        0x3 
 .bss           0x20000acc       0x14 ..\obj\flag.o
                0x20000acc                FlagCrl
 .bss           0x20000ae0        0x4 ..\obj\syscalls.o
 .bss           0x20000ae4        0x3 ..\obj\core.o
                0x20000ae4                OSIntNesting
                0x20000ae5                TaskSchedReq
                0x20000ae6                OSSchedLock
 *fill*         0x20000ae7        0x1 
 .bss           0x20000ae8        0x8 ..\obj\arch.o
                0x20000ae8                OSTickCnt
 .bss           0x20000af0       0x2f ..\obj\serviceReq.o
                0x20000af0                ServiceReq
                0x20000b1c                IsrReq
                0x20000b1d                TimeReq
                0x20000b1e                TimerReq
 *fill*         0x20000b1f        0x1 
 .bss           0x20000b20      0x184 ..\obj\task.o
                0x20000b20                TCBTbl
                0x20000c28                FreeTCB
                0x20000c2c                TCBRunning
                0x20000c30                OSCheckTime
                0x20000c38                TCBRdy
                0x20000c3c                TCBNext
                0x20000c40                idle_stk
 .bss           0x20000ca4       0xd4 ..\obj\kernelHeap.o
                0x20000ca4                KernelHeap
                0x20000d6c                Kheap
                0x20000d74                FMBlist
 .bss           0x20000d78        0x4 ..\obj\time.o
                0x20000d78                DlyList
 .bss           0x20000d7c       0x24 ..\obj\queue.o
                0x20000d7c                QueueIDVessel
                0x20000d80                QueueTbl
 .bss           0x20000da0        0xc ..\obj\hdc1080.o
                0x20000da0                uiTimerHDC1080
                0x20000da4                stHDC1080Status
                0x20000da8                stTempHum
 .bss           0x20000dac       0x54 ..\obj\mutex.o
                0x20000dac                MutexFreeID
                0x20000db0                MutexTbl
 .bss           0x20000e00        0x2 ..\obj\modbus.o
                0x20000e00                uiWordQty
 *fill*         0x20000e02        0x2 
 .bss           0x20000e04       0x38 ..\obj\Ostimer.o
                0x20000e04                TmrTbl
                0x20000e34                TmrList
                0x20000e38                TmrIDVessel
 .bss           0x20000e3c      0x144 ..\obj\event.o
                0x20000e3c                EventTbl
                0x20000f7c                FreeEventList
 .bss.__malloc_max_total_mem
                0x20000f80        0x4 c:/program files (x86)/gnu tools arm embedded/5.4 2016q3/bin/../lib/gcc/arm-none-eabi/5.4.1/../../../../arm-none-eabi/lib/armv6-m\libg.a(lib_a-mallocr.o)
                0x20000f80                __malloc_max_total_mem
 .bss.__malloc_max_sbrked_mem
                0x20000f84        0x4 c:/program files (x86)/gnu tools arm embedded/5.4 2016q3/bin/../lib/gcc/arm-none-eabi/5.4.1/../../../../arm-none-eabi/lib/armv6-m\libg.a(lib_a-mallocr.o)
                0x20000f84                __malloc_max_sbrked_mem
 .bss.__malloc_top_pad
                0x20000f88        0x4 c:/program files (x86)/gnu tools arm embedded/5.4 2016q3/bin/../lib/gcc/arm-none-eabi/5.4.1/../../../../arm-none-eabi/lib/armv6-m\libg.a(lib_a-mallocr.o)
                0x20000f88                __malloc_top_pad
 .bss.__malloc_current_mallinfo
                0x20000f8c       0x28 c:/program files (x86)/gnu tools arm embedded/5.4 2016q3/bin/../lib/gcc/arm-none-eabi/5.4.1/../../../../arm-none-eabi/lib/armv6-m\libg.a(lib_a-mallocr.o)
                0x20000f8c                __malloc_current_mallinfo
 *(COMMON)
 COMMON         0x20000fb4        0x8 ..\obj\i2c.o
                0x20000fb4                i2cRxBufPtr
                0x20000fb8                i2cTxBufPtr
 COMMON         0x20000fbc        0xc ..\obj\gpio.o
                0x20000fbc                ulOutputs
                0x20000fc0                ulTmp
                0x20000fc4                ulInputs
 COMMON         0x20000fc8       0x14 ..\obj\modbus_func.o
                0x20000fc8                ulMfTmp
                0x20000fcc                ptruChar
                0x20000fd0                uiMfTmp
                0x20000fd4                uistMfTmp
                0x20000fd8                ptruInt
 COMMON         0x20000fdc       0x10 ..\obj\modbus.o
                0x20000fdc                mbTxRxData
 COMMON         0x20000fec        0xa ..\obj\pub_var.o
                0x20000fec                sys_par
 *fill*         0x20000ff6        0x2 
 COMMON         0x20000ff8      0x604 ..\obj\main.o
                0x20000ff8                flag_UartTimeout
                0x20000ff9                mutex_I2C
                0x20000ffc                taskHDC1080_stk
                0x200011fc                taskLed_stk
                0x200013fc                taskUart_stk
 COMMON         0x200015fc        0x4 c:/program files (x86)/gnu tools arm embedded/5.4 2016q3/bin/../lib/gcc/arm-none-eabi/5.4.1/../../../../arm-none-eabi/lib/armv6-m\libg.a(lib_a-reent.o)
                0x200015fc                errno
                0x20001600                . = ALIGN (0x4)
                0x20001600                __bss_end__ = .
                0x20001600                _ebss = __bss_end__

.heap           0x20001600        0x0
                0x20001600                __end__ = .
                0x20001600                _end = __end__
                0x20001600                end = __end__
 *(.heap*)
                0x20001600                __HeapLimit = .

.co_stack       0x20001600        0x0
                0x20001600                . = ALIGN (0x8)
 *(.co_stack .co_stack.*)
                0x20002000                __StackTop = (ORIGIN (ram) + LENGTH (ram))
                0x20002000                __StackLimit = (__StackTop - SIZEOF (.co_stack))
                0x20002000                PROVIDE (__stack, __StackTop)
                0x00000001                ASSERT ((__StackLimit >= __HeapLimit), region ram  overflowed with stack)
LOAD ..\obj\mbox.o
LOAD ..\obj\i2c.o
LOAD ..\obj\util.o
LOAD ..\obj\uart.o
LOAD ..\obj\flag.o
LOAD ..\obj\syscalls.o
LOAD ..\obj\core.o
LOAD ..\obj\arch.o
LOAD ..\obj\stepper_motor.o
LOAD ..\obj\serviceReq.o
LOAD ..\obj\timer.o
LOAD ..\obj\stm32f0xx_rcc.o
LOAD ..\obj\stm32f0xx_i2c.o
LOAD ..\obj\startup_stm32f0xx.o
LOAD ..\obj\task.o
LOAD ..\obj\sem.o
LOAD ..\obj\gpio.o
LOAD ..\obj\kernelHeap.o
LOAD ..\obj\time.o
LOAD ..\obj\queue.o
LOAD ..\obj\stm32f0xx_gpio.o
LOAD ..\obj\hdc1080.o
LOAD ..\obj\mutex.o
LOAD ..\obj\mm.o
LOAD ..\obj\stm32f0xx_dma.o
LOAD ..\obj\modbus_func.o
LOAD ..\obj\modbus.o
LOAD ..\obj\pub_var.o
LOAD ..\obj\Ostimer.o
LOAD ..\obj\stm32f0xx_usart.o
LOAD ..\obj\port.o
LOAD ..\obj\system_stm32f0xx.o
LOAD ..\obj\utility.o
LOAD ..\obj\main.o
LOAD ..\obj\event.o
LOAD ..\obj\stm32f0xx_misc.o
LOAD ..\obj\hook.o
START GROUP
LOAD c:/program files (x86)/gnu tools arm embedded/5.4 2016q3/bin/../lib/gcc/arm-none-eabi/5.4.1/armv6-m\libgcc.a
LOAD c:/program files (x86)/gnu tools arm embedded/5.4 2016q3/bin/../lib/gcc/arm-none-eabi/5.4.1/../../../../arm-none-eabi/lib/armv6-m\libg.a
LOAD c:/program files (x86)/gnu tools arm embedded/5.4 2016q3/bin/../lib/gcc/arm-none-eabi/5.4.1/../../../../arm-none-eabi/lib/armv6-m\libc.a
END GROUP
LOAD c:/program files (x86)/gnu tools arm embedded/5.4 2016q3/bin/../lib/gcc/arm-none-eabi/5.4.1/armv6-m/crtend.o
LOAD c:/program files (x86)/gnu tools arm embedded/5.4 2016q3/bin/../lib/gcc/arm-none-eabi/5.4.1/armv6-m/crtn.o
OUTPUT(STM32F030_V2.elf elf32-littlearm)

.ARM.attributes
                0x00000000       0x28
 .ARM.attributes
                0x00000000       0x1e c:/program files (x86)/gnu tools arm embedded/5.4 2016q3/bin/../lib/gcc/arm-none-eabi/5.4.1/armv6-m/crti.o
 .ARM.attributes
                0x0000001e       0x2c c:/program files (x86)/gnu tools arm embedded/5.4 2016q3/bin/../lib/gcc/arm-none-eabi/5.4.1/armv6-m/crtbegin.o
 .ARM.attributes
                0x0000004a       0x31 ..\obj\mbox.o
 .ARM.attributes
                0x0000007b       0x31 ..\obj\i2c.o
 .ARM.attributes
                0x000000ac       0x31 ..\obj\util.o
 .ARM.attributes
                0x000000dd       0x31 ..\obj\uart.o
 .ARM.attributes
                0x0000010e       0x31 ..\obj\flag.o
 .ARM.attributes
                0x0000013f       0x31 ..\obj\syscalls.o
 .ARM.attributes
                0x00000170       0x31 ..\obj\core.o
 .ARM.attributes
                0x000001a1       0x31 ..\obj\arch.o
 .ARM.attributes
                0x000001d2       0x31 ..\obj\serviceReq.o
 .ARM.attributes
                0x00000203       0x31 ..\obj\timer.o
 .ARM.attributes
                0x00000234       0x31 ..\obj\stm32f0xx_rcc.o
 .ARM.attributes
                0x00000265       0x21 ..\obj\startup_stm32f0xx.o
 .ARM.attributes
                0x00000286       0x31 ..\obj\task.o
 .ARM.attributes
                0x000002b7       0x31 ..\obj\sem.o
 .ARM.attributes
                0x000002e8       0x31 ..\obj\gpio.o
 .ARM.attributes
                0x00000319       0x31 ..\obj\kernelHeap.o
 .ARM.attributes
                0x0000034a       0x31 ..\obj\time.o
 .ARM.attributes
                0x0000037b       0x31 ..\obj\queue.o
 .ARM.attributes
                0x000003ac       0x31 ..\obj\stm32f0xx_gpio.o
 .ARM.attributes
                0x000003dd       0x31 ..\obj\hdc1080.o
 .ARM.attributes
                0x0000040e       0x31 ..\obj\mutex.o
 .ARM.attributes
                0x0000043f       0x31 ..\obj\stm32f0xx_dma.o
 .ARM.attributes
                0x00000470       0x31 ..\obj\modbus_func.o
 .ARM.attributes
                0x000004a1       0x31 ..\obj\modbus.o
 .ARM.attributes
                0x000004d2       0x31 ..\obj\pub_var.o
 .ARM.attributes
                0x00000503       0x31 ..\obj\Ostimer.o
 .ARM.attributes
                0x00000534       0x31 ..\obj\stm32f0xx_usart.o
 .ARM.attributes
                0x00000565       0x31 ..\obj\port.o
 .ARM.attributes
                0x00000596       0x31 ..\obj\system_stm32f0xx.o
 .ARM.attributes
                0x000005c7       0x31 ..\obj\main.o
 .ARM.attributes
                0x000005f8       0x31 ..\obj\event.o
 .ARM.attributes
                0x00000629       0x31 ..\obj\stm32f0xx_misc.o
 .ARM.attributes
                0x0000065a       0x31 ..\obj\hook.o
 .ARM.attributes
                0x0000068b       0x1e c:/program files (x86)/gnu tools arm embedded/5.4 2016q3/bin/../lib/gcc/arm-none-eabi/5.4.1/armv6-m\libgcc.a(_udivsi3.o)
 .ARM.attributes
                0x000006a9       0x1e c:/program files (x86)/gnu tools arm embedded/5.4 2016q3/bin/../lib/gcc/arm-none-eabi/5.4.1/armv6-m\libgcc.a(_divsi3.o)
 .ARM.attributes
                0x000006c7       0x1e c:/program files (x86)/gnu tools arm embedded/5.4 2016q3/bin/../lib/gcc/arm-none-eabi/5.4.1/armv6-m\libgcc.a(_dvmd_tls.o)
 .ARM.attributes
                0x000006e5       0x2c c:/program files (x86)/gnu tools arm embedded/5.4 2016q3/bin/../lib/gcc/arm-none-eabi/5.4.1/../../../../arm-none-eabi/lib/armv6-m\libg.a(lib_a-impure.o)
 .ARM.attributes
                0x00000711       0x2c c:/program files (x86)/gnu tools arm embedded/5.4 2016q3/bin/../lib/gcc/arm-none-eabi/5.4.1/../../../../arm-none-eabi/lib/armv6-m\libg.a(lib_a-memset.o)
 .ARM.attributes
                0x0000073d       0x2c c:/program files (x86)/gnu tools arm embedded/5.4 2016q3/bin/../lib/gcc/arm-none-eabi/5.4.1/../../../../arm-none-eabi/lib/armv6-m\libg.a(lib_a-sprintf.o)
 .ARM.attributes
                0x00000769       0x2c c:/program files (x86)/gnu tools arm embedded/5.4 2016q3/bin/../lib/gcc/arm-none-eabi/5.4.1/../../../../arm-none-eabi/lib/armv6-m\libg.a(lib_a-svfprintf.o)
 .ARM.attributes
                0x00000795       0x2c c:/program files (x86)/gnu tools arm embedded/5.4 2016q3/bin/../lib/gcc/arm-none-eabi/5.4.1/../../../../arm-none-eabi/lib/armv6-m\libg.a(lib_a-__call_atexit.o)
 .ARM.attributes
                0x000007c1       0x2c c:/program files (x86)/gnu tools arm embedded/5.4 2016q3/bin/../lib/gcc/arm-none-eabi/5.4.1/../../../../arm-none-eabi/lib/armv6-m\libg.a(lib_a-atexit.o)
 .ARM.attributes
                0x000007ed       0x2c c:/program files (x86)/gnu tools arm embedded/5.4 2016q3/bin/../lib/gcc/arm-none-eabi/5.4.1/../../../../arm-none-eabi/lib/armv6-m\libg.a(lib_a-dtoa.o)
 .ARM.attributes
                0x00000819       0x2c c:/program files (x86)/gnu tools arm embedded/5.4 2016q3/bin/../lib/gcc/arm-none-eabi/5.4.1/../../../../arm-none-eabi/lib/armv6-m\libg.a(lib_a-fini.o)
 .ARM.attributes
                0x00000845       0x2c c:/program files (x86)/gnu tools arm embedded/5.4 2016q3/bin/../lib/gcc/arm-none-eabi/5.4.1/../../../../arm-none-eabi/lib/armv6-m\libg.a(lib_a-localeconv.o)
 .ARM.attributes
                0x00000871       0x2c c:/program files (x86)/gnu tools arm embedded/5.4 2016q3/bin/../lib/gcc/arm-none-eabi/5.4.1/../../../../arm-none-eabi/lib/armv6-m\libg.a(lib_a-mallocr.o)
 .ARM.attributes
                0x0000089d       0x2c c:/program files (x86)/gnu tools arm embedded/5.4 2016q3/bin/../lib/gcc/arm-none-eabi/5.4.1/../../../../arm-none-eabi/lib/armv6-m\libg.a(lib_a-memchr-stub.o)
 .ARM.attributes
                0x000008c9       0x2c c:/program files (x86)/gnu tools arm embedded/5.4 2016q3/bin/../lib/gcc/arm-none-eabi/5.4.1/../../../../arm-none-eabi/lib/armv6-m\libg.a(lib_a-memcpy-stub.o)
 .ARM.attributes
                0x000008f5       0x2c c:/program files (x86)/gnu tools arm embedded/5.4 2016q3/bin/../lib/gcc/arm-none-eabi/5.4.1/../../../../arm-none-eabi/lib/armv6-m\libg.a(lib_a-mlock.o)
 .ARM.attributes
                0x00000921       0x2c c:/program files (x86)/gnu tools arm embedded/5.4 2016q3/bin/../lib/gcc/arm-none-eabi/5.4.1/../../../../arm-none-eabi/lib/armv6-m\libg.a(lib_a-mprec.o)
 .ARM.attributes
                0x0000094d       0x2c c:/program files (x86)/gnu tools arm embedded/5.4 2016q3/bin/../lib/gcc/arm-none-eabi/5.4.1/../../../../arm-none-eabi/lib/armv6-m\libg.a(lib_a-sbrkr.o)
 .ARM.attributes
                0x00000979       0x2c c:/program files (x86)/gnu tools arm embedded/5.4 2016q3/bin/../lib/gcc/arm-none-eabi/5.4.1/../../../../arm-none-eabi/lib/armv6-m\libg.a(lib_a-strlen-stub.o)
 .ARM.attributes
                0x000009a5       0x2c c:/program files (x86)/gnu tools arm embedded/5.4 2016q3/bin/../lib/gcc/arm-none-eabi/5.4.1/../../../../arm-none-eabi/lib/armv6-m\libg.a(lib_a-svfiprintf.o)
 .ARM.attributes
                0x000009d1       0x2c c:/program files (x86)/gnu tools arm embedded/5.4 2016q3/bin/../lib/gcc/arm-none-eabi/5.4.1/../../../../arm-none-eabi/lib/armv6-m\libg.a(lib_a-__atexit.o)
 .ARM.attributes
                0x000009fd       0x2c c:/program files (x86)/gnu tools arm embedded/5.4 2016q3/bin/../lib/gcc/arm-none-eabi/5.4.1/../../../../arm-none-eabi/lib/armv6-m\libg.a(lib_a-callocr.o)
 .ARM.attributes
                0x00000a29       0x2c c:/program files (x86)/gnu tools arm embedded/5.4 2016q3/bin/../lib/gcc/arm-none-eabi/5.4.1/../../../../arm-none-eabi/lib/armv6-m\libg.a(lib_a-freer.o)
 .ARM.attributes
                0x00000a55       0x2c c:/program files (x86)/gnu tools arm embedded/5.4 2016q3/bin/../lib/gcc/arm-none-eabi/5.4.1/../../../../arm-none-eabi/lib/armv6-m\libg.a(lib_a-locale.o)
 .ARM.attributes
                0x00000a81       0x2c c:/program files (x86)/gnu tools arm embedded/5.4 2016q3/bin/../lib/gcc/arm-none-eabi/5.4.1/../../../../arm-none-eabi/lib/armv6-m\libg.a(lib_a-mbtowc_r.o)
 .ARM.attributes
                0x00000aad       0x2c c:/program files (x86)/gnu tools arm embedded/5.4 2016q3/bin/../lib/gcc/arm-none-eabi/5.4.1/../../../../arm-none-eabi/lib/armv6-m\libg.a(lib_a-memmove.o)
 .ARM.attributes
                0x00000ad9       0x2c c:/program files (x86)/gnu tools arm embedded/5.4 2016q3/bin/../lib/gcc/arm-none-eabi/5.4.1/../../../../arm-none-eabi/lib/armv6-m\libg.a(lib_a-reallocr.o)
 .ARM.attributes
                0x00000b05       0x2c c:/program files (x86)/gnu tools arm embedded/5.4 2016q3/bin/../lib/gcc/arm-none-eabi/5.4.1/../../../../arm-none-eabi/lib/armv6-m\libg.a(lib_a-reent.o)
 .ARM.attributes
                0x00000b31       0x2c c:/program files (x86)/gnu tools arm embedded/5.4 2016q3/bin/../lib/gcc/arm-none-eabi/5.4.1/../../../../arm-none-eabi/lib/armv6-m\libg.a(lib_a-wctomb_r.o)
 .ARM.attributes
                0x00000b5d       0x2c c:/program files (x86)/gnu tools arm embedded/5.4 2016q3/bin/../lib/gcc/arm-none-eabi/5.4.1/../../../../arm-none-eabi/lib/armv6-m\libg.a(lib_a-ctype_.o)
 .ARM.attributes
                0x00000b89       0x1e c:/program files (x86)/gnu tools arm embedded/5.4 2016q3/bin/../lib/gcc/arm-none-eabi/5.4.1/armv6-m\libgcc.a(_arm_cmpdf2.o)
 .ARM.attributes
                0x00000ba7       0x1e c:/program files (x86)/gnu tools arm embedded/5.4 2016q3/bin/../lib/gcc/arm-none-eabi/5.4.1/armv6-m\libgcc.a(_aeabi_uldivmod.o)
 .ARM.attributes
                0x00000bc5       0x2c c:/program files (x86)/gnu tools arm embedded/5.4 2016q3/bin/../lib/gcc/arm-none-eabi/5.4.1/armv6-m\libgcc.a(_udivmoddi4.o)
 .ARM.attributes
                0x00000bf1       0x2c c:/program files (x86)/gnu tools arm embedded/5.4 2016q3/bin/../lib/gcc/arm-none-eabi/5.4.1/armv6-m\libgcc.a(adddf3.o)
 .ARM.attributes
                0x00000c1d       0x2c c:/program files (x86)/gnu tools arm embedded/5.4 2016q3/bin/../lib/gcc/arm-none-eabi/5.4.1/armv6-m\libgcc.a(divdf3.o)
 .ARM.attributes
                0x00000c49       0x2c c:/program files (x86)/gnu tools arm embedded/5.4 2016q3/bin/../lib/gcc/arm-none-eabi/5.4.1/armv6-m\libgcc.a(eqdf2.o)
 .ARM.attributes
                0x00000c75       0x2c c:/program files (x86)/gnu tools arm embedded/5.4 2016q3/bin/../lib/gcc/arm-none-eabi/5.4.1/armv6-m\libgcc.a(gedf2.o)
 .ARM.attributes
                0x00000ca1       0x2c c:/program files (x86)/gnu tools arm embedded/5.4 2016q3/bin/../lib/gcc/arm-none-eabi/5.4.1/armv6-m\libgcc.a(ledf2.o)
 .ARM.attributes
                0x00000ccd       0x2c c:/program files (x86)/gnu tools arm embedded/5.4 2016q3/bin/../lib/gcc/arm-none-eabi/5.4.1/armv6-m\libgcc.a(muldf3.o)
 .ARM.attributes
                0x00000cf9       0x2c c:/program files (x86)/gnu tools arm embedded/5.4 2016q3/bin/../lib/gcc/arm-none-eabi/5.4.1/armv6-m\libgcc.a(subdf3.o)
 .ARM.attributes
                0x00000d25       0x2c c:/program files (x86)/gnu tools arm embedded/5.4 2016q3/bin/../lib/gcc/arm-none-eabi/5.4.1/armv6-m\libgcc.a(unorddf2.o)
 .ARM.attributes
                0x00000d51       0x2c c:/program files (x86)/gnu tools arm embedded/5.4 2016q3/bin/../lib/gcc/arm-none-eabi/5.4.1/armv6-m\libgcc.a(fixdfsi.o)
 .ARM.attributes
                0x00000d7d       0x2c c:/program files (x86)/gnu tools arm embedded/5.4 2016q3/bin/../lib/gcc/arm-none-eabi/5.4.1/armv6-m\libgcc.a(floatsidf.o)
 .ARM.attributes
                0x00000da9       0x2c c:/program files (x86)/gnu tools arm embedded/5.4 2016q3/bin/../lib/gcc/arm-none-eabi/5.4.1/armv6-m\libgcc.a(floatunsidf.o)
 .ARM.attributes
                0x00000dd5       0x1e c:/program files (x86)/gnu tools arm embedded/5.4 2016q3/bin/../lib/gcc/arm-none-eabi/5.4.1/armv6-m\libgcc.a(_clzsi2.o)
 .ARM.attributes
                0x00000df3       0x1e c:/program files (x86)/gnu tools arm embedded/5.4 2016q3/bin/../lib/gcc/arm-none-eabi/5.4.1/armv6-m\libgcc.a(_clzdi2.o)
 .ARM.attributes
                0x00000e11       0x2c c:/program files (x86)/gnu tools arm embedded/5.4 2016q3/bin/../lib/gcc/arm-none-eabi/5.4.1/armv6-m/crtend.o
 .ARM.attributes
                0x00000e3d       0x1e c:/program files (x86)/gnu tools arm embedded/5.4 2016q3/bin/../lib/gcc/arm-none-eabi/5.4.1/armv6-m/crtn.o

.comment        0x00000000       0x6e
 .comment       0x00000000       0x6e ..\obj\mbox.o
                                 0x6f (size before relaxing)
 .comment       0x0000006e       0x6f ..\obj\i2c.o
 .comment       0x0000006e       0x6f ..\obj\util.o
 .comment       0x0000006e       0x6f ..\obj\uart.o
 .comment       0x0000006e       0x6f ..\obj\flag.o
 .comment       0x0000006e       0x6f ..\obj\syscalls.o
 .comment       0x0000006e       0x6f ..\obj\core.o
 .comment       0x0000006e       0x6f ..\obj\arch.o
 .comment       0x0000006e       0x6f ..\obj\serviceReq.o
 .comment       0x0000006e       0x6f ..\obj\timer.o
 .comment       0x0000006e       0x6f ..\obj\stm32f0xx_rcc.o
 .comment       0x0000006e       0x6f ..\obj\task.o
 .comment       0x0000006e       0x6f ..\obj\sem.o
 .comment       0x0000006e       0x6f ..\obj\gpio.o
 .comment       0x0000006e       0x6f ..\obj\kernelHeap.o
 .comment       0x0000006e       0x6f ..\obj\time.o
 .comment       0x0000006e       0x6f ..\obj\queue.o
 .comment       0x0000006e       0x6f ..\obj\stm32f0xx_gpio.o
 .comment       0x0000006e       0x6f ..\obj\hdc1080.o
 .comment       0x0000006e       0x6f ..\obj\mutex.o
 .comment       0x0000006e       0x6f ..\obj\stm32f0xx_dma.o
 .comment       0x0000006e       0x6f ..\obj\modbus_func.o
 .comment       0x0000006e       0x6f ..\obj\modbus.o
 .comment       0x0000006e       0x6f ..\obj\pub_var.o
 .comment       0x0000006e       0x6f ..\obj\Ostimer.o
 .comment       0x0000006e       0x6f ..\obj\stm32f0xx_usart.o
 .comment       0x0000006e       0x6f ..\obj\port.o
 .comment       0x0000006e       0x6f ..\obj\system_stm32f0xx.o
 .comment       0x0000006e       0x6f ..\obj\main.o
 .comment       0x0000006e       0x6f ..\obj\event.o
 .comment       0x0000006e       0x6f ..\obj\stm32f0xx_misc.o
 .comment       0x0000006e       0x6f ..\obj\hook.o

.debug_frame    0x00000000      0xb10
 .debug_frame   0x00000000       0x20 c:/program files (x86)/gnu tools arm embedded/5.4 2016q3/bin/../lib/gcc/arm-none-eabi/5.4.1/armv6-m\libgcc.a(_udivsi3.o)
 .debug_frame   0x00000020       0x20 c:/program files (x86)/gnu tools arm embedded/5.4 2016q3/bin/../lib/gcc/arm-none-eabi/5.4.1/armv6-m\libgcc.a(_divsi3.o)
 .debug_frame   0x00000040       0x2c c:/program files (x86)/gnu tools arm embedded/5.4 2016q3/bin/../lib/gcc/arm-none-eabi/5.4.1/../../../../arm-none-eabi/lib/armv6-m\libg.a(lib_a-memset.o)
 .debug_frame   0x0000006c       0x50 c:/program files (x86)/gnu tools arm embedded/5.4 2016q3/bin/../lib/gcc/arm-none-eabi/5.4.1/../../../../arm-none-eabi/lib/armv6-m\libg.a(lib_a-sprintf.o)
 .debug_frame   0x000000bc       0x3c c:/program files (x86)/gnu tools arm embedded/5.4 2016q3/bin/../lib/gcc/arm-none-eabi/5.4.1/../../../../arm-none-eabi/lib/armv6-m\libg.a(lib_a-svfprintf.o)
 .debug_frame   0x000000f8       0x54 c:/program files (x86)/gnu tools arm embedded/5.4 2016q3/bin/../lib/gcc/arm-none-eabi/5.4.1/../../../../arm-none-eabi/lib/armv6-m\libg.a(lib_a-__call_atexit.o)
 .debug_frame   0x0000014c       0x28 c:/program files (x86)/gnu tools arm embedded/5.4 2016q3/bin/../lib/gcc/arm-none-eabi/5.4.1/../../../../arm-none-eabi/lib/armv6-m\libg.a(lib_a-atexit.o)
 .debug_frame   0x00000174       0x68 c:/program files (x86)/gnu tools arm embedded/5.4 2016q3/bin/../lib/gcc/arm-none-eabi/5.4.1/../../../../arm-none-eabi/lib/armv6-m\libg.a(lib_a-dtoa.o)
 .debug_frame   0x000001dc       0x2c c:/program files (x86)/gnu tools arm embedded/5.4 2016q3/bin/../lib/gcc/arm-none-eabi/5.4.1/../../../../arm-none-eabi/lib/armv6-m\libg.a(lib_a-fini.o)
 .debug_frame   0x00000208       0x40 c:/program files (x86)/gnu tools arm embedded/5.4 2016q3/bin/../lib/gcc/arm-none-eabi/5.4.1/../../../../arm-none-eabi/lib/armv6-m\libg.a(lib_a-localeconv.o)
 .debug_frame   0x00000248       0x3c c:/program files (x86)/gnu tools arm embedded/5.4 2016q3/bin/../lib/gcc/arm-none-eabi/5.4.1/../../../../arm-none-eabi/lib/armv6-m\libg.a(lib_a-mallocr.o)
 .debug_frame   0x00000284       0x2c c:/program files (x86)/gnu tools arm embedded/5.4 2016q3/bin/../lib/gcc/arm-none-eabi/5.4.1/../../../../arm-none-eabi/lib/armv6-m\libg.a(lib_a-memchr-stub.o)
 .debug_frame   0x000002b0       0x2c c:/program files (x86)/gnu tools arm embedded/5.4 2016q3/bin/../lib/gcc/arm-none-eabi/5.4.1/../../../../arm-none-eabi/lib/armv6-m\libg.a(lib_a-memcpy-stub.o)
 .debug_frame   0x000002dc       0x30 c:/program files (x86)/gnu tools arm embedded/5.4 2016q3/bin/../lib/gcc/arm-none-eabi/5.4.1/../../../../arm-none-eabi/lib/armv6-m\libg.a(lib_a-mlock.o)
 .debug_frame   0x0000030c      0x258 c:/program files (x86)/gnu tools arm embedded/5.4 2016q3/bin/../lib/gcc/arm-none-eabi/5.4.1/../../../../arm-none-eabi/lib/armv6-m\libg.a(lib_a-mprec.o)
 .debug_frame   0x00000564       0x2c c:/program files (x86)/gnu tools arm embedded/5.4 2016q3/bin/../lib/gcc/arm-none-eabi/5.4.1/../../../../arm-none-eabi/lib/armv6-m\libg.a(lib_a-sbrkr.o)
 .debug_frame   0x00000590       0x28 c:/program files (x86)/gnu tools arm embedded/5.4 2016q3/bin/../lib/gcc/arm-none-eabi/5.4.1/../../../../arm-none-eabi/lib/armv6-m\libg.a(lib_a-strlen-stub.o)
 .debug_frame   0x000005b8       0x68 c:/program files (x86)/gnu tools arm embedded/5.4 2016q3/bin/../lib/gcc/arm-none-eabi/5.4.1/../../../../arm-none-eabi/lib/armv6-m\libg.a(lib_a-svfiprintf.o)
 .debug_frame   0x00000620       0x3c c:/program files (x86)/gnu tools arm embedded/5.4 2016q3/bin/../lib/gcc/arm-none-eabi/5.4.1/../../../../arm-none-eabi/lib/armv6-m\libg.a(lib_a-__atexit.o)
 .debug_frame   0x0000065c       0x28 c:/program files (x86)/gnu tools arm embedded/5.4 2016q3/bin/../lib/gcc/arm-none-eabi/5.4.1/../../../../arm-none-eabi/lib/armv6-m\libg.a(lib_a-callocr.o)
 .debug_frame   0x00000684       0x54 c:/program files (x86)/gnu tools arm embedded/5.4 2016q3/bin/../lib/gcc/arm-none-eabi/5.4.1/../../../../arm-none-eabi/lib/armv6-m\libg.a(lib_a-freer.o)
 .debug_frame   0x000006d8       0x8c c:/program files (x86)/gnu tools arm embedded/5.4 2016q3/bin/../lib/gcc/arm-none-eabi/5.4.1/../../../../arm-none-eabi/lib/armv6-m\libg.a(lib_a-locale.o)
 .debug_frame   0x00000764       0x40 c:/program files (x86)/gnu tools arm embedded/5.4 2016q3/bin/../lib/gcc/arm-none-eabi/5.4.1/../../../../arm-none-eabi/lib/armv6-m\libg.a(lib_a-mbtowc_r.o)
 .debug_frame   0x000007a4       0x2c c:/program files (x86)/gnu tools arm embedded/5.4 2016q3/bin/../lib/gcc/arm-none-eabi/5.4.1/../../../../arm-none-eabi/lib/armv6-m\libg.a(lib_a-memmove.o)
 .debug_frame   0x000007d0       0x3c c:/program files (x86)/gnu tools arm embedded/5.4 2016q3/bin/../lib/gcc/arm-none-eabi/5.4.1/../../../../arm-none-eabi/lib/armv6-m\libg.a(lib_a-reallocr.o)
 .debug_frame   0x0000080c       0x48 c:/program files (x86)/gnu tools arm embedded/5.4 2016q3/bin/../lib/gcc/arm-none-eabi/5.4.1/../../../../arm-none-eabi/lib/armv6-m\libg.a(lib_a-reent.o)
 .debug_frame   0x00000854       0x3c c:/program files (x86)/gnu tools arm embedded/5.4 2016q3/bin/../lib/gcc/arm-none-eabi/5.4.1/../../../../arm-none-eabi/lib/armv6-m\libg.a(lib_a-wctomb_r.o)
 .debug_frame   0x00000890       0x3c c:/program files (x86)/gnu tools arm embedded/5.4 2016q3/bin/../lib/gcc/arm-none-eabi/5.4.1/armv6-m\libgcc.a(_udivmoddi4.o)
 .debug_frame   0x000008cc       0x3c c:/program files (x86)/gnu tools arm embedded/5.4 2016q3/bin/../lib/gcc/arm-none-eabi/5.4.1/armv6-m\libgcc.a(adddf3.o)
 .debug_frame   0x00000908       0x3c c:/program files (x86)/gnu tools arm embedded/5.4 2016q3/bin/../lib/gcc/arm-none-eabi/5.4.1/armv6-m\libgcc.a(divdf3.o)
 .debug_frame   0x00000944       0x38 c:/program files (x86)/gnu tools arm embedded/5.4 2016q3/bin/../lib/gcc/arm-none-eabi/5.4.1/armv6-m\libgcc.a(eqdf2.o)
 .debug_frame   0x0000097c       0x38 c:/program files (x86)/gnu tools arm embedded/5.4 2016q3/bin/../lib/gcc/arm-none-eabi/5.4.1/armv6-m\libgcc.a(gedf2.o)
 .debug_frame   0x000009b4       0x38 c:/program files (x86)/gnu tools arm embedded/5.4 2016q3/bin/../lib/gcc/arm-none-eabi/5.4.1/armv6-m\libgcc.a(ledf2.o)
 .debug_frame   0x000009ec       0x3c c:/program files (x86)/gnu tools arm embedded/5.4 2016q3/bin/../lib/gcc/arm-none-eabi/5.4.1/armv6-m\libgcc.a(muldf3.o)
 .debug_frame   0x00000a28       0x38 c:/program files (x86)/gnu tools arm embedded/5.4 2016q3/bin/../lib/gcc/arm-none-eabi/5.4.1/armv6-m\libgcc.a(subdf3.o)
 .debug_frame   0x00000a60       0x2c c:/program files (x86)/gnu tools arm embedded/5.4 2016q3/bin/../lib/gcc/arm-none-eabi/5.4.1/armv6-m\libgcc.a(unorddf2.o)
 .debug_frame   0x00000a8c       0x2c c:/program files (x86)/gnu tools arm embedded/5.4 2016q3/bin/../lib/gcc/arm-none-eabi/5.4.1/armv6-m\libgcc.a(fixdfsi.o)
 .debug_frame   0x00000ab8       0x2c c:/program files (x86)/gnu tools arm embedded/5.4 2016q3/bin/../lib/gcc/arm-none-eabi/5.4.1/armv6-m\libgcc.a(floatsidf.o)
 .debug_frame   0x00000ae4       0x2c c:/program files (x86)/gnu tools arm embedded/5.4 2016q3/bin/../lib/gcc/arm-none-eabi/5.4.1/armv6-m\libgcc.a(floatunsidf.o)
