Archive member included to satisfy reference by file (symbol)

c:/program files (x86)/gnu tools arm embedded/5.4 2016q3/bin/../lib/gcc/arm-none-eabi/5.4.1/armv6-m\libgcc.a(_udivsi3.o)
                              ..\obj\stm32f0xx_rcc.o (__aeabi_uidiv)
c:/program files (x86)/gnu tools arm embedded/5.4 2016q3/bin/../lib/gcc/arm-none-eabi/5.4.1/armv6-m\libgcc.a(_divsi3.o)
                              ..\obj\time.o (__aeabi_idiv)
c:/program files (x86)/gnu tools arm embedded/5.4 2016q3/bin/../lib/gcc/arm-none-eabi/5.4.1/armv6-m\libgcc.a(_dvmd_tls.o)
                              c:/program files (x86)/gnu tools arm embedded/5.4 2016q3/bin/../lib/gcc/arm-none-eabi/5.4.1/armv6-m\libgcc.a(_udivsi3.o) (__aeabi_idiv0)
c:/program files (x86)/gnu tools arm embedded/5.4 2016q3/bin/../lib/gcc/arm-none-eabi/5.4.1/../../../../arm-none-eabi/lib/armv6-m\libg.a(lib_a-exit.o)
                              c:/program files (x86)/gnu tools arm embedded/5.4 2016q3/bin/../lib/gcc/arm-none-eabi/5.4.1/../../../../arm-none-eabi/lib/armv6-m/crt0.o (exit)
c:/program files (x86)/gnu tools arm embedded/5.4 2016q3/bin/../lib/gcc/arm-none-eabi/5.4.1/../../../../arm-none-eabi/lib/armv6-m\libg.a(lib_a-impure.o)
                              c:/program files (x86)/gnu tools arm embedded/5.4 2016q3/bin/../lib/gcc/arm-none-eabi/5.4.1/../../../../arm-none-eabi/lib/armv6-m\libg.a(lib_a-exit.o) (_global_impure_ptr)
c:/program files (x86)/gnu tools arm embedded/5.4 2016q3/bin/../lib/gcc/arm-none-eabi/5.4.1/../../../../arm-none-eabi/lib/armv6-m\libg.a(lib_a-init.o)
                              c:/program files (x86)/gnu tools arm embedded/5.4 2016q3/bin/../lib/gcc/arm-none-eabi/5.4.1/../../../../arm-none-eabi/lib/armv6-m/crt0.o (__libc_init_array)
c:/program files (x86)/gnu tools arm embedded/5.4 2016q3/bin/../lib/gcc/arm-none-eabi/5.4.1/../../../../arm-none-eabi/lib/armv6-m\libg.a(lib_a-memset.o)
                              c:/program files (x86)/gnu tools arm embedded/5.4 2016q3/bin/../lib/gcc/arm-none-eabi/5.4.1/../../../../arm-none-eabi/lib/armv6-m/crt0.o (memset)
c:/program files (x86)/gnu tools arm embedded/5.4 2016q3/bin/../lib/gcc/arm-none-eabi/5.4.1/../../../../arm-none-eabi/lib/armv6-m\libg.a(lib_a-__call_atexit.o)
                              c:/program files (x86)/gnu tools arm embedded/5.4 2016q3/bin/../lib/gcc/arm-none-eabi/5.4.1/../../../../arm-none-eabi/lib/armv6-m\libg.a(lib_a-exit.o) (__call_exitprocs)
c:/program files (x86)/gnu tools arm embedded/5.4 2016q3/bin/../lib/gcc/arm-none-eabi/5.4.1/../../../../arm-none-eabi/lib/armv6-m\libg.a(lib_a-atexit.o)
                              c:/program files (x86)/gnu tools arm embedded/5.4 2016q3/bin/../lib/gcc/arm-none-eabi/5.4.1/../../../../arm-none-eabi/lib/armv6-m\libg.a(lib_a-__call_atexit.o) (atexit)
c:/program files (x86)/gnu tools arm embedded/5.4 2016q3/bin/../lib/gcc/arm-none-eabi/5.4.1/../../../../arm-none-eabi/lib/armv6-m\libg.a(lib_a-fini.o)
                              c:/program files (x86)/gnu tools arm embedded/5.4 2016q3/bin/../lib/gcc/arm-none-eabi/5.4.1/../../../../arm-none-eabi/lib/armv6-m\libg.a(lib_a-__call_atexit.o) (__libc_fini_array)
c:/program files (x86)/gnu tools arm embedded/5.4 2016q3/bin/../lib/gcc/arm-none-eabi/5.4.1/../../../../arm-none-eabi/lib/armv6-m\libg.a(lib_a-__atexit.o)
                              c:/program files (x86)/gnu tools arm embedded/5.4 2016q3/bin/../lib/gcc/arm-none-eabi/5.4.1/../../../../arm-none-eabi/lib/armv6-m\libg.a(lib_a-atexit.o) (__register_exitproc)

Allocating common symbols
Common symbol       size              file

mbTxRxData          0x10              ..\obj\modbus.o
ulMfTmp             0x4               ..\obj\modbus_func.o
mutex_I2C           0x1               ..\obj\main.o
ptruChar            0x4               ..\obj\modbus_func.o
taskHDC1080_stk     0x200             ..\obj\main.o
i2cRxBufPtr         0x4               ..\obj\i2c.o
sys_par             0xa               ..\obj\pub_var.o
ulOutputs           0x4               ..\obj\gpio.o
i2cTxBufPtr         0x4               ..\obj\i2c.o
uiMfTmp             0x2               ..\obj\modbus_func.o
taskLed_stk         0x200             ..\obj\main.o
uistMfTmp           0x2               ..\obj\modbus_func.o
taskUart_stk        0x200             ..\obj\main.o
ptruInt             0x4               ..\obj\modbus_func.o
ulTmp               0x4               ..\obj\gpio.o
ulInputs            0x4               ..\obj\gpio.o

Discarded input sections

 .text          0x00000000        0x0 c:/program files (x86)/gnu tools arm embedded/5.4 2016q3/bin/../lib/gcc/arm-none-eabi/5.4.1/armv6-m/crti.o
 .data          0x00000000        0x0 c:/program files (x86)/gnu tools arm embedded/5.4 2016q3/bin/../lib/gcc/arm-none-eabi/5.4.1/armv6-m/crti.o
 .bss           0x00000000        0x0 c:/program files (x86)/gnu tools arm embedded/5.4 2016q3/bin/../lib/gcc/arm-none-eabi/5.4.1/armv6-m/crti.o
 .data          0x00000000        0x4 c:/program files (x86)/gnu tools arm embedded/5.4 2016q3/bin/../lib/gcc/arm-none-eabi/5.4.1/armv6-m/crtbegin.o
 .text          0x00000000       0x78 c:/program files (x86)/gnu tools arm embedded/5.4 2016q3/bin/../lib/gcc/arm-none-eabi/5.4.1/../../../../arm-none-eabi/lib/armv6-m/crt0.o
 .data          0x00000000        0x0 c:/program files (x86)/gnu tools arm embedded/5.4 2016q3/bin/../lib/gcc/arm-none-eabi/5.4.1/../../../../arm-none-eabi/lib/armv6-m/crt0.o
 .bss           0x00000000        0x0 c:/program files (x86)/gnu tools arm embedded/5.4 2016q3/bin/../lib/gcc/arm-none-eabi/5.4.1/../../../../arm-none-eabi/lib/armv6-m/crt0.o
 .ARM.extab     0x00000000        0x0 c:/program files (x86)/gnu tools arm embedded/5.4 2016q3/bin/../lib/gcc/arm-none-eabi/5.4.1/../../../../arm-none-eabi/lib/armv6-m/crt0.o
 .ARM.exidx     0x00000000        0x8 c:/program files (x86)/gnu tools arm embedded/5.4 2016q3/bin/../lib/gcc/arm-none-eabi/5.4.1/../../../../arm-none-eabi/lib/armv6-m/crt0.o
 .ARM.attributes
                0x00000000       0x1b c:/program files (x86)/gnu tools arm embedded/5.4 2016q3/bin/../lib/gcc/arm-none-eabi/5.4.1/../../../../arm-none-eabi/lib/armv6-m/crt0.o
 .data          0x00000000        0x0 ..\obj\mbox.o
 .bss           0x00000000        0x0 ..\obj\mbox.o
 .data          0x00000000        0x0 ..\obj\i2c.o
 .data          0x00000000        0x0 ..\obj\util.o
 .bss           0x00000000        0x0 ..\obj\util.o
 .data          0x00000000        0x0 ..\obj\flag.o
 .text          0x00000000       0xe8 ..\obj\syscalls.o
 .data          0x00000000        0x0 ..\obj\syscalls.o
 .bss           0x00000000        0x4 ..\obj\syscalls.o
 .debug_info    0x00000000      0x458 ..\obj\syscalls.o
 .debug_abbrev  0x00000000       0xe5 ..\obj\syscalls.o
 .debug_aranges
                0x00000000       0x20 ..\obj\syscalls.o
 .debug_line    0x00000000      0x18d ..\obj\syscalls.o
 .debug_str     0x00000000      0x351 ..\obj\syscalls.o
 .comment       0x00000000       0x6f ..\obj\syscalls.o
 .debug_frame   0x00000000      0x12c ..\obj\syscalls.o
 .ARM.attributes
                0x00000000       0x31 ..\obj\syscalls.o
 .data          0x00000000        0x0 ..\obj\core.o
 .data          0x00000000        0x0 ..\obj\arch.o
 .data          0x00000000        0x0 ..\obj\serviceReq.o
 .text          0x00000000       0x1c ..\obj\stepper_motor.o
 .data          0x00000000        0x0 ..\obj\stepper_motor.o
 .bss           0x00000000        0x2 ..\obj\stepper_motor.o
 .rodata        0x00000000        0x4 ..\obj\stepper_motor.o
 .debug_info    0x00000000      0x135 ..\obj\stepper_motor.o
 .debug_abbrev  0x00000000       0xa4 ..\obj\stepper_motor.o
 .debug_aranges
                0x00000000       0x20 ..\obj\stepper_motor.o
 .debug_line    0x00000000      0x15b ..\obj\stepper_motor.o
 .debug_str     0x00000000      0x205 ..\obj\stepper_motor.o
 .comment       0x00000000       0x6f ..\obj\stepper_motor.o
 .debug_frame   0x00000000       0x30 ..\obj\stepper_motor.o
 .ARM.attributes
                0x00000000       0x31 ..\obj\stepper_motor.o
 .data          0x00000000        0x0 ..\obj\timer.o
 .bss           0x00000000        0x0 ..\obj\timer.o
 .bss           0x00000000        0x0 ..\obj\stm32f0xx_rcc.o
 .text          0x00000000     0x1794 ..\obj\stm32f0xx_i2c.o
 .data          0x00000000        0x0 ..\obj\stm32f0xx_i2c.o
 .bss           0x00000000        0x0 ..\obj\stm32f0xx_i2c.o
 .rodata        0x00000000       0x55 ..\obj\stm32f0xx_i2c.o
 .debug_info    0x00000000      0xbbb ..\obj\stm32f0xx_i2c.o
 .debug_abbrev  0x00000000      0x187 ..\obj\stm32f0xx_i2c.o
 .debug_aranges
                0x00000000       0x20 ..\obj\stm32f0xx_i2c.o
 .debug_line    0x00000000      0x7f1 ..\obj\stm32f0xx_i2c.o
 .debug_str     0x00000000      0x63c ..\obj\stm32f0xx_i2c.o
 .comment       0x00000000       0x6f ..\obj\stm32f0xx_i2c.o
 .debug_frame   0x00000000      0x550 ..\obj\stm32f0xx_i2c.o
 .ARM.attributes
                0x00000000       0x31 ..\obj\stm32f0xx_i2c.o
 .text          0x00000000       0x14 ..\obj\startup_stm32f0xx.o
 .data          0x00000000        0x0 ..\obj\startup_stm32f0xx.o
 .bss           0x00000000        0x0 ..\obj\startup_stm32f0xx.o
 .data          0x00000000        0x0 ..\obj\task.o
 .data          0x00000000        0x0 ..\obj\sem.o
 .bss           0x00000000        0x0 ..\obj\sem.o
 .data          0x00000000        0x0 ..\obj\gpio.o
 .bss           0x00000000        0x0 ..\obj\gpio.o
 .data          0x00000000        0x0 ..\obj\kernelHeap.o
 .data          0x00000000        0x0 ..\obj\time.o
 .data          0x00000000        0x0 ..\obj\queue.o
 .data          0x00000000        0x0 ..\obj\stm32f0xx_gpio.o
 .bss           0x00000000        0x0 ..\obj\stm32f0xx_gpio.o
 .data          0x00000000        0x0 ..\obj\hdc1080.o
 .data          0x00000000        0x0 ..\obj\mutex.o
 .text          0x00000000      0x3c4 ..\obj\mm.o
 .data          0x00000000        0x0 ..\obj\mm.o
 .bss           0x00000000       0x24 ..\obj\mm.o
 .debug_info    0x00000000      0x304 ..\obj\mm.o
 .debug_abbrev  0x00000000      0x112 ..\obj\mm.o
 .debug_aranges
                0x00000000       0x20 ..\obj\mm.o
 .debug_line    0x00000000      0x150 ..\obj\mm.o
 .debug_str     0x00000000      0x26a ..\obj\mm.o
 .comment       0x00000000       0x6f ..\obj\mm.o
 .debug_frame   0x00000000       0xb0 ..\obj\mm.o
 .ARM.attributes
                0x00000000       0x31 ..\obj\mm.o
 .data          0x00000000        0x0 ..\obj\stm32f0xx_dma.o
 .bss           0x00000000        0x0 ..\obj\stm32f0xx_dma.o
 .bss           0x00000000        0x0 ..\obj\modbus_func.o
 .data          0x00000000        0x0 ..\obj\modbus.o
 .data          0x00000000        0x0 ..\obj\pub_var.o
 .bss           0x00000000        0x0 ..\obj\pub_var.o
 .data          0x00000000        0x0 ..\obj\Ostimer.o
 .data          0x00000000        0x0 ..\obj\stm32f0xx_usart.o
 .bss           0x00000000        0x0 ..\obj\stm32f0xx_usart.o
 .bss           0x00000000        0x0 ..\obj\system_stm32f0xx.o
 .bss           0x00000000        0x0 ..\obj\port.o
 .text          0x00000000      0x128 ..\obj\utility.o
 .data          0x00000000        0x0 ..\obj\utility.o
 .bss           0x00000000        0x0 ..\obj\utility.o
 .debug_info    0x00000000      0x168 ..\obj\utility.o
 .debug_abbrev  0x00000000       0xae ..\obj\utility.o
 .debug_aranges
                0x00000000       0x20 ..\obj\utility.o
 .debug_line    0x00000000       0xce ..\obj\utility.o
 .debug_str     0x00000000      0x1a3 ..\obj\utility.o
 .comment       0x00000000       0x6f ..\obj\utility.o
 .debug_frame   0x00000000       0x54 ..\obj\utility.o
 .ARM.attributes
                0x00000000       0x31 ..\obj\utility.o
 .data          0x00000000        0x0 ..\obj\main.o
 .bss           0x00000000        0x0 ..\obj\main.o
 .data          0x00000000        0x0 ..\obj\event.o
 .data          0x00000000        0x0 ..\obj\stm32f0xx_misc.o
 .bss           0x00000000        0x0 ..\obj\stm32f0xx_misc.o
 .data          0x00000000        0x0 ..\obj\hook.o
 .bss           0x00000000        0x0 ..\obj\hook.o
 .data          0x00000000        0x0 c:/program files (x86)/gnu tools arm embedded/5.4 2016q3/bin/../lib/gcc/arm-none-eabi/5.4.1/armv6-m\libgcc.a(_udivsi3.o)
 .bss           0x00000000        0x0 c:/program files (x86)/gnu tools arm embedded/5.4 2016q3/bin/../lib/gcc/arm-none-eabi/5.4.1/armv6-m\libgcc.a(_udivsi3.o)
 .data          0x00000000        0x0 c:/program files (x86)/gnu tools arm embedded/5.4 2016q3/bin/../lib/gcc/arm-none-eabi/5.4.1/armv6-m\libgcc.a(_divsi3.o)
 .bss           0x00000000        0x0 c:/program files (x86)/gnu tools arm embedded/5.4 2016q3/bin/../lib/gcc/arm-none-eabi/5.4.1/armv6-m\libgcc.a(_divsi3.o)
 .data          0x00000000        0x0 c:/program files (x86)/gnu tools arm embedded/5.4 2016q3/bin/../lib/gcc/arm-none-eabi/5.4.1/armv6-m\libgcc.a(_dvmd_tls.o)
 .bss           0x00000000        0x0 c:/program files (x86)/gnu tools arm embedded/5.4 2016q3/bin/../lib/gcc/arm-none-eabi/5.4.1/armv6-m\libgcc.a(_dvmd_tls.o)
 .text          0x00000000        0x0 c:/program files (x86)/gnu tools arm embedded/5.4 2016q3/bin/../lib/gcc/arm-none-eabi/5.4.1/../../../../arm-none-eabi/lib/armv6-m\libg.a(lib_a-exit.o)
 .data          0x00000000        0x0 c:/program files (x86)/gnu tools arm embedded/5.4 2016q3/bin/../lib/gcc/arm-none-eabi/5.4.1/../../../../arm-none-eabi/lib/armv6-m\libg.a(lib_a-exit.o)
 .bss           0x00000000        0x0 c:/program files (x86)/gnu tools arm embedded/5.4 2016q3/bin/../lib/gcc/arm-none-eabi/5.4.1/../../../../arm-none-eabi/lib/armv6-m\libg.a(lib_a-exit.o)
 .text.exit     0x00000000       0x20 c:/program files (x86)/gnu tools arm embedded/5.4 2016q3/bin/../lib/gcc/arm-none-eabi/5.4.1/../../../../arm-none-eabi/lib/armv6-m\libg.a(lib_a-exit.o)
 .debug_frame   0x00000000       0x28 c:/program files (x86)/gnu tools arm embedded/5.4 2016q3/bin/../lib/gcc/arm-none-eabi/5.4.1/../../../../arm-none-eabi/lib/armv6-m\libg.a(lib_a-exit.o)
 .ARM.attributes
                0x00000000       0x2c c:/program files (x86)/gnu tools arm embedded/5.4 2016q3/bin/../lib/gcc/arm-none-eabi/5.4.1/../../../../arm-none-eabi/lib/armv6-m\libg.a(lib_a-exit.o)
 .text          0x00000000        0x0 c:/program files (x86)/gnu tools arm embedded/5.4 2016q3/bin/../lib/gcc/arm-none-eabi/5.4.1/../../../../arm-none-eabi/lib/armv6-m\libg.a(lib_a-impure.o)
 .data          0x00000000        0x0 c:/program files (x86)/gnu tools arm embedded/5.4 2016q3/bin/../lib/gcc/arm-none-eabi/5.4.1/../../../../arm-none-eabi/lib/armv6-m\libg.a(lib_a-impure.o)
 .bss           0x00000000        0x0 c:/program files (x86)/gnu tools arm embedded/5.4 2016q3/bin/../lib/gcc/arm-none-eabi/5.4.1/../../../../arm-none-eabi/lib/armv6-m\libg.a(lib_a-impure.o)
 .data._impure_ptr
                0x00000000        0x4 c:/program files (x86)/gnu tools arm embedded/5.4 2016q3/bin/../lib/gcc/arm-none-eabi/5.4.1/../../../../arm-none-eabi/lib/armv6-m\libg.a(lib_a-impure.o)
 .text          0x00000000        0x0 c:/program files (x86)/gnu tools arm embedded/5.4 2016q3/bin/../lib/gcc/arm-none-eabi/5.4.1/../../../../arm-none-eabi/lib/armv6-m\libg.a(lib_a-init.o)
 .data          0x00000000        0x0 c:/program files (x86)/gnu tools arm embedded/5.4 2016q3/bin/../lib/gcc/arm-none-eabi/5.4.1/../../../../arm-none-eabi/lib/armv6-m\libg.a(lib_a-init.o)
 .bss           0x00000000        0x0 c:/program files (x86)/gnu tools arm embedded/5.4 2016q3/bin/../lib/gcc/arm-none-eabi/5.4.1/../../../../arm-none-eabi/lib/armv6-m\libg.a(lib_a-init.o)
 .text.__libc_init_array
                0x00000000       0x48 c:/program files (x86)/gnu tools arm embedded/5.4 2016q3/bin/../lib/gcc/arm-none-eabi/5.4.1/../../../../arm-none-eabi/lib/armv6-m\libg.a(lib_a-init.o)
 .debug_frame   0x00000000       0x2c c:/program files (x86)/gnu tools arm embedded/5.4 2016q3/bin/../lib/gcc/arm-none-eabi/5.4.1/../../../../arm-none-eabi/lib/armv6-m\libg.a(lib_a-init.o)
 .ARM.attributes
                0x00000000       0x2c c:/program files (x86)/gnu tools arm embedded/5.4 2016q3/bin/../lib/gcc/arm-none-eabi/5.4.1/../../../../arm-none-eabi/lib/armv6-m\libg.a(lib_a-init.o)
 .text          0x00000000        0x0 c:/program files (x86)/gnu tools arm embedded/5.4 2016q3/bin/../lib/gcc/arm-none-eabi/5.4.1/../../../../arm-none-eabi/lib/armv6-m\libg.a(lib_a-memset.o)
 .data          0x00000000        0x0 c:/program files (x86)/gnu tools arm embedded/5.4 2016q3/bin/../lib/gcc/arm-none-eabi/5.4.1/../../../../arm-none-eabi/lib/armv6-m\libg.a(lib_a-memset.o)
 .bss           0x00000000        0x0 c:/program files (x86)/gnu tools arm embedded/5.4 2016q3/bin/../lib/gcc/arm-none-eabi/5.4.1/../../../../arm-none-eabi/lib/armv6-m\libg.a(lib_a-memset.o)
 .text.memset   0x00000000       0x8c c:/program files (x86)/gnu tools arm embedded/5.4 2016q3/bin/../lib/gcc/arm-none-eabi/5.4.1/../../../../arm-none-eabi/lib/armv6-m\libg.a(lib_a-memset.o)
 .debug_frame   0x00000000       0x2c c:/program files (x86)/gnu tools arm embedded/5.4 2016q3/bin/../lib/gcc/arm-none-eabi/5.4.1/../../../../arm-none-eabi/lib/armv6-m\libg.a(lib_a-memset.o)
 .ARM.attributes
                0x00000000       0x2c c:/program files (x86)/gnu tools arm embedded/5.4 2016q3/bin/../lib/gcc/arm-none-eabi/5.4.1/../../../../arm-none-eabi/lib/armv6-m\libg.a(lib_a-memset.o)
 .text          0x00000000        0x0 c:/program files (x86)/gnu tools arm embedded/5.4 2016q3/bin/../lib/gcc/arm-none-eabi/5.4.1/../../../../arm-none-eabi/lib/armv6-m\libg.a(lib_a-__call_atexit.o)
 .data          0x00000000        0x0 c:/program files (x86)/gnu tools arm embedded/5.4 2016q3/bin/../lib/gcc/arm-none-eabi/5.4.1/../../../../arm-none-eabi/lib/armv6-m\libg.a(lib_a-__call_atexit.o)
 .bss           0x00000000        0x0 c:/program files (x86)/gnu tools arm embedded/5.4 2016q3/bin/../lib/gcc/arm-none-eabi/5.4.1/../../../../arm-none-eabi/lib/armv6-m\libg.a(lib_a-__call_atexit.o)
 .text.__call_exitprocs
                0x00000000       0xfc c:/program files (x86)/gnu tools arm embedded/5.4 2016q3/bin/../lib/gcc/arm-none-eabi/5.4.1/../../../../arm-none-eabi/lib/armv6-m\libg.a(lib_a-__call_atexit.o)
 .text          0x00000000        0x0 c:/program files (x86)/gnu tools arm embedded/5.4 2016q3/bin/../lib/gcc/arm-none-eabi/5.4.1/../../../../arm-none-eabi/lib/armv6-m\libg.a(lib_a-atexit.o)
 .data          0x00000000        0x0 c:/program files (x86)/gnu tools arm embedded/5.4 2016q3/bin/../lib/gcc/arm-none-eabi/5.4.1/../../../../arm-none-eabi/lib/armv6-m\libg.a(lib_a-atexit.o)
 .bss           0x00000000        0x0 c:/program files (x86)/gnu tools arm embedded/5.4 2016q3/bin/../lib/gcc/arm-none-eabi/5.4.1/../../../../arm-none-eabi/lib/armv6-m\libg.a(lib_a-atexit.o)
 .text          0x00000000        0x0 c:/program files (x86)/gnu tools arm embedded/5.4 2016q3/bin/../lib/gcc/arm-none-eabi/5.4.1/../../../../arm-none-eabi/lib/armv6-m\libg.a(lib_a-fini.o)
 .data          0x00000000        0x0 c:/program files (x86)/gnu tools arm embedded/5.4 2016q3/bin/../lib/gcc/arm-none-eabi/5.4.1/../../../../arm-none-eabi/lib/armv6-m\libg.a(lib_a-fini.o)
 .bss           0x00000000        0x0 c:/program files (x86)/gnu tools arm embedded/5.4 2016q3/bin/../lib/gcc/arm-none-eabi/5.4.1/../../../../arm-none-eabi/lib/armv6-m\libg.a(lib_a-fini.o)
 .text          0x00000000        0x0 c:/program files (x86)/gnu tools arm embedded/5.4 2016q3/bin/../lib/gcc/arm-none-eabi/5.4.1/../../../../arm-none-eabi/lib/armv6-m\libg.a(lib_a-__atexit.o)
 .data          0x00000000        0x0 c:/program files (x86)/gnu tools arm embedded/5.4 2016q3/bin/../lib/gcc/arm-none-eabi/5.4.1/../../../../arm-none-eabi/lib/armv6-m\libg.a(lib_a-__atexit.o)
 .bss           0x00000000        0x0 c:/program files (x86)/gnu tools arm embedded/5.4 2016q3/bin/../lib/gcc/arm-none-eabi/5.4.1/../../../../arm-none-eabi/lib/armv6-m\libg.a(lib_a-__atexit.o)
 .text          0x00000000        0x0 c:/program files (x86)/gnu tools arm embedded/5.4 2016q3/bin/../lib/gcc/arm-none-eabi/5.4.1/armv6-m/crtend.o
 .data          0x00000000        0x0 c:/program files (x86)/gnu tools arm embedded/5.4 2016q3/bin/../lib/gcc/arm-none-eabi/5.4.1/armv6-m/crtend.o
 .bss           0x00000000        0x0 c:/program files (x86)/gnu tools arm embedded/5.4 2016q3/bin/../lib/gcc/arm-none-eabi/5.4.1/armv6-m/crtend.o
 .eh_frame      0x00000000        0x4 c:/program files (x86)/gnu tools arm embedded/5.4 2016q3/bin/../lib/gcc/arm-none-eabi/5.4.1/armv6-m/crtend.o
 .text          0x00000000        0x0 c:/program files (x86)/gnu tools arm embedded/5.4 2016q3/bin/../lib/gcc/arm-none-eabi/5.4.1/armv6-m/crtn.o
 .data          0x00000000        0x0 c:/program files (x86)/gnu tools arm embedded/5.4 2016q3/bin/../lib/gcc/arm-none-eabi/5.4.1/armv6-m/crtn.o
 .bss           0x00000000        0x0 c:/program files (x86)/gnu tools arm embedded/5.4 2016q3/bin/../lib/gcc/arm-none-eabi/5.4.1/armv6-m/crtn.o

Memory Configuration

Name             Origin             Length             Attributes
rom              0x08000000         0x00010000         xr
ram              0x20000000         0x00002000         xrw
*default*        0x00000000         0xffffffff

Linker script and memory map

LOAD c:/program files (x86)/gnu tools arm embedded/5.4 2016q3/bin/../lib/gcc/arm-none-eabi/5.4.1/armv6-m/crti.o
LOAD c:/program files (x86)/gnu tools arm embedded/5.4 2016q3/bin/../lib/gcc/arm-none-eabi/5.4.1/armv6-m/crtbegin.o
LOAD c:/program files (x86)/gnu tools arm embedded/5.4 2016q3/bin/../lib/gcc/arm-none-eabi/5.4.1/../../../../arm-none-eabi/lib/armv6-m/crt0.o
                0x20002000                _eram = 0x20002000

.text           0x08000000     0xc414
 *(.isr_vector)
 .isr_vector    0x08000000       0xc4 ..\obj\startup_stm32f0xx.o
                0x08000000                g_pfnVectors
 *(.text*)
 .text          0x080000c4       0x60 c:/program files (x86)/gnu tools arm embedded/5.4 2016q3/bin/../lib/gcc/arm-none-eabi/5.4.1/armv6-m/crtbegin.o
 .text          0x08000124      0x36c ..\obj\mbox.o
                0x08000124                CoCreateMbox
                0x08000160                CoDelMbox
                0x080001b8                CoAcceptMail
                0x08000250                CoPendMail
                0x080003c4                CoPostMail
                0x08000440                isr_PostMail
 .text          0x08000490      0x43c ..\obj\i2c.o
                0x08000598                I2C1_IRQHandler
                0x08000760                initI2C
                0x080007dc                i2c_master_process
 .text          0x080008cc       0x50 ..\obj\util.o
                0x080008cc                wordEndianer
 .text          0x0800091c      0x418 ..\obj\uart.o
                0x0800091c                USART1_IRQHandler
                0x080009cc                initUart1
                0x08000a54                DMA1_Channel2_3_IRQHandler
                0x08000a90                uart1NvicConfig
                0x08000ad4                initUartDma
                0x08000bf8                uart1TxCmd
                0x08000c70                task_Uart1
 .text          0x08000d34      0x994 ..\obj\flag.o
                0x08000d34                CoCreateFlag
                0x08000df4                CoDelFlag
                0x08000f24                CoAcceptSingleFlag
                0x08000fac                CoAcceptMultipleFlags
                0x08001074                CoWaitForSingleFlag
                0x080011fc                CoWaitForMultipleFlags
                0x080013d0                CoClearFlag
                0x08001428                CoSetFlag
                0x0800152c                isr_SetFlag
                0x08001644                RemoveLinkNode
 .text          0x080016c8      0x1bc ..\obj\core.o
                0x080016c8                CoEnterISR
                0x080016e0                CoExitISR
                0x08001734                OsSchedUnlock
                0x08001784                CoSchedLock
                0x080017a0                CoSchedUnlock
                0x080017b0                CoInitOS
                0x08001838                CoStartOS
                0x08001874                CoGetOSVersion
 .text          0x08001884       0xec ..\obj\arch.o
                0x08001884                InitTaskContext
                0x080018d0                SysTick_Handler
 .text          0x08001970      0x194 ..\obj\serviceReq.o
                0x08001970                InsertInSRQ
                0x08001a08                RespondSRQ
 .text          0x08001b04      0x1b8 ..\obj\timer.o
                0x08001c0c                TIM6_DAC_IRQHandler
                0x08001c64                initTimers
 .text          0x08001cbc     0x1584 ..\obj\stm32f0xx_rcc.o
                0x08001cbc                RCC_DeInit
                0x08001d44                RCC_HSEConfig
                0x08001d90                RCC_WaitForHSEStartUp
                0x08001df0                RCC_AdjustHSICalibrationValue
                0x08001e48                RCC_HSICmd
                0x08001ea4                RCC_AdjustHSI14CalibrationValue
                0x08001efc                RCC_HSI14Cmd
                0x08001f5c                RCC_HSI14ADCRequestCmd
                0x08001fb8                RCC_LSEConfig
                0x08002014                RCC_LSEDriveConfig
                0x0800206c                RCC_LSICmd
                0x080020c8                RCC_PLLConfig
                0x080021e0                RCC_PLLCmd
                0x08002244                RCC_HSI48Cmd
                0x080022a8                RCC_PREDIV1Config
                0x08002350                RCC_ClockSecuritySystemCmd
                0x080023b4                RCC_MCOConfig
                0x080024b8                RCC_SYSCLKConfig
                0x08002518                RCC_GetSYSCLKSource
                0x08002534                RCC_HCLKConfig
                0x080025b4                RCC_PCLKConfig
                0x08002630                RCC_ADCCLKConfig
                0x080026b4                RCC_CECCLKConfig
                0x08002700                RCC_I2CCLKConfig
                0x0800274c                RCC_USARTCLKConfig
                0x08002850                RCC_USBCLKConfig
                0x0800289c                RCC_GetClocksFreq
                0x08002b6c                RCC_RTCCLKConfig
                0x08002bbc                RCC_RTCCLKCmd
                0x08002c20                RCC_BackupResetCmd
                0x08002c84                RCC_AHBPeriphClockCmd
                0x08002d08                RCC_APB2PeriphClockCmd
                0x08002d8c                RCC_APB1PeriphClockCmd
                0x08002e10                RCC_AHBPeriphResetCmd
                0x08002e94                RCC_APB2PeriphResetCmd
                0x08002f18                RCC_APB1PeriphResetCmd
                0x08002f9c                RCC_ITConfig
                0x08003034                RCC_GetFlagStatus
                0x08003150                RCC_ClearFlag
                0x0800316c                RCC_GetITStatus
                0x08003204                RCC_ClearITPendingBit
 .text.Reset_Handler
                0x08003240       0x4c ..\obj\startup_stm32f0xx.o
                0x08003240                Reset_Handler
 .text.Default_Handler
                0x0800328c        0x2 ..\obj\startup_stm32f0xx.o
                0x0800328c                TIM1_CC_IRQHandler
                0x0800328c                HardFault_Handler
                0x0800328c                ADC1_COMP_IRQHandler
                0x0800328c                PVD_IRQHandler
                0x0800328c                NMI_Handler
                0x0800328c                SPI1_IRQHandler
                0x0800328c                EXTI2_3_IRQHandler
                0x0800328c                I2C2_IRQHandler
                0x0800328c                TIM17_IRQHandler
                0x0800328c                RTC_IRQHandler
                0x0800328c                TIM16_IRQHandler
                0x0800328c                TIM3_IRQHandler
                0x0800328c                EXTI4_15_IRQHandler
                0x0800328c                RCC_IRQHandler
                0x0800328c                DMA1_Channel1_IRQHandler
                0x0800328c                Default_Handler
                0x0800328c                CEC_IRQHandler
                0x0800328c                TIM14_IRQHandler
                0x0800328c                DMA1_Channel4_5_IRQHandler
                0x0800328c                TIM15_IRQHandler
                0x0800328c                EXTI0_1_IRQHandler
                0x0800328c                SPI2_IRQHandler
                0x0800328c                SVC_Handler
                0x0800328c                TS_IRQHandler
                0x0800328c                WWDG_IRQHandler
                0x0800328c                TIM2_IRQHandler
                0x0800328c                USART2_IRQHandler
                0x0800328c                FLASH_IRQHandler
                0x0800328c                TIM1_BRK_UP_TRG_COM_IRQHandler
 *fill*         0x0800328e        0x2 
 .text          0x08003290      0x990 ..\obj\task.o
                0x08003290                CreateTCBList
                0x0800330c                InsertToTCBRdyList
                0x0800341c                RemoveFromTCBRdyList
                0x080034a0                CoSetPriority
                0x08003690                Schedule
                0x08003838                CreateTask
                0x08003980                CoDelTask
                0x08003aa4                CoExitTask
                0x08003ac0                CoGetCurTaskID
                0x08003ad4                CoSuspendTask
                0x08003b78                CoAwakeTask
 .text          0x08003c20      0x32c ..\obj\sem.o
                0x08003c20                CoCreateSem
                0x08003c9c                CoDelSem
                0x08003cf4                CoAcceptSem
                0x08003d6c                CoPendSem
                0x08003e84                CoPostSem
                0x08003f04                isr_PostSem
 .text          0x08003f4c      0x1b0 ..\obj\gpio.o
                0x08003f4c                initGpio
                0x08004064                setGpioOutputs
                0x080040b8                readGpioOutputs
                0x080040dc                readGpioInputs
 .text          0x080040fc      0x4c4 ..\obj\kernelHeap.o
                0x080040fc                CoCreateKheap
                0x08004140                CoKmalloc
                0x080042ac                CoKfree
 .text          0x080045c0      0x424 ..\obj\time.o
                0x080045c0                InsertDelayList
                0x080046ac                RemoveDelayList
                0x0800475c                CoGetOSTime
                0x08004774                CoTickDelay
                0x080047e4                CoResetTaskDelayTick
                0x0800486c                CoTimeDelay
                0x08004934                TimeDispose
                0x080049b0                isr_TimeDispose
 .text          0x080049e4      0x5a8 ..\obj\queue.o
                0x080049e4                CoCreateQueue
                0x08004b24                CoDelQueue
                0x08004bd8                CoAcceptQueueMail
                0x08004c9c                CoPendQueueMail
                0x08004e88                CoPostQueueMail
                0x08004f3c                isr_PostQueueMail
 .text          0x08004f8c      0xc50 ..\obj\stm32f0xx_gpio.o
                0x08004f8c                GPIO_DeInit
                0x080050bc                GPIO_Init
                0x080052d4                GPIO_StructInit
                0x08005308                GPIO_PinLockConfig
                0x08005384                GPIO_ReadInputDataBit
                0x080054d4                GPIO_ReadInputData
                0x08005544                GPIO_ReadOutputDataBit
                0x08005694                GPIO_ReadOutputData
                0x08005704                GPIO_SetBits
                0x08005794                GPIO_ResetBits
                0x08005824                GPIO_WriteBit
                0x08005988                GPIO_Write
                0x08005a00                GPIO_PinAFConfig
 .text          0x08005bdc      0x33c ..\obj\hdc1080.o
                0x08005bdc                write_HDC1080_configuration
                0x08005c6c                read_HDC1080_configuration
                0x08005d08                trig_HDC1080
                0x08005dc0                init_HDC1080
                0x08005e08                task_HDC1080
 .text          0x08005f18      0x470 ..\obj\mutex.o
                0x08005f18                CoCreateMutex
                0x08005f94                CoEnterMutexSection
                0x0800611c                CoLeaveMutexSection
                0x08006278                RemoveMutexList
 .text          0x08006388     0x168c ..\obj\stm32f0xx_dma.o
                0x08006388                DMA_DeInit
                0x0800657c                DMA_Init
                0x080067c4                DMA_StructInit
                0x08006818                DMA_Cmd
                0x08006918                DMA_RemapConfig
                0x080071b0                DMA_SetCurrDataCounter
                0x08007270                DMA_GetCurrDataCounter
                0x08007328                DMA_ITConfig
                0x08007444                DMA_GetFlagStatus
                0x080076d0                DMA_ClearFlag
                0x0800772c                DMA_GetITStatus
                0x080079b8                DMA_ClearITPendingBit
 .text          0x08007a14      0x350 ..\obj\modbus_func.o
                0x08007a14                readCoils
                0x08007a80                readInputs
                0x08007aec                readHoldingRegister
                0x08007c28                writeSingleCoil
                0x08007d58                rwDummyFunc
 .text          0x08007d64      0x3b4 ..\obj\modbus.o
                0x08007d64                crc16
                0x08007df8                checkCrc16
                0x08007e9c                mbReturnException
                0x08007eec                modbusRTU
 .text          0x08008118       0x24 ..\obj\pub_var.o
                0x08008118                setParameters
 .text          0x0800813c      0x79c ..\obj\Ostimer.o
                0x08008418                CoCreateTmr
                0x08008598                CoStartTmr
                0x08008618                CoStopTmr
                0x08008698                CoDelTmr
                0x08008714                CoGetCurTmrCnt
                0x0800877c                CoSetTmrCnt
                0x0800882c                TmrDispose
                0x080088a4                isr_TmrDispose
 .text          0x080088d8     0x2824 ..\obj\stm32f0xx_usart.o
                0x080088d8                USART_DeInit
                0x08008a4c                USART_Init
                0x08008d2c                USART_StructInit
                0x08008d64                USART_ClockInit
                0x08008eac                USART_ClockStructInit
                0x08008ed4                USART_Cmd
                0x08008fa0                USART_DirectionModeCmd
                0x08009088                USART_OverSampling8Cmd
                0x08009158                USART_OneBitMethodCmd
                0x0800922c                USART_MSBFirstCmd
                0x08009300                USART_DataInvCmd
                0x080093d0                USART_InvPinCmd
                0x080094c0                USART_SWAPPinCmd
                0x08009590                USART_ReceiverTimeOutCmd
                0x08009628                USART_SetReceiverTimeOut
                0x080096a8                USART_SetPrescaler
                0x0800971c                USART_STOPModeCmd
                0x080097ac                USART_StopModeWakeUpSourceConfig
                0x0800983c                USART_AutoBaudRateCmd
                0x080098d4                USART_AutoBaudRateConfig
                0x0800995c                USART_SendData
                0x08009a14                USART_ReceiveData
                0x08009aa4                USART_SetAddress
                0x08009b48                USART_MuteModeCmd
                0x08009c1c                USART_MuteModeWakeUpConfig
                0x08009cdc                USART_AddressDetectionConfig
                0x08009d98                USART_LINBreakDetectLengthConfig
                0x08009e18                USART_LINCmd
                0x08009eb0                USART_HalfDuplexCmd
                0x08009f80                USART_SetGuardTime
                0x08009ff8                USART_SmartCardCmd
                0x0800a08c                USART_SmartCardNACKCmd
                0x0800a120                USART_SetAutoRetryCount
                0x0800a1a8                USART_SetBlockLength
                0x0800a214                USART_IrDAConfig
                0x0800a294                USART_IrDACmd
                0x0800a328                USART_DECmd
                0x0800a3f8                USART_DEPolarityConfig
                0x0800a4bc                USART_SetDEAssertionTime
                0x0800a578                USART_SetDEDeassertionTime
                0x0800a630                USART_DMACmd
                0x0800a71c                USART_DMAReceptionErrorConfig
                0x0800a7e0                USART_ITConfig
                0x0800a994                USART_RequestCmd
                0x0800aaa0                USART_OverrunDetectionConfig
                0x0800ab64                USART_GetFlagStatus
                0x0800ace8                USART_ClearFlag
                0x0800ade4                USART_GetITStatus
                0x0800afbc                USART_ClearITPendingBit
 .text          0x0800b0fc      0x240 ..\obj\system_stm32f0xx.o
                0x0800b0fc                SystemInit1
                0x0800b0fc                SystemInit
                0x0800b188                SystemCoreClockUpdate
                0x0800b188                SystemCoreClockUpdate1
                0x0800b25c                SetSysClock
 .text          0x0800b33c       0xe4 ..\obj\port.o
                0x0800b33c                Inc8
                0x0800b364                Dec8
                0x0800b38c                IRQ_ENABLE_RESTORE
                0x0800b398                IRQ_DISABLE_SAVE
                0x0800b3a4                SetEnvironment
                0x0800b3b0                SwitchContext
                0x0800b3c0                PendSV_Handler
 .text          0x0800b420      0x120 ..\obj\main.o
                0x0800b420                rccConfig
                0x0800b47c                task_Led
                0x0800b4a8                main
                0x0800b534                assert_failed
 .text          0x0800b540      0x47c ..\obj\event.o
                0x0800b540                CreateEventList
                0x0800b620                CreatEvent
                0x0800b6c0                DeleteEvent
                0x0800b758                EventTaskToWait
                0x0800b858                EventTaskToRdy
                0x0800b924                RemoveEventWaittingList
 .text          0x0800b9bc      0x1b4 ..\obj\stm32f0xx_misc.o
                0x0800b9bc                NVIC_Init
                0x0800ba98                NVIC_SystemLPConfig
                0x0800bb20                SysTick_CLKSourceConfig
 .text          0x0800bb70       0x1c ..\obj\hook.o
                0x0800bb70                CoIdleTask
                0x0800bb7c                CoStkOverflowHook
 .text          0x0800bb8c      0x114 c:/program files (x86)/gnu tools arm embedded/5.4 2016q3/bin/../lib/gcc/arm-none-eabi/5.4.1/armv6-m\libgcc.a(_udivsi3.o)
                0x0800bb8c                __aeabi_uidiv
                0x0800bb8c                __udivsi3
                0x0800bc98                __aeabi_uidivmod
 .text          0x0800bca0      0x1d4 c:/program files (x86)/gnu tools arm embedded/5.4 2016q3/bin/../lib/gcc/arm-none-eabi/5.4.1/armv6-m\libgcc.a(_divsi3.o)
                0x0800bca0                __divsi3
                0x0800bca0                __aeabi_idiv
                0x0800be6c                __aeabi_idivmod
 .text          0x0800be74        0x4 c:/program files (x86)/gnu tools arm embedded/5.4 2016q3/bin/../lib/gcc/arm-none-eabi/5.4.1/armv6-m\libgcc.a(_dvmd_tls.o)
                0x0800be74                __aeabi_idiv0
                0x0800be74                __aeabi_ldiv0
 .text.startup.register_fini
                0x0800be78       0x18 c:/program files (x86)/gnu tools arm embedded/5.4 2016q3/bin/../lib/gcc/arm-none-eabi/5.4.1/../../../../arm-none-eabi/lib/armv6-m\libg.a(lib_a-__call_atexit.o)
 .text.atexit   0x0800be90       0x10 c:/program files (x86)/gnu tools arm embedded/5.4 2016q3/bin/../lib/gcc/arm-none-eabi/5.4.1/../../../../arm-none-eabi/lib/armv6-m\libg.a(lib_a-atexit.o)
                0x0800be90                atexit
 .text.__libc_fini_array
                0x0800bea0       0x34 c:/program files (x86)/gnu tools arm embedded/5.4 2016q3/bin/../lib/gcc/arm-none-eabi/5.4.1/../../../../arm-none-eabi/lib/armv6-m\libg.a(lib_a-fini.o)
                0x0800bea0                __libc_fini_array
 .text.__register_exitproc
                0x0800bed4       0xd4 c:/program files (x86)/gnu tools arm embedded/5.4 2016q3/bin/../lib/gcc/arm-none-eabi/5.4.1/../../../../arm-none-eabi/lib/armv6-m\libg.a(lib_a-__atexit.o)
                0x0800bed4                __register_exitproc
 *(.init)
 .init          0x0800bfa8        0x4 c:/program files (x86)/gnu tools arm embedded/5.4 2016q3/bin/../lib/gcc/arm-none-eabi/5.4.1/armv6-m/crti.o
                0x0800bfa8                _init
 .init          0x0800bfac        0x8 c:/program files (x86)/gnu tools arm embedded/5.4 2016q3/bin/../lib/gcc/arm-none-eabi/5.4.1/armv6-m/crtn.o
 *(.fini)
 .fini          0x0800bfb4        0x4 c:/program files (x86)/gnu tools arm embedded/5.4 2016q3/bin/../lib/gcc/arm-none-eabi/5.4.1/armv6-m/crti.o
                0x0800bfb4                _fini
 .fini          0x0800bfb8        0x8 c:/program files (x86)/gnu tools arm embedded/5.4 2016q3/bin/../lib/gcc/arm-none-eabi/5.4.1/armv6-m/crtn.o
 *crtbegin.o(.ctors)
 *crtbegin?.o(.ctors)
 *(EXCLUDE_FILE(*crtend.o *crtend?.o) .ctors)
 *(SORT(.ctors.*))
 *(.ctors)
 *crtbegin.o(.dtors)
 *crtbegin?.o(.dtors)
 *(EXCLUDE_FILE(*crtend.o *crtend?.o) .dtors)
 *(SORT(.dtors.*))
 *(.dtors)
 *(.rodata*)
 .rodata        0x0800bfc0       0x55 ..\obj\stm32f0xx_rcc.o
 *fill*         0x0800c015        0x3 
 .rodata        0x0800c018       0x56 ..\obj\stm32f0xx_gpio.o
 *fill*         0x0800c06e        0x2 
 .rodata        0x0800c070       0x55 ..\obj\stm32f0xx_dma.o
 *fill*         0x0800c0c5        0x3 
 .rodata        0x0800c0c8       0x52 ..\obj\modbus_func.o
                0x0800c0dc                stHoldingRegArray
                0x0800c118                sizeOfHoldingRegister
 *fill*         0x0800c11a        0x2 
 .rodata        0x0800c11c      0x244 ..\obj\modbus.o
                0x0800c11c                stCrcTable
 .rodata        0x0800c360       0x57 ..\obj\stm32f0xx_usart.o
 *fill*         0x0800c3b7        0x1 
 .rodata        0x0800c3b8       0x56 ..\obj\stm32f0xx_misc.o
 *fill*         0x0800c40e        0x2 
 .rodata._global_impure_ptr
                0x0800c410        0x4 c:/program files (x86)/gnu tools arm embedded/5.4 2016q3/bin/../lib/gcc/arm-none-eabi/5.4.1/../../../../arm-none-eabi/lib/armv6-m\libg.a(lib_a-impure.o)
                0x0800c410                _global_impure_ptr
 *(.eh_fram e*)

.eh_frame       0x0800c414        0x0
 .eh_frame      0x0800c414        0x0 c:/program files (x86)/gnu tools arm embedded/5.4 2016q3/bin/../lib/gcc/arm-none-eabi/5.4.1/armv6-m/crtbegin.o

.glue_7         0x0800c414        0x0
 .glue_7        0x0800c414        0x0 linker stubs

.glue_7t        0x0800c414        0x0
 .glue_7t       0x0800c414        0x0 linker stubs

.vfp11_veneer   0x0800c414        0x0
 .vfp11_veneer  0x0800c414        0x0 linker stubs

.v4_bx          0x0800c414        0x0
 .v4_bx         0x0800c414        0x0 linker stubs

.iplt           0x0800c414        0x0
 .iplt          0x0800c414        0x0 c:/program files (x86)/gnu tools arm embedded/5.4 2016q3/bin/../lib/gcc/arm-none-eabi/5.4.1/armv6-m/crtbegin.o

.rel.dyn        0x0800c414        0x0
 .rel.iplt      0x0800c414        0x0 c:/program files (x86)/gnu tools arm embedded/5.4 2016q3/bin/../lib/gcc/arm-none-eabi/5.4.1/armv6-m/crtbegin.o

.ARM.extab
 *(.ARM.extab* .gnu.linkonce.armextab.*)
                0x0800c414                __exidx_start = .

.ARM.exidx
 *(.ARM.exidx* .gnu.linkonce.armexidx.*)
                0x0800c414                __exidx_end = .
                0x0800c414                __etext = .
                0x0800c414                _sidata = __etext

.data           0x20000000      0x490 load address 0x0800c414
                0x20000000                __data_start__ = .
                0x20000000                _sdata = __data_start__
 *(vtable)
 *(.data*)
 .data          0x20000000       0x22 ..\obj\uart.o
                0x20000000                uart1Tx
 *fill*         0x20000022        0x2 
 .data          0x20000024       0x10 ..\obj\stm32f0xx_rcc.o
 .data          0x20000034        0x4 ..\obj\modbus_func.o
                0x20000034                ulPar1
 .data          0x20000038       0x14 ..\obj\system_stm32f0xx.o
                0x20000038                SystemCoreClock
                0x2000003c                AHBPrescTable
 .data          0x2000004c        0xc ..\obj\port.o
                0x2000004c                NVIC_INT_CTRL
                0x20000050                NVIC_PENDSVSET
                0x20000054                INT_EXIT
 .data.impure_data
                0x20000058      0x428 c:/program files (x86)/gnu tools arm embedded/5.4 2016q3/bin/../lib/gcc/arm-none-eabi/5.4.1/../../../../arm-none-eabi/lib/armv6-m\libg.a(lib_a-impure.o)
                0x20000480                . = ALIGN (0x4)
                0x20000480                PROVIDE (__preinit_array_start, .)
 *(.preinit_array)
                0x20000480                PROVIDE (__preinit_array_end, .)
                0x20000480                . = ALIGN (0x4)
                0x20000480                PROVIDE (__init_array_start, .)
 *(SORT(.init_array.*))
 .init_array.00000
                0x20000480        0x4 c:/program files (x86)/gnu tools arm embedded/5.4 2016q3/bin/../lib/gcc/arm-none-eabi/5.4.1/../../../../arm-none-eabi/lib/armv6-m\libg.a(lib_a-__call_atexit.o)
 *(.init_array)
 .init_array    0x20000484        0x4 c:/program files (x86)/gnu tools arm embedded/5.4 2016q3/bin/../lib/gcc/arm-none-eabi/5.4.1/armv6-m/crtbegin.o
                0x20000488                PROVIDE (__init_array_end, .)
                0x20000488                . = ALIGN (0x4)
                0x20000488                PROVIDE (__fini_array_start, .)
 *(SORT(.fini_array.*))
 *(.fini_array)
 .fini_array    0x20000488        0x4 c:/program files (x86)/gnu tools arm embedded/5.4 2016q3/bin/../lib/gcc/arm-none-eabi/5.4.1/armv6-m/crtbegin.o
                0x2000048c                PROVIDE (__fini_array_end, .)
 *(.jcr*)
 .jcr           0x2000048c        0x0 c:/program files (x86)/gnu tools arm embedded/5.4 2016q3/bin/../lib/gcc/arm-none-eabi/5.4.1/armv6-m/crtbegin.o
 .jcr           0x2000048c        0x4 c:/program files (x86)/gnu tools arm embedded/5.4 2016q3/bin/../lib/gcc/arm-none-eabi/5.4.1/armv6-m/crtend.o
                0x20000490                . = ALIGN (0x4)
                0x20000490                __data_end__ = .
                0x20000490                _edata = __data_end__

.igot.plt       0x20000490        0x0 load address 0x0800c8a4
 .igot.plt      0x20000490        0x0 c:/program files (x86)/gnu tools arm embedded/5.4 2016q3/bin/../lib/gcc/arm-none-eabi/5.4.1/armv6-m/crtbegin.o

.bss            0x20000490      0xbb0 load address 0x0800c8a8
                0x20000490                . = ALIGN (0x4)
                0x20000490                __bss_start__ = .
                0x20000490                _sbss = __bss_start__
 *(.bss*)
 .bss           0x20000490       0x1c c:/program files (x86)/gnu tools arm embedded/5.4 2016q3/bin/../lib/gcc/arm-none-eabi/5.4.1/armv6-m/crtbegin.o
 .bss           0x200004ac       0x4e ..\obj\i2c.o
                0x200004ac                ucI2CTxBuf
                0x200004cc                ucI2CRxBuf
                0x200004ec                stI2cMsgTx
                0x200004f0                stI2cStatus
                0x200004f3                ucI2CMasterSendStartStop
                0x200004f4                ulTempI2C
                0x200004f8                uiTimerI2C
 *fill*         0x200004fa        0x2 
 .bss           0x200004fc       0x4a ..\obj\uart.o
                0x200004fc                uart1Rx
                0x20000540                uart1Flags
                0x20000545                uiTmp
 *fill*         0x20000546        0x2 
 .bss           0x20000548       0x14 ..\obj\flag.o
                0x20000548                FlagCrl
 .bss           0x2000055c        0x3 ..\obj\core.o
                0x2000055c                OSIntNesting
                0x2000055d                OSSchedLock
                0x2000055e                TaskSchedReq
 *fill*         0x2000055f        0x1 
 .bss           0x20000560        0x8 ..\obj\arch.o
                0x20000560                OSTickCnt
 .bss           0x20000568       0x2f ..\obj\serviceReq.o
                0x20000568                ServiceReq
                0x20000594                IsrReq
                0x20000595                TimeReq
                0x20000596                TimerReq
 *fill*         0x20000597        0x1 
 .bss           0x20000598      0x188 ..\obj\task.o
                0x20000598                TCBTbl
                0x200006a0                idle_stk
                0x20000704                FreeTCB
                0x20000708                TCBRdy
                0x2000070c                TCBNext
                0x20000710                TCBRunning
                0x20000718                OSCheckTime
 .bss           0x20000720       0xd4 ..\obj\kernelHeap.o
                0x20000720                KernelHeap
                0x200007e8                FMBlist
                0x200007ec                Kheap
 .bss           0x200007f4        0x4 ..\obj\time.o
                0x200007f4                DlyList
 .bss           0x200007f8       0x24 ..\obj\queue.o
                0x200007f8                QueueTbl
                0x20000818                QueueIDVessel
 .bss           0x2000081c        0x8 ..\obj\hdc1080.o
                0x2000081c                stTempHum
                0x20000820                stHDC1080Status
                0x20000822                uiTimerHDC1080
 .bss           0x20000824       0x54 ..\obj\mutex.o
                0x20000824                MutexFreeID
                0x20000828                MutexTbl
 .bss           0x20000878        0x2 ..\obj\modbus.o
                0x20000878                uiWordQty
 *fill*         0x2000087a        0x2 
 .bss           0x2000087c       0x38 ..\obj\Ostimer.o
                0x2000087c                TmrTbl
                0x200008ac                TmrList
                0x200008b0                TmrIDVessel
 .bss           0x200008b4      0x144 ..\obj\event.o
                0x200008b4                EventTbl
                0x200009f4                FreeEventList
 *(COMMON)
 COMMON         0x200009f8        0x8 ..\obj\i2c.o
                0x200009f8                i2cRxBufPtr
                0x200009fc                i2cTxBufPtr
 COMMON         0x20000a00        0xc ..\obj\gpio.o
                0x20000a00                ulOutputs
                0x20000a04                ulTmp
                0x20000a08                ulInputs
 COMMON         0x20000a0c       0x14 ..\obj\modbus_func.o
                0x20000a0c                ulMfTmp
                0x20000a10                ptruChar
                0x20000a14                uiMfTmp
                0x20000a18                uistMfTmp
                0x20000a1c                ptruInt
 COMMON         0x20000a20       0x10 ..\obj\modbus.o
                0x20000a20                mbTxRxData
 COMMON         0x20000a30        0xa ..\obj\pub_var.o
                0x20000a30                sys_par
 *fill*         0x20000a3a        0x2 
 COMMON         0x20000a3c      0x604 ..\obj\main.o
                0x20000a3c                mutex_I2C
                0x20000a40                taskHDC1080_stk
                0x20000c40                taskLed_stk
                0x20000e40                taskUart_stk
                0x20001040                . = ALIGN (0x4)
                0x20001040                __bss_end__ = .
                0x20001040                _ebss = __bss_end__

.heap           0x20001040        0x0
                0x20001040                __end__ = .
                0x20001040                _end = __end__
                0x20001040                end = __end__
 *(.heap*)
                0x20001040                __HeapLimit = .

.co_stack       0x20001040        0x0
                0x20001040                . = ALIGN (0x8)
 *(.co_stack .co_stack.*)
                0x20002000                __StackTop = (ORIGIN (ram) + LENGTH (ram))
                0x20002000                __StackLimit = (__StackTop - SIZEOF (.co_stack))
                0x20002000                PROVIDE (__stack, __StackTop)
                0x00000001                ASSERT ((__StackLimit >= __HeapLimit), region ram  overflowed with stack)
LOAD ..\obj\mbox.o
LOAD ..\obj\i2c.o
LOAD ..\obj\util.o
LOAD ..\obj\uart.o
LOAD ..\obj\flag.o
LOAD ..\obj\syscalls.o
LOAD ..\obj\core.o
LOAD ..\obj\arch.o
LOAD ..\obj\serviceReq.o
LOAD ..\obj\stepper_motor.o
LOAD ..\obj\timer.o
LOAD ..\obj\stm32f0xx_rcc.o
LOAD ..\obj\stm32f0xx_i2c.o
LOAD ..\obj\startup_stm32f0xx.o
LOAD ..\obj\task.o
LOAD ..\obj\sem.o
LOAD ..\obj\gpio.o
LOAD ..\obj\kernelHeap.o
LOAD ..\obj\time.o
LOAD ..\obj\queue.o
LOAD ..\obj\stm32f0xx_gpio.o
LOAD ..\obj\hdc1080.o
LOAD ..\obj\mutex.o
LOAD ..\obj\mm.o
LOAD ..\obj\stm32f0xx_dma.o
LOAD ..\obj\modbus_func.o
LOAD ..\obj\modbus.o
LOAD ..\obj\pub_var.o
LOAD ..\obj\Ostimer.o
LOAD ..\obj\stm32f0xx_usart.o
LOAD ..\obj\system_stm32f0xx.o
LOAD ..\obj\port.o
LOAD ..\obj\utility.o
LOAD ..\obj\main.o
LOAD ..\obj\event.o
LOAD ..\obj\stm32f0xx_misc.o
LOAD ..\obj\hook.o
START GROUP
LOAD c:/program files (x86)/gnu tools arm embedded/5.4 2016q3/bin/../lib/gcc/arm-none-eabi/5.4.1/armv6-m\libgcc.a
LOAD c:/program files (x86)/gnu tools arm embedded/5.4 2016q3/bin/../lib/gcc/arm-none-eabi/5.4.1/../../../../arm-none-eabi/lib/armv6-m\libg.a
LOAD c:/program files (x86)/gnu tools arm embedded/5.4 2016q3/bin/../lib/gcc/arm-none-eabi/5.4.1/../../../../arm-none-eabi/lib/armv6-m\libc.a
END GROUP
LOAD c:/program files (x86)/gnu tools arm embedded/5.4 2016q3/bin/../lib/gcc/arm-none-eabi/5.4.1/armv6-m/crtend.o
LOAD c:/program files (x86)/gnu tools arm embedded/5.4 2016q3/bin/../lib/gcc/arm-none-eabi/5.4.1/armv6-m/crtn.o
OUTPUT(STM32F030_V2.elf elf32-littlearm)

.ARM.attributes
                0x00000000       0x28
 .ARM.attributes
                0x00000000       0x1e c:/program files (x86)/gnu tools arm embedded/5.4 2016q3/bin/../lib/gcc/arm-none-eabi/5.4.1/armv6-m/crti.o
 .ARM.attributes
                0x0000001e       0x2c c:/program files (x86)/gnu tools arm embedded/5.4 2016q3/bin/../lib/gcc/arm-none-eabi/5.4.1/armv6-m/crtbegin.o
 .ARM.attributes
                0x0000004a       0x31 ..\obj\mbox.o
 .ARM.attributes
                0x0000007b       0x31 ..\obj\i2c.o
 .ARM.attributes
                0x000000ac       0x31 ..\obj\util.o
 .ARM.attributes
                0x000000dd       0x31 ..\obj\uart.o
 .ARM.attributes
                0x0000010e       0x31 ..\obj\flag.o
 .ARM.attributes
                0x0000013f       0x31 ..\obj\core.o
 .ARM.attributes
                0x00000170       0x31 ..\obj\arch.o
 .ARM.attributes
                0x000001a1       0x31 ..\obj\serviceReq.o
 .ARM.attributes
                0x000001d2       0x31 ..\obj\timer.o
 .ARM.attributes
                0x00000203       0x31 ..\obj\stm32f0xx_rcc.o
 .ARM.attributes
                0x00000234       0x21 ..\obj\startup_stm32f0xx.o
 .ARM.attributes
                0x00000255       0x31 ..\obj\task.o
 .ARM.attributes
                0x00000286       0x31 ..\obj\sem.o
 .ARM.attributes
                0x000002b7       0x31 ..\obj\gpio.o
 .ARM.attributes
                0x000002e8       0x31 ..\obj\kernelHeap.o
 .ARM.attributes
                0x00000319       0x31 ..\obj\time.o
 .ARM.attributes
                0x0000034a       0x31 ..\obj\queue.o
 .ARM.attributes
                0x0000037b       0x31 ..\obj\stm32f0xx_gpio.o
 .ARM.attributes
                0x000003ac       0x31 ..\obj\hdc1080.o
 .ARM.attributes
                0x000003dd       0x31 ..\obj\mutex.o
 .ARM.attributes
                0x0000040e       0x31 ..\obj\stm32f0xx_dma.o
 .ARM.attributes
                0x0000043f       0x31 ..\obj\modbus_func.o
 .ARM.attributes
                0x00000470       0x31 ..\obj\modbus.o
 .ARM.attributes
                0x000004a1       0x31 ..\obj\pub_var.o
 .ARM.attributes
                0x000004d2       0x31 ..\obj\Ostimer.o
 .ARM.attributes
                0x00000503       0x31 ..\obj\stm32f0xx_usart.o
 .ARM.attributes
                0x00000534       0x31 ..\obj\system_stm32f0xx.o
 .ARM.attributes
                0x00000565       0x31 ..\obj\port.o
 .ARM.attributes
                0x00000596       0x31 ..\obj\main.o
 .ARM.attributes
                0x000005c7       0x31 ..\obj\event.o
 .ARM.attributes
                0x000005f8       0x31 ..\obj\stm32f0xx_misc.o
 .ARM.attributes
                0x00000629       0x31 ..\obj\hook.o
 .ARM.attributes
                0x0000065a       0x1e c:/program files (x86)/gnu tools arm embedded/5.4 2016q3/bin/../lib/gcc/arm-none-eabi/5.4.1/armv6-m\libgcc.a(_udivsi3.o)
 .ARM.attributes
                0x00000678       0x1e c:/program files (x86)/gnu tools arm embedded/5.4 2016q3/bin/../lib/gcc/arm-none-eabi/5.4.1/armv6-m\libgcc.a(_divsi3.o)
 .ARM.attributes
                0x00000696       0x1e c:/program files (x86)/gnu tools arm embedded/5.4 2016q3/bin/../lib/gcc/arm-none-eabi/5.4.1/armv6-m\libgcc.a(_dvmd_tls.o)
 .ARM.attributes
                0x000006b4       0x2c c:/program files (x86)/gnu tools arm embedded/5.4 2016q3/bin/../lib/gcc/arm-none-eabi/5.4.1/../../../../arm-none-eabi/lib/armv6-m\libg.a(lib_a-impure.o)
 .ARM.attributes
                0x000006e0       0x2c c:/program files (x86)/gnu tools arm embedded/5.4 2016q3/bin/../lib/gcc/arm-none-eabi/5.4.1/../../../../arm-none-eabi/lib/armv6-m\libg.a(lib_a-__call_atexit.o)
 .ARM.attributes
                0x0000070c       0x2c c:/program files (x86)/gnu tools arm embedded/5.4 2016q3/bin/../lib/gcc/arm-none-eabi/5.4.1/../../../../arm-none-eabi/lib/armv6-m\libg.a(lib_a-atexit.o)
 .ARM.attributes
                0x00000738       0x2c c:/program files (x86)/gnu tools arm embedded/5.4 2016q3/bin/../lib/gcc/arm-none-eabi/5.4.1/../../../../arm-none-eabi/lib/armv6-m\libg.a(lib_a-fini.o)
 .ARM.attributes
                0x00000764       0x2c c:/program files (x86)/gnu tools arm embedded/5.4 2016q3/bin/../lib/gcc/arm-none-eabi/5.4.1/../../../../arm-none-eabi/lib/armv6-m\libg.a(lib_a-__atexit.o)
 .ARM.attributes
                0x00000790       0x2c c:/program files (x86)/gnu tools arm embedded/5.4 2016q3/bin/../lib/gcc/arm-none-eabi/5.4.1/armv6-m/crtend.o
 .ARM.attributes
                0x000007bc       0x1e c:/program files (x86)/gnu tools arm embedded/5.4 2016q3/bin/../lib/gcc/arm-none-eabi/5.4.1/armv6-m/crtn.o

.comment        0x00000000       0x6e
 .comment       0x00000000       0x6e ..\obj\mbox.o
                                 0x6f (size before relaxing)
 .comment       0x0000006e       0x6f ..\obj\i2c.o
 .comment       0x0000006e       0x6f ..\obj\util.o
 .comment       0x0000006e       0x6f ..\obj\uart.o
 .comment       0x0000006e       0x6f ..\obj\flag.o
 .comment       0x0000006e       0x6f ..\obj\core.o
 .comment       0x0000006e       0x6f ..\obj\arch.o
 .comment       0x0000006e       0x6f ..\obj\serviceReq.o
 .comment       0x0000006e       0x6f ..\obj\timer.o
 .comment       0x0000006e       0x6f ..\obj\stm32f0xx_rcc.o
 .comment       0x0000006e       0x6f ..\obj\task.o
 .comment       0x0000006e       0x6f ..\obj\sem.o
 .comment       0x0000006e       0x6f ..\obj\gpio.o
 .comment       0x0000006e       0x6f ..\obj\kernelHeap.o
 .comment       0x0000006e       0x6f ..\obj\time.o
 .comment       0x0000006e       0x6f ..\obj\queue.o
 .comment       0x0000006e       0x6f ..\obj\stm32f0xx_gpio.o
 .comment       0x0000006e       0x6f ..\obj\hdc1080.o
 .comment       0x0000006e       0x6f ..\obj\mutex.o
 .comment       0x0000006e       0x6f ..\obj\stm32f0xx_dma.o
 .comment       0x0000006e       0x6f ..\obj\modbus_func.o
 .comment       0x0000006e       0x6f ..\obj\modbus.o
 .comment       0x0000006e       0x6f ..\obj\pub_var.o
 .comment       0x0000006e       0x6f ..\obj\Ostimer.o
 .comment       0x0000006e       0x6f ..\obj\stm32f0xx_usart.o
 .comment       0x0000006e       0x6f ..\obj\system_stm32f0xx.o
 .comment       0x0000006e       0x6f ..\obj\port.o
 .comment       0x0000006e       0x6f ..\obj\main.o
 .comment       0x0000006e       0x6f ..\obj\event.o
 .comment       0x0000006e       0x6f ..\obj\stm32f0xx_misc.o
 .comment       0x0000006e       0x6f ..\obj\hook.o

.debug_info     0x00000000     0x89f9
 .debug_info    0x00000000      0x411 ..\obj\mbox.o
 .debug_info    0x00000411      0x663 ..\obj\i2c.o
 .debug_info    0x00000a74       0xb0 ..\obj\util.o
 .debug_info    0x00000b24      0x76c ..\obj\uart.o
 .debug_info    0x00001290      0x639 ..\obj\flag.o
 .debug_info    0x000018c9      0x2c9 ..\obj\core.o
 .debug_info    0x00001b92      0x2fe ..\obj\arch.o
 .debug_info    0x00001e90      0x1e5 ..\obj\serviceReq.o
 .debug_info    0x00002075      0x5be ..\obj\timer.o
 .debug_info    0x00002633      0xa5c ..\obj\stm32f0xx_rcc.o
 .debug_info    0x0000308f       0xd0 ..\obj\startup_stm32f0xx.o
 .debug_info    0x0000315f      0x6d7 ..\obj\task.o
 .debug_info    0x00003836      0x3d1 ..\obj\sem.o
 .debug_info    0x00003c07      0x31e ..\obj\gpio.o
 .debug_info    0x00003f25      0x2d3 ..\obj\kernelHeap.o
 .debug_info    0x000041f8      0x3d2 ..\obj\time.o
 .debug_info    0x000045ca      0x528 ..\obj\queue.o
 .debug_info    0x00004af2      0x5e7 ..\obj\stm32f0xx_gpio.o
 .debug_info    0x000050d9      0x34a ..\obj\hdc1080.o
 .debug_info    0x00005423      0x475 ..\obj\mutex.o
 .debug_info    0x00005898      0x4cb ..\obj\stm32f0xx_dma.o
 .debug_info    0x00005d63      0x4de ..\obj\modbus_func.o
 .debug_info    0x00006241      0x3d8 ..\obj\modbus.o
 .debug_info    0x00006619      0x131 ..\obj\pub_var.o
 .debug_info    0x0000674a      0x3bf ..\obj\Ostimer.o
 .debug_info    0x00006b09      0xe5c ..\obj\stm32f0xx_usart.o
 .debug_info    0x00007965      0x2fd ..\obj\system_stm32f0xx.o
 .debug_info    0x00007c62      0x196 ..\obj\port.o
 .debug_info    0x00007df8      0x331 ..\obj\main.o
 .debug_info    0x00008129      0x4a6 ..\obj\event.o
 .debug_info    0x000085cf      0x36e ..\obj\stm32f0xx_misc.o
 .debug_info    0x0000893d       0xbc ..\obj\hook.o

.debug_abbrev   0x00000000     0x2936
 .debug_abbrev  0x00000000      0x15f ..\obj\mbox.o
 .debug_abbrev  0x0000015f      0x20b ..\obj\i2c.o
 .debug_abbrev  0x0000036a       0x6d ..\obj\util.o
 .debug_abbrev  0x000003d7      0x192 ..\obj\uart.o
 .debug_abbrev  0x00000569      0x1b1 ..\obj\flag.o
 .debug_abbrev  0x0000071a       0xf5 ..\obj\core.o
 .debug_abbrev  0x0000080f      0x111 ..\obj\arch.o
 .debug_abbrev  0x00000920      0x114 ..\obj\serviceReq.o
 .debug_abbrev  0x00000a34      0x13a ..\obj\timer.o
 .debug_abbrev  0x00000b6e      0x1d4 ..\obj\stm32f0xx_rcc.o
 .debug_abbrev  0x00000d42       0x12 ..\obj\startup_stm32f0xx.o
 .debug_abbrev  0x00000d54      0x1ef ..\obj\task.o
 .debug_abbrev  0x00000f43      0x150 ..\obj\sem.o
 .debug_abbrev  0x00001093      0x10c ..\obj\gpio.o
 .debug_abbrev  0x0000119f      0x14f ..\obj\kernelHeap.o
 .debug_abbrev  0x000012ee      0x194 ..\obj\time.o
 .debug_abbrev  0x00001482      0x17f ..\obj\queue.o
 .debug_abbrev  0x00001601      0x19f ..\obj\stm32f0xx_gpio.o
 .debug_abbrev  0x000017a0      0x144 ..\obj\hdc1080.o
 .debug_abbrev  0x000018e4      0x15f ..\obj\mutex.o
 .debug_abbrev  0x00001a43      0x18a ..\obj\stm32f0xx_dma.o
 .debug_abbrev  0x00001bcd      0x14f ..\obj\modbus_func.o
 .debug_abbrev  0x00001d1c      0x153 ..\obj\modbus.o
 .debug_abbrev  0x00001e6f       0x92 ..\obj\pub_var.o
 .debug_abbrev  0x00001f01      0x194 ..\obj\Ostimer.o
 .debug_abbrev  0x00002095      0x178 ..\obj\stm32f0xx_usart.o
 .debug_abbrev  0x0000220d      0x136 ..\obj\system_stm32f0xx.o
 .debug_abbrev  0x00002343       0xcf ..\obj\port.o
 .debug_abbrev  0x00002412      0x181 ..\obj\main.o
 .debug_abbrev  0x00002593      0x1d4 ..\obj\event.o
 .debug_abbrev  0x00002767      0x145 ..\obj\stm32f0xx_misc.o
 .debug_abbrev  0x000028ac       0x8a ..\obj\hook.o

.debug_aranges  0x00000000      0x408
 .debug_aranges
                0x00000000       0x20 ..\obj\mbox.o
 .debug_aranges
                0x00000020       0x20 ..\obj\i2c.o
 .debug_aranges
                0x00000040       0x20 ..\obj\util.o
 .debug_aranges
                0x00000060       0x20 ..\obj\uart.o
 .debug_aranges
                0x00000080       0x20 ..\obj\flag.o
 .debug_aranges
                0x000000a0       0x20 ..\obj\core.o
 .debug_aranges
                0x000000c0       0x20 ..\obj\arch.o
 .debug_aranges
                0x000000e0       0x20 ..\obj\serviceReq.o
 .debug_aranges
                0x00000100       0x20 ..\obj\timer.o
 .debug_aranges
                0x00000120       0x20 ..\obj\stm32f0xx_rcc.o
 .debug_aranges
                0x00000140       0x28 ..\obj\startup_stm32f0xx.o
 .debug_aranges
                0x00000168       0x20 ..\obj\task.o
 .debug_aranges
                0x00000188       0x20 ..\obj\sem.o
 .debug_aranges
                0x000001a8       0x20 ..\obj\gpio.o
 .debug_aranges
                0x000001c8       0x20 ..\obj\kernelHeap.o
 .debug_aranges
                0x000001e8       0x20 ..\obj\time.o
 .debug_aranges
                0x00000208       0x20 ..\obj\queue.o
 .debug_aranges
                0x00000228       0x20 ..\obj\stm32f0xx_gpio.o
 .debug_aranges
                0x00000248       0x20 ..\obj\hdc1080.o
 .debug_aranges
                0x00000268       0x20 ..\obj\mutex.o
 .debug_aranges
                0x00000288       0x20 ..\obj\stm32f0xx_dma.o
 .debug_aranges
                0x000002a8       0x20 ..\obj\modbus_func.o
 .debug_aranges
                0x000002c8       0x20 ..\obj\modbus.o
 .debug_aranges
                0x000002e8       0x20 ..\obj\pub_var.o
 .debug_aranges
                0x00000308       0x20 ..\obj\Ostimer.o
 .debug_aranges
                0x00000328       0x20 ..\obj\stm32f0xx_usart.o
 .debug_aranges
                0x00000348       0x20 ..\obj\system_stm32f0xx.o
 .debug_aranges
                0x00000368       0x20 ..\obj\port.o
 .debug_aranges
                0x00000388       0x20 ..\obj\main.o
 .debug_aranges
                0x000003a8       0x20 ..\obj\event.o
 .debug_aranges
                0x000003c8       0x20 ..\obj\stm32f0xx_misc.o
 .debug_aranges
                0x000003e8       0x20 ..\obj\hook.o

.debug_line     0x00000000     0x5646
 .debug_line    0x00000000      0x135 ..\obj\mbox.o
 .debug_line    0x00000135      0x278 ..\obj\i2c.o
 .debug_line    0x000003ad      0x142 ..\obj\util.o
 .debug_line    0x000004ef      0x318 ..\obj\uart.o
 .debug_line    0x00000807      0x211 ..\obj\flag.o
 .debug_line    0x00000a18      0x105 ..\obj\core.o
 .debug_line    0x00000b1d      0x156 ..\obj\arch.o
 .debug_line    0x00000c73       0xf5 ..\obj\serviceReq.o
 .debug_line    0x00000d68      0x27f ..\obj\timer.o
 .debug_line    0x00000fe7      0x75d ..\obj\stm32f0xx_rcc.o
 .debug_line    0x00001744       0xbf ..\obj\startup_stm32f0xx.o
 .debug_line    0x00001803      0x2ec ..\obj\task.o
 .debug_line    0x00001aef      0x12a ..\obj\sem.o
 .debug_line    0x00001c19      0x216 ..\obj\gpio.o
 .debug_line    0x00001e2f      0x1ac ..\obj\kernelHeap.o
 .debug_line    0x00001fdb      0x1f3 ..\obj\time.o
 .debug_line    0x000021ce      0x183 ..\obj\queue.o
 .debug_line    0x00002351      0x5c9 ..\obj\stm32f0xx_gpio.o
 .debug_line    0x0000291a      0x26d ..\obj\hdc1080.o
 .debug_line    0x00002b87      0x167 ..\obj\mutex.o
 .debug_line    0x00002cee      0xa02 ..\obj\stm32f0xx_dma.o
 .debug_line    0x000036f0      0x202 ..\obj\modbus_func.o
 .debug_line    0x000038f2      0x1db ..\obj\modbus.o
 .debug_line    0x00003acd      0x15d ..\obj\pub_var.o
 .debug_line    0x00003c2a      0x1ba ..\obj\Ostimer.o
 .debug_line    0x00003de4      0xe2e ..\obj\stm32f0xx_usart.o
 .debug_line    0x00004c12      0x1ba ..\obj\system_stm32f0xx.o
 .debug_line    0x00004dcc      0x14b ..\obj\port.o
 .debug_line    0x00004f17      0x261 ..\obj\main.o
 .debug_line    0x00005178      0x193 ..\obj\event.o
 .debug_line    0x0000530b      0x284 ..\obj\stm32f0xx_misc.o
 .debug_line    0x0000558f       0xb7 ..\obj\hook.o

.debug_str      0x00000000     0x376d
 .debug_str     0x00000000      0x2dd ..\obj\mbox.o
                                0x2f6 (size before relaxing)
 .debug_str     0x000002dd      0x4af ..\obj\i2c.o
                                0x5dd (size before relaxing)
 .debug_str     0x0000078c       0x56 ..\obj\util.o
                                0x162 (size before relaxing)
 .debug_str     0x000007e2      0x4a2 ..\obj\uart.o
                                0x7d4 (size before relaxing)
 .debug_str     0x00000c84      0x1fe ..\obj\flag.o
                                0x3d3 (size before relaxing)
 .debug_str     0x00000e82       0xe1 ..\obj\core.o
                                0x2b5 (size before relaxing)
 .debug_str     0x00000f63      0x124 ..\obj\arch.o
                                0x2d5 (size before relaxing)
 .debug_str     0x00001087       0xdf ..\obj\serviceReq.o
                                0x1db (size before relaxing)
 .debug_str     0x00001166      0x119 ..\obj\timer.o
                                0x4c5 (size before relaxing)
 .debug_str     0x0000127f      0x5f6 ..\obj\stm32f0xx_rcc.o
                                0x7a1 (size before relaxing)
 .debug_str     0x00001875      0x1d2 ..\obj\task.o
                                0x454 (size before relaxing)
 .debug_str     0x00001a47       0xc0 ..\obj\sem.o
                                0x2f9 (size before relaxing)
 .debug_str     0x00001b07      0x21b ..\obj\gpio.o
                                0x37e (size before relaxing)
 .debug_str     0x00001d22      0x16e ..\obj\kernelHeap.o
                                0x266 (size before relaxing)
 .debug_str     0x00001e90      0x10f ..\obj\time.o
                                0x312 (size before relaxing)
 .debug_str     0x00001f9f      0x10c ..\obj\queue.o
                                0x35a (size before relaxing)
 .debug_str     0x000020ab      0x19f ..\obj\stm32f0xx_gpio.o
                                0x48e (size before relaxing)
 .debug_str     0x0000224a      0x16d ..\obj\hdc1080.o
                                0x40f (size before relaxing)
 .debug_str     0x000023b7       0xc4 ..\obj\mutex.o
                                0x365 (size before relaxing)
 .debug_str     0x0000247b      0x184 ..\obj\stm32f0xx_dma.o
                                0x3f9 (size before relaxing)
 .debug_str     0x000025ff      0x3de ..\obj\modbus_func.o
                                0x58e (size before relaxing)
 .debug_str     0x000029dd      0x117 ..\obj\modbus.o
                                0x423 (size before relaxing)
 .debug_str     0x00002af4       0x53 ..\obj\pub_var.o
                                0x20a (size before relaxing)
 .debug_str     0x00002b47       0xfc ..\obj\Ostimer.o
                                0x2a5 (size before relaxing)
 .debug_str     0x00002c43      0x676 ..\obj\stm32f0xx_usart.o
                                0x98e (size before relaxing)
 .debug_str     0x000032b9       0xb9 ..\obj\system_stm32f0xx.o
                                0x299 (size before relaxing)
 .debug_str     0x00003372       0xfe ..\obj\port.o
                                0x1f5 (size before relaxing)
 .debug_str     0x00003470       0x9b ..\obj\main.o
                                0x2db (size before relaxing)
 .debug_str     0x0000350b       0xf5 ..\obj\event.o
                                0x35d (size before relaxing)
 .debug_str     0x00003600       0xdf ..\obj\stm32f0xx_misc.o
                                0x2f8 (size before relaxing)
 .debug_str     0x000036df       0x8e ..\obj\hook.o
                                0x188 (size before relaxing)

.debug_frame    0x00000000     0x227c
 .debug_frame   0x00000000       0xd0 ..\obj\mbox.o
 .debug_frame   0x000000d0       0xac ..\obj\i2c.o
 .debug_frame   0x0000017c       0x30 ..\obj\util.o
 .debug_frame   0x000001ac       0xe8 ..\obj\uart.o
 .debug_frame   0x00000294      0x190 ..\obj\flag.o
 .debug_frame   0x00000424       0xf0 ..\obj\core.o
 .debug_frame   0x00000514       0x50 ..\obj\arch.o
 .debug_frame   0x00000564       0x50 ..\obj\serviceReq.o
 .debug_frame   0x000005b4       0x8c ..\obj\timer.o
 .debug_frame   0x00000640      0x524 ..\obj\stm32f0xx_rcc.o
 .debug_frame   0x00000b64      0x190 ..\obj\task.o
 .debug_frame   0x00000cf4       0xd0 ..\obj\sem.o
 .debug_frame   0x00000dc4       0x84 ..\obj\gpio.o
 .debug_frame   0x00000e48       0x8c ..\obj\kernelHeap.o
 .debug_frame   0x00000ed4      0x10c ..\obj\time.o
 .debug_frame   0x00000fe0       0xd0 ..\obj\queue.o
 .debug_frame   0x000010b0      0x1b0 ..\obj\stm32f0xx_gpio.o
 .debug_frame   0x00001260       0xa0 ..\obj\hdc1080.o
 .debug_frame   0x00001300       0x90 ..\obj\mutex.o
 .debug_frame   0x00001390      0x190 ..\obj\stm32f0xx_dma.o
 .debug_frame   0x00001520       0xa4 ..\obj\modbus_func.o
 .debug_frame   0x000015c4       0x90 ..\obj\modbus.o
 .debug_frame   0x00001654       0x2c ..\obj\pub_var.o
 .debug_frame   0x00001680      0x14c ..\obj\Ostimer.o
 .debug_frame   0x000017cc      0x630 ..\obj\stm32f0xx_usart.o
 .debug_frame   0x00001dfc       0x6c ..\obj\system_stm32f0xx.o
 .debug_frame   0x00001e68       0xb8 ..\obj\port.o
 .debug_frame   0x00001f20       0x88 ..\obj\main.o
 .debug_frame   0x00001fa8       0xf0 ..\obj\event.o
 .debug_frame   0x00002098       0x70 ..\obj\stm32f0xx_misc.o
 .debug_frame   0x00002108       0x50 ..\obj\hook.o
 .debug_frame   0x00002158       0x20 c:/program files (x86)/gnu tools arm embedded/5.4 2016q3/bin/../lib/gcc/arm-none-eabi/5.4.1/armv6-m\libgcc.a(_udivsi3.o)
 .debug_frame   0x00002178       0x20 c:/program files (x86)/gnu tools arm embedded/5.4 2016q3/bin/../lib/gcc/arm-none-eabi/5.4.1/armv6-m\libgcc.a(_divsi3.o)
 .debug_frame   0x00002198       0x54 c:/program files (x86)/gnu tools arm embedded/5.4 2016q3/bin/../lib/gcc/arm-none-eabi/5.4.1/../../../../arm-none-eabi/lib/armv6-m\libg.a(lib_a-__call_atexit.o)
 .debug_frame   0x000021ec       0x28 c:/program files (x86)/gnu tools arm embedded/5.4 2016q3/bin/../lib/gcc/arm-none-eabi/5.4.1/../../../../arm-none-eabi/lib/armv6-m\libg.a(lib_a-atexit.o)
 .debug_frame   0x00002214       0x2c c:/program files (x86)/gnu tools arm embedded/5.4 2016q3/bin/../lib/gcc/arm-none-eabi/5.4.1/../../../../arm-none-eabi/lib/armv6-m\libg.a(lib_a-fini.o)
 .debug_frame   0x00002240       0x3c c:/program files (x86)/gnu tools arm embedded/5.4 2016q3/bin/../lib/gcc/arm-none-eabi/5.4.1/../../../../arm-none-eabi/lib/armv6-m\libg.a(lib_a-__atexit.o)

.debug_ranges   0x00000000       0x20
 .debug_ranges  0x00000000       0x20 ..\obj\startup_stm32f0xx.o
