Archive member included to satisfy reference by file (symbol)

c:/program files (x86)/gnu tools arm embedded/5.4 2016q3/bin/../lib/gcc/arm-none-eabi/5.4.1/armv6-m\libgcc.a(_udivsi3.o)
                              ..\obj\stm32f0xx_rcc.o (__aeabi_uidiv)
c:/program files (x86)/gnu tools arm embedded/5.4 2016q3/bin/../lib/gcc/arm-none-eabi/5.4.1/armv6-m\libgcc.a(_divsi3.o)
                              ..\obj\time.o (__aeabi_idiv)
c:/program files (x86)/gnu tools arm embedded/5.4 2016q3/bin/../lib/gcc/arm-none-eabi/5.4.1/armv6-m\libgcc.a(_dvmd_tls.o)
                              c:/program files (x86)/gnu tools arm embedded/5.4 2016q3/bin/../lib/gcc/arm-none-eabi/5.4.1/armv6-m\libgcc.a(_udivsi3.o) (__aeabi_idiv0)
c:/program files (x86)/gnu tools arm embedded/5.4 2016q3/bin/../lib/gcc/arm-none-eabi/5.4.1/../../../../arm-none-eabi/lib/armv6-m\libg.a(lib_a-exit.o)
                              c:/program files (x86)/gnu tools arm embedded/5.4 2016q3/bin/../lib/gcc/arm-none-eabi/5.4.1/../../../../arm-none-eabi/lib/armv6-m/crt0.o (exit)
c:/program files (x86)/gnu tools arm embedded/5.4 2016q3/bin/../lib/gcc/arm-none-eabi/5.4.1/../../../../arm-none-eabi/lib/armv6-m\libg.a(lib_a-impure.o)
                              c:/program files (x86)/gnu tools arm embedded/5.4 2016q3/bin/../lib/gcc/arm-none-eabi/5.4.1/../../../../arm-none-eabi/lib/armv6-m\libg.a(lib_a-exit.o) (_global_impure_ptr)
c:/program files (x86)/gnu tools arm embedded/5.4 2016q3/bin/../lib/gcc/arm-none-eabi/5.4.1/../../../../arm-none-eabi/lib/armv6-m\libg.a(lib_a-init.o)
                              c:/program files (x86)/gnu tools arm embedded/5.4 2016q3/bin/../lib/gcc/arm-none-eabi/5.4.1/../../../../arm-none-eabi/lib/armv6-m/crt0.o (__libc_init_array)
c:/program files (x86)/gnu tools arm embedded/5.4 2016q3/bin/../lib/gcc/arm-none-eabi/5.4.1/../../../../arm-none-eabi/lib/armv6-m\libg.a(lib_a-memcpy-stub.o)
                              ..\obj\hc0x_bluetooth.o (memcpy)
c:/program files (x86)/gnu tools arm embedded/5.4 2016q3/bin/../lib/gcc/arm-none-eabi/5.4.1/../../../../arm-none-eabi/lib/armv6-m\libg.a(lib_a-memset.o)
                              c:/program files (x86)/gnu tools arm embedded/5.4 2016q3/bin/../lib/gcc/arm-none-eabi/5.4.1/../../../../arm-none-eabi/lib/armv6-m/crt0.o (memset)
c:/program files (x86)/gnu tools arm embedded/5.4 2016q3/bin/../lib/gcc/arm-none-eabi/5.4.1/../../../../arm-none-eabi/lib/armv6-m\libg.a(lib_a-sprintf.o)
                              ..\obj\hc0x_bluetooth.o (sprintf)
c:/program files (x86)/gnu tools arm embedded/5.4 2016q3/bin/../lib/gcc/arm-none-eabi/5.4.1/../../../../arm-none-eabi/lib/armv6-m\libg.a(lib_a-svfprintf.o)
                              c:/program files (x86)/gnu tools arm embedded/5.4 2016q3/bin/../lib/gcc/arm-none-eabi/5.4.1/../../../../arm-none-eabi/lib/armv6-m\libg.a(lib_a-sprintf.o) (_svfprintf_r)
c:/program files (x86)/gnu tools arm embedded/5.4 2016q3/bin/../lib/gcc/arm-none-eabi/5.4.1/../../../../arm-none-eabi/lib/armv6-m\libg.a(lib_a-__call_atexit.o)
                              c:/program files (x86)/gnu tools arm embedded/5.4 2016q3/bin/../lib/gcc/arm-none-eabi/5.4.1/../../../../arm-none-eabi/lib/armv6-m\libg.a(lib_a-exit.o) (__call_exitprocs)
c:/program files (x86)/gnu tools arm embedded/5.4 2016q3/bin/../lib/gcc/arm-none-eabi/5.4.1/../../../../arm-none-eabi/lib/armv6-m\libg.a(lib_a-atexit.o)
                              c:/program files (x86)/gnu tools arm embedded/5.4 2016q3/bin/../lib/gcc/arm-none-eabi/5.4.1/../../../../arm-none-eabi/lib/armv6-m\libg.a(lib_a-__call_atexit.o) (atexit)
c:/program files (x86)/gnu tools arm embedded/5.4 2016q3/bin/../lib/gcc/arm-none-eabi/5.4.1/../../../../arm-none-eabi/lib/armv6-m\libg.a(lib_a-dtoa.o)
                              c:/program files (x86)/gnu tools arm embedded/5.4 2016q3/bin/../lib/gcc/arm-none-eabi/5.4.1/../../../../arm-none-eabi/lib/armv6-m\libg.a(lib_a-svfprintf.o) (_dtoa_r)
c:/program files (x86)/gnu tools arm embedded/5.4 2016q3/bin/../lib/gcc/arm-none-eabi/5.4.1/../../../../arm-none-eabi/lib/armv6-m\libg.a(lib_a-fini.o)
                              c:/program files (x86)/gnu tools arm embedded/5.4 2016q3/bin/../lib/gcc/arm-none-eabi/5.4.1/../../../../arm-none-eabi/lib/armv6-m\libg.a(lib_a-__call_atexit.o) (__libc_fini_array)
c:/program files (x86)/gnu tools arm embedded/5.4 2016q3/bin/../lib/gcc/arm-none-eabi/5.4.1/../../../../arm-none-eabi/lib/armv6-m\libg.a(lib_a-localeconv.o)
                              c:/program files (x86)/gnu tools arm embedded/5.4 2016q3/bin/../lib/gcc/arm-none-eabi/5.4.1/../../../../arm-none-eabi/lib/armv6-m\libg.a(lib_a-svfprintf.o) (_localeconv_r)
c:/program files (x86)/gnu tools arm embedded/5.4 2016q3/bin/../lib/gcc/arm-none-eabi/5.4.1/../../../../arm-none-eabi/lib/armv6-m\libg.a(lib_a-mallocr.o)
                              c:/program files (x86)/gnu tools arm embedded/5.4 2016q3/bin/../lib/gcc/arm-none-eabi/5.4.1/../../../../arm-none-eabi/lib/armv6-m\libg.a(lib_a-svfprintf.o) (_malloc_r)
[...]
Memory Configuration

Name             Origin             Length             Attributes
rom              0x08000000         0x00010000         xr
ram              0x20000000         0x00002000         xrw
*default*        0x00000000         0xffffffff

Linker script and memory map

LOAD c:/program files (x86)/gnu tools arm embedded/5.4 2016q3/bin/../lib/gcc/arm-none-eabi/5.4.1/armv6-m/crti.o
LOAD c:/program files (x86)/gnu tools arm embedded/5.4 2016q3/bin/../lib/gcc/arm-none-eabi/5.4.1/armv6-m/crtbegin.o
LOAD c:/program files (x86)/gnu tools arm embedded/5.4 2016q3/bin/../lib/gcc/arm-none-eabi/5.4.1/../../../../arm-none-eabi/lib/armv6-m/crt0.o
                0x20002000                _eram = 0x20002000

.text           0x08000000     0xe004
 *(.isr_vector)
 .isr_vector    0x08000000       0xc4 ..\obj\startup_stm32f0xx.o
                0x08000000                g_pfnVectors
 *(.text*)
 .text          0x080000c4       0x60 c:/program files (x86)/gnu tools arm embedded/5.4 2016q3/bin/../lib/gcc/arm-none-eabi/5.4.1/armv6-m/crtbegin.o
 .text          0x08000124      0x468 ..\obj\i2c.o
                0x0800022c                I2C1_IRQHandler
                0x080003fc                initI2C
                0x0800049c                i2c_master_process
 .text          0x0800058c      0x15c ..\obj\util.o
                0x0800058c                wordEndianer
                0x080005dc                copy_string
                0x08000644                compare_string
                0x08000694                count_string
 .text          0x080006e8      0x4f4 ..\obj\uart.o
                0x080006e8                USART1_IRQHandler
                0x080007a8                DMA1_Channel2_3_IRQHandler
                0x080007ec                initUart1
                0x080008a0                uart1NvicConfig
                0x080008e4                initUartDma
                0x08000a08                uart1TxCmd
                0x08000a9c                uart1CheckRxBuf
                0x08000b00                task_Uart1
 .text          0x08000bdc      0x994 ..\obj\flag.o
                0x08000bdc                CoCreateFlag
                0x08000c9c                CoDelFlag
                0x08000dcc                CoAcceptSingleFlag
                0x08000e54                CoAcceptMultipleFlags
                0x08000f1c                CoWaitForSingleFlag
                0x080010a4                CoWaitForMultipleFlags
                0x08001278                CoClearFlag
                0x080012d0                CoSetFlag
                0x080013d4                isr_SetFlag
                0x080014ec                RemoveLinkNode
 .text          0x08001570       0xe8 ..\obj\syscalls.o
                0x08001570                _sbrk
                0x080015ac                link
                0x080015c4                _close
                0x080015d8                _fstat
                0x080015f4                _isatty
                0x08001608                _lseek
                0x08001620                _read
                0x08001638                _write
                0x08001650                abort
 .text          0x08001658      0x1bc ..\obj\core.o
                0x08001658                CoEnterISR
                0x08001670                CoExitISR
                0x080016c4                OsSchedUnlock
                0x08001714                CoSchedLock
                0x08001730                CoSchedUnlock
                0x08001740                CoInitOS
                0x080017c8                CoStartOS
                0x08001804                CoGetOSVersion
 .text          0x08001814       0xec ..\obj\arch.o
                0x08001814                InitTaskContext
                0x08001860                SysTick_Handler
 .text          0x08001900      0x150 ..\obj\serviceReq.o
                0x08001900                InsertInSRQ
                0x08001998                RespondSRQ
 .text          0x08001a50      0x1e8 ..\obj\timer.o
                0x08001b58                TIM6_DAC_IRQHandler
                0x08001bc8                initTimers
 .text          0x08001c38      0xc9c ..\obj\stm32f0xx_rcc.o
                0x08001c38                RCC_DeInit
                0x08001cc0                RCC_HSEConfig
                0x08001ce8                RCC_WaitForHSEStartUp
                0x08001d48                RCC_AdjustHSICalibrationValue
                0x08001d84                RCC_HSICmd
                0x08001dc0                RCC_AdjustHSI14CalibrationValue
                0x08001dfc                RCC_HSI14Cmd
                0x08001e38                RCC_HSI14ADCRequestCmd
                0x08001e74                RCC_LSEConfig
                0x08001eac                RCC_LSEDriveConfig
                0x08001ed8                RCC_LSICmd
                0x08001f14                RCC_PLLConfig
                0x08001f4c                RCC_PLLCmd
                0x08001f8c                RCC_HSI48Cmd
                0x08001fcc                RCC_PREDIV1Config
                0x08002000                RCC_ClockSecuritySystemCmd
                0x08002040                RCC_MCOConfig
                0x08002084                RCC_SYSCLKConfig
                0x080020b8                RCC_GetSYSCLKSource
                0x080020d4                RCC_HCLKConfig
                0x08002108                RCC_PCLKConfig
                0x08002140                RCC_ADCCLKConfig
                0x08002194                RCC_CECCLKConfig
                0x080021c0                RCC_I2CCLKConfig
                0x080021ec                RCC_USARTCLKConfig
                0x08002254                RCC_USBCLKConfig
                0x08002280                RCC_GetClocksFreq
                0x08002550                RCC_RTCCLKConfig
                0x08002570                RCC_RTCCLKCmd
                0x080025b0                RCC_BackupResetCmd
                0x080025f0                RCC_AHBPeriphClockCmd
                0x08002630                RCC_APB2PeriphClockCmd
                0x08002670                RCC_APB1PeriphClockCmd
                0x080026b0                RCC_AHBPeriphResetCmd
                0x080026f0                RCC_APB2PeriphResetCmd
                0x08002730                RCC_APB1PeriphResetCmd
                0x08002770                RCC_ITConfig
                0x080027c0                RCC_GetFlagStatus
                0x08002854                RCC_ClearFlag
                0x08002870                RCC_GetITStatus
                0x080028b4                RCC_ClearITPendingBit
 .text.Reset_Handler
                0x080028d4       0x4c ..\obj\startup_stm32f0xx.o
                0x080028d4                Reset_Handler
 .text.Default_Handler
                0x08002920        0x2 ..\obj\startup_stm32f0xx.o
                0x08002920                TIM1_CC_IRQHandler
                0x08002920                HardFault_Handler
                0x08002920                ADC1_COMP_IRQHandler
                0x08002920                PVD_IRQHandler
                0x08002920                NMI_Handler
                0x08002920                SPI1_IRQHandler
                0x08002920                EXTI2_3_IRQHandler
                0x08002920                I2C2_IRQHandler
                0x08002920                TIM17_IRQHandler
                0x08002920                RTC_IRQHandler
                0x08002920                TIM16_IRQHandler
                0x08002920                TIM3_IRQHandler
                0x08002920                EXTI4_15_IRQHandler
                0x08002920                RCC_IRQHandler
                0x08002920                DMA1_Channel1_IRQHandler
                0x08002920                Default_Handler
                0x08002920                CEC_IRQHandler
                0x08002920                TIM14_IRQHandler
                0x08002920                DMA1_Channel4_5_IRQHandler
                0x08002920                TIM15_IRQHandler
                0x08002920                EXTI0_1_IRQHandler
                0x08002920                SPI2_IRQHandler
                0x08002920                SVC_Handler
                0x08002920                TS_IRQHandler
                0x08002920                WWDG_IRQHandler
                0x08002920                TIM2_IRQHandler
                0x08002920                USART2_IRQHandler
                0x08002920                FLASH_IRQHandler
                0x08002920                TIM1_BRK_UP_TRG_COM_IRQHandler
 *fill*         0x08002922        0x2 
 .text          0x08002924      0x844 ..\obj\task.o
                0x08002924                CreateTCBList
                0x080029a0                InsertToTCBRdyList
                0x08002ab0                RemoveFromTCBRdyList
                0x08002b34                CoSetPriority
                0x08002d24                Schedule
                0x08002ecc                CreateTask
                0x08003014                CoDelTask
                0x08003138                CoExitTask
                0x08003154                CoGetCurTaskID
 .text          0x08003168      0x330 ..\obj\hc0x_bluetooth.o
                0x08003168                change_device_name
                0x080031d0                mobile_app_interface
 .text          0x08003498      0x1e0 ..\obj\gpio.o
                0x08003498                initGpio
                0x080035e0                setGpioOutputs
                0x08003634                readGpioOutputs
                0x08003658                readGpioInputs
 .text          0x08003678      0x4c4 ..\obj\kernelHeap.o
                0x08003678                CoCreateKheap
                0x080036bc                CoKmalloc
                0x08003828                CoKfree
 .text          0x08003b3c      0x424 ..\obj\time.o
                0x08003b3c                InsertDelayList
                0x08003c28                RemoveDelayList
                0x08003cd8                CoGetOSTime
                0x08003cf0                CoTickDelay
                0x08003d60                CoResetTaskDelayTick
                0x08003de8                CoTimeDelay
                0x08003eb0                TimeDispose
                0x08003f2c                isr_TimeDispose
 .text          0x08003f60      0x494 ..\obj\stm32f0xx_gpio.o
                0x08003f60                GPIO_DeInit
                0x08004050                GPIO_Init
                0x08004178                GPIO_StructInit
                0x080041ac                GPIO_PinLockConfig
                0x080041f4                GPIO_ReadInputDataBit
                0x0800423c                GPIO_ReadInputData
                0x08004254                GPIO_ReadOutputDataBit
                0x0800429c                GPIO_ReadOutputData
                0x080042b4                GPIO_SetBits
                0x080042d4                GPIO_ResetBits
                0x080042f4                GPIO_WriteBit
                0x08004330                GPIO_Write
                0x08004350                GPIO_PinAFConfig
 .text          0x080043f4      0x314 ..\obj\hdc1080.o
                0x080043f4                write_HDC1080_configuration
                0x08004484                read_HDC1080_configuration
                0x08004520                trig_HDC1080
                0x080045b8                init_HDC1080
                0x08004600                task_HDC1080
 .text          0x08004708      0x470 ..\obj\mutex.o
                0x08004708                CoCreateMutex
                0x08004784                CoEnterMutexSection
                0x0800490c                CoLeaveMutexSection
                0x08004a68                RemoveMutexList
 .text          0x08004b78      0x464 ..\obj\stm32f0xx_dma.o
                0x08004b78                DMA_DeInit
                0x08004d00                DMA_Init
                0x08004d7c                DMA_StructInit
                0x08004dd0                DMA_Cmd
                0x08004e0c                DMA_RemapConfig
                0x08004e50                DMA_SetCurrDataCounter
                0x08004e70                DMA_GetCurrDataCounter
                0x08004e88                DMA_ITConfig
                0x08004ec4                DMA_GetFlagStatus
                0x08004f20                DMA_ClearFlag
                0x08004f50                DMA_GetITStatus
                0x08004fac                DMA_ClearITPendingBit
 .text          0x08004fdc      0x364 ..\obj\modbus_func.o
                0x08004fdc                readCoils
                0x08005048                readInputs
                0x080050b4                readHoldingRegister
                0x080051f0                writeSingleCoil
                0x08005334                rwDummyFunc
 .text          0x08005340      0x3b4 ..\obj\modbus.o
                0x08005340                crc16
                0x080053d4                checkCrc16
                0x08005478                mbReturnException
                0x080054c8                modbusRTU
 .text          0x080056f4       0x24 ..\obj\pub_var.o
                0x080056f4                setParameters
 .text          0x08005718      0x79c ..\obj\Ostimer.o
                0x080059f4                CoCreateTmr
                0x08005b74                CoStartTmr
                0x08005bf4                CoStopTmr
                0x08005c74                CoDelTmr
                0x08005cf0                CoGetCurTmrCnt
                0x08005d58                CoSetTmrCnt
                0x08005e08                TmrDispose
                0x08005e80                isr_TmrDispose
 .text          0x08005eb4      0xd88 ..\obj\stm32f0xx_usart.o
                0x08005eb4                USART_DeInit
                0x08005fdc                USART_Init
                0x08006168                USART_StructInit
                0x080061a0                USART_ClockInit
                0x080061ec                USART_ClockStructInit
                0x08006214                USART_Cmd
                0x08006250                USART_DirectionModeCmd
                0x0800628c                USART_OverSampling8Cmd
                0x080062cc                USART_OneBitMethodCmd
                0x0800630c                USART_MSBFirstCmd
                0x0800634c                USART_DataInvCmd
                0x0800638c                USART_InvPinCmd
                0x080063c8                USART_SWAPPinCmd
                0x08006408                USART_ReceiverTimeOutCmd
                0x08006448                USART_SetReceiverTimeOut
                0x08006474                USART_SetPrescaler
                0x080064b0                USART_STOPModeCmd
                0x080064ec                USART_StopModeWakeUpSourceConfig
                0x0800651c                USART_AutoBaudRateCmd
                0x0800655c                USART_AutoBaudRateConfig
                0x0800658c                USART_SendData
                0x080065b0                USART_ReceiveData
                0x080065cc                USART_SetAddress
                0x08006600                USART_MuteModeCmd
                0x08006640                USART_MuteModeWakeUpConfig
                0x08006670                USART_AddressDetectionConfig
                0x0800669c                USART_LINBreakDetectLengthConfig
                0x080066c8                USART_LINCmd
                0x08006708                USART_HalfDuplexCmd
                0x08006744                USART_SetGuardTime
                0x08006784                USART_SmartCardCmd
                0x080067c0                USART_SmartCardNACKCmd
                0x080067fc                USART_SetAutoRetryCount
                0x08006834                USART_SetBlockLength
                0x08006868                USART_IrDAConfig
                0x08006894                USART_IrDACmd
                0x080068d0                USART_DECmd
                0x08006910                USART_DEPolarityConfig
                0x08006940                USART_SetDEAssertionTime
                0x08006970                USART_SetDEDeassertionTime
                0x080069a0                USART_DMACmd
                0x080069dc                USART_DMAReceptionErrorConfig
                0x08006a0c                USART_ITConfig
                0x08006a90                USART_RequestCmd
                0x08006ad8                USART_OverrunDetectionConfig
                0x08006b08                USART_GetFlagStatus
                0x08006b44                USART_ClearFlag
                0x08006b5c                USART_GetITStatus
                0x08006c0c                USART_ClearITPendingBit
 .text          0x08006c3c      0x240 ..\obj\system_stm32f0xx.o
                0x08006c3c                SystemInit1
                0x08006c3c                SystemInit
                0x08006cc8                SystemCoreClockUpdate
                0x08006cc8                SystemCoreClockUpdate1
                0x08006d9c                SetSysClock
 .text          0x08006e7c       0xe4 ..\obj\port.o
                0x08006e7c                Inc8
                0x08006ea4                Dec8
                0x08006ecc                IRQ_ENABLE_RESTORE
                0x08006ed8                IRQ_DISABLE_SAVE
                0x08006ee4                SetEnvironment
                0x08006ef0                SwitchContext
                0x08006f00                PendSV_Handler
 .text          0x08006f60       0xfc ..\obj\main.o
                0x08006f60                rccConfig
                0x08006f6c                task_Led
                0x08006f9c                main
 .text          0x0800705c      0x420 ..\obj\event.o
                0x0800705c                CreateEventList
                0x0800713c                CreatEvent
                0x080071dc                DeleteEvent
                0x08007274                EventTaskToWait
                0x08007374                EventTaskToRdy
                0x080073e4                RemoveEventWaittingList
 .text          0x0800747c      0x128 ..\obj\stm32f0xx_misc.o
                0x0800747c                NVIC_Init
                0x08007528                NVIC_SystemLPConfig
                0x08007570                SysTick_CLKSourceConfig
 .text          0x080075a4       0x1c ..\obj\hook.o
                0x080075a4                CoIdleTask
                0x080075b0                CoStkOverflowHook
 .text          0x080075c0      0x114 c:/program files (x86)/gnu tools arm embedded/5.4 2016q3/bin/../lib/gcc/arm-none-eabi/5.4.1/armv6-m\libgcc.a(_udivsi3.o)
                0x080075c0                __aeabi_uidiv
                0x080075c0                __udivsi3
                0x080076cc                __aeabi_uidivmod
 .text          0x080076d4      0x1d4 c:/program files (x86)/gnu tools arm embedded/5.4 2016q3/bin/../lib/gcc/arm-none-eabi/5.4.1/armv6-m\libgcc.a(_divsi3.o)
                0x080076d4                __divsi3
                0x080076d4                __aeabi_idiv
                0x080078a0                __aeabi_idivmod
 .text          0x080078a8        0x4 c:/program files (x86)/gnu tools arm embedded/5.4 2016q3/bin/../lib/gcc/arm-none-eabi/5.4.1/armv6-m\libgcc.a(_dvmd_tls.o)
                0x080078a8                __aeabi_idiv0
                0x080078a8                __aeabi_ldiv0
 .text.memcpy   0x080078ac       0x7c c:/program files (x86)/gnu tools arm embedded/5.4 2016q3/bin/../lib/gcc/arm-none-eabi/5.4.1/../../../../arm-none-eabi/lib/armv6-m\libg.a(lib_a-memcpy-stub.o)
                0x080078ac                memcpy
 .text.memset   0x08007928       0x8c c:/program files (x86)/gnu tools arm embedded/5.4 2016q3/bin/../lib/gcc/arm-none-eabi/5.4.1/../../../../arm-none-eabi/lib/armv6-m\libg.a(lib_a-memset.o)
                0x08007928                memset
 .text.sprintf  0x080079b4       0x44 c:/program files (x86)/gnu tools arm embedded/5.4 2016q3/bin/../lib/gcc/arm-none-eabi/5.4.1/../../../../arm-none-eabi/lib/armv6-m\libg.a(lib_a-sprintf.o)
                0x080079b4                sprintf
 .text._svfprintf_r
                0x080079f8     0x1820 c:/program files (x86)/gnu tools arm embedded/5.4 2016q3/bin/../lib/gcc/arm-none-eabi/5.4.1/../../../../arm-none-eabi/lib/armv6-m\libg.a(lib_a-svfprintf.o)
                0x080079f8                _svfprintf_r
 .text.startup.register_fini
                0x08009218       0x18 c:/program files (x86)/gnu tools arm embedded/5.4 2016q3/bin/../lib/gcc/arm-none-eabi/5.4.1/../../../../arm-none-eabi/lib/armv6-m\libg.a(lib_a-__call_atexit.o)
 .text.atexit   0x08009230       0x10 c:/program files (x86)/gnu tools arm embedded/5.4 2016q3/bin/../lib/gcc/arm-none-eabi/5.4.1/../../../../arm-none-eabi/lib/armv6-m\libg.a(lib_a-atexit.o)
                0x08009230                atexit
 .text.quorem   0x08009240      0x150 c:/program files (x86)/gnu tools arm embedded/5.4 2016q3/bin/../lib/gcc/arm-none-eabi/5.4.1/../../../../arm-none-eabi/lib/armv6-m\libg.a(lib_a-dtoa.o)
 .text._dtoa_r  0x08009390      0xf54 c:/program files (x86)/gnu tools arm embedded/5.4 2016q3/bin/../lib/gcc/arm-none-eabi/5.4.1/../../../../arm-none-eabi/lib/armv6-m\libg.a(lib_a-dtoa.o)
                0x08009390                _dtoa_r
 .text.__libc_fini_array
                0x0800a2e4       0x34 c:/program files (x86)/gnu tools arm embedded/5.4 2016q3/bin/../lib/gcc/arm-none-eabi/5.4.1/../../../../arm-none-eabi/lib/armv6-m\libg.a(lib_a-fini.o)
                0x0800a2e4                __libc_fini_array
 .text._localeconv_r
                0x0800a318       0x1c c:/program files (x86)/gnu tools arm embedded/5.4 2016q3/bin/../lib/gcc/arm-none-eabi/5.4.1/../../../../arm-none-eabi/lib/armv6-m\libg.a(lib_a-localeconv.o)
                0x0800a318                _localeconv_r
 .text._malloc_r
                0x0800a334      0x554 c:/program files (x86)/gnu tools arm embedded/5.4 2016q3/bin/../lib/gcc/arm-none-eabi/5.4.1/../../../../arm-none-eabi/lib/armv6-m\libg.a(lib_a-mallocr.o)
                0x0800a334                _malloc_r
 .text.memchr   0x0800a888       0x90 c:/program files (x86)/gnu tools arm embedded/5.4 2016q3/bin/../lib/gcc/arm-none-eabi/5.4.1/../../../../arm-none-eabi/lib/armv6-m\libg.a(lib_a-memchr-stub.o)
                0x0800a888                memchr
 .text.__malloc_lock
                0x0800a918        0x4 c:/program files (x86)/gnu tools arm embedded/5.4 2016q3/bin/../lib/gcc/arm-none-eabi/5.4.1/../../../../arm-none-eabi/lib/armv6-m\libg.a(lib_a-mlock.o)
                0x0800a918                __malloc_lock
 .text.__malloc_unlock
                0x0800a91c        0x4 c:/program files (x86)/gnu tools arm embedded/5.4 2016q3/bin/../lib/gcc/arm-none-eabi/5.4.1/../../../../arm-none-eabi/lib/armv6-m\libg.a(lib_a-mlock.o)
                0x0800a91c                __malloc_unlock
 .text._Balloc  0x0800a920       0x50 c:/program files (x86)/gnu tools arm embedded/5.4 2016q3/bin/../lib/gcc/arm-none-eabi/5.4.1/../../../../arm-none-eabi/lib/armv6-m\libg.a(lib_a-mprec.o)
                0x0800a920                _Balloc
 .text._Bfree   0x0800a970       0x14 c:/program files (x86)/gnu tools arm embedded/5.4 2016q3/bin/../lib/gcc/arm-none-eabi/5.4.1/../../../../arm-none-eabi/lib/armv6-m\libg.a(lib_a-mprec.o)
                0x0800a970                _Bfree
 .text.__multadd
                0x0800a984       0x8c c:/program files (x86)/gnu tools arm embedded/5.4 2016q3/bin/../lib/gcc/arm-none-eabi/5.4.1/../../../../arm-none-eabi/lib/armv6-m\libg.a(lib_a-mprec.o)
                0x0800a984                __multadd
 .text.__hi0bits
                0x0800aa10       0x3c c:/program files (x86)/gnu tools arm embedded/5.4 2016q3/bin/../lib/gcc/arm-none-eabi/5.4.1/../../../../arm-none-eabi/lib/armv6-m\libg.a(lib_a-mprec.o)
                0x0800aa10                __hi0bits
 .text.__lo0bits
                0x0800aa4c       0x5c c:/program files (x86)/gnu tools arm embedded/5.4 2016q3/bin/../lib/gcc/arm-none-eabi/5.4.1/../../../../arm-none-eabi/lib/armv6-m\libg.a(lib_a-mprec.o)
                0x0800aa4c                __lo0bits
 .text.__i2b    0x0800aaa8       0x14 c:/program files (x86)/gnu tools arm embedded/5.4 2016q3/bin/../lib/gcc/arm-none-eabi/5.4.1/../../../../arm-none-eabi/lib/armv6-m\libg.a(lib_a-mprec.o)
                0x0800aaa8                __i2b
 .text.__multiply
                0x0800aabc      0x15c c:/program files (x86)/gnu tools arm embedded/5.4 2016q3/bin/../lib/gcc/arm-none-eabi/5.4.1/../../../../arm-none-eabi/lib/armv6-m\libg.a(lib_a-mprec.o)
                0x0800aabc                __multiply
 .text.__pow5mult
                0x0800ac18       0xbc c:/program files (x86)/gnu tools arm embedded/5.4 2016q3/bin/../lib/gcc/arm-none-eabi/5.4.1/../../../../arm-none-eabi/lib/armv6-m\libg.a(lib_a-mprec.o)
                0x0800ac18                __pow5mult
 .text.__lshift
                0x0800acd4       0xc0 c:/program files (x86)/gnu tools arm embedded/5.4 2016q3/bin/../lib/gcc/arm-none-eabi/5.4.1/../../../../arm-none-eabi/lib/armv6-m\libg.a(lib_a-mprec.o)
                0x0800acd4                __lshift
 .text.__mcmp   0x0800ad94       0x3c c:/program files (x86)/gnu tools arm embedded/5.4 2016q3/bin/../lib/gcc/arm-none-eabi/5.4.1/../../../../arm-none-eabi/lib/armv6-m\libg.a(lib_a-mprec.o)
                0x0800ad94                __mcmp
 .text.__mdiff  0x0800add0      0x11c c:/program files (x86)/gnu tools arm embedded/5.4 2016q3/bin/../lib/gcc/arm-none-eabi/5.4.1/../../../../arm-none-eabi/lib/armv6-m\libg.a(lib_a-mprec.o)
                0x0800add0                __mdiff
 .text.__d2b    0x0800aeec       0xbc c:/program files (x86)/gnu tools arm embedded/5.4 2016q3/bin/../lib/gcc/arm-none-eabi/5.4.1/../../../../arm-none-eabi/lib/armv6-m\libg.a(lib_a-mprec.o)
                0x0800aeec                __d2b
 .text._sbrk_r  0x0800afa8       0x24 c:/program files (x86)/gnu tools arm embedded/5.4 2016q3/bin/../lib/gcc/arm-none-eabi/5.4.1/../../../../arm-none-eabi/lib/armv6-m\libg.a(lib_a-sbrkr.o)
                0x0800afa8                _sbrk_r
 .text.strlen   0x0800afcc       0x68 c:/program files (x86)/gnu tools arm embedded/5.4 2016q3/bin/../lib/gcc/arm-none-eabi/5.4.1/../../../../arm-none-eabi/lib/armv6-m\libg.a(lib_a-strlen-stub.o)
                0x0800afcc                strlen
 .text.__ssprint_r
                0x0800b034      0x130 c:/program files (x86)/gnu tools arm embedded/5.4 2016q3/bin/../lib/gcc/arm-none-eabi/5.4.1/../../../../arm-none-eabi/lib/armv6-m\libg.a(lib_a-svfiprintf.o)
                0x0800b034                __ssprint_r
 .text.__register_exitproc
                0x0800b164       0xd4 c:/program files (x86)/gnu tools arm embedded/5.4 2016q3/bin/../lib/gcc/arm-none-eabi/5.4.1/../../../../arm-none-eabi/lib/armv6-m\libg.a(lib_a-__atexit.o)
                0x0800b164                __register_exitproc
 .text._calloc_r
                0x0800b238       0x60 c:/program files (x86)/gnu tools arm embedded/5.4 2016q3/bin/../lib/gcc/arm-none-eabi/5.4.1/../../../../arm-none-eabi/lib/armv6-m\libg.a(lib_a-callocr.o)
                0x0800b238                _calloc_r
 .text._malloc_trim_r
                0x0800b298       0xa0 c:/program files (x86)/gnu tools arm embedded/5.4 2016q3/bin/../lib/gcc/arm-none-eabi/5.4.1/../../../../arm-none-eabi/lib/armv6-m\libg.a(lib_a-freer.o)
                0x0800b298                _malloc_trim_r
 .text._free_r  0x0800b338      0x1c4 c:/program files (x86)/gnu tools arm embedded/5.4 2016q3/bin/../lib/gcc/arm-none-eabi/5.4.1/../../../../arm-none-eabi/lib/armv6-m\libg.a(lib_a-freer.o)
                0x0800b338                _free_r
 .text.__ascii_mbtowc
                0x0800b4fc       0x2c c:/program files (x86)/gnu tools arm embedded/5.4 2016q3/bin/../lib/gcc/arm-none-eabi/5.4.1/../../../../arm-none-eabi/lib/armv6-m\libg.a(lib_a-mbtowc_r.o)
                0x0800b4fc                __ascii_mbtowc
 .text.memmove  0x0800b528       0x98 c:/program files (x86)/gnu tools arm embedded/5.4 2016q3/bin/../lib/gcc/arm-none-eabi/5.4.1/../../../../arm-none-eabi/lib/armv6-m\libg.a(lib_a-memmove.o)
                0x0800b528                memmove
 .text._realloc_r
                0x0800b5c0      0x3dc c:/program files (x86)/gnu tools arm embedded/5.4 2016q3/bin/../lib/gcc/arm-none-eabi/5.4.1/../../../../arm-none-eabi/lib/armv6-m\libg.a(lib_a-reallocr.o)
                0x0800b5c0                _realloc_r
 .text.__ascii_wctomb
                0x0800b99c       0x1c c:/program files (x86)/gnu tools arm embedded/5.4 2016q3/bin/../lib/gcc/arm-none-eabi/5.4.1/../../../../arm-none-eabi/lib/armv6-m\libg.a(lib_a-wctomb_r.o)
                0x0800b99c                __ascii_wctomb
 .text          0x0800b9b8       0x7c c:/program files (x86)/gnu tools arm embedded/5.4 2016q3/bin/../lib/gcc/arm-none-eabi/5.4.1/armv6-m\libgcc.a(_arm_cmpdf2.o)
                0x0800b9b8                __aeabi_cdrcmple
                0x0800b9c8                __aeabi_cdcmple
                0x0800b9c8                __aeabi_cdcmpeq
                0x0800b9d8                __aeabi_dcmpeq
                0x0800b9e4                __aeabi_dcmplt
                0x0800b9f8                __aeabi_dcmple
                0x0800ba0c                __aeabi_dcmpgt
                0x0800ba20                __aeabi_dcmpge
 .text          0x0800ba34       0x40 c:/program files (x86)/gnu tools arm embedded/5.4 2016q3/bin/../lib/gcc/arm-none-eabi/5.4.1/armv6-m\libgcc.a(_aeabi_uldivmod.o)
                0x0800ba34                __aeabi_uldivmod
 .text          0x0800ba74      0x180 c:/program files (x86)/gnu tools arm embedded/5.4 2016q3/bin/../lib/gcc/arm-none-eabi/5.4.1/armv6-m\libgcc.a(_udivmoddi4.o)
                0x0800ba74                __udivmoddi4
 .text          0x0800bbf4      0x658 c:/program files (x86)/gnu tools arm embedded/5.4 2016q3/bin/../lib/gcc/arm-none-eabi/5.4.1/armv6-m\libgcc.a(adddf3.o)
                0x0800bbf4                __aeabi_dadd
 .text          0x0800c24c      0x62c c:/program files (x86)/gnu tools arm embedded/5.4 2016q3/bin/../lib/gcc/arm-none-eabi/5.4.1/armv6-m\libgcc.a(divdf3.o)
                0x0800c24c                __aeabi_ddiv
 .text          0x0800c878       0x80 c:/program files (x86)/gnu tools arm embedded/5.4 2016q3/bin/../lib/gcc/arm-none-eabi/5.4.1/armv6-m\libgcc.a(eqdf2.o)
                0x0800c878                __nedf2
                0x0800c878                __eqdf2
 .text          0x0800c8f8       0xc8 c:/program files (x86)/gnu tools arm embedded/5.4 2016q3/bin/../lib/gcc/arm-none-eabi/5.4.1/armv6-m\libgcc.a(gedf2.o)
                0x0800c8f8                __gedf2
                0x0800c8f8                __gtdf2
 .text          0x0800c9c0       0xd4 c:/program files (x86)/gnu tools arm embedded/5.4 2016q3/bin/../lib/gcc/arm-none-eabi/5.4.1/armv6-m\libgcc.a(ledf2.o)
                0x0800c9c0                __ledf2
                0x0800c9c0                __ltdf2
 .text          0x0800ca94      0x4f4 c:/program files (x86)/gnu tools arm embedded/5.4 2016q3/bin/../lib/gcc/arm-none-eabi/5.4.1/armv6-m\libgcc.a(muldf3.o)
                0x0800ca94                __aeabi_dmul
 .text          0x0800cf88      0x6a8 c:/program files (x86)/gnu tools arm embedded/5.4 2016q3/bin/../lib/gcc/arm-none-eabi/5.4.1/armv6-m\libgcc.a(subdf3.o)
                0x0800cf88                __aeabi_dsub
 .text          0x0800d630       0x40 c:/program files (x86)/gnu tools arm embedded/5.4 2016q3/bin/../lib/gcc/arm-none-eabi/5.4.1/armv6-m\libgcc.a(unorddf2.o)
                0x0800d630                __aeabi_dcmpun
 .text          0x0800d670       0x6c c:/program files (x86)/gnu tools arm embedded/5.4 2016q3/bin/../lib/gcc/arm-none-eabi/5.4.1/armv6-m\libgcc.a(fixdfsi.o)
                0x0800d670                __aeabi_d2iz
 .text          0x0800d6dc       0x84 c:/program files (x86)/gnu tools arm embedded/5.4 2016q3/bin/../lib/gcc/arm-none-eabi/5.4.1/armv6-m\libgcc.a(floatsidf.o)
                0x0800d6dc                __aeabi_i2d
 .text          0x0800d760       0x70 c:/program files (x86)/gnu tools arm embedded/5.4 2016q3/bin/../lib/gcc/arm-none-eabi/5.4.1/armv6-m\libgcc.a(floatunsidf.o)
                0x0800d760                __aeabi_ui2d
 .text          0x0800d7d0       0x3c c:/program files (x86)/gnu tools arm embedded/5.4 2016q3/bin/../lib/gcc/arm-none-eabi/5.4.1/armv6-m\libgcc.a(_clzsi2.o)
                0x0800d7d0                __clzsi2
 .text          0x0800d80c       0x18 c:/program files (x86)/gnu tools arm embedded/5.4 2016q3/bin/../lib/gcc/arm-none-eabi/5.4.1/armv6-m\libgcc.a(_clzdi2.o)
                0x0800d80c                __clzdi2
 *(.init)
 .init          0x0800d824        0x4 c:/program files (x86)/gnu tools arm embedded/5.4 2016q3/bin/../lib/gcc/arm-none-eabi/5.4.1/armv6-m/crti.o
                0x0800d824                _init
 .init          0x0800d828        0x8 c:/program files (x86)/gnu tools arm embedded/5.4 2016q3/bin/../lib/gcc/arm-none-eabi/5.4.1/armv6-m/crtn.o
 *(.fini)
 .fini          0x0800d830        0x4 c:/program files (x86)/gnu tools arm embedded/5.4 2016q3/bin/../lib/gcc/arm-none-eabi/5.4.1/armv6-m/crti.o
                0x0800d830                _fini
 .fini          0x0800d834        0x8 c:/program files (x86)/gnu tools arm embedded/5.4 2016q3/bin/../lib/gcc/arm-none-eabi/5.4.1/armv6-m/crtn.o
 *crtbegin.o(.ctors)
 *crtbegin?.o(.ctors)
 *(EXCLUDE_FILE(*crtend.o *crtend?.o) .ctors)
 *(SORT(.ctors.*))
 *(.ctors)
 *crtbegin.o(.dtors)
 *crtbegin?.o(.dtors)
 *(EXCLUDE_FILE(*crtend.o *crtend?.o) .dtors)
 *(SORT(.dtors.*))
 *(.dtors)
 *(.rodata*)
 .rodata        0x0800d83c       0xaa ..\obj\hc0x_bluetooth.o
 *fill*         0x0800d8e6        0x2 
 .rodata        0x0800d8e8       0x52 ..\obj\modbus_func.o
                0x0800d8fc                stHoldingRegArray
                0x0800d938                sizeOfHoldingRegister
 *fill*         0x0800d93a        0x2 
 .rodata        0x0800d93c      0x244 ..\obj\modbus.o
                0x0800d93c                stCrcTable
 .rodata        0x0800db80        0xd ..\obj\main.o
 *fill*         0x0800db8d        0x3 
 .rodata._global_impure_ptr
                0x0800db90        0x4 c:/program files (x86)/gnu tools arm embedded/5.4 2016q3/bin/../lib/gcc/arm-none-eabi/5.4.1/../../../../arm-none-eabi/lib/armv6-m\libg.a(lib_a-impure.o)
                0x0800db90                _global_impure_ptr
 .rodata._svfprintf_r
                0x0800db94      0x164 c:/program files (x86)/gnu tools arm embedded/5.4 2016q3/bin/../lib/gcc/arm-none-eabi/5.4.1/../../../../arm-none-eabi/lib/armv6-m\libg.a(lib_a-svfprintf.o)
 .rodata.zeroes.7256
                0x0800dcf8       0x10 c:/program files (x86)/gnu tools arm embedded/5.4 2016q3/bin/../lib/gcc/arm-none-eabi/5.4.1/../../../../arm-none-eabi/lib/armv6-m\libg.a(lib_a-svfprintf.o)
 .rodata.str1.4
                0x0800dd08       0x42 c:/program files (x86)/gnu tools arm embedded/5.4 2016q3/bin/../lib/gcc/arm-none-eabi/5.4.1/../../../../arm-none-eabi/lib/armv6-m\libg.a(lib_a-svfprintf.o)
 *fill*         0x0800dd4a        0x2 
 .rodata.blanks.7255
                0x0800dd4c       0x10 c:/program files (x86)/gnu tools arm embedded/5.4 2016q3/bin/../lib/gcc/arm-none-eabi/5.4.1/../../../../arm-none-eabi/lib/armv6-m\libg.a(lib_a-svfprintf.o)
 .rodata.str1.4
                0x0800dd5c       0x10 c:/program files (x86)/gnu tools arm embedded/5.4 2016q3/bin/../lib/gcc/arm-none-eabi/5.4.1/../../../../arm-none-eabi/lib/armv6-m\libg.a(lib_a-dtoa.o)
                                 0x12 (size before relaxing)
 *fill*         0x0800dd6c        0x4 
 .rodata.__mprec_tens
                0x0800dd70       0xc8 c:/program files (x86)/gnu tools arm embedded/5.4 2016q3/bin/../lib/gcc/arm-none-eabi/5.4.1/../../../../arm-none-eabi/lib/armv6-m\libg.a(lib_a-mprec.o)
                0x0800dd70                __mprec_tens
 .rodata.p05.6085
                0x0800de38        0xc c:/program files (x86)/gnu tools arm embedded/5.4 2016q3/bin/../lib/gcc/arm-none-eabi/5.4.1/../../../../arm-none-eabi/lib/armv6-m\libg.a(lib_a-mprec.o)
 *fill*         0x0800de44        0x4 
 .rodata.__mprec_bigtens
                0x0800de48       0x28 c:/program files (x86)/gnu tools arm embedded/5.4 2016q3/bin/../lib/gcc/arm-none-eabi/5.4.1/../../../../arm-none-eabi/lib/armv6-m\libg.a(lib_a-mprec.o)
                0x0800de48                __mprec_bigtens
 .rodata.str1.4
                0x0800de70       0x10 c:/program files (x86)/gnu tools arm embedded/5.4 2016q3/bin/../lib/gcc/arm-none-eabi/5.4.1/../../../../arm-none-eabi/lib/armv6-m\libg.a(lib_a-locale.o)
                                 0x12 (size before relaxing)
 .rodata._ctype_
                0x0800de80      0x101 c:/program files (x86)/gnu tools arm embedded/5.4 2016q3/bin/../lib/gcc/arm-none-eabi/5.4.1/../../../../arm-none-eabi/lib/armv6-m\libg.a(lib_a-ctype_.o)
                0x0800de80                _ctype_
 *fill*         0x0800df81        0x3 
 .rodata        0x0800df84       0x40 c:/program files (x86)/gnu tools arm embedded/5.4 2016q3/bin/../lib/gcc/arm-none-eabi/5.4.1/armv6-m\libgcc.a(divdf3.o)
 .rodata        0x0800dfc4       0x40 c:/program files (x86)/gnu tools arm embedded/5.4 2016q3/bin/../lib/gcc/arm-none-eabi/5.4.1/armv6-m\libgcc.a(muldf3.o)
 *(.eh_fram e*)

.eh_frame       0x0800e004        0x0
 .eh_frame      0x0800e004        0x0 c:/program files (x86)/gnu tools arm embedded/5.4 2016q3/bin/../lib/gcc/arm-none-eabi/5.4.1/armv6-m/crtbegin.o

.glue_7         0x0800e004        0x0
 .glue_7        0x0800e004        0x0 linker stubs

.glue_7t        0x0800e004        0x0
 .glue_7t       0x0800e004        0x0 linker stubs

.vfp11_veneer   0x0800e004        0x0
 .vfp11_veneer  0x0800e004        0x0 linker stubs

.v4_bx          0x0800e004        0x0
 .v4_bx         0x0800e004        0x0 linker stubs

.iplt           0x0800e004        0x0
 .iplt          0x0800e004        0x0 c:/program files (x86)/gnu tools arm embedded/5.4 2016q3/bin/../lib/gcc/arm-none-eabi/5.4.1/armv6-m/crtbegin.o

.ARM.extab
 *(.ARM.extab* .gnu.linkonce.armextab.*)
                0x0800e004                __exidx_start = .

.ARM.exidx      0x0800e004        0x8
 *(.ARM.exidx* .gnu.linkonce.armexidx.*)
 .ARM.exidx     0x0800e004        0x8 c:/program files (x86)/gnu tools arm embedded/5.4 2016q3/bin/../lib/gcc/arm-none-eabi/5.4.1/armv6-m\libgcc.a(_udivmoddi4.o)
                0x0800e00c                __exidx_end = .
                0x0800e00c                __etext = .
                0x0800e00c                _sidata = __etext

.rel.dyn        0x0800e00c        0x0
 .rel.iplt      0x0800e00c        0x0 c:/program files (x86)/gnu tools arm embedded/5.4 2016q3/bin/../lib/gcc/arm-none-eabi/5.4.1/armv6-m/crtbegin.o

.data           0x20000000      0xa30 load address 0x0800e00c
                0x20000000                __data_start__ = .
                0x20000000                _sdata = __data_start__
 *(vtable)
 *(.data*)
 .data          0x20000000       0x42 ..\obj\uart.o
                0x20000000                uart1Tx
 *fill*         0x20000042        0x2 
 .data          0x20000044       0x10 ..\obj\stm32f0xx_rcc.o
 .data          0x20000054        0x4 ..\obj\modbus_func.o
                0x20000054                ulPar1
 .data          0x20000058       0x14 ..\obj\system_stm32f0xx.o
                0x20000058                SystemCoreClock
                0x2000005c                AHBPrescTable
 .data          0x2000006c        0xc ..\obj\port.o
                0x2000006c                NVIC_INT_CTRL
                0x20000070                NVIC_PENDSVSET
                0x20000074                INT_EXIT
 .data.impure_data
                0x20000078      0x428 c:/program files (x86)/gnu tools arm embedded/5.4 2016q3/bin/../lib/gcc/arm-none-eabi/5.4.1/../../../../arm-none-eabi/lib/armv6-m\libg.a(lib_a-impure.o)
 .data._impure_ptr
                0x200004a0        0x4 c:/program files (x86)/gnu tools arm embedded/5.4 2016q3/bin/../lib/gcc/arm-none-eabi/5.4.1/../../../../arm-none-eabi/lib/armv6-m\libg.a(lib_a-impure.o)
                0x200004a0                _impure_ptr
 .data.__malloc_av_
                0x200004a4      0x408 c:/program files (x86)/gnu tools arm embedded/5.4 2016q3/bin/../lib/gcc/arm-none-eabi/5.4.1/../../../../arm-none-eabi/lib/armv6-m\libg.a(lib_a-mallocr.o)
                0x200004a4                __malloc_av_
 .data.__malloc_trim_threshold
                0x200008ac        0x4 c:/program files (x86)/gnu tools arm embedded/5.4 2016q3/bin/../lib/gcc/arm-none-eabi/5.4.1/../../../../arm-none-eabi/lib/armv6-m\libg.a(lib_a-mallocr.o)
                0x200008ac                __malloc_trim_threshold
 .data.__malloc_sbrk_base
                0x200008b0        0x4 c:/program files (x86)/gnu tools arm embedded/5.4 2016q3/bin/../lib/gcc/arm-none-eabi/5.4.1/../../../../arm-none-eabi/lib/armv6-m\libg.a(lib_a-mallocr.o)
                0x200008b0                __malloc_sbrk_base
 .data.__global_locale
                0x200008b4      0x16c c:/program files (x86)/gnu tools arm embedded/5.4 2016q3/bin/../lib/gcc/arm-none-eabi/5.4.1/../../../../arm-none-eabi/lib/armv6-m\libg.a(lib_a-locale.o)
                0x200008b4                __global_locale
                0x20000a20                . = ALIGN (0x4)
                0x20000a20                PROVIDE (__preinit_array_start, .)
 *(.preinit_array)
                0x20000a20                PROVIDE (__preinit_array_end, .)
                0x20000a20                . = ALIGN (0x4)
                0x20000a20                PROVIDE (__init_array_start, .)
 *(SORT(.init_array.*))
 .init_array.00000
                0x20000a20        0x4 c:/program files (x86)/gnu tools arm embedded/5.4 2016q3/bin/../lib/gcc/arm-none-eabi/5.4.1/../../../../arm-none-eabi/lib/armv6-m\libg.a(lib_a-__call_atexit.o)
 *(.init_array)
 .init_array    0x20000a24        0x4 c:/program files (x86)/gnu tools arm embedded/5.4 2016q3/bin/../lib/gcc/arm-none-eabi/5.4.1/armv6-m/crtbegin.o
                0x20000a28                PROVIDE (__init_array_end, .)
                0x20000a28                . = ALIGN (0x4)
                0x20000a28                PROVIDE (__fini_array_start, .)
 *(SORT(.fini_array.*))
 *(.fini_array)
 .fini_array    0x20000a28        0x4 c:/program files (x86)/gnu tools arm embedded/5.4 2016q3/bin/../lib/gcc/arm-none-eabi/5.4.1/armv6-m/crtbegin.o
                0x20000a2c                PROVIDE (__fini_array_end, .)
 *(.jcr*)
 .jcr           0x20000a2c        0x0 c:/program files (x86)/gnu tools arm embedded/5.4 2016q3/bin/../lib/gcc/arm-none-eabi/5.4.1/armv6-m/crtbegin.o
 .jcr           0x20000a2c        0x4 c:/program files (x86)/gnu tools arm embedded/5.4 2016q3/bin/../lib/gcc/arm-none-eabi/5.4.1/armv6-m/crtend.o
                0x20000a30                . = ALIGN (0x4)
                0x20000a30                __data_end__ = .
                0x20000a30                _edata = __data_end__

.igot.plt       0x20000a30        0x0 load address 0x0800ea3c
 .igot.plt      0x20000a30        0x0 c:/program files (x86)/gnu tools arm embedded/5.4 2016q3/bin/../lib/gcc/arm-none-eabi/5.4.1/armv6-m/crtbegin.o

.bss            0x20000a30      0xc20 load address 0x0800ea40
                0x20000a30                . = ALIGN (0x4)
                0x20000a30                __bss_start__ = .
                0x20000a30                _sbss = __bss_start__
 *(.bss*)
 .bss           0x20000a30       0x1c c:/program files (x86)/gnu tools arm embedded/5.4 2016q3/bin/../lib/gcc/arm-none-eabi/5.4.1/armv6-m/crtbegin.o
 .bss           0x20000a4c       0x4e ..\obj\i2c.o
                0x20000a4c                ucI2CTxBuf
                0x20000a6c                ucI2CRxBuf
                0x20000a8c                stI2cMsgTx
                0x20000a90                stI2cStatus
                0x20000a91                ucI2CMasterSendStartStop
                0x20000a94                ulTempI2C
                0x20000a98                uiTimerI2C
 *fill*         0x20000a9a        0x2 
 .bss           0x20000a9c       0x90 ..\obj\uart.o
                0x20000a9c                uart1Rx
                0x20000b24                uart1Flags
                0x20000b29                uiTmp
                0x20000b2a                uiTimerUart1
 .bss           0x20000b2c       0x14 ..\obj\flag.o
                0x20000b2c                FlagCrl
 .bss           0x20000b40        0x4 ..\obj\syscalls.o
 .bss           0x20000b44        0x3 ..\obj\core.o
                0x20000b44                OSIntNesting
                0x20000b45                OSSchedLock
                0x20000b46                TaskSchedReq
 *fill*         0x20000b47        0x1 
 .bss           0x20000b48        0x8 ..\obj\arch.o
                0x20000b48                OSTickCnt
 .bss           0x20000b50       0x2f ..\obj\serviceReq.o
                0x20000b50                ServiceReq
                0x20000b7c                IsrReq
                0x20000b7d                TimeReq
                0x20000b7e                TimerReq
 *fill*         0x20000b7f        0x1 
 .bss           0x20000b80        0xe ..\obj\stepper_motor.o
                0x20000b80                stMotorA
                0x20000b88                stMotorB
 *fill*         0x20000b8e        0x2 
 .bss           0x20000b90      0x188 ..\obj\task.o
                0x20000b90                TCBTbl
                0x20000c98                idle_stk
                0x20000cfc                FreeTCB
                0x20000d00                TCBRdy
                0x20000d04                TCBNext
                0x20000d08                TCBRunning
                0x20000d10                OSCheckTime
 .bss           0x20000d18       0xd4 ..\obj\kernelHeap.o
                0x20000d18                KernelHeap
                0x20000de0                FMBlist
                0x20000de4                Kheap
 .bss           0x20000dec        0x4 ..\obj\time.o
                0x20000dec                DlyList
 .bss           0x20000df0        0x8 ..\obj\hdc1080.o
                0x20000df0                stTempHum
                0x20000df4                stHDC1080Status
                0x20000df6                uiTimerHDC1080
 .bss           0x20000df8       0x54 ..\obj\mutex.o
                0x20000df8                MutexFreeID
                0x20000dfc                MutexTbl
 .bss           0x20000e4c        0x2 ..\obj\modbus.o
                0x20000e4c                uiWordQty
 *fill*         0x20000e4e        0x2 
 .bss           0x20000e50       0x38 ..\obj\Ostimer.o
                0x20000e50                TmrTbl
                0x20000e80                TmrList
                0x20000e84                TmrIDVessel
 .bss           0x20000e88      0x144 ..\obj\event.o
                0x20000e88                EventTbl
                0x20000fc8                FreeEventList
 .bss.__malloc_max_total_mem
                0x20000fcc        0x4 c:/program files (x86)/gnu tools arm embedded/5.4 2016q3/bin/../lib/gcc/arm-none-eabi/5.4.1/../../../../arm-none-eabi/lib/armv6-m\libg.a(lib_a-mallocr.o)
                0x20000fcc                __malloc_max_total_mem
 .bss.__malloc_max_sbrked_mem
                0x20000fd0        0x4 c:/program files (x86)/gnu tools arm embedded/5.4 2016q3/bin/../lib/gcc/arm-none-eabi/5.4.1/../../../../arm-none-eabi/lib/armv6-m\libg.a(lib_a-mallocr.o)
                0x20000fd0                __malloc_max_sbrked_mem
 .bss.__malloc_top_pad
                0x20000fd4        0x4 c:/program files (x86)/gnu tools arm embedded/5.4 2016q3/bin/../lib/gcc/arm-none-eabi/5.4.1/../../../../arm-none-eabi/lib/armv6-m\libg.a(lib_a-mallocr.o)
                0x20000fd4                __malloc_top_pad
 .bss.__malloc_current_mallinfo
                0x20000fd8       0x28 c:/program files (x86)/gnu tools arm embedded/5.4 2016q3/bin/../lib/gcc/arm-none-eabi/5.4.1/../../../../arm-none-eabi/lib/armv6-m\libg.a(lib_a-mallocr.o)
                0x20000fd8                __malloc_current_mallinfo
 *(COMMON)
 COMMON         0x20001000        0x8 ..\obj\i2c.o
                0x20001000                i2cRxBufPtr
                0x20001004                i2cTxBufPtr
 COMMON         0x20001008        0xc ..\obj\gpio.o
                0x20001008                ulOutputs
                0x2000100c                ulTmp
                0x20001010                ulInputs
 COMMON         0x20001014       0x14 ..\obj\modbus_func.o
                0x20001014                ulMfTmp
                0x20001018                ptruChar
                0x2000101c                uiMfTmp
                0x20001020                uistMfTmp
                0x20001024                ptruInt
 COMMON         0x20001028       0x10 ..\obj\modbus.o
                0x20001028                mbTxRxData
 COMMON         0x20001038        0xa ..\obj\pub_var.o
                0x20001038                sys_par
 *fill*         0x20001042        0x2 
 COMMON         0x20001044      0x606 ..\obj\main.o
                0x20001044                flag_UartTimeout
                0x20001045                mutex_I2C
                0x20001048                taskHDC1080_stk
                0x20001248                taskLed_stk
                0x20001448                taskUart_stk
                0x20001648                flag_StepperB
                0x20001649                flag_StepperA
 *fill*         0x2000164a        0x2 
 COMMON         0x2000164c        0x4 c:/program files (x86)/gnu tools arm embedded/5.4 2016q3/bin/../lib/gcc/arm-none-eabi/5.4.1/../../../../arm-none-eabi/lib/armv6-m\libg.a(lib_a-reent.o)
                0x2000164c                errno
                0x20001650                . = ALIGN (0x4)
                0x20001650                __bss_end__ = .
                0x20001650                _ebss = __bss_end__

.heap           0x20001650        0x0
                0x20001650                __end__ = .
                0x20001650                _end = __end__
                0x20001650                end = __end__
 *(.heap*)
                0x20001650                __HeapLimit = .

.co_stack       0x20001650        0x0
                0x20001650                . = ALIGN (0x8)
 *(.co_stack .co_stack.*)
                0x20002000                __StackTop = (ORIGIN (ram) + LENGTH (ram))
                0x20002000                __StackLimit = (__StackTop - SIZEOF (.co_stack))
                0x20002000                PROVIDE (__stack, __StackTop)
                0x00000001                ASSERT ((__StackLimit >= __HeapLimit), region ram  overflowed with stack)
LOAD ..\obj\mbox.o
LOAD ..\obj\i2c.o
LOAD ..\obj\util.o
LOAD ..\obj\uart.o
LOAD ..\obj\flag.o
LOAD ..\obj\syscalls.o
LOAD ..\obj\core.o
LOAD ..\obj\arch.o
LOAD ..\obj\serviceReq.o
LOAD ..\obj\stepper_motor.o
LOAD ..\obj\timer.o
LOAD ..\obj\stm32f0xx_rcc.o
LOAD ..\obj\stm32f0xx_i2c.o
LOAD ..\obj\startup_stm32f0xx.o
LOAD ..\obj\task.o
LOAD ..\obj\hc0x_bluetooth.o
LOAD ..\obj\sem.o
LOAD ..\obj\gpio.o
LOAD ..\obj\kernelHeap.o
LOAD ..\obj\time.o
LOAD ..\obj\queue.o
LOAD ..\obj\stm32f0xx_gpio.o
LOAD ..\obj\hdc1080.o
LOAD ..\obj\mutex.o
LOAD ..\obj\mm.o
LOAD ..\obj\stm32f0xx_dma.o
LOAD ..\obj\modbus_func.o
LOAD ..\obj\modbus.o
LOAD ..\obj\pub_var.o
LOAD ..\obj\Ostimer.o
LOAD ..\obj\stm32f0xx_usart.o
LOAD ..\obj\system_stm32f0xx.o
LOAD ..\obj\port.o
LOAD ..\obj\utility.o
LOAD ..\obj\main.o
LOAD ..\obj\event.o
LOAD ..\obj\stm32f0xx_misc.o
LOAD ..\obj\hook.o
START GROUP
LOAD c:/program files (x86)/gnu tools arm embedded/5.4 2016q3/bin/../lib/gcc/arm-none-eabi/5.4.1/armv6-m\libgcc.a
LOAD c:/program files (x86)/gnu tools arm embedded/5.4 2016q3/bin/../lib/gcc/arm-none-eabi/5.4.1/../../../../arm-none-eabi/lib/armv6-m\libg.a
LOAD c:/program files (x86)/gnu tools arm embedded/5.4 2016q3/bin/../lib/gcc/arm-none-eabi/5.4.1/../../../../arm-none-eabi/lib/armv6-m\libc.a
END GROUP
LOAD c:/program files (x86)/gnu tools arm embedded/5.4 2016q3/bin/../lib/gcc/arm-none-eabi/5.4.1/armv6-m/crtend.o
LOAD c:/program files (x86)/gnu tools arm embedded/5.4 2016q3/bin/../lib/gcc/arm-none-eabi/5.4.1/armv6-m/crtn.o
OUTPUT(STM32F030_V2.elf elf32-littlearm)

.ARM.attributes
                0x00000000       0x28
 .ARM.attributes
                0x00000000       0x1e c:/program files (x86)/gnu tools arm embedded/5.4 2016q3/bin/../lib/gcc/arm-none-eabi/5.4.1/armv6-m/crti.o
 .ARM.attributes
                0x0000001e       0x2c c:/program files (x86)/gnu tools arm embedded/5.4 2016q3/bin/../lib/gcc/arm-none-eabi/5.4.1/armv6-m/crtbegin.o
 .ARM.attributes
                0x0000004a       0x31 ..\obj\i2c.o
 .ARM.attributes
                0x0000007b       0x31 ..\obj\util.o
 .ARM.attributes
                0x000000ac       0x31 ..\obj\uart.o
 .ARM.attributes
                0x000000dd       0x31 ..\obj\flag.o
 .ARM.attributes
                0x0000010e       0x31 ..\obj\syscalls.o
 .ARM.attributes
                0x0000013f       0x31 ..\obj\core.o
 .ARM.attributes
                0x00000170       0x31 ..\obj\arch.o
 .ARM.attributes
                0x000001a1       0x31 ..\obj\serviceReq.o
 .ARM.attributes
                0x000001d2       0x31 ..\obj\stepper_motor.o
 .ARM.attributes
                0x00000203       0x31 ..\obj\timer.o
 .ARM.attributes
                0x00000234       0x31 ..\obj\stm32f0xx_rcc.o
 .ARM.attributes
                0x00000265       0x21 ..\obj\startup_stm32f0xx.o
 .ARM.attributes
                0x00000286       0x31 ..\obj\task.o
 .ARM.attributes
                0x000002b7       0x31 ..\obj\hc0x_bluetooth.o
 .ARM.attributes
                0x000002e8       0x31 ..\obj\gpio.o
 .ARM.attributes
                0x00000319       0x31 ..\obj\kernelHeap.o
 .ARM.attributes
                0x0000034a       0x31 ..\obj\time.o
 .ARM.attributes
                0x0000037b       0x31 ..\obj\stm32f0xx_gpio.o
 .ARM.attributes
                0x000003ac       0x31 ..\obj\hdc1080.o
 .ARM.attributes
                0x000003dd       0x31 ..\obj\mutex.o
 .ARM.attributes
                0x0000040e       0x31 ..\obj\stm32f0xx_dma.o
 .ARM.attributes
                0x0000043f       0x31 ..\obj\modbus_func.o
 .ARM.attributes
                0x00000470       0x31 ..\obj\modbus.o
 .ARM.attributes
                0x000004a1       0x31 ..\obj\pub_var.o
 .ARM.attributes
                0x000004d2       0x31 ..\obj\Ostimer.o
 .ARM.attributes
                0x00000503       0x31 ..\obj\stm32f0xx_usart.o
 .ARM.attributes
                0x00000534       0x31 ..\obj\system_stm32f0xx.o
 .ARM.attributes
                0x00000565       0x31 ..\obj\port.o
 .ARM.attributes
                0x00000596       0x31 ..\obj\main.o
 .ARM.attributes
                0x000005c7       0x31 ..\obj\event.o
 .ARM.attributes
                0x000005f8       0x31 ..\obj\stm32f0xx_misc.o
 .ARM.attributes
                0x00000629       0x31 ..\obj\hook.o
 .ARM.attributes
                0x0000065a       0x1e c:/program files (x86)/gnu tools arm embedded/5.4 2016q3/bin/../lib/gcc/arm-none-eabi/5.4.1/armv6-m\libgcc.a(_udivsi3.o)
 .ARM.attributes
                0x00000678       0x1e c:/program files (x86)/gnu tools arm embedded/5.4 2016q3/bin/../lib/gcc/arm-none-eabi/5.4.1/armv6-m\libgcc.a(_divsi3.o)
 .ARM.attributes
                0x00000696       0x1e c:/program files (x86)/gnu tools arm embedded/5.4 2016q3/bin/../lib/gcc/arm-none-eabi/5.4.1/armv6-m\libgcc.a(_dvmd_tls.o)
 .ARM.attributes
                0x000006b4       0x2c c:/program files (x86)/gnu tools arm embedded/5.4 2016q3/bin/../lib/gcc/arm-none-eabi/5.4.1/../../../../arm-none-eabi/lib/armv6-m\libg.a(lib_a-impure.o)
 .ARM.attributes
                0x000006e0       0x2c c:/program files (x86)/gnu tools arm embedded/5.4 2016q3/bin/../lib/gcc/arm-none-eabi/5.4.1/../../../../arm-none-eabi/lib/armv6-m\libg.a(lib_a-memcpy-stub.o)
 .ARM.attributes
                0x0000070c       0x2c c:/program files (x86)/gnu tools arm embedded/5.4 2016q3/bin/../lib/gcc/arm-none-eabi/5.4.1/../../../../arm-none-eabi/lib/armv6-m\libg.a(lib_a-memset.o)
 .ARM.attributes
                0x00000738       0x2c c:/program files (x86)/gnu tools arm embedded/5.4 2016q3/bin/../lib/gcc/arm-none-eabi/5.4.1/../../../../arm-none-eabi/lib/armv6-m\libg.a(lib_a-sprintf.o)
 .ARM.attributes
                0x00000764       0x2c c:/program files (x86)/gnu tools arm embedded/5.4 2016q3/bin/../lib/gcc/arm-none-eabi/5.4.1/../../../../arm-none-eabi/lib/armv6-m\libg.a(lib_a-svfprintf.o)
 .ARM.attributes
                0x00000790       0x2c c:/program files (x86)/gnu tools arm embedded/5.4 2016q3/bin/../lib/gcc/arm-none-eabi/5.4.1/../../../../arm-none-eabi/lib/armv6-m\libg.a(lib_a-__call_atexit.o)
 .ARM.attributes
                0x000007bc       0x2c c:/program files (x86)/gnu tools arm embedded/5.4 2016q3/bin/../lib/gcc/arm-none-eabi/5.4.1/../../../../arm-none-eabi/lib/armv6-m\libg.a(lib_a-atexit.o)
 .ARM.attributes
                0x000007e8       0x2c c:/program files (x86)/gnu tools arm embedded/5.4 2016q3/bin/../lib/gcc/arm-none-eabi/5.4.1/../../../../arm-none-eabi/lib/armv6-m\libg.a(lib_a-dtoa.o)
 .ARM.attributes
                0x00000814       0x2c c:/program files (x86)/gnu tools arm embedded/5.4 2016q3/bin/../lib/gcc/arm-none-eabi/5.4.1/../../../../arm-none-eabi/lib/armv6-m\libg.a(lib_a-fini.o)
 .ARM.attributes
                0x00000840       0x2c c:/program files (x86)/gnu tools arm embedded/5.4 2016q3/bin/../lib/gcc/arm-none-eabi/5.4.1/../../../../arm-none-eabi/lib/armv6-m\libg.a(lib_a-localeconv.o)
 .ARM.attributes
                0x0000086c       0x2c c:/program files (x86)/gnu tools arm embedded/5.4 2016q3/bin/../lib/gcc/arm-none-eabi/5.4.1/../../../../arm-none-eabi/lib/armv6-m\libg.a(lib_a-mallocr.o)
 .ARM.attributes
                0x00000898       0x2c c:/program files (x86)/gnu tools arm embedded/5.4 2016q3/bin/../lib/gcc/arm-none-eabi/5.4.1/../../../../arm-none-eabi/lib/armv6-m\libg.a(lib_a-memchr-stub.o)
 .ARM.attributes
                0x000008c4       0x2c c:/program files (x86)/gnu tools arm embedded/5.4 2016q3/bin/../lib/gcc/arm-none-eabi/5.4.1/../../../../arm-none-eabi/lib/armv6-m\libg.a(lib_a-mlock.o)
 .ARM.attributes
                0x000008f0       0x2c c:/program files (x86)/gnu tools arm embedded/5.4 2016q3/bin/../lib/gcc/arm-none-eabi/5.4.1/../../../../arm-none-eabi/lib/armv6-m\libg.a(lib_a-mprec.o)
 .ARM.attributes
                0x0000091c       0x2c c:/program files (x86)/gnu tools arm embedded/5.4 2016q3/bin/../lib/gcc/arm-none-eabi/5.4.1/../../../../arm-none-eabi/lib/armv6-m\libg.a(lib_a-sbrkr.o)
 .ARM.attributes
                0x00000948       0x2c c:/program files (x86)/gnu tools arm embedded/5.4 2016q3/bin/../lib/gcc/arm-none-eabi/5.4.1/../../../../arm-none-eabi/lib/armv6-m\libg.a(lib_a-strlen-stub.o)
 .ARM.attributes
                0x00000974       0x2c c:/program files (x86)/gnu tools arm embedded/5.4 2016q3/bin/../lib/gcc/arm-none-eabi/5.4.1/../../../../arm-none-eabi/lib/armv6-m\libg.a(lib_a-svfiprintf.o)
 .ARM.attributes
                0x000009a0       0x2c c:/program files (x86)/gnu tools arm embedded/5.4 2016q3/bin/../lib/gcc/arm-none-eabi/5.4.1/../../../../arm-none-eabi/lib/armv6-m\libg.a(lib_a-__atexit.o)
 .ARM.attributes
                0x000009cc       0x2c c:/program files (x86)/gnu tools arm embedded/5.4 2016q3/bin/../lib/gcc/arm-none-eabi/5.4.1/../../../../arm-none-eabi/lib/armv6-m\libg.a(lib_a-callocr.o)
 .ARM.attributes
                0x000009f8       0x2c c:/program files (x86)/gnu tools arm embedded/5.4 2016q3/bin/../lib/gcc/arm-none-eabi/5.4.1/../../../../arm-none-eabi/lib/armv6-m\libg.a(lib_a-freer.o)
 .ARM.attributes
                0x00000a24       0x2c c:/program files (x86)/gnu tools arm embedded/5.4 2016q3/bin/../lib/gcc/arm-none-eabi/5.4.1/../../../../arm-none-eabi/lib/armv6-m\libg.a(lib_a-locale.o)
 .ARM.attributes
                0x00000a50       0x2c c:/program files (x86)/gnu tools arm embedded/5.4 2016q3/bin/../lib/gcc/arm-none-eabi/5.4.1/../../../../arm-none-eabi/lib/armv6-m\libg.a(lib_a-mbtowc_r.o)
 .ARM.attributes
                0x00000a7c       0x2c c:/program files (x86)/gnu tools arm embedded/5.4 2016q3/bin/../lib/gcc/arm-none-eabi/5.4.1/../../../../arm-none-eabi/lib/armv6-m\libg.a(lib_a-memmove.o)
 .ARM.attributes
                0x00000aa8       0x2c c:/program files (x86)/gnu tools arm embedded/5.4 2016q3/bin/../lib/gcc/arm-none-eabi/5.4.1/../../../../arm-none-eabi/lib/armv6-m\libg.a(lib_a-reallocr.o)
 .ARM.attributes
                0x00000ad4       0x2c c:/program files (x86)/gnu tools arm embedded/5.4 2016q3/bin/../lib/gcc/arm-none-eabi/5.4.1/../../../../arm-none-eabi/lib/armv6-m\libg.a(lib_a-reent.o)
 .ARM.attributes
                0x00000b00       0x2c c:/program files (x86)/gnu tools arm embedded/5.4 2016q3/bin/../lib/gcc/arm-none-eabi/5.4.1/../../../../arm-none-eabi/lib/armv6-m\libg.a(lib_a-wctomb_r.o)
 .ARM.attributes
                0x00000b2c       0x2c c:/program files (x86)/gnu tools arm embedded/5.4 2016q3/bin/../lib/gcc/arm-none-eabi/5.4.1/../../../../arm-none-eabi/lib/armv6-m\libg.a(lib_a-ctype_.o)
 .ARM.attributes
                0x00000b58       0x1e c:/program files (x86)/gnu tools arm embedded/5.4 2016q3/bin/../lib/gcc/arm-none-eabi/5.4.1/armv6-m\libgcc.a(_arm_cmpdf2.o)
 .ARM.attributes
                0x00000b76       0x1e c:/program files (x86)/gnu tools arm embedded/5.4 2016q3/bin/../lib/gcc/arm-none-eabi/5.4.1/armv6-m\libgcc.a(_aeabi_uldivmod.o)
 .ARM.attributes
                0x00000b94       0x2c c:/program files (x86)/gnu tools arm embedded/5.4 2016q3/bin/../lib/gcc/arm-none-eabi/5.4.1/armv6-m\libgcc.a(_udivmoddi4.o)
 .ARM.attributes
                0x00000bc0       0x2c c:/program files (x86)/gnu tools arm embedded/5.4 2016q3/bin/../lib/gcc/arm-none-eabi/5.4.1/armv6-m\libgcc.a(adddf3.o)
 .ARM.attributes
                0x00000bec       0x2c c:/program files (x86)/gnu tools arm embedded/5.4 2016q3/bin/../lib/gcc/arm-none-eabi/5.4.1/armv6-m\libgcc.a(divdf3.o)
 .ARM.attributes
                0x00000c18       0x2c c:/program files (x86)/gnu tools arm embedded/5.4 2016q3/bin/../lib/gcc/arm-none-eabi/5.4.1/armv6-m\libgcc.a(eqdf2.o)
 .ARM.attributes
                0x00000c44       0x2c c:/program files (x86)/gnu tools arm embedded/5.4 2016q3/bin/../lib/gcc/arm-none-eabi/5.4.1/armv6-m\libgcc.a(gedf2.o)
 .ARM.attributes
                0x00000c70       0x2c c:/program files (x86)/gnu tools arm embedded/5.4 2016q3/bin/../lib/gcc/arm-none-eabi/5.4.1/armv6-m\libgcc.a(ledf2.o)
 .ARM.attributes
                0x00000c9c       0x2c c:/program files (x86)/gnu tools arm embedded/5.4 2016q3/bin/../lib/gcc/arm-none-eabi/5.4.1/armv6-m\libgcc.a(muldf3.o)
 .ARM.attributes
                0x00000cc8       0x2c c:/program files (x86)/gnu tools arm embedded/5.4 2016q3/bin/../lib/gcc/arm-none-eabi/5.4.1/armv6-m\libgcc.a(subdf3.o)
 .ARM.attributes
                0x00000cf4       0x2c c:/program files (x86)/gnu tools arm embedded/5.4 2016q3/bin/../lib/gcc/arm-none-eabi/5.4.1/armv6-m\libgcc.a(unorddf2.o)
 .ARM.attributes
                0x00000d20       0x2c c:/program files (x86)/gnu tools arm embedded/5.4 2016q3/bin/../lib/gcc/arm-none-eabi/5.4.1/armv6-m\libgcc.a(fixdfsi.o)
 .ARM.attributes
                0x00000d4c       0x2c c:/program files (x86)/gnu tools arm embedded/5.4 2016q3/bin/../lib/gcc/arm-none-eabi/5.4.1/armv6-m\libgcc.a(floatsidf.o)
 .ARM.attributes
                0x00000d78       0x2c c:/program files (x86)/gnu tools arm embedded/5.4 2016q3/bin/../lib/gcc/arm-none-eabi/5.4.1/armv6-m\libgcc.a(floatunsidf.o)
 .ARM.attributes
                0x00000da4       0x1e c:/program files (x86)/gnu tools arm embedded/5.4 2016q3/bin/../lib/gcc/arm-none-eabi/5.4.1/armv6-m\libgcc.a(_clzsi2.o)
 .ARM.attributes
                0x00000dc2       0x1e c:/program files (x86)/gnu tools arm embedded/5.4 2016q3/bin/../lib/gcc/arm-none-eabi/5.4.1/armv6-m\libgcc.a(_clzdi2.o)
 .ARM.attributes
                0x00000de0       0x2c c:/program files (x86)/gnu tools arm embedded/5.4 2016q3/bin/../lib/gcc/arm-none-eabi/5.4.1/armv6-m/crtend.o
 .ARM.attributes
                0x00000e0c       0x1e c:/program files (x86)/gnu tools arm embedded/5.4 2016q3/bin/../lib/gcc/arm-none-eabi/5.4.1/armv6-m/crtn.o

.comment        0x00000000       0x6e
 .comment       0x00000000       0x6e ..\obj\i2c.o
                                 0x6f (size before relaxing)
 .comment       0x0000006e       0x6f ..\obj\util.o
 .comment       0x0000006e       0x6f ..\obj\uart.o
 .comment       0x0000006e       0x6f ..\obj\flag.o
 .comment       0x0000006e       0x6f ..\obj\syscalls.o
 .comment       0x0000006e       0x6f ..\obj\core.o
 .comment       0x0000006e       0x6f ..\obj\arch.o
 .comment       0x0000006e       0x6f ..\obj\serviceReq.o
 .comment       0x0000006e       0x6f ..\obj\stepper_motor.o
 .comment       0x0000006e       0x6f ..\obj\timer.o
 .comment       0x0000006e       0x6f ..\obj\stm32f0xx_rcc.o
 .comment       0x0000006e       0x6f ..\obj\task.o
 .comment       0x0000006e       0x6f ..\obj\hc0x_bluetooth.o
 .comment       0x0000006e       0x6f ..\obj\gpio.o
 .comment       0x0000006e       0x6f ..\obj\kernelHeap.o
 .comment       0x0000006e       0x6f ..\obj\time.o
 .comment       0x0000006e       0x6f ..\obj\stm32f0xx_gpio.o
 .comment       0x0000006e       0x6f ..\obj\hdc1080.o
 .comment       0x0000006e       0x6f ..\obj\mutex.o
 .comment       0x0000006e       0x6f ..\obj\stm32f0xx_dma.o
 .comment       0x0000006e       0x6f ..\obj\modbus_func.o
 .comment       0x0000006e       0x6f ..\obj\modbus.o
 .comment       0x0000006e       0x6f ..\obj\pub_var.o
 .comment       0x0000006e       0x6f ..\obj\Ostimer.o
 .comment       0x0000006e       0x6f ..\obj\stm32f0xx_usart.o
 .comment       0x0000006e       0x6f ..\obj\system_stm32f0xx.o
 .comment       0x0000006e       0x6f ..\obj\port.o
 .comment       0x0000006e       0x6f ..\obj\main.o
 .comment       0x0000006e       0x6f ..\obj\event.o
 .comment       0x0000006e       0x6f ..\obj\stm32f0xx_misc.o
 .comment       0x0000006e       0x6f ..\obj\hook.o

.debug_info     0x00000000     0x8ac4
 .debug_info    0x00000000      0x6dd ..\obj\i2c.o
 .debug_info    0x000006dd      0x1a6 ..\obj\util.o
 .debug_info    0x00000883      0x89e ..\obj\uart.o
 .debug_info    0x00001121      0x639 ..\obj\flag.o
 .debug_info    0x0000175a      0x458 ..\obj\syscalls.o
 .debug_info    0x00001bb2      0x2c9 ..\obj\core.o
 .debug_info    0x00001e7b      0x2fe ..\obj\arch.o
 .debug_info    0x00002179      0x1e5 ..\obj\serviceReq.o
 .debug_info    0x0000235e      0x216 ..\obj\stepper_motor.o
 .debug_info    0x00002574      0x675 ..\obj\timer.o
 .debug_info    0x00002be9      0xa5c ..\obj\stm32f0xx_rcc.o
 .debug_info    0x00003645       0xd0 ..\obj\startup_stm32f0xx.o
 .debug_info    0x00003715      0x665 ..\obj\task.o
 .debug_info    0x00003d7a      0x318 ..\obj\hc0x_bluetooth.o
 .debug_info    0x00004092      0x3e9 ..\obj\gpio.o
 .debug_info    0x0000447b      0x2d3 ..\obj\kernelHeap.o
 .debug_info    0x0000474e      0x3d2 ..\obj\time.o
 .debug_info    0x00004b20      0x5e7 ..\obj\stm32f0xx_gpio.o
 .debug_info    0x00005107      0x35f ..\obj\hdc1080.o
 .debug_info    0x00005466      0x475 ..\obj\mutex.o
 .debug_info    0x000058db      0x4b5 ..\obj\stm32f0xx_dma.o
 .debug_info    0x00005d90      0x4f0 ..\obj\modbus_func.o
 .debug_info    0x00006280      0x3ea ..\obj\modbus.o
 .debug_info    0x0000666a      0x137 ..\obj\pub_var.o
 .debug_info    0x000067a1      0x3bf ..\obj\Ostimer.o
 .debug_info    0x00006b60      0xe5c ..\obj\stm32f0xx_usart.o
 .debug_info    0x000079bc      0x2fd ..\obj\system_stm32f0xx.o
 .debug_info    0x00007cb9      0x196 ..\obj\port.o
 .debug_info    0x00007e4f      0x41f ..\obj\main.o
 .debug_info    0x0000826e      0x42c ..\obj\event.o
 .debug_info    0x0000869a      0x36e ..\obj\stm32f0xx_misc.o
 .debug_info    0x00008a08       0xbc ..\obj\hook.o

.debug_abbrev   0x00000000     0x27f2
 .debug_abbrev  0x00000000      0x1b9 ..\obj\i2c.o
 .debug_abbrev  0x000001b9       0xa1 ..\obj\util.o
 .debug_abbrev  0x0000025a      0x1e6 ..\obj\uart.o
 .debug_abbrev  0x00000440      0x1b1 ..\obj\flag.o
 .debug_abbrev  0x000005f1       0xe5 ..\obj\syscalls.o
 .debug_abbrev  0x000006d6       0xf5 ..\obj\core.o
 .debug_abbrev  0x000007cb      0x111 ..\obj\arch.o
 .debug_abbrev  0x000008dc      0x114 ..\obj\serviceReq.o
 .debug_abbrev  0x000009f0       0xe6 ..\obj\stepper_motor.o
 .debug_abbrev  0x00000ad6      0x12d ..\obj\timer.o
 .debug_abbrev  0x00000c03      0x1ee ..\obj\stm32f0xx_rcc.o
 .debug_abbrev  0x00000df1       0x12 ..\obj\startup_stm32f0xx.o
 .debug_abbrev  0x00000e03      0x1ef ..\obj\task.o
 .debug_abbrev  0x00000ff2      0x122 ..\obj\hc0x_bluetooth.o
 .debug_abbrev  0x00001114      0x10c ..\obj\gpio.o
 .debug_abbrev  0x00001220      0x14f ..\obj\kernelHeap.o
 .debug_abbrev  0x0000136f      0x194 ..\obj\time.o
 .debug_abbrev  0x00001503      0x19f ..\obj\stm32f0xx_gpio.o
 .debug_abbrev  0x000016a2      0x146 ..\obj\hdc1080.o
 .debug_abbrev  0x000017e8      0x15f ..\obj\mutex.o
 .debug_abbrev  0x00001947      0x170 ..\obj\stm32f0xx_dma.o
 .debug_abbrev  0x00001ab7      0x151 ..\obj\modbus_func.o
 .debug_abbrev  0x00001c08      0x155 ..\obj\modbus.o
 .debug_abbrev  0x00001d5d       0x92 ..\obj\pub_var.o
 .debug_abbrev  0x00001def      0x194 ..\obj\Ostimer.o
 .debug_abbrev  0x00001f83      0x15e ..\obj\stm32f0xx_usart.o
 .debug_abbrev  0x000020e1      0x136 ..\obj\system_stm32f0xx.o
 .debug_abbrev  0x00002217       0xcf ..\obj\port.o
 .debug_abbrev  0x000022e6      0x169 ..\obj\main.o
 .debug_abbrev  0x0000244f      0x1d4 ..\obj\event.o
 .debug_abbrev  0x00002623      0x145 ..\obj\stm32f0xx_misc.o
 .debug_abbrev  0x00002768       0x8a ..\obj\hook.o

.debug_aranges  0x00000000      0x408
 .debug_aranges
                0x00000000       0x20 ..\obj\i2c.o
 .debug_aranges
                0x00000020       0x20 ..\obj\util.o
 .debug_aranges
                0x00000040       0x20 ..\obj\uart.o
 .debug_aranges
                0x00000060       0x20 ..\obj\flag.o
 .debug_aranges
                0x00000080       0x20 ..\obj\syscalls.o
 .debug_aranges
                0x000000a0       0x20 ..\obj\core.o
 .debug_aranges
                0x000000c0       0x20 ..\obj\arch.o
 .debug_aranges
                0x000000e0       0x20 ..\obj\serviceReq.o
 .debug_aranges
                0x00000100       0x20 ..\obj\stepper_motor.o
 .debug_aranges
                0x00000120       0x20 ..\obj\timer.o
 .debug_aranges
                0x00000140       0x20 ..\obj\stm32f0xx_rcc.o
 .debug_aranges
                0x00000160       0x28 ..\obj\startup_stm32f0xx.o
 .debug_aranges
                0x00000188       0x20 ..\obj\task.o
 .debug_aranges
                0x000001a8       0x20 ..\obj\hc0x_bluetooth.o
 .debug_aranges
                0x000001c8       0x20 ..\obj\gpio.o
 .debug_aranges
                0x000001e8       0x20 ..\obj\kernelHeap.o
 .debug_aranges
                0x00000208       0x20 ..\obj\time.o
 .debug_aranges
                0x00000228       0x20 ..\obj\stm32f0xx_gpio.o
 .debug_aranges
                0x00000248       0x20 ..\obj\hdc1080.o
 .debug_aranges
                0x00000268       0x20 ..\obj\mutex.o
 .debug_aranges
                0x00000288       0x20 ..\obj\stm32f0xx_dma.o
 .debug_aranges
                0x000002a8       0x20 ..\obj\modbus_func.o
 .debug_aranges
                0x000002c8       0x20 ..\obj\modbus.o
 .debug_aranges
                0x000002e8       0x20 ..\obj\pub_var.o
 .debug_aranges
                0x00000308       0x20 ..\obj\Ostimer.o
 .debug_aranges
                0x00000328       0x20 ..\obj\stm32f0xx_usart.o
 .debug_aranges
                0x00000348       0x20 ..\obj\system_stm32f0xx.o
 .debug_aranges
                0x00000368       0x20 ..\obj\port.o
 .debug_aranges
                0x00000388       0x20 ..\obj\main.o
 .debug_aranges
                0x000003a8       0x20 ..\obj\event.o
 .debug_aranges
                0x000003c8       0x20 ..\obj\stm32f0xx_misc.o
 .debug_aranges
                0x000003e8       0x20 ..\obj\hook.o

.debug_line     0x00000000     0x3fdb
 .debug_line    0x00000000      0x27a ..\obj\i2c.o
 .debug_line    0x0000027a      0x172 ..\obj\util.o
 .debug_line    0x000003ec      0x3a9 ..\obj\uart.o
 .debug_line    0x00000795      0x211 ..\obj\flag.o
 .debug_line    0x000009a6      0x18d ..\obj\syscalls.o
 .debug_line    0x00000b33      0x105 ..\obj\core.o
 .debug_line    0x00000c38      0x156 ..\obj\arch.o
 .debug_line    0x00000d8e       0xf1 ..\obj\serviceReq.o
 .debug_line    0x00000e7f      0x285 ..\obj\stepper_motor.o
 .debug_line    0x00001104      0x28c ..\obj\timer.o
 .debug_line    0x00001390      0x35a ..\obj\stm32f0xx_rcc.o
 .debug_line    0x000016ea       0xbf ..\obj\startup_stm32f0xx.o
 .debug_line    0x000017a9      0x2bd ..\obj\task.o
 .debug_line    0x00001a66      0x285 ..\obj\hc0x_bluetooth.o
 .debug_line    0x00001ceb      0x218 ..\obj\gpio.o
 .debug_line    0x00001f03      0x1ac ..\obj\kernelHeap.o
 .debug_line    0x000020af      0x1f3 ..\obj\time.o
 .debug_line    0x000022a2      0x262 ..\obj\stm32f0xx_gpio.o
 .debug_line    0x00002504      0x26c ..\obj\hdc1080.o
 .debug_line    0x00002770      0x167 ..\obj\mutex.o
 .debug_line    0x000028d7      0x284 ..\obj\stm32f0xx_dma.o
 .debug_line    0x00002b5b      0x204 ..\obj\modbus_func.o
 .debug_line    0x00002d5f      0x1db ..\obj\modbus.o
 .debug_line    0x00002f3a      0x15d ..\obj\pub_var.o
 .debug_line    0x00003097      0x1ba ..\obj\Ostimer.o
 .debug_line    0x00003251      0x3aa ..\obj\stm32f0xx_usart.o
 .debug_line    0x000035fb      0x1ba ..\obj\system_stm32f0xx.o
 .debug_line    0x000037b5      0x14b ..\obj\port.o
 .debug_line    0x00003900      0x263 ..\obj\main.o
 .debug_line    0x00003b63      0x17e ..\obj\event.o
 .debug_line    0x00003ce1      0x243 ..\obj\stm32f0xx_misc.o
 .debug_line    0x00003f24       0xb7 ..\obj\hook.o

.debug_str      0x00000000     0x3926
 .debug_str     0x00000000      0x582 ..\obj\i2c.o
                                0x5e3 (size before relaxing)
 .debug_str     0x00000582       0xb2 ..\obj\util.o
                                0x1d0 (size before relaxing)
 .debug_str     0x00000634      0x56a ..\obj\uart.o
                                0x8bc (size before relaxing)
 .debug_str     0x00000b9e      0x2d4 ..\obj\flag.o
                                0x3d3 (size before relaxing)
 .debug_str     0x00000e72      0x190 ..\obj\syscalls.o
                                0x351 (size before relaxing)
 .debug_str     0x00001002       0xf6 ..\obj\core.o
                                0x2b5 (size before relaxing)
 .debug_str     0x000010f8      0x124 ..\obj\arch.o
                                0x2d5 (size before relaxing)
 .debug_str     0x0000121c       0xdf ..\obj\serviceReq.o
                                0x1db (size before relaxing)
 .debug_str     0x000012fb      0x171 ..\obj\stepper_motor.o
                                0x315 (size before relaxing)
 .debug_str     0x0000146c      0x119 ..\obj\timer.o
                                0x54c (size before relaxing)
 .debug_str     0x00001585      0x5a3 ..\obj\stm32f0xx_rcc.o
                                0x7a1 (size before relaxing)
 .debug_str     0x00001b28      0x227 ..\obj\task.o
                                0x43a (size before relaxing)
 .debug_str     0x00001d4f      0x13e ..\obj\hc0x_bluetooth.o
                                0x42c (size before relaxing)
 .debug_str     0x00001e8d      0x208 ..\obj\gpio.o
                                0x3d1 (size before relaxing)
 .debug_str     0x00002095      0x169 ..\obj\kernelHeap.o
                                0x266 (size before relaxing)
 .debug_str     0x000021fe      0x10f ..\obj\time.o
                                0x312 (size before relaxing)
 .debug_str     0x0000230d      0x19f ..\obj\stm32f0xx_gpio.o
                                0x48e (size before relaxing)
 .debug_str     0x000024ac       0xe4 ..\obj\hdc1080.o
                                0x46e (size before relaxing)
 .debug_str     0x00002590       0xc4 ..\obj\mutex.o
                                0x365 (size before relaxing)
 .debug_str     0x00002654      0x184 ..\obj\stm32f0xx_dma.o
                                0x3e7 (size before relaxing)
 .debug_str     0x000027d8      0x3de ..\obj\modbus_func.o
                                0x5ed (size before relaxing)
 .debug_str     0x00002bb6      0x10f ..\obj\modbus.o
                                0x482 (size before relaxing)
 .debug_str     0x00002cc5       0x53 ..\obj\pub_var.o
                                0x21e (size before relaxing)
 .debug_str     0x00002d18       0xfc ..\obj\Ostimer.o
                                0x2a5 (size before relaxing)
 .debug_str     0x00002e14      0x676 ..\obj\stm32f0xx_usart.o
                                0x98e (size before relaxing)
 .debug_str     0x0000348a       0xb9 ..\obj\system_stm32f0xx.o
                                0x299 (size before relaxing)
 .debug_str     0x00003543       0xfe ..\obj\port.o
                                0x1f5 (size before relaxing)
 .debug_str     0x00003641       0x83 ..\obj\main.o
                                0x3db (size before relaxing)
 .debug_str     0x000036c4       0xf5 ..\obj\event.o
                                0x32c (size before relaxing)
 .debug_str     0x000037b9       0xdf ..\obj\stm32f0xx_misc.o
                                0x2f8 (size before relaxing)
 .debug_str     0x00003898       0x8e ..\obj\hook.o
                                0x188 (size before relaxing)

.debug_frame    0x00000000     0x2be4
 .debug_frame   0x00000000       0xac ..\obj\i2c.o
 .debug_frame   0x000000ac       0x90 ..\obj\util.o
 .debug_frame   0x0000013c      0x108 ..\obj\uart.o
 .debug_frame   0x00000244      0x190 ..\obj\flag.o
 .debug_frame   0x000003d4      0x12c ..\obj\syscalls.o
 .debug_frame   0x00000500       0xf0 ..\obj\core.o
 .debug_frame   0x000005f0       0x50 ..\obj\arch.o
 .debug_frame   0x00000640       0x50 ..\obj\serviceReq.o
 .debug_frame   0x00000690       0x50 ..\obj\stepper_motor.o
 .debug_frame   0x000006e0       0x8c ..\obj\timer.o
 .debug_frame   0x0000076c      0x524 ..\obj\stm32f0xx_rcc.o
 .debug_frame   0x00000c90      0x150 ..\obj\task.o
 .debug_frame   0x00000de0       0x50 ..\obj\hc0x_bluetooth.o
 .debug_frame   0x00000e30       0x84 ..\obj\gpio.o
 .debug_frame   0x00000eb4       0x8c ..\obj\kernelHeap.o
 .debug_frame   0x00000f40      0x10c ..\obj\time.o
 .debug_frame   0x0000104c      0x1b0 ..\obj\stm32f0xx_gpio.o
 .debug_frame   0x000011fc       0xa0 ..\obj\hdc1080.o
 .debug_frame   0x0000129c       0x90 ..\obj\mutex.o
 .debug_frame   0x0000132c      0x190 ..\obj\stm32f0xx_dma.o
 .debug_frame   0x000014bc       0xa4 ..\obj\modbus_func.o
 .debug_frame   0x00001560       0x90 ..\obj\modbus.o
 .debug_frame   0x000015f0       0x2c ..\obj\pub_var.o
 .debug_frame   0x0000161c      0x14c ..\obj\Ostimer.o
 .debug_frame   0x00001768      0x630 ..\obj\stm32f0xx_usart.o
 .debug_frame   0x00001d98       0x6c ..\obj\system_stm32f0xx.o
 .debug_frame   0x00001e04       0xb8 ..\obj\port.o
 .debug_frame   0x00001ebc       0x68 ..\obj\main.o
 .debug_frame   0x00001f24       0xf0 ..\obj\event.o
 .debug_frame   0x00002014       0x70 ..\obj\stm32f0xx_misc.o
 .debug_frame   0x00002084       0x50 ..\obj\hook.o
 .debug_frame   0x000020d4       0x20 c:/program files (x86)/gnu tools arm embedded/5.4 2016q3/bin/../lib/gcc/arm-none-eabi/5.4.1/armv6-m\libgcc.a(_udivsi3.o)
 .debug_frame   0x000020f4       0x20 c:/program files (x86)/gnu tools arm embedded/5.4 2016q3/bin/../lib/gcc/arm-none-eabi/5.4.1/armv6-m\libgcc.a(_divsi3.o)
 .debug_frame   0x00002114       0x2c c:/program files (x86)/gnu tools arm embedded/5.4 2016q3/bin/../lib/gcc/arm-none-eabi/5.4.1/../../../../arm-none-eabi/lib/armv6-m\libg.a(lib_a-memcpy-stub.o)
 .debug_frame   0x00002140       0x2c c:/program files (x86)/gnu tools arm embedded/5.4 2016q3/bin/../lib/gcc/arm-none-eabi/5.4.1/../../../../arm-none-eabi/lib/armv6-m\libg.a(lib_a-memset.o)
 .debug_frame   0x0000216c       0x50 c:/program files (x86)/gnu tools arm embedded/5.4 2016q3/bin/../lib/gcc/arm-none-eabi/5.4.1/../../../../arm-none-eabi/lib/armv6-m\libg.a(lib_a-sprintf.o)
 .debug_frame   0x000021bc       0x3c c:/program files (x86)/gnu tools arm embedded/5.4 2016q3/bin/../lib/gcc/arm-none-eabi/5.4.1/../../../../arm-none-eabi/lib/armv6-m\libg.a(lib_a-svfprintf.o)
 .debug_frame   0x000021f8       0x54 c:/program files (x86)/gnu tools arm embedded/5.4 2016q3/bin/../lib/gcc/arm-none-eabi/5.4.1/../../../../arm-none-eabi/lib/armv6-m\libg.a(lib_a-__call_atexit.o)
 .debug_frame   0x0000224c       0x28 c:/program files (x86)/gnu tools arm embedded/5.4 2016q3/bin/../lib/gcc/arm-none-eabi/5.4.1/../../../../arm-none-eabi/lib/armv6-m\libg.a(lib_a-atexit.o)
 .debug_frame   0x00002274       0x68 c:/program files (x86)/gnu tools arm embedded/5.4 2016q3/bin/../lib/gcc/arm-none-eabi/5.4.1/../../../../arm-none-eabi/lib/armv6-m\libg.a(lib_a-dtoa.o)
 .debug_frame   0x000022dc       0x2c c:/program files (x86)/gnu tools arm embedded/5.4 2016q3/bin/../lib/gcc/arm-none-eabi/5.4.1/../../../../arm-none-eabi/lib/armv6-m\libg.a(lib_a-fini.o)
 .debug_frame   0x00002308       0x40 c:/program files (x86)/gnu tools arm embedded/5.4 2016q3/bin/../lib/gcc/arm-none-eabi/5.4.1/../../../../arm-none-eabi/lib/armv6-m\libg.a(lib_a-localeconv.o)
 .debug_frame   0x00002348       0x3c c:/program files (x86)/gnu tools arm embedded/5.4 2016q3/bin/../lib/gcc/arm-none-eabi/5.4.1/../../../../arm-none-eabi/lib/armv6-m\libg.a(lib_a-mallocr.o)
 .debug_frame   0x00002384       0x2c c:/program files (x86)/gnu tools arm embedded/5.4 2016q3/bin/../lib/gcc/arm-none-eabi/5.4.1/../../../../arm-none-eabi/lib/armv6-m\libg.a(lib_a-memchr-stub.o)
 .debug_frame   0x000023b0       0x30 c:/program files (x86)/gnu tools arm embedded/5.4 2016q3/bin/../lib/gcc/arm-none-eabi/5.4.1/../../../../arm-none-eabi/lib/armv6-m\libg.a(lib_a-mlock.o)
 .debug_frame   0x000023e0      0x258 c:/program files (x86)/gnu tools arm embedded/5.4 2016q3/bin/../lib/gcc/arm-none-eabi/5.4.1/../../../../arm-none-eabi/lib/armv6-m\libg.a(lib_a-mprec.o)
 .debug_frame   0x00002638       0x2c c:/program files (x86)/gnu tools arm embedded/5.4 2016q3/bin/../lib/gcc/arm-none-eabi/5.4.1/../../../../arm-none-eabi/lib/armv6-m\libg.a(lib_a-sbrkr.o)
 .debug_frame   0x00002664       0x28 c:/program files (x86)/gnu tools arm embedded/5.4 2016q3/bin/../lib/gcc/arm-none-eabi/5.4.1/../../../../arm-none-eabi/lib/armv6-m\libg.a(lib_a-strlen-stub.o)
 .debug_frame   0x0000268c       0x68 c:/program files (x86)/gnu tools arm embedded/5.4 2016q3/bin/../lib/gcc/arm-none-eabi/5.4.1/../../../../arm-none-eabi/lib/armv6-m\libg.a(lib_a-svfiprintf.o)
 .debug_frame   0x000026f4       0x3c c:/program files (x86)/gnu tools arm embedded/5.4 2016q3/bin/../lib/gcc/arm-none-eabi/5.4.1/../../../../arm-none-eabi/lib/armv6-m\libg.a(lib_a-__atexit.o)
 .debug_frame   0x00002730       0x28 c:/program files (x86)/gnu tools arm embedded/5.4 2016q3/bin/../lib/gcc/arm-none-eabi/5.4.1/../../../../arm-none-eabi/lib/armv6-m\libg.a(lib_a-callocr.o)
 .debug_frame   0x00002758       0x54 c:/program files (x86)/gnu tools arm embedded/5.4 2016q3/bin/../lib/gcc/arm-none-eabi/5.4.1/../../../../arm-none-eabi/lib/armv6-m\libg.a(lib_a-freer.o)
 .debug_frame   0x000027ac       0x8c c:/program files (x86)/gnu tools arm embedded/5.4 2016q3/bin/../lib/gcc/arm-none-eabi/5.4.1/../../../../arm-none-eabi/lib/armv6-m\libg.a(lib_a-locale.o)
 .debug_frame   0x00002838       0x40 c:/program files (x86)/gnu tools arm embedded/5.4 2016q3/bin/../lib/gcc/arm-none-eabi/5.4.1/../../../../arm-none-eabi/lib/armv6-m\libg.a(lib_a-mbtowc_r.o)
 .debug_frame   0x00002878       0x2c c:/program files (x86)/gnu tools arm embedded/5.4 2016q3/bin/../lib/gcc/arm-none-eabi/5.4.1/../../../../arm-none-eabi/lib/armv6-m\libg.a(lib_a-memmove.o)
 .debug_frame   0x000028a4       0x3c c:/program files (x86)/gnu tools arm embedded/5.4 2016q3/bin/../lib/gcc/arm-none-eabi/5.4.1/../../../../arm-none-eabi/lib/armv6-m\libg.a(lib_a-reallocr.o)
 .debug_frame   0x000028e0       0x48 c:/program files (x86)/gnu tools arm embedded/5.4 2016q3/bin/../lib/gcc/arm-none-eabi/5.4.1/../../../../arm-none-eabi/lib/armv6-m\libg.a(lib_a-reent.o)
 .debug_frame   0x00002928       0x3c c:/program files (x86)/gnu tools arm embedded/5.4 2016q3/bin/../lib/gcc/arm-none-eabi/5.4.1/../../../../arm-none-eabi/lib/armv6-m\libg.a(lib_a-wctomb_r.o)
 .debug_frame   0x00002964       0x3c c:/program files (x86)/gnu tools arm embedded/5.4 2016q3/bin/../lib/gcc/arm-none-eabi/5.4.1/armv6-m\libgcc.a(_udivmoddi4.o)
 .debug_frame   0x000029a0       0x3c c:/program files (x86)/gnu tools arm embedded/5.4 2016q3/bin/../lib/gcc/arm-none-eabi/5.4.1/armv6-m\libgcc.a(adddf3.o)
 .debug_frame   0x000029dc       0x3c c:/program files (x86)/gnu tools arm embedded/5.4 2016q3/bin/../lib/gcc/arm-none-eabi/5.4.1/armv6-m\libgcc.a(divdf3.o)
 .debug_frame   0x00002a18       0x38 c:/program files (x86)/gnu tools arm embedded/5.4 2016q3/bin/../lib/gcc/arm-none-eabi/5.4.1/armv6-m\libgcc.a(eqdf2.o)
 .debug_frame   0x00002a50       0x38 c:/program files (x86)/gnu tools arm embedded/5.4 2016q3/bin/../lib/gcc/arm-none-eabi/5.4.1/armv6-m\libgcc.a(gedf2.o)
 .debug_frame   0x00002a88       0x38 c:/program files (x86)/gnu tools arm embedded/5.4 2016q3/bin/../lib/gcc/arm-none-eabi/5.4.1/armv6-m\libgcc.a(ledf2.o)
 .debug_frame   0x00002ac0       0x3c c:/program files (x86)/gnu tools arm embedded/5.4 2016q3/bin/../lib/gcc/arm-none-eabi/5.4.1/armv6-m\libgcc.a(muldf3.o)
 .debug_frame   0x00002afc       0x38 c:/program files (x86)/gnu tools arm embedded/5.4 2016q3/bin/../lib/gcc/arm-none-eabi/5.4.1/armv6-m\libgcc.a(subdf3.o)
 .debug_frame   0x00002b34       0x2c c:/program files (x86)/gnu tools arm embedded/5.4 2016q3/bin/../lib/gcc/arm-none-eabi/5.4.1/armv6-m\libgcc.a(unorddf2.o)
 .debug_frame   0x00002b60       0x2c c:/program files (x86)/gnu tools arm embedded/5.4 2016q3/bin/../lib/gcc/arm-none-eabi/5.4.1/armv6-m\libgcc.a(fixdfsi.o)
 .debug_frame   0x00002b8c       0x2c c:/program files (x86)/gnu tools arm embedded/5.4 2016q3/bin/../lib/gcc/arm-none-eabi/5.4.1/armv6-m\libgcc.a(floatsidf.o)
 .debug_frame   0x00002bb8       0x2c c:/program files (x86)/gnu tools arm embedded/5.4 2016q3/bin/../lib/gcc/arm-none-eabi/5.4.1/armv6-m\libgcc.a(floatunsidf.o)

.debug_ranges   0x00000000       0x20
 .debug_ranges  0x00000000       0x20 ..\obj\startup_stm32f0xx.o
