Archive member included to satisfy reference by file (symbol)

c:/program files (x86)/gnu tools arm embedded/5.4 2016q3/bin/../lib/gcc/arm-none-eabi/5.4.1/armv6-m\libgcc.a(_udivsi3.o)
                              ..\obj\stm32f0xx_rcc.o (__aeabi_uidiv)
c:/program files (x86)/gnu tools arm embedded/5.4 2016q3/bin/../lib/gcc/arm-none-eabi/5.4.1/armv6-m\libgcc.a(_divsi3.o)
                              ..\obj\time.o (__aeabi_idiv)
c:/program files (x86)/gnu tools arm embedded/5.4 2016q3/bin/../lib/gcc/arm-none-eabi/5.4.1/armv6-m\libgcc.a(_dvmd_tls.o)
                              c:/program files (x86)/gnu tools arm embedded/5.4 2016q3/bin/../lib/gcc/arm-none-eabi/5.4.1/armv6-m\libgcc.a(_udivsi3.o) (__aeabi_idiv0)
c:/program files (x86)/gnu tools arm embedded/5.4 2016q3/bin/../lib/gcc/arm-none-eabi/5.4.1/../../../../arm-none-eabi/lib/armv6-m\libg.a(lib_a-exit.o)
                              c:/program files (x86)/gnu tools arm embedded/5.4 2016q3/bin/../lib/gcc/arm-none-eabi/5.4.1/../../../../arm-none-eabi/lib/armv6-m/crt0.o (exit)
c:/program files (x86)/gnu tools arm embedded/5.4 2016q3/bin/../lib/gcc/arm-none-eabi/5.4.1/../../../../arm-none-eabi/lib/armv6-m\libg.a(lib_a-impure.o)
                              c:/program files (x86)/gnu tools arm embedded/5.4 2016q3/bin/../lib/gcc/arm-none-eabi/5.4.1/../../../../arm-none-eabi/lib/armv6-m\libg.a(lib_a-exit.o) (_global_impure_ptr)
c:/program files (x86)/gnu tools arm embedded/5.4 2016q3/bin/../lib/gcc/arm-none-eabi/5.4.1/../../../../arm-none-eabi/lib/armv6-m\libg.a(lib_a-init.o)
                              c:/program files (x86)/gnu tools arm embedded/5.4 2016q3/bin/../lib/gcc/arm-none-eabi/5.4.1/../../../../arm-none-eabi/lib/armv6-m/crt0.o (__libc_init_array)
c:/program files (x86)/gnu tools arm embedded/5.4 2016q3/bin/../lib/gcc/arm-none-eabi/5.4.1/../../../../arm-none-eabi/lib/armv6-m\libg.a(lib_a-memcpy-stub.o)
                              ..\obj\stepper_motor.o (memcpy)
c:/program files (x86)/gnu tools arm embedded/5.4 2016q3/bin/../lib/gcc/arm-none-eabi/5.4.1/../../../../arm-none-eabi/lib/armv6-m\libg.a(lib_a-memset.o)
                              c:/program files (x86)/gnu tools arm embedded/5.4 2016q3/bin/../lib/gcc/arm-none-eabi/5.4.1/../../../../arm-none-eabi/lib/armv6-m/crt0.o (memset)
c:/program files (x86)/gnu tools arm embedded/5.4 2016q3/bin/../lib/gcc/arm-none-eabi/5.4.1/../../../../arm-none-eabi/lib/armv6-m\libg.a(lib_a-sprintf.o)
                              ..\obj\hc0x_bluetooth.o (sprintf)
c:/program files (x86)/gnu tools arm embedded/5.4 2016q3/bin/../lib/gcc/arm-none-eabi/5.4.1/../../../../arm-none-eabi/lib/armv6-m\libg.a(lib_a-svfprintf.o)
                              c:/program files (x86)/gnu tools arm embedded/5.4 2016q3/bin/../lib/gcc/arm-none-eabi/5.4.1/../../../../arm-none-eabi/lib/armv6-m\libg.a(lib_a-sprintf.o) (_svfprintf_r)
c:/program files (x86)/gnu tools arm embedded/5.4 2016q3/bin/../lib/gcc/arm-none-eabi/5.4.1/../../../../arm-none-eabi/lib/armv6-m\libg.a(lib_a-__call_atexit.o)
                              c:/program files (x86)/gnu tools arm embedded/5.4 2016q3/bin/../lib/gcc/arm-none-eabi/5.4.1/../../../../arm-none-eabi/lib/armv6-m\libg.a(lib_a-exit.o) (__call_exitprocs)
c:/program files (x86)/gnu tools arm embedded/5.4 2016q3/bin/../lib/gcc/arm-none-eabi/5.4.1/../../../../arm-none-eabi/lib/armv6-m\libg.a(lib_a-atexit.o)
                              c:/program files (x86)/gnu tools arm embedded/5.4 2016q3/bin/../lib/gcc/arm-none-eabi/5.4.1/../../../../arm-none-eabi/lib/armv6-m\libg.a(lib_a-__call_atexit.o) (atexit)
c:/program files (x86)/gnu tools arm embedded/5.4 2016q3/bin/../lib/gcc/arm-none-eabi/5.4.1/../../../../arm-none-eabi/lib/armv6-m\libg.a(lib_a-dtoa.o)
                              c:/program files (x86)/gnu tools arm embedded/5.4 2016q3/bin/../lib/gcc/arm-none-eabi/5.4.1/../../../../arm-none-eabi/lib/armv6-m\libg.a(lib_a-svfprintf.o) (_dtoa_r)
c:/program files (x86)/gnu tools arm embedded/5.4 2016q3/bin/../lib/gcc/arm-none-eabi/5.4.1/../../../../arm-none-eabi/lib/armv6-m\libg.a(lib_a-fini.o)
                              c:/program files (x86)/gnu tools arm embedded/5.4 2016q3/bin/../lib/gcc/arm-none-eabi/5.4.1/../../../../arm-none-eabi/lib/armv6-m\libg.a(lib_a-__call_atexit.o) (__libc_fini_array)
c:/program files (x86)/gnu tools arm embedded/5.4 2016q3/bin/../lib/gcc/arm-none-eabi/5.4.1/../../../../arm-none-eabi/lib/armv6-m\libg.a(lib_a-localeconv.o)
                              c:/program files (x86)/gnu tools arm embedded/5.4 2016q3/bin/../lib/gcc/arm-none-eabi/5.4.1/../../../../arm-none-eabi/lib/armv6-m\libg.a(lib_a-svfprintf.o) (_localeconv_r)
c:/program files (x86)/gnu tools arm embedded/5.4 2016q3/bin/../lib/gcc/arm-none-eabi/5.4.1/../../../../arm-none-eabi/lib/armv6-m\libg.a(lib_a-mallocr.o)
                              c:/program files (x86)/gnu tools arm embedded/5.4 2016q3/bin/../lib/gcc/arm-none-eabi/5.4.1/../../../../arm-none-eabi/lib/armv6-m\libg.a(lib_a-svfprintf.o) (_malloc_r)
[...]
Memory Configuration

Name             Origin             Length             Attributes
rom              0x08000000         0x00010000         xr
ram              0x20000000         0x00002000         xrw
*default*        0x00000000         0xffffffff

Linker script and memory map

LOAD c:/program files (x86)/gnu tools arm embedded/5.4 2016q3/bin/../lib/gcc/arm-none-eabi/5.4.1/armv6-m/crti.o
LOAD c:/program files (x86)/gnu tools arm embedded/5.4 2016q3/bin/../lib/gcc/arm-none-eabi/5.4.1/armv6-m/crtbegin.o
LOAD c:/program files (x86)/gnu tools arm embedded/5.4 2016q3/bin/../lib/gcc/arm-none-eabi/5.4.1/../../../../arm-none-eabi/lib/armv6-m/crt0.o
                0x20002000                _eram = 0x20002000

.text           0x08000000     0xe5fc
 *(.isr_vector)
 .isr_vector    0x08000000       0xc4 ..\obj\startup_stm32f0xx.o
                0x08000000                g_pfnVectors
 *(.text*)
 .text          0x080000c4       0x60 c:/program files (x86)/gnu tools arm embedded/5.4 2016q3/bin/../lib/gcc/arm-none-eabi/5.4.1/armv6-m/crtbegin.o
 .text          0x08000124      0x468 ..\obj\i2c.o
                0x0800022c                I2C1_IRQHandler
                0x080003fc                initI2C
                0x0800049c                i2c_master_process
 .text          0x0800058c      0x15c ..\obj\util.o
                0x0800058c                wordEndianer
                0x080005dc                copy_string
                0x08000644                compare_string
                0x08000694                count_string
 .text          0x080006e8      0x9e8 ..\obj\uart.o
                0x080006e8                USART1_IRQHandler
                0x080007a8                USART2_IRQHandler
                0x0800086c                DMA1_Channel2_3_IRQHandler
                0x080008b0                DMA1_Channel4_5_IRQHandler
                0x080008fc                initUart1
                0x080009b0                initUart2
                0x08000a64                uartNvicConfig
                0x08000adc                initUartDma
                0x08000d14                uart1TxCmd
                0x08000dac                uart2TxCmd
                0x08000e4c                uart1CheckRxBuf
                0x08000eb0                uart2CheckRxBuf
                0x08000f14                task_Uart1
                0x08000ff0                task_Uart2
 .text          0x080010d0      0x994 ..\obj\flag.o
                0x080010d0                CoCreateFlag
                0x08001190                CoDelFlag
                0x080012c0                CoAcceptSingleFlag
                0x08001348                CoAcceptMultipleFlags
                0x08001410                CoWaitForSingleFlag
                0x08001598                CoWaitForMultipleFlags
                0x0800176c                CoClearFlag
                0x080017c4                CoSetFlag
                0x080018c8                isr_SetFlag
                0x080019e0                RemoveLinkNode
 .text          0x08001a64       0xe8 ..\obj\syscalls.o
                0x08001a64                _sbrk
                0x08001aa0                link
                0x08001ab8                _close
                0x08001acc                _fstat
                0x08001ae8                _isatty
                0x08001afc                _lseek
                0x08001b14                _read
                0x08001b2c                _write
                0x08001b44                abort
 .text          0x08001b4c      0x1bc ..\obj\core.o
                0x08001b4c                CoEnterISR
                0x08001b64                CoExitISR
                0x08001bb8                OsSchedUnlock
                0x08001c08                CoSchedLock
                0x08001c24                CoSchedUnlock
                0x08001c34                CoInitOS
                0x08001cbc                CoStartOS
                0x08001cf8                CoGetOSVersion
 .text          0x08001d08       0xec ..\obj\arch.o
                0x08001d08                InitTaskContext
                0x08001d54                SysTick_Handler
 .text          0x08001df4      0x150 ..\obj\serviceReq.o
                0x08001df4                InsertInSRQ
                0x08001e8c                RespondSRQ
 .text          0x08001f44      0x1e8 ..\obj\timer.o
                0x0800204c                TIM6_DAC_IRQHandler
                0x080020bc                initTimers
 .text          0x0800212c      0xc9c ..\obj\stm32f0xx_rcc.o
                0x0800212c                RCC_DeInit
                0x080021b4                RCC_HSEConfig
                0x080021dc                RCC_WaitForHSEStartUp
                0x0800223c                RCC_AdjustHSICalibrationValue
                0x08002278                RCC_HSICmd
                0x080022b4                RCC_AdjustHSI14CalibrationValue
                0x080022f0                RCC_HSI14Cmd
                0x0800232c                RCC_HSI14ADCRequestCmd
                0x08002368                RCC_LSEConfig
                0x080023a0                RCC_LSEDriveConfig
                0x080023cc                RCC_LSICmd
                0x08002408                RCC_PLLConfig
                0x08002440                RCC_PLLCmd
                0x08002480                RCC_HSI48Cmd
                0x080024c0                RCC_PREDIV1Config
                0x080024f4                RCC_ClockSecuritySystemCmd
                0x08002534                RCC_MCOConfig
                0x08002578                RCC_SYSCLKConfig
                0x080025ac                RCC_GetSYSCLKSource
                0x080025c8                RCC_HCLKConfig
                0x080025fc                RCC_PCLKConfig
                0x08002634                RCC_ADCCLKConfig
                0x08002688                RCC_CECCLKConfig
                0x080026b4                RCC_I2CCLKConfig
                0x080026e0                RCC_USARTCLKConfig
                0x08002748                RCC_USBCLKConfig
                0x08002774                RCC_GetClocksFreq
                0x08002a44                RCC_RTCCLKConfig
                0x08002a64                RCC_RTCCLKCmd
                0x08002aa4                RCC_BackupResetCmd
                0x08002ae4                RCC_AHBPeriphClockCmd
                0x08002b24                RCC_APB2PeriphClockCmd
                0x08002b64                RCC_APB1PeriphClockCmd
                0x08002ba4                RCC_AHBPeriphResetCmd
                0x08002be4                RCC_APB2PeriphResetCmd
                0x08002c24                RCC_APB1PeriphResetCmd
                0x08002c64                RCC_ITConfig
                0x08002cb4                RCC_GetFlagStatus
                0x08002d48                RCC_ClearFlag
                0x08002d64                RCC_GetITStatus
                0x08002da8                RCC_ClearITPendingBit
 .text.Reset_Handler
                0x08002dc8       0x4c ..\obj\startup_stm32f0xx.o
                0x08002dc8                Reset_Handler
 .text.Default_Handler
                0x08002e14        0x2 ..\obj\startup_stm32f0xx.o
                0x08002e14                TIM1_CC_IRQHandler
                0x08002e14                HardFault_Handler
                0x08002e14                ADC1_COMP_IRQHandler
                0x08002e14                PVD_IRQHandler
                0x08002e14                NMI_Handler
                0x08002e14                SPI1_IRQHandler
                0x08002e14                EXTI2_3_IRQHandler
                0x08002e14                I2C2_IRQHandler
                0x08002e14                TIM17_IRQHandler
                0x08002e14                RTC_IRQHandler
                0x08002e14                TIM16_IRQHandler
                0x08002e14                TIM3_IRQHandler
                0x08002e14                EXTI4_15_IRQHandler
                0x08002e14                RCC_IRQHandler
                0x08002e14                DMA1_Channel1_IRQHandler
                0x08002e14                Default_Handler
                0x08002e14                CEC_IRQHandler
                0x08002e14                TIM14_IRQHandler
                0x08002e14                TIM15_IRQHandler
                0x08002e14                EXTI0_1_IRQHandler
                0x08002e14                SPI2_IRQHandler
                0x08002e14                SVC_Handler
                0x08002e14                TS_IRQHandler
                0x08002e14                WWDG_IRQHandler
                0x08002e14                TIM2_IRQHandler
                0x08002e14                FLASH_IRQHandler
                0x08002e14                TIM1_BRK_UP_TRG_COM_IRQHandler
 *fill*         0x08002e16        0x2 
 .text          0x08002e18      0x844 ..\obj\task.o
                0x08002e18                CreateTCBList
                0x08002e94                InsertToTCBRdyList
                0x08002fa4                RemoveFromTCBRdyList
                0x08003028                CoSetPriority
                0x08003218                Schedule
                0x080033c0                CreateTask
                0x08003508                CoDelTask
                0x0800362c                CoExitTask
                0x08003648                CoGetCurTaskID
 .text          0x0800365c      0x420 ..\obj\hc0x_bluetooth.o
                0x0800365c                change_device_name
                0x080036c4                mobile_app_interface
 .text          0x08003a7c      0x1fc ..\obj\gpio.o
                0x08003a7c                initGpio
                0x08003be0                setGpioOutputs
                0x08003c34                readGpioOutputs
                0x08003c58                readGpioInputs
 .text          0x08003c78      0x4c4 ..\obj\kernelHeap.o
                0x08003c78                CoCreateKheap
                0x08003cbc                CoKmalloc
                0x08003e28                CoKfree
 .text          0x0800413c      0x424 ..\obj\time.o
                0x0800413c                InsertDelayList
                0x08004228                RemoveDelayList
                0x080042d8                CoGetOSTime
                0x080042f0                CoTickDelay
                0x08004360                CoResetTaskDelayTick
                0x080043e8                CoTimeDelay
                0x080044b0                TimeDispose
                0x0800452c                isr_TimeDispose
 .text          0x08004560      0x494 ..\obj\stm32f0xx_gpio.o
                0x08004560                GPIO_DeInit
                0x08004650                GPIO_Init
                0x08004778                GPIO_StructInit
                0x080047ac                GPIO_PinLockConfig
                0x080047f4                GPIO_ReadInputDataBit
                0x0800483c                GPIO_ReadInputData
                0x08004854                GPIO_ReadOutputDataBit
                0x0800489c                GPIO_ReadOutputData
                0x080048b4                GPIO_SetBits
                0x080048d4                GPIO_ResetBits
                0x080048f4                GPIO_WriteBit
                0x08004930                GPIO_Write
                0x08004950                GPIO_PinAFConfig
 .text          0x080049f4      0x314 ..\obj\hdc1080.o
                0x080049f4                write_HDC1080_configuration
                0x08004a84                read_HDC1080_configuration
                0x08004b20                trig_HDC1080
                0x08004bb8                init_HDC1080
                0x08004c00                task_HDC1080
 .text          0x08004d08      0x470 ..\obj\mutex.o
                0x08004d08                CoCreateMutex
                0x08004d84                CoEnterMutexSection
                0x08004f0c                CoLeaveMutexSection
                0x08005068                RemoveMutexList
 .text          0x08005178      0x464 ..\obj\stm32f0xx_dma.o
                0x08005178                DMA_DeInit
                0x08005300                DMA_Init
                0x0800537c                DMA_StructInit
                0x080053d0                DMA_Cmd
                0x0800540c                DMA_RemapConfig
                0x08005450                DMA_SetCurrDataCounter
                0x08005470                DMA_GetCurrDataCounter
                0x08005488                DMA_ITConfig
                0x080054c4                DMA_GetFlagStatus
                0x08005520                DMA_ClearFlag
                0x08005550                DMA_GetITStatus
                0x080055ac                DMA_ClearITPendingBit
 .text          0x080055dc      0x364 ..\obj\modbus_func.o
                0x080055dc                readCoils
                0x08005648                readInputs
                0x080056b4                readHoldingRegister
                0x080057f0                writeSingleCoil
                0x08005934                rwDummyFunc
 .text          0x08005940      0x3b4 ..\obj\modbus.o
                0x08005940                crc16
                0x080059d4                checkCrc16
                0x08005a78                mbReturnException
                0x08005ac8                modbusRTU
 .text          0x08005cf4       0x38 ..\obj\pub_var.o
                0x08005cf4                setParameters
 .text          0x08005d2c      0x79c ..\obj\Ostimer.o
                0x08006008                CoCreateTmr
                0x08006188                CoStartTmr
                0x08006208                CoStopTmr
                0x08006288                CoDelTmr
                0x08006304                CoGetCurTmrCnt
                0x0800636c                CoSetTmrCnt
                0x0800641c                TmrDispose
                0x08006494                isr_TmrDispose
 .text          0x080064c8      0xd88 ..\obj\stm32f0xx_usart.o
                0x080064c8                USART_DeInit
                0x080065f0                USART_Init
                0x0800677c                USART_StructInit
                0x080067b4                USART_ClockInit
                0x08006800                USART_ClockStructInit
                0x08006828                USART_Cmd
                0x08006864                USART_DirectionModeCmd
                0x080068a0                USART_OverSampling8Cmd
                0x080068e0                USART_OneBitMethodCmd
                0x08006920                USART_MSBFirstCmd
                0x08006960                USART_DataInvCmd
                0x080069a0                USART_InvPinCmd
                0x080069dc                USART_SWAPPinCmd
                0x08006a1c                USART_ReceiverTimeOutCmd
                0x08006a5c                USART_SetReceiverTimeOut
                0x08006a88                USART_SetPrescaler
                0x08006ac4                USART_STOPModeCmd
                0x08006b00                USART_StopModeWakeUpSourceConfig
                0x08006b30                USART_AutoBaudRateCmd
                0x08006b70                USART_AutoBaudRateConfig
                0x08006ba0                USART_SendData
                0x08006bc4                USART_ReceiveData
                0x08006be0                USART_SetAddress
                0x08006c14                USART_MuteModeCmd
                0x08006c54                USART_MuteModeWakeUpConfig
                0x08006c84                USART_AddressDetectionConfig
                0x08006cb0                USART_LINBreakDetectLengthConfig
                0x08006cdc                USART_LINCmd
                0x08006d1c                USART_HalfDuplexCmd
                0x08006d58                USART_SetGuardTime
                0x08006d98                USART_SmartCardCmd
                0x08006dd4                USART_SmartCardNACKCmd
                0x08006e10                USART_SetAutoRetryCount
                0x08006e48                USART_SetBlockLength
                0x08006e7c                USART_IrDAConfig
                0x08006ea8                USART_IrDACmd
                0x08006ee4                USART_DECmd
                0x08006f24                USART_DEPolarityConfig
                0x08006f54                USART_SetDEAssertionTime
                0x08006f84                USART_SetDEDeassertionTime
                0x08006fb4                USART_DMACmd
                0x08006ff0                USART_DMAReceptionErrorConfig
                0x08007020                USART_ITConfig
                0x080070a4                USART_RequestCmd
                0x080070ec                USART_OverrunDetectionConfig
                0x0800711c                USART_GetFlagStatus
                0x08007158                USART_ClearFlag
                0x08007170                USART_GetITStatus
                0x08007220                USART_ClearITPendingBit
 .text          0x08007250       0xe4 ..\obj\port.o
                0x08007250                Inc8
                0x08007278                Dec8
                0x080072a0                IRQ_ENABLE_RESTORE
                0x080072ac                IRQ_DISABLE_SAVE
                0x080072b8                SetEnvironment
                0x080072c4                SwitchContext
                0x080072d4                PendSV_Handler
 .text          0x08007334      0x240 ..\obj\system_stm32f0xx.o
                0x08007334                SystemInit1
                0x08007334                SystemInit
                0x080073c0                SystemCoreClockUpdate
                0x080073c0                SystemCoreClockUpdate1
                0x08007494                SetSysClock
 .text          0x08007574       0xf4 ..\obj\main.o
                0x08007574                rccConfig
                0x08007580                task_Led
                0x080075b0                main
 .text          0x08007668      0x420 ..\obj\event.o
                0x08007668                CreateEventList
                0x08007748                CreatEvent
                0x080077e8                DeleteEvent
                0x08007880                EventTaskToWait
                0x08007980                EventTaskToRdy
                0x080079f0                RemoveEventWaittingList
 .text          0x08007a88      0x128 ..\obj\stm32f0xx_misc.o
                0x08007a88                NVIC_Init
                0x08007b34                NVIC_SystemLPConfig
                0x08007b7c                SysTick_CLKSourceConfig
 .text          0x08007bb0       0x1c ..\obj\hook.o
                0x08007bb0                CoIdleTask
                0x08007bbc                CoStkOverflowHook
 .text          0x08007bcc      0x114 c:/program files (x86)/gnu tools arm embedded/5.4 2016q3/bin/../lib/gcc/arm-none-eabi/5.4.1/armv6-m\libgcc.a(_udivsi3.o)
                0x08007bcc                __aeabi_uidiv
                0x08007bcc                __udivsi3
                0x08007cd8                __aeabi_uidivmod
 .text          0x08007ce0      0x1d4 c:/program files (x86)/gnu tools arm embedded/5.4 2016q3/bin/../lib/gcc/arm-none-eabi/5.4.1/armv6-m\libgcc.a(_divsi3.o)
                0x08007ce0                __divsi3
                0x08007ce0                __aeabi_idiv
                0x08007eac                __aeabi_idivmod
 .text          0x08007eb4        0x4 c:/program files (x86)/gnu tools arm embedded/5.4 2016q3/bin/../lib/gcc/arm-none-eabi/5.4.1/armv6-m\libgcc.a(_dvmd_tls.o)
                0x08007eb4                __aeabi_idiv0
                0x08007eb4                __aeabi_ldiv0
 .text.memcpy   0x08007eb8       0x7c c:/program files (x86)/gnu tools arm embedded/5.4 2016q3/bin/../lib/gcc/arm-none-eabi/5.4.1/../../../../arm-none-eabi/lib/armv6-m\libg.a(lib_a-memcpy-stub.o)
                0x08007eb8                memcpy
 .text.memset   0x08007f34       0x8c c:/program files (x86)/gnu tools arm embedded/5.4 2016q3/bin/../lib/gcc/arm-none-eabi/5.4.1/../../../../arm-none-eabi/lib/armv6-m\libg.a(lib_a-memset.o)
                0x08007f34                memset
 .text.sprintf  0x08007fc0       0x44 c:/program files (x86)/gnu tools arm embedded/5.4 2016q3/bin/../lib/gcc/arm-none-eabi/5.4.1/../../../../arm-none-eabi/lib/armv6-m\libg.a(lib_a-sprintf.o)
                0x08007fc0                sprintf
 .text._svfprintf_r
                0x08008004     0x1820 c:/program files (x86)/gnu tools arm embedded/5.4 2016q3/bin/../lib/gcc/arm-none-eabi/5.4.1/../../../../arm-none-eabi/lib/armv6-m\libg.a(lib_a-svfprintf.o)
                0x08008004                _svfprintf_r
 .text.startup.register_fini
                0x08009824       0x18 c:/program files (x86)/gnu tools arm embedded/5.4 2016q3/bin/../lib/gcc/arm-none-eabi/5.4.1/../../../../arm-none-eabi/lib/armv6-m\libg.a(lib_a-__call_atexit.o)
 .text.atexit   0x0800983c       0x10 c:/program files (x86)/gnu tools arm embedded/5.4 2016q3/bin/../lib/gcc/arm-none-eabi/5.4.1/../../../../arm-none-eabi/lib/armv6-m\libg.a(lib_a-atexit.o)
                0x0800983c                atexit
 .text.quorem   0x0800984c      0x150 c:/program files (x86)/gnu tools arm embedded/5.4 2016q3/bin/../lib/gcc/arm-none-eabi/5.4.1/../../../../arm-none-eabi/lib/armv6-m\libg.a(lib_a-dtoa.o)
 .text._dtoa_r  0x0800999c      0xf54 c:/program files (x86)/gnu tools arm embedded/5.4 2016q3/bin/../lib/gcc/arm-none-eabi/5.4.1/../../../../arm-none-eabi/lib/armv6-m\libg.a(lib_a-dtoa.o)
                0x0800999c                _dtoa_r
 .text.__libc_fini_array
                0x0800a8f0       0x34 c:/program files (x86)/gnu tools arm embedded/5.4 2016q3/bin/../lib/gcc/arm-none-eabi/5.4.1/../../../../arm-none-eabi/lib/armv6-m\libg.a(lib_a-fini.o)
                0x0800a8f0                __libc_fini_array
 .text._localeconv_r
                0x0800a924       0x1c c:/program files (x86)/gnu tools arm embedded/5.4 2016q3/bin/../lib/gcc/arm-none-eabi/5.4.1/../../../../arm-none-eabi/lib/armv6-m\libg.a(lib_a-localeconv.o)
                0x0800a924                _localeconv_r
 .text._malloc_r
                0x0800a940      0x554 c:/program files (x86)/gnu tools arm embedded/5.4 2016q3/bin/../lib/gcc/arm-none-eabi/5.4.1/../../../../arm-none-eabi/lib/armv6-m\libg.a(lib_a-mallocr.o)
                0x0800a940                _malloc_r
 .text.memchr   0x0800ae94       0x90 c:/program files (x86)/gnu tools arm embedded/5.4 2016q3/bin/../lib/gcc/arm-none-eabi/5.4.1/../../../../arm-none-eabi/lib/armv6-m\libg.a(lib_a-memchr-stub.o)
                0x0800ae94                memchr
 .text.__malloc_lock
                0x0800af24        0x4 c:/program files (x86)/gnu tools arm embedded/5.4 2016q3/bin/../lib/gcc/arm-none-eabi/5.4.1/../../../../arm-none-eabi/lib/armv6-m\libg.a(lib_a-mlock.o)
                0x0800af24                __malloc_lock
 .text.__malloc_unlock
                0x0800af28        0x4 c:/program files (x86)/gnu tools arm embedded/5.4 2016q3/bin/../lib/gcc/arm-none-eabi/5.4.1/../../../../arm-none-eabi/lib/armv6-m\libg.a(lib_a-mlock.o)
                0x0800af28                __malloc_unlock
 .text._Balloc  0x0800af2c       0x50 c:/program files (x86)/gnu tools arm embedded/5.4 2016q3/bin/../lib/gcc/arm-none-eabi/5.4.1/../../../../arm-none-eabi/lib/armv6-m\libg.a(lib_a-mprec.o)
                0x0800af2c                _Balloc
 .text._Bfree   0x0800af7c       0x14 c:/program files (x86)/gnu tools arm embedded/5.4 2016q3/bin/../lib/gcc/arm-none-eabi/5.4.1/../../../../arm-none-eabi/lib/armv6-m\libg.a(lib_a-mprec.o)
                0x0800af7c                _Bfree
 .text.__multadd
                0x0800af90       0x8c c:/program files (x86)/gnu tools arm embedded/5.4 2016q3/bin/../lib/gcc/arm-none-eabi/5.4.1/../../../../arm-none-eabi/lib/armv6-m\libg.a(lib_a-mprec.o)
                0x0800af90                __multadd
 .text.__hi0bits
                0x0800b01c       0x3c c:/program files (x86)/gnu tools arm embedded/5.4 2016q3/bin/../lib/gcc/arm-none-eabi/5.4.1/../../../../arm-none-eabi/lib/armv6-m\libg.a(lib_a-mprec.o)
                0x0800b01c                __hi0bits
 .text.__lo0bits
                0x0800b058       0x5c c:/program files (x86)/gnu tools arm embedded/5.4 2016q3/bin/../lib/gcc/arm-none-eabi/5.4.1/../../../../arm-none-eabi/lib/armv6-m\libg.a(lib_a-mprec.o)
                0x0800b058                __lo0bits
 .text.__i2b    0x0800b0b4       0x14 c:/program files (x86)/gnu tools arm embedded/5.4 2016q3/bin/../lib/gcc/arm-none-eabi/5.4.1/../../../../arm-none-eabi/lib/armv6-m\libg.a(lib_a-mprec.o)
                0x0800b0b4                __i2b
 .text.__multiply
                0x0800b0c8      0x15c c:/program files (x86)/gnu tools arm embedded/5.4 2016q3/bin/../lib/gcc/arm-none-eabi/5.4.1/../../../../arm-none-eabi/lib/armv6-m\libg.a(lib_a-mprec.o)
                0x0800b0c8                __multiply
 .text.__pow5mult
                0x0800b224       0xbc c:/program files (x86)/gnu tools arm embedded/5.4 2016q3/bin/../lib/gcc/arm-none-eabi/5.4.1/../../../../arm-none-eabi/lib/armv6-m\libg.a(lib_a-mprec.o)
                0x0800b224                __pow5mult
 .text.__lshift
                0x0800b2e0       0xc0 c:/program files (x86)/gnu tools arm embedded/5.4 2016q3/bin/../lib/gcc/arm-none-eabi/5.4.1/../../../../arm-none-eabi/lib/armv6-m\libg.a(lib_a-mprec.o)
                0x0800b2e0                __lshift
 .text.__mcmp   0x0800b3a0       0x3c c:/program files (x86)/gnu tools arm embedded/5.4 2016q3/bin/../lib/gcc/arm-none-eabi/5.4.1/../../../../arm-none-eabi/lib/armv6-m\libg.a(lib_a-mprec.o)
                0x0800b3a0                __mcmp
 .text.__mdiff  0x0800b3dc      0x11c c:/program files (x86)/gnu tools arm embedded/5.4 2016q3/bin/../lib/gcc/arm-none-eabi/5.4.1/../../../../arm-none-eabi/lib/armv6-m\libg.a(lib_a-mprec.o)
                0x0800b3dc                __mdiff
 .text.__d2b    0x0800b4f8       0xbc c:/program files (x86)/gnu tools arm embedded/5.4 2016q3/bin/../lib/gcc/arm-none-eabi/5.4.1/../../../../arm-none-eabi/lib/armv6-m\libg.a(lib_a-mprec.o)
                0x0800b4f8                __d2b
 .text._sbrk_r  0x0800b5b4       0x24 c:/program files (x86)/gnu tools arm embedded/5.4 2016q3/bin/../lib/gcc/arm-none-eabi/5.4.1/../../../../arm-none-eabi/lib/armv6-m\libg.a(lib_a-sbrkr.o)
                0x0800b5b4                _sbrk_r
 .text.strlen   0x0800b5d8       0x68 c:/program files (x86)/gnu tools arm embedded/5.4 2016q3/bin/../lib/gcc/arm-none-eabi/5.4.1/../../../../arm-none-eabi/lib/armv6-m\libg.a(lib_a-strlen-stub.o)
                0x0800b5d8                strlen
 .text.__ssprint_r
                0x0800b640      0x130 c:/program files (x86)/gnu tools arm embedded/5.4 2016q3/bin/../lib/gcc/arm-none-eabi/5.4.1/../../../../arm-none-eabi/lib/armv6-m\libg.a(lib_a-svfiprintf.o)
                0x0800b640                __ssprint_r
 .text.__register_exitproc
                0x0800b770       0xd4 c:/program files (x86)/gnu tools arm embedded/5.4 2016q3/bin/../lib/gcc/arm-none-eabi/5.4.1/../../../../arm-none-eabi/lib/armv6-m\libg.a(lib_a-__atexit.o)
                0x0800b770                __register_exitproc
 .text._calloc_r
                0x0800b844       0x60 c:/program files (x86)/gnu tools arm embedded/5.4 2016q3/bin/../lib/gcc/arm-none-eabi/5.4.1/../../../../arm-none-eabi/lib/armv6-m\libg.a(lib_a-callocr.o)
                0x0800b844                _calloc_r
 .text._malloc_trim_r
                0x0800b8a4       0xa0 c:/program files (x86)/gnu tools arm embedded/5.4 2016q3/bin/../lib/gcc/arm-none-eabi/5.4.1/../../../../arm-none-eabi/lib/armv6-m\libg.a(lib_a-freer.o)
                0x0800b8a4                _malloc_trim_r
 .text._free_r  0x0800b944      0x1c4 c:/program files (x86)/gnu tools arm embedded/5.4 2016q3/bin/../lib/gcc/arm-none-eabi/5.4.1/../../../../arm-none-eabi/lib/armv6-m\libg.a(lib_a-freer.o)
                0x0800b944                _free_r
 .text.__ascii_mbtowc
                0x0800bb08       0x2c c:/program files (x86)/gnu tools arm embedded/5.4 2016q3/bin/../lib/gcc/arm-none-eabi/5.4.1/../../../../arm-none-eabi/lib/armv6-m\libg.a(lib_a-mbtowc_r.o)
                0x0800bb08                __ascii_mbtowc
 .text.memmove  0x0800bb34       0x98 c:/program files (x86)/gnu tools arm embedded/5.4 2016q3/bin/../lib/gcc/arm-none-eabi/5.4.1/../../../../arm-none-eabi/lib/armv6-m\libg.a(lib_a-memmove.o)
                0x0800bb34                memmove
 .text._realloc_r
                0x0800bbcc      0x3dc c:/program files (x86)/gnu tools arm embedded/5.4 2016q3/bin/../lib/gcc/arm-none-eabi/5.4.1/../../../../arm-none-eabi/lib/armv6-m\libg.a(lib_a-reallocr.o)
                0x0800bbcc                _realloc_r
 .text.__ascii_wctomb
                0x0800bfa8       0x1c c:/program files (x86)/gnu tools arm embedded/5.4 2016q3/bin/../lib/gcc/arm-none-eabi/5.4.1/../../../../arm-none-eabi/lib/armv6-m\libg.a(lib_a-wctomb_r.o)
                0x0800bfa8                __ascii_wctomb
 .text          0x0800bfc4       0x7c c:/program files (x86)/gnu tools arm embedded/5.4 2016q3/bin/../lib/gcc/arm-none-eabi/5.4.1/armv6-m\libgcc.a(_arm_cmpdf2.o)
                0x0800bfc4                __aeabi_cdrcmple
                0x0800bfd4                __aeabi_cdcmple
                0x0800bfd4                __aeabi_cdcmpeq
                0x0800bfe4                __aeabi_dcmpeq
                0x0800bff0                __aeabi_dcmplt
                0x0800c004                __aeabi_dcmple
                0x0800c018                __aeabi_dcmpgt
                0x0800c02c                __aeabi_dcmpge
 .text          0x0800c040       0x40 c:/program files (x86)/gnu tools arm embedded/5.4 2016q3/bin/../lib/gcc/arm-none-eabi/5.4.1/armv6-m\libgcc.a(_aeabi_uldivmod.o)
                0x0800c040                __aeabi_uldivmod
 .text          0x0800c080      0x180 c:/program files (x86)/gnu tools arm embedded/5.4 2016q3/bin/../lib/gcc/arm-none-eabi/5.4.1/armv6-m\libgcc.a(_udivmoddi4.o)
                0x0800c080                __udivmoddi4
 .text          0x0800c200      0x658 c:/program files (x86)/gnu tools arm embedded/5.4 2016q3/bin/../lib/gcc/arm-none-eabi/5.4.1/armv6-m\libgcc.a(adddf3.o)
                0x0800c200                __aeabi_dadd
 .text          0x0800c858      0x62c c:/program files (x86)/gnu tools arm embedded/5.4 2016q3/bin/../lib/gcc/arm-none-eabi/5.4.1/armv6-m\libgcc.a(divdf3.o)
                0x0800c858                __aeabi_ddiv
 .text          0x0800ce84       0x80 c:/program files (x86)/gnu tools arm embedded/5.4 2016q3/bin/../lib/gcc/arm-none-eabi/5.4.1/armv6-m\libgcc.a(eqdf2.o)
                0x0800ce84                __nedf2
                0x0800ce84                __eqdf2
 .text          0x0800cf04       0xc8 c:/program files (x86)/gnu tools arm embedded/5.4 2016q3/bin/../lib/gcc/arm-none-eabi/5.4.1/armv6-m\libgcc.a(gedf2.o)
                0x0800cf04                __gedf2
                0x0800cf04                __gtdf2
 .text          0x0800cfcc       0xd4 c:/program files (x86)/gnu tools arm embedded/5.4 2016q3/bin/../lib/gcc/arm-none-eabi/5.4.1/armv6-m\libgcc.a(ledf2.o)
                0x0800cfcc                __ledf2
                0x0800cfcc                __ltdf2
 .text          0x0800d0a0      0x4f4 c:/program files (x86)/gnu tools arm embedded/5.4 2016q3/bin/../lib/gcc/arm-none-eabi/5.4.1/armv6-m\libgcc.a(muldf3.o)
                0x0800d0a0                __aeabi_dmul
 .text          0x0800d594      0x6a8 c:/program files (x86)/gnu tools arm embedded/5.4 2016q3/bin/../lib/gcc/arm-none-eabi/5.4.1/armv6-m\libgcc.a(subdf3.o)
                0x0800d594                __aeabi_dsub
 .text          0x0800dc3c       0x40 c:/program files (x86)/gnu tools arm embedded/5.4 2016q3/bin/../lib/gcc/arm-none-eabi/5.4.1/armv6-m\libgcc.a(unorddf2.o)
                0x0800dc3c                __aeabi_dcmpun
 .text          0x0800dc7c       0x6c c:/program files (x86)/gnu tools arm embedded/5.4 2016q3/bin/../lib/gcc/arm-none-eabi/5.4.1/armv6-m\libgcc.a(fixdfsi.o)
                0x0800dc7c                __aeabi_d2iz
 .text          0x0800dce8       0x84 c:/program files (x86)/gnu tools arm embedded/5.4 2016q3/bin/../lib/gcc/arm-none-eabi/5.4.1/armv6-m\libgcc.a(floatsidf.o)
                0x0800dce8                __aeabi_i2d
 .text          0x0800dd6c       0x70 c:/program files (x86)/gnu tools arm embedded/5.4 2016q3/bin/../lib/gcc/arm-none-eabi/5.4.1/armv6-m\libgcc.a(floatunsidf.o)
                0x0800dd6c                __aeabi_ui2d
 .text          0x0800dddc       0x3c c:/program files (x86)/gnu tools arm embedded/5.4 2016q3/bin/../lib/gcc/arm-none-eabi/5.4.1/armv6-m\libgcc.a(_clzsi2.o)
                0x0800dddc                __clzsi2
 .text          0x0800de18       0x18 c:/program files (x86)/gnu tools arm embedded/5.4 2016q3/bin/../lib/gcc/arm-none-eabi/5.4.1/armv6-m\libgcc.a(_clzdi2.o)
                0x0800de18                __clzdi2
 *(.init)
 .init          0x0800de30        0x4 c:/program files (x86)/gnu tools arm embedded/5.4 2016q3/bin/../lib/gcc/arm-none-eabi/5.4.1/armv6-m/crti.o
                0x0800de30                _init
 .init          0x0800de34        0x8 c:/program files (x86)/gnu tools arm embedded/5.4 2016q3/bin/../lib/gcc/arm-none-eabi/5.4.1/armv6-m/crtn.o
 *(.fini)
 .fini          0x0800de3c        0x4 c:/program files (x86)/gnu tools arm embedded/5.4 2016q3/bin/../lib/gcc/arm-none-eabi/5.4.1/armv6-m/crti.o
                0x0800de3c                _fini
 .fini          0x0800de40        0x8 c:/program files (x86)/gnu tools arm embedded/5.4 2016q3/bin/../lib/gcc/arm-none-eabi/5.4.1/armv6-m/crtn.o
 *crtbegin.o(.ctors)
 *crtbegin?.o(.ctors)
 *(EXCLUDE_FILE(*crtend.o *crtend?.o) .ctors)
 *(SORT(.ctors.*))
 *(.ctors)
 *crtbegin.o(.dtors)
 *crtbegin?.o(.dtors)
 *(EXCLUDE_FILE(*crtend.o *crtend?.o) .dtors)
 *(SORT(.dtors.*))
 *(.dtors)
 *(.rodata*)
 .rodata        0x0800de48       0xaa ..\obj\hc0x_bluetooth.o
 *fill*         0x0800def2        0x2 
 .rodata        0x0800def4       0x52 ..\obj\modbus_func.o
                0x0800df08                stHoldingRegArray
                0x0800df44                sizeOfHoldingRegister
 *fill*         0x0800df46        0x2 
 .rodata        0x0800df48      0x244 ..\obj\modbus.o
                0x0800df48                stCrcTable
 .rodata._global_impure_ptr
                0x0800e18c        0x4 c:/program files (x86)/gnu tools arm embedded/5.4 2016q3/bin/../lib/gcc/arm-none-eabi/5.4.1/../../../../arm-none-eabi/lib/armv6-m\libg.a(lib_a-impure.o)
                0x0800e18c                _global_impure_ptr
 .rodata._svfprintf_r
                0x0800e190      0x164 c:/program files (x86)/gnu tools arm embedded/5.4 2016q3/bin/../lib/gcc/arm-none-eabi/5.4.1/../../../../arm-none-eabi/lib/armv6-m\libg.a(lib_a-svfprintf.o)
 .rodata.zeroes.7256
                0x0800e2f4       0x10 c:/program files (x86)/gnu tools arm embedded/5.4 2016q3/bin/../lib/gcc/arm-none-eabi/5.4.1/../../../../arm-none-eabi/lib/armv6-m\libg.a(lib_a-svfprintf.o)
 .rodata.str1.4
                0x0800e304       0x42 c:/program files (x86)/gnu tools arm embedded/5.4 2016q3/bin/../lib/gcc/arm-none-eabi/5.4.1/../../../../arm-none-eabi/lib/armv6-m\libg.a(lib_a-svfprintf.o)
 *fill*         0x0800e346        0x2 
 .rodata.blanks.7255
                0x0800e348       0x10 c:/program files (x86)/gnu tools arm embedded/5.4 2016q3/bin/../lib/gcc/arm-none-eabi/5.4.1/../../../../arm-none-eabi/lib/armv6-m\libg.a(lib_a-svfprintf.o)
 .rodata.str1.4
                0x0800e358       0x10 c:/program files (x86)/gnu tools arm embedded/5.4 2016q3/bin/../lib/gcc/arm-none-eabi/5.4.1/../../../../arm-none-eabi/lib/armv6-m\libg.a(lib_a-dtoa.o)
                                 0x12 (size before relaxing)
 .rodata.__mprec_tens
                0x0800e368       0xc8 c:/program files (x86)/gnu tools arm embedded/5.4 2016q3/bin/../lib/gcc/arm-none-eabi/5.4.1/../../../../arm-none-eabi/lib/armv6-m\libg.a(lib_a-mprec.o)
                0x0800e368                __mprec_tens
 .rodata.p05.6085
                0x0800e430        0xc c:/program files (x86)/gnu tools arm embedded/5.4 2016q3/bin/../lib/gcc/arm-none-eabi/5.4.1/../../../../arm-none-eabi/lib/armv6-m\libg.a(lib_a-mprec.o)
 *fill*         0x0800e43c        0x4 
 .rodata.__mprec_bigtens
                0x0800e440       0x28 c:/program files (x86)/gnu tools arm embedded/5.4 2016q3/bin/../lib/gcc/arm-none-eabi/5.4.1/../../../../arm-none-eabi/lib/armv6-m\libg.a(lib_a-mprec.o)
                0x0800e440                __mprec_bigtens
 .rodata.str1.4
                0x0800e468       0x10 c:/program files (x86)/gnu tools arm embedded/5.4 2016q3/bin/../lib/gcc/arm-none-eabi/5.4.1/../../../../arm-none-eabi/lib/armv6-m\libg.a(lib_a-locale.o)
                                 0x12 (size before relaxing)
 .rodata._ctype_
                0x0800e478      0x101 c:/program files (x86)/gnu tools arm embedded/5.4 2016q3/bin/../lib/gcc/arm-none-eabi/5.4.1/../../../../arm-none-eabi/lib/armv6-m\libg.a(lib_a-ctype_.o)
                0x0800e478                _ctype_
 *fill*         0x0800e579        0x3 
 .rodata        0x0800e57c       0x40 c:/program files (x86)/gnu tools arm embedded/5.4 2016q3/bin/../lib/gcc/arm-none-eabi/5.4.1/armv6-m\libgcc.a(divdf3.o)
 .rodata        0x0800e5bc       0x40 c:/program files (x86)/gnu tools arm embedded/5.4 2016q3/bin/../lib/gcc/arm-none-eabi/5.4.1/armv6-m\libgcc.a(muldf3.o)
 *(.eh_fram e*)

.eh_frame       0x0800e5fc        0x0
 .eh_frame      0x0800e5fc        0x0 c:/program files (x86)/gnu tools arm embedded/5.4 2016q3/bin/../lib/gcc/arm-none-eabi/5.4.1/armv6-m/crtbegin.o

.glue_7         0x0800e5fc        0x0
 .glue_7        0x0800e5fc        0x0 linker stubs

.glue_7t        0x0800e5fc        0x0
 .glue_7t       0x0800e5fc        0x0 linker stubs

.vfp11_veneer   0x0800e5fc        0x0
 .vfp11_veneer  0x0800e5fc        0x0 linker stubs

.v4_bx          0x0800e5fc        0x0
 .v4_bx         0x0800e5fc        0x0 linker stubs

.iplt           0x0800e5fc        0x0
 .iplt          0x0800e5fc        0x0 c:/program files (x86)/gnu tools arm embedded/5.4 2016q3/bin/../lib/gcc/arm-none-eabi/5.4.1/armv6-m/crtbegin.o

.ARM.extab
 *(.ARM.extab* .gnu.linkonce.armextab.*)
                0x0800e5fc                __exidx_start = .

.ARM.exidx      0x0800e5fc        0x8
 *(.ARM.exidx* .gnu.linkonce.armexidx.*)
 .ARM.exidx     0x0800e5fc        0x8 c:/program files (x86)/gnu tools arm embedded/5.4 2016q3/bin/../lib/gcc/arm-none-eabi/5.4.1/armv6-m\libgcc.a(_udivmoddi4.o)
                0x0800e604                __exidx_end = .
                0x0800e604                __etext = .
                0x0800e604                _sidata = __etext

.rel.dyn        0x0800e604        0x0
 .rel.iplt      0x0800e604        0x0 c:/program files (x86)/gnu tools arm embedded/5.4 2016q3/bin/../lib/gcc/arm-none-eabi/5.4.1/armv6-m/crtbegin.o

.data           0x20000000      0xa78 load address 0x0800e604
                0x20000000                __data_start__ = .
                0x20000000                _sdata = __data_start__
 *(vtable)
 *(.data*)
 .data          0x20000000       0x86 ..\obj\uart.o
                0x20000000                uart1Tx
                0x20000044                uart2Tx
 *fill*         0x20000086        0x2 
 .data          0x20000088       0x10 ..\obj\stm32f0xx_rcc.o
 .data          0x20000098        0x4 ..\obj\modbus_func.o
                0x20000098                ulPar1
 .data          0x2000009c        0xc ..\obj\port.o
                0x2000009c                NVIC_INT_CTRL
                0x200000a0                NVIC_PENDSVSET
                0x200000a4                INT_EXIT
 .data          0x200000a8       0x14 ..\obj\system_stm32f0xx.o
                0x200000a8                SystemCoreClock
                0x200000ac                AHBPrescTable
 *fill*         0x200000bc        0x4 
 .data.impure_data
                0x200000c0      0x428 c:/program files (x86)/gnu tools arm embedded/5.4 2016q3/bin/../lib/gcc/arm-none-eabi/5.4.1/../../../../arm-none-eabi/lib/armv6-m\libg.a(lib_a-impure.o)
 .data._impure_ptr
                0x200004e8        0x4 c:/program files (x86)/gnu tools arm embedded/5.4 2016q3/bin/../lib/gcc/arm-none-eabi/5.4.1/../../../../arm-none-eabi/lib/armv6-m\libg.a(lib_a-impure.o)
                0x200004e8                _impure_ptr
 .data.__malloc_av_
                0x200004ec      0x408 c:/program files (x86)/gnu tools arm embedded/5.4 2016q3/bin/../lib/gcc/arm-none-eabi/5.4.1/../../../../arm-none-eabi/lib/armv6-m\libg.a(lib_a-mallocr.o)
                0x200004ec                __malloc_av_
 .data.__malloc_trim_threshold
                0x200008f4        0x4 c:/program files (x86)/gnu tools arm embedded/5.4 2016q3/bin/../lib/gcc/arm-none-eabi/5.4.1/../../../../arm-none-eabi/lib/armv6-m\libg.a(lib_a-mallocr.o)
                0x200008f4                __malloc_trim_threshold
 .data.__malloc_sbrk_base
                0x200008f8        0x4 c:/program files (x86)/gnu tools arm embedded/5.4 2016q3/bin/../lib/gcc/arm-none-eabi/5.4.1/../../../../arm-none-eabi/lib/armv6-m\libg.a(lib_a-mallocr.o)
                0x200008f8                __malloc_sbrk_base
 .data.__global_locale
                0x200008fc      0x16c c:/program files (x86)/gnu tools arm embedded/5.4 2016q3/bin/../lib/gcc/arm-none-eabi/5.4.1/../../../../arm-none-eabi/lib/armv6-m\libg.a(lib_a-locale.o)
                0x200008fc                __global_locale
                0x20000a68                . = ALIGN (0x4)
                0x20000a68                PROVIDE (__preinit_array_start, .)
 *(.preinit_array)
                0x20000a68                PROVIDE (__preinit_array_end, .)
                0x20000a68                . = ALIGN (0x4)
                0x20000a68                PROVIDE (__init_array_start, .)
 *(SORT(.init_array.*))
 .init_array.00000
                0x20000a68        0x4 c:/program files (x86)/gnu tools arm embedded/5.4 2016q3/bin/../lib/gcc/arm-none-eabi/5.4.1/../../../../arm-none-eabi/lib/armv6-m\libg.a(lib_a-__call_atexit.o)
 *(.init_array)
 .init_array    0x20000a6c        0x4 c:/program files (x86)/gnu tools arm embedded/5.4 2016q3/bin/../lib/gcc/arm-none-eabi/5.4.1/armv6-m/crtbegin.o
                0x20000a70                PROVIDE (__init_array_end, .)
                0x20000a70                . = ALIGN (0x4)
                0x20000a70                PROVIDE (__fini_array_start, .)
 *(SORT(.fini_array.*))
 *(.fini_array)
 .fini_array    0x20000a70        0x4 c:/program files (x86)/gnu tools arm embedded/5.4 2016q3/bin/../lib/gcc/arm-none-eabi/5.4.1/armv6-m/crtbegin.o
                0x20000a74                PROVIDE (__fini_array_end, .)
 *(.jcr*)
 .jcr           0x20000a74        0x0 c:/program files (x86)/gnu tools arm embedded/5.4 2016q3/bin/../lib/gcc/arm-none-eabi/5.4.1/armv6-m/crtbegin.o
 .jcr           0x20000a74        0x4 c:/program files (x86)/gnu tools arm embedded/5.4 2016q3/bin/../lib/gcc/arm-none-eabi/5.4.1/armv6-m/crtend.o
                0x20000a78                . = ALIGN (0x4)
                0x20000a78                __data_end__ = .
                0x20000a78                _edata = __data_end__

.igot.plt       0x20000a78        0x0 load address 0x0800f07c
 .igot.plt      0x20000a78        0x0 c:/program files (x86)/gnu tools arm embedded/5.4 2016q3/bin/../lib/gcc/arm-none-eabi/5.4.1/armv6-m/crtbegin.o

.bss            0x20000a78      0xcb0 load address 0x0800f080
                0x20000a78                . = ALIGN (0x4)
                0x20000a78                __bss_start__ = .
                0x20000a78                _sbss = __bss_start__
 *(.bss*)
 .bss           0x20000a78       0x1c c:/program files (x86)/gnu tools arm embedded/5.4 2016q3/bin/../lib/gcc/arm-none-eabi/5.4.1/armv6-m/crtbegin.o
 .bss           0x20000a94       0x4e ..\obj\i2c.o
                0x20000a94                ucI2CTxBuf
                0x20000ab4                ucI2CRxBuf
                0x20000ad4                stI2cMsgTx
                0x20000ad8                stI2cStatus
                0x20000ad9                ucI2CMasterSendStartStop
                0x20000adc                ulTempI2C
                0x20000ae0                uiTimerI2C
 *fill*         0x20000ae2        0x2 
 .bss           0x20000ae4      0x120 ..\obj\uart.o
                0x20000ae4                uart1Rx
                0x20000b6c                uart1Flags
                0x20000b71                uiTmp
                0x20000b72                uiTimerUart1
                0x20000b74                uart2Rx
                0x20000bfc                uart2Flags
                0x20000c02                uiTimerUart2
 .bss           0x20000c04       0x14 ..\obj\flag.o
                0x20000c04                FlagCrl
 .bss           0x20000c18        0x4 ..\obj\syscalls.o
 .bss           0x20000c1c        0x3 ..\obj\core.o
                0x20000c1c                OSIntNesting
                0x20000c1d                OSSchedLock
                0x20000c1e                TaskSchedReq
 *fill*         0x20000c1f        0x1 
 .bss           0x20000c20        0x8 ..\obj\arch.o
                0x20000c20                OSTickCnt
 .bss           0x20000c28       0x10 ..\obj\stepper_motor.o
                0x20000c28                stMotorA
                0x20000c30                stMotorB
 .bss           0x20000c38       0x2f ..\obj\serviceReq.o
                0x20000c38                ServiceReq
                0x20000c64                IsrReq
                0x20000c65                TimeReq
                0x20000c66                TimerReq
 *fill*         0x20000c67        0x1 
 .bss           0x20000c68      0x188 ..\obj\task.o
                0x20000c68                TCBTbl
                0x20000d70                idle_stk
                0x20000dd4                FreeTCB
                0x20000dd8                TCBRdy
                0x20000ddc                TCBNext
                0x20000de0                TCBRunning
                0x20000de8                OSCheckTime
 .bss           0x20000df0       0xd4 ..\obj\kernelHeap.o
                0x20000df0                KernelHeap
                0x20000eb8                FMBlist
                0x20000ebc                Kheap
 .bss           0x20000ec4        0x4 ..\obj\time.o
                0x20000ec4                DlyList
 .bss           0x20000ec8        0x8 ..\obj\hdc1080.o
                0x20000ec8                stTempHum
                0x20000ecc                stHDC1080Status
                0x20000ece                uiTimerHDC1080
 .bss           0x20000ed0       0x54 ..\obj\mutex.o
                0x20000ed0                MutexFreeID
                0x20000ed4                MutexTbl
 .bss           0x20000f24        0x2 ..\obj\modbus.o
                0x20000f24                uiWordQty
 *fill*         0x20000f26        0x2 
 .bss           0x20000f28       0x38 ..\obj\Ostimer.o
                0x20000f28                TmrTbl
                0x20000f58                TmrList
                0x20000f5c                TmrIDVessel
 .bss           0x20000f60      0x144 ..\obj\event.o
                0x20000f60                EventTbl
                0x200010a0                FreeEventList
 .bss.__malloc_max_total_mem
                0x200010a4        0x4 c:/program files (x86)/gnu tools arm embedded/5.4 2016q3/bin/../lib/gcc/arm-none-eabi/5.4.1/../../../../arm-none-eabi/lib/armv6-m\libg.a(lib_a-mallocr.o)
                0x200010a4                __malloc_max_total_mem
 .bss.__malloc_max_sbrked_mem
                0x200010a8        0x4 c:/program files (x86)/gnu tools arm embedded/5.4 2016q3/bin/../lib/gcc/arm-none-eabi/5.4.1/../../../../arm-none-eabi/lib/armv6-m\libg.a(lib_a-mallocr.o)
                0x200010a8                __malloc_max_sbrked_mem
 .bss.__malloc_top_pad
                0x200010ac        0x4 c:/program files (x86)/gnu tools arm embedded/5.4 2016q3/bin/../lib/gcc/arm-none-eabi/5.4.1/../../../../arm-none-eabi/lib/armv6-m\libg.a(lib_a-mallocr.o)
                0x200010ac                __malloc_top_pad
 .bss.__malloc_current_mallinfo
                0x200010b0       0x28 c:/program files (x86)/gnu tools arm embedded/5.4 2016q3/bin/../lib/gcc/arm-none-eabi/5.4.1/../../../../arm-none-eabi/lib/armv6-m\libg.a(lib_a-mallocr.o)
                0x200010b0                __malloc_current_mallinfo
 *(COMMON)
 COMMON         0x200010d8        0x8 ..\obj\i2c.o
                0x200010d8                i2cRxBufPtr
                0x200010dc                i2cTxBufPtr
 COMMON         0x200010e0        0xc ..\obj\gpio.o
                0x200010e0                ulOutputs
                0x200010e4                ulTmp
                0x200010e8                ulInputs
 COMMON         0x200010ec       0x14 ..\obj\modbus_func.o
                0x200010ec                ulMfTmp
                0x200010f0                ptruChar
                0x200010f4                uiMfTmp
                0x200010f8                uistMfTmp
                0x200010fc                ptruInt
 COMMON         0x20001100       0x10 ..\obj\modbus.o
                0x20001100                mbTxRxData
 COMMON         0x20001110        0xa ..\obj\pub_var.o
                0x20001110                sys_par
 *fill*         0x2000111a        0x2 
 COMMON         0x2000111c      0x606 ..\obj\main.o
                0x2000111c                flag_UartTimeout
                0x2000111d                mutex_I2C
                0x20001120                taskHDC1080_stk
                0x20001320                taskLed_stk
                0x20001520                taskUart_stk
                0x20001720                flag_StepperB
                0x20001721                flag_StepperA
 *fill*         0x20001722        0x2 
 COMMON         0x20001724        0x4 c:/program files (x86)/gnu tools arm embedded/5.4 2016q3/bin/../lib/gcc/arm-none-eabi/5.4.1/../../../../arm-none-eabi/lib/armv6-m\libg.a(lib_a-reent.o)
                0x20001724                errno
                0x20001728                . = ALIGN (0x4)
                0x20001728                __bss_end__ = .
                0x20001728                _ebss = __bss_end__

.heap           0x20001728        0x0
                0x20001728                __end__ = .
                0x20001728                _end = __end__
                0x20001728                end = __end__
 *(.heap*)
                0x20001728                __HeapLimit = .

.co_stack       0x20001728        0x0
                0x20001728                . = ALIGN (0x8)
 *(.co_stack .co_stack.*)
                0x20002000                __StackTop = (ORIGIN (ram) + LENGTH (ram))
                0x20002000                __StackLimit = (__StackTop - SIZEOF (.co_stack))
                0x20002000                PROVIDE (__stack, __StackTop)
                0x00000001                ASSERT ((__StackLimit >= __HeapLimit), region ram  overflowed with stack)
LOAD ..\obj\mbox.o
LOAD ..\obj\i2c.o
LOAD ..\obj\util.o
LOAD ..\obj\uart.o
LOAD ..\obj\flag.o
LOAD ..\obj\syscalls.o
LOAD ..\obj\core.o
LOAD ..\obj\arch.o
LOAD ..\obj\stepper_motor.o
LOAD ..\obj\serviceReq.o
LOAD ..\obj\timer.o
LOAD ..\obj\stm32f0xx_rcc.o
LOAD ..\obj\stm32f0xx_i2c.o
LOAD ..\obj\startup_stm32f0xx.o
LOAD ..\obj\task.o
LOAD ..\obj\hc0x_bluetooth.o
LOAD ..\obj\sem.o
LOAD ..\obj\gpio.o
LOAD ..\obj\kernelHeap.o
LOAD ..\obj\time.o
LOAD ..\obj\queue.o
LOAD ..\obj\stm32f0xx_gpio.o
LOAD ..\obj\hdc1080.o
LOAD ..\obj\mutex.o
LOAD ..\obj\mm.o
LOAD ..\obj\stm32f0xx_dma.o
LOAD ..\obj\modbus_func.o
LOAD ..\obj\modbus.o
LOAD ..\obj\pub_var.o
LOAD ..\obj\Ostimer.o
LOAD ..\obj\stm32f0xx_usart.o
LOAD ..\obj\port.o
LOAD ..\obj\system_stm32f0xx.o
LOAD ..\obj\utility.o
LOAD ..\obj\main.o
LOAD ..\obj\event.o
LOAD ..\obj\stm32f0xx_misc.o
LOAD ..\obj\hook.o
START GROUP
LOAD c:/program files (x86)/gnu tools arm embedded/5.4 2016q3/bin/../lib/gcc/arm-none-eabi/5.4.1/armv6-m\libgcc.a
LOAD c:/program files (x86)/gnu tools arm embedded/5.4 2016q3/bin/../lib/gcc/arm-none-eabi/5.4.1/../../../../arm-none-eabi/lib/armv6-m\libg.a
LOAD c:/program files (x86)/gnu tools arm embedded/5.4 2016q3/bin/../lib/gcc/arm-none-eabi/5.4.1/../../../../arm-none-eabi/lib/armv6-m\libc.a
END GROUP
LOAD c:/program files (x86)/gnu tools arm embedded/5.4 2016q3/bin/../lib/gcc/arm-none-eabi/5.4.1/armv6-m/crtend.o
LOAD c:/program files (x86)/gnu tools arm embedded/5.4 2016q3/bin/../lib/gcc/arm-none-eabi/5.4.1/armv6-m/crtn.o
OUTPUT(STM32F030_V2.elf elf32-littlearm)

.ARM.attributes
                0x00000000       0x28
 .ARM.attributes
                0x00000000       0x1e c:/program files (x86)/gnu tools arm embedded/5.4 2016q3/bin/../lib/gcc/arm-none-eabi/5.4.1/armv6-m/crti.o
 .ARM.attributes
                0x0000001e       0x2c c:/program files (x86)/gnu tools arm embedded/5.4 2016q3/bin/../lib/gcc/arm-none-eabi/5.4.1/armv6-m/crtbegin.o
 .ARM.attributes
                0x0000004a       0x31 ..\obj\i2c.o
 .ARM.attributes
                0x0000007b       0x31 ..\obj\util.o
 .ARM.attributes
                0x000000ac       0x31 ..\obj\uart.o
 .ARM.attributes
                0x000000dd       0x31 ..\obj\flag.o
 .ARM.attributes
                0x0000010e       0x31 ..\obj\syscalls.o
 .ARM.attributes
                0x0000013f       0x31 ..\obj\core.o
 .ARM.attributes
                0x00000170       0x31 ..\obj\arch.o
 .ARM.attributes
                0x000001a1       0x31 ..\obj\stepper_motor.o
 .ARM.attributes
                0x000001d2       0x31 ..\obj\serviceReq.o
 .ARM.attributes
                0x00000203       0x31 ..\obj\timer.o
 .ARM.attributes
                0x00000234       0x31 ..\obj\stm32f0xx_rcc.o
 .ARM.attributes
                0x00000265       0x21 ..\obj\startup_stm32f0xx.o
 .ARM.attributes
                0x00000286       0x31 ..\obj\task.o
 .ARM.attributes
                0x000002b7       0x31 ..\obj\hc0x_bluetooth.o
 .ARM.attributes
                0x000002e8       0x31 ..\obj\gpio.o
 .ARM.attributes
                0x00000319       0x31 ..\obj\kernelHeap.o
 .ARM.attributes
                0x0000034a       0x31 ..\obj\time.o
 .ARM.attributes
                0x0000037b       0x31 ..\obj\stm32f0xx_gpio.o
 .ARM.attributes
                0x000003ac       0x31 ..\obj\hdc1080.o
 .ARM.attributes
                0x000003dd       0x31 ..\obj\mutex.o
 .ARM.attributes
                0x0000040e       0x31 ..\obj\stm32f0xx_dma.o
 .ARM.attributes
                0x0000043f       0x31 ..\obj\modbus_func.o
 .ARM.attributes
                0x00000470       0x31 ..\obj\modbus.o
 .ARM.attributes
                0x000004a1       0x31 ..\obj\pub_var.o
 .ARM.attributes
                0x000004d2       0x31 ..\obj\Ostimer.o
 .ARM.attributes
                0x00000503       0x31 ..\obj\stm32f0xx_usart.o
 .ARM.attributes
                0x00000534       0x31 ..\obj\port.o
 .ARM.attributes
                0x00000565       0x31 ..\obj\system_stm32f0xx.o
 .ARM.attributes
                0x00000596       0x31 ..\obj\main.o
 .ARM.attributes
                0x000005c7       0x31 ..\obj\event.o
 .ARM.attributes
                0x000005f8       0x31 ..\obj\stm32f0xx_misc.o
 .ARM.attributes
                0x00000629       0x31 ..\obj\hook.o
 .ARM.attributes
                0x0000065a       0x1e c:/program files (x86)/gnu tools arm embedded/5.4 2016q3/bin/../lib/gcc/arm-none-eabi/5.4.1/armv6-m\libgcc.a(_udivsi3.o)
 .ARM.attributes
                0x00000678       0x1e c:/program files (x86)/gnu tools arm embedded/5.4 2016q3/bin/../lib/gcc/arm-none-eabi/5.4.1/armv6-m\libgcc.a(_divsi3.o)
 .ARM.attributes
                0x00000696       0x1e c:/program files (x86)/gnu tools arm embedded/5.4 2016q3/bin/../lib/gcc/arm-none-eabi/5.4.1/armv6-m\libgcc.a(_dvmd_tls.o)
 .ARM.attributes
                0x000006b4       0x2c c:/program files (x86)/gnu tools arm embedded/5.4 2016q3/bin/../lib/gcc/arm-none-eabi/5.4.1/../../../../arm-none-eabi/lib/armv6-m\libg.a(lib_a-impure.o)
 .ARM.attributes
                0x000006e0       0x2c c:/program files (x86)/gnu tools arm embedded/5.4 2016q3/bin/../lib/gcc/arm-none-eabi/5.4.1/../../../../arm-none-eabi/lib/armv6-m\libg.a(lib_a-memcpy-stub.o)
 .ARM.attributes
                0x0000070c       0x2c c:/program files (x86)/gnu tools arm embedded/5.4 2016q3/bin/../lib/gcc/arm-none-eabi/5.4.1/../../../../arm-none-eabi/lib/armv6-m\libg.a(lib_a-memset.o)
 .ARM.attributes
                0x00000738       0x2c c:/program files (x86)/gnu tools arm embedded/5.4 2016q3/bin/../lib/gcc/arm-none-eabi/5.4.1/../../../../arm-none-eabi/lib/armv6-m\libg.a(lib_a-sprintf.o)
 .ARM.attributes
                0x00000764       0x2c c:/program files (x86)/gnu tools arm embedded/5.4 2016q3/bin/../lib/gcc/arm-none-eabi/5.4.1/../../../../arm-none-eabi/lib/armv6-m\libg.a(lib_a-svfprintf.o)
 .ARM.attributes
                0x00000790       0x2c c:/program files (x86)/gnu tools arm embedded/5.4 2016q3/bin/../lib/gcc/arm-none-eabi/5.4.1/../../../../arm-none-eabi/lib/armv6-m\libg.a(lib_a-__call_atexit.o)
 .ARM.attributes
                0x000007bc       0x2c c:/program files (x86)/gnu tools arm embedded/5.4 2016q3/bin/../lib/gcc/arm-none-eabi/5.4.1/../../../../arm-none-eabi/lib/armv6-m\libg.a(lib_a-atexit.o)
 .ARM.attributes
                0x000007e8       0x2c c:/program files (x86)/gnu tools arm embedded/5.4 2016q3/bin/../lib/gcc/arm-none-eabi/5.4.1/../../../../arm-none-eabi/lib/armv6-m\libg.a(lib_a-dtoa.o)
 .ARM.attributes
                0x00000814       0x2c c:/program files (x86)/gnu tools arm embedded/5.4 2016q3/bin/../lib/gcc/arm-none-eabi/5.4.1/../../../../arm-none-eabi/lib/armv6-m\libg.a(lib_a-fini.o)
 .ARM.attributes
                0x00000840       0x2c c:/program files (x86)/gnu tools arm embedded/5.4 2016q3/bin/../lib/gcc/arm-none-eabi/5.4.1/../../../../arm-none-eabi/lib/armv6-m\libg.a(lib_a-localeconv.o)
 .ARM.attributes
                0x0000086c       0x2c c:/program files (x86)/gnu tools arm embedded/5.4 2016q3/bin/../lib/gcc/arm-none-eabi/5.4.1/../../../../arm-none-eabi/lib/armv6-m\libg.a(lib_a-mallocr.o)
 .ARM.attributes
                0x00000898       0x2c c:/program files (x86)/gnu tools arm embedded/5.4 2016q3/bin/../lib/gcc/arm-none-eabi/5.4.1/../../../../arm-none-eabi/lib/armv6-m\libg.a(lib_a-memchr-stub.o)
 .ARM.attributes
                0x000008c4       0x2c c:/program files (x86)/gnu tools arm embedded/5.4 2016q3/bin/../lib/gcc/arm-none-eabi/5.4.1/../../../../arm-none-eabi/lib/armv6-m\libg.a(lib_a-mlock.o)
 .ARM.attributes
                0x000008f0       0x2c c:/program files (x86)/gnu tools arm embedded/5.4 2016q3/bin/../lib/gcc/arm-none-eabi/5.4.1/../../../../arm-none-eabi/lib/armv6-m\libg.a(lib_a-mprec.o)
 .ARM.attributes
                0x0000091c       0x2c c:/program files (x86)/gnu tools arm embedded/5.4 2016q3/bin/../lib/gcc/arm-none-eabi/5.4.1/../../../../arm-none-eabi/lib/armv6-m\libg.a(lib_a-sbrkr.o)
 .ARM.attributes
                0x00000948       0x2c c:/program files (x86)/gnu tools arm embedded/5.4 2016q3/bin/../lib/gcc/arm-none-eabi/5.4.1/../../../../arm-none-eabi/lib/armv6-m\libg.a(lib_a-strlen-stub.o)
 .ARM.attributes
                0x00000974       0x2c c:/program files (x86)/gnu tools arm embedded/5.4 2016q3/bin/../lib/gcc/arm-none-eabi/5.4.1/../../../../arm-none-eabi/lib/armv6-m\libg.a(lib_a-svfiprintf.o)
 .ARM.attributes
                0x000009a0       0x2c c:/program files (x86)/gnu tools arm embedded/5.4 2016q3/bin/../lib/gcc/arm-none-eabi/5.4.1/../../../../arm-none-eabi/lib/armv6-m\libg.a(lib_a-__atexit.o)
 .ARM.attributes
                0x000009cc       0x2c c:/program files (x86)/gnu tools arm embedded/5.4 2016q3/bin/../lib/gcc/arm-none-eabi/5.4.1/../../../../arm-none-eabi/lib/armv6-m\libg.a(lib_a-callocr.o)
 .ARM.attributes
                0x000009f8       0x2c c:/program files (x86)/gnu tools arm embedded/5.4 2016q3/bin/../lib/gcc/arm-none-eabi/5.4.1/../../../../arm-none-eabi/lib/armv6-m\libg.a(lib_a-freer.o)
 .ARM.attributes
                0x00000a24       0x2c c:/program files (x86)/gnu tools arm embedded/5.4 2016q3/bin/../lib/gcc/arm-none-eabi/5.4.1/../../../../arm-none-eabi/lib/armv6-m\libg.a(lib_a-locale.o)
 .ARM.attributes
                0x00000a50       0x2c c:/program files (x86)/gnu tools arm embedded/5.4 2016q3/bin/../lib/gcc/arm-none-eabi/5.4.1/../../../../arm-none-eabi/lib/armv6-m\libg.a(lib_a-mbtowc_r.o)
 .ARM.attributes
                0x00000a7c       0x2c c:/program files (x86)/gnu tools arm embedded/5.4 2016q3/bin/../lib/gcc/arm-none-eabi/5.4.1/../../../../arm-none-eabi/lib/armv6-m\libg.a(lib_a-memmove.o)
 .ARM.attributes
                0x00000aa8       0x2c c:/program files (x86)/gnu tools arm embedded/5.4 2016q3/bin/../lib/gcc/arm-none-eabi/5.4.1/../../../../arm-none-eabi/lib/armv6-m\libg.a(lib_a-reallocr.o)
 .ARM.attributes
                0x00000ad4       0x2c c:/program files (x86)/gnu tools arm embedded/5.4 2016q3/bin/../lib/gcc/arm-none-eabi/5.4.1/../../../../arm-none-eabi/lib/armv6-m\libg.a(lib_a-reent.o)
 .ARM.attributes
                0x00000b00       0x2c c:/program files (x86)/gnu tools arm embedded/5.4 2016q3/bin/../lib/gcc/arm-none-eabi/5.4.1/../../../../arm-none-eabi/lib/armv6-m\libg.a(lib_a-wctomb_r.o)
 .ARM.attributes
                0x00000b2c       0x2c c:/program files (x86)/gnu tools arm embedded/5.4 2016q3/bin/../lib/gcc/arm-none-eabi/5.4.1/../../../../arm-none-eabi/lib/armv6-m\libg.a(lib_a-ctype_.o)
 .ARM.attributes
                0x00000b58       0x1e c:/program files (x86)/gnu tools arm embedded/5.4 2016q3/bin/../lib/gcc/arm-none-eabi/5.4.1/armv6-m\libgcc.a(_arm_cmpdf2.o)
 .ARM.attributes
                0x00000b76       0x1e c:/program files (x86)/gnu tools arm embedded/5.4 2016q3/bin/../lib/gcc/arm-none-eabi/5.4.1/armv6-m\libgcc.a(_aeabi_uldivmod.o)
 .ARM.attributes
                0x00000b94       0x2c c:/program files (x86)/gnu tools arm embedded/5.4 2016q3/bin/../lib/gcc/arm-none-eabi/5.4.1/armv6-m\libgcc.a(_udivmoddi4.o)
 .ARM.attributes
                0x00000bc0       0x2c c:/program files (x86)/gnu tools arm embedded/5.4 2016q3/bin/../lib/gcc/arm-none-eabi/5.4.1/armv6-m\libgcc.a(adddf3.o)
 .ARM.attributes
                0x00000bec       0x2c c:/program files (x86)/gnu tools arm embedded/5.4 2016q3/bin/../lib/gcc/arm-none-eabi/5.4.1/armv6-m\libgcc.a(divdf3.o)
 .ARM.attributes
                0x00000c18       0x2c c:/program files (x86)/gnu tools arm embedded/5.4 2016q3/bin/../lib/gcc/arm-none-eabi/5.4.1/armv6-m\libgcc.a(eqdf2.o)
 .ARM.attributes
                0x00000c44       0x2c c:/program files (x86)/gnu tools arm embedded/5.4 2016q3/bin/../lib/gcc/arm-none-eabi/5.4.1/armv6-m\libgcc.a(gedf2.o)
 .ARM.attributes
                0x00000c70       0x2c c:/program files (x86)/gnu tools arm embedded/5.4 2016q3/bin/../lib/gcc/arm-none-eabi/5.4.1/armv6-m\libgcc.a(ledf2.o)
 .ARM.attributes
                0x00000c9c       0x2c c:/program files (x86)/gnu tools arm embedded/5.4 2016q3/bin/../lib/gcc/arm-none-eabi/5.4.1/armv6-m\libgcc.a(muldf3.o)
 .ARM.attributes
                0x00000cc8       0x2c c:/program files (x86)/gnu tools arm embedded/5.4 2016q3/bin/../lib/gcc/arm-none-eabi/5.4.1/armv6-m\libgcc.a(subdf3.o)
 .ARM.attributes
                0x00000cf4       0x2c c:/program files (x86)/gnu tools arm embedded/5.4 2016q3/bin/../lib/gcc/arm-none-eabi/5.4.1/armv6-m\libgcc.a(unorddf2.o)
 .ARM.attributes
                0x00000d20       0x2c c:/program files (x86)/gnu tools arm embedded/5.4 2016q3/bin/../lib/gcc/arm-none-eabi/5.4.1/armv6-m\libgcc.a(fixdfsi.o)
 .ARM.attributes
                0x00000d4c       0x2c c:/program files (x86)/gnu tools arm embedded/5.4 2016q3/bin/../lib/gcc/arm-none-eabi/5.4.1/armv6-m\libgcc.a(floatsidf.o)
 .ARM.attributes
                0x00000d78       0x2c c:/program files (x86)/gnu tools arm embedded/5.4 2016q3/bin/../lib/gcc/arm-none-eabi/5.4.1/armv6-m\libgcc.a(floatunsidf.o)
 .ARM.attributes
                0x00000da4       0x1e c:/program files (x86)/gnu tools arm embedded/5.4 2016q3/bin/../lib/gcc/arm-none-eabi/5.4.1/armv6-m\libgcc.a(_clzsi2.o)
 .ARM.attributes
                0x00000dc2       0x1e c:/program files (x86)/gnu tools arm embedded/5.4 2016q3/bin/../lib/gcc/arm-none-eabi/5.4.1/armv6-m\libgcc.a(_clzdi2.o)
 .ARM.attributes
                0x00000de0       0x2c c:/program files (x86)/gnu tools arm embedded/5.4 2016q3/bin/../lib/gcc/arm-none-eabi/5.4.1/armv6-m/crtend.o
 .ARM.attributes
                0x00000e0c       0x1e c:/program files (x86)/gnu tools arm embedded/5.4 2016q3/bin/../lib/gcc/arm-none-eabi/5.4.1/armv6-m/crtn.o

.comment        0x00000000       0x6e
 .comment       0x00000000       0x6e ..\obj\i2c.o
                                 0x6f (size before relaxing)
 .comment       0x0000006e       0x6f ..\obj\util.o
 .comment       0x0000006e       0x6f ..\obj\uart.o
 .comment       0x0000006e       0x6f ..\obj\flag.o
 .comment       0x0000006e       0x6f ..\obj\syscalls.o
 .comment       0x0000006e       0x6f ..\obj\core.o
 .comment       0x0000006e       0x6f ..\obj\arch.o
 .comment       0x0000006e       0x6f ..\obj\stepper_motor.o
 .comment       0x0000006e       0x6f ..\obj\serviceReq.o
 .comment       0x0000006e       0x6f ..\obj\timer.o
 .comment       0x0000006e       0x6f ..\obj\stm32f0xx_rcc.o
 .comment       0x0000006e       0x6f ..\obj\task.o
 .comment       0x0000006e       0x6f ..\obj\hc0x_bluetooth.o
 .comment       0x0000006e       0x6f ..\obj\gpio.o
 .comment       0x0000006e       0x6f ..\obj\kernelHeap.o
 .comment       0x0000006e       0x6f ..\obj\time.o
 .comment       0x0000006e       0x6f ..\obj\stm32f0xx_gpio.o
 .comment       0x0000006e       0x6f ..\obj\hdc1080.o
 .comment       0x0000006e       0x6f ..\obj\mutex.o
 .comment       0x0000006e       0x6f ..\obj\stm32f0xx_dma.o
 .comment       0x0000006e       0x6f ..\obj\modbus_func.o
 .comment       0x0000006e       0x6f ..\obj\modbus.o
 .comment       0x0000006e       0x6f ..\obj\pub_var.o
 .comment       0x0000006e       0x6f ..\obj\Ostimer.o
 .comment       0x0000006e       0x6f ..\obj\stm32f0xx_usart.o
 .comment       0x0000006e       0x6f ..\obj\port.o
 .comment       0x0000006e       0x6f ..\obj\system_stm32f0xx.o
 .comment       0x0000006e       0x6f ..\obj\main.o
 .comment       0x0000006e       0x6f ..\obj\event.o
 .comment       0x0000006e       0x6f ..\obj\stm32f0xx_misc.o
 .comment       0x0000006e       0x6f ..\obj\hook.o

.debug_info     0x00000000     0x8cea
 .debug_info    0x00000000      0x6dd ..\obj\i2c.o
 .debug_info    0x000006dd      0x1a6 ..\obj\util.o
 .debug_info    0x00000883      0xa03 ..\obj\uart.o
 .debug_info    0x00001286      0x639 ..\obj\flag.o
 .debug_info    0x000018bf      0x458 ..\obj\syscalls.o
 .debug_info    0x00001d17      0x2c9 ..\obj\core.o
 .debug_info    0x00001fe0      0x2fe ..\obj\arch.o
 .debug_info    0x000022de      0x2a3 ..\obj\stepper_motor.o
 .debug_info    0x00002581      0x1e5 ..\obj\serviceReq.o
 .debug_info    0x00002766      0x675 ..\obj\timer.o
 .debug_info    0x00002ddb      0xa5c ..\obj\stm32f0xx_rcc.o
 .debug_info    0x00003837       0xd0 ..\obj\startup_stm32f0xx.o
 .debug_info    0x00003907      0x665 ..\obj\task.o
 .debug_info    0x00003f6c      0x371 ..\obj\hc0x_bluetooth.o
 .debug_info    0x000042dd      0x3e9 ..\obj\gpio.o
 .debug_info    0x000046c6      0x2d3 ..\obj\kernelHeap.o
 .debug_info    0x00004999      0x3d2 ..\obj\time.o
 .debug_info    0x00004d6b      0x5e7 ..\obj\stm32f0xx_gpio.o
 .debug_info    0x00005352      0x35f ..\obj\hdc1080.o
 .debug_info    0x000056b1      0x475 ..\obj\mutex.o
 .debug_info    0x00005b26      0x4b5 ..\obj\stm32f0xx_dma.o
 .debug_info    0x00005fdb      0x4f0 ..\obj\modbus_func.o
 .debug_info    0x000064cb      0x3ea ..\obj\modbus.o
 .debug_info    0x000068b5      0x137 ..\obj\pub_var.o
 .debug_info    0x000069ec      0x3bf ..\obj\Ostimer.o
 .debug_info    0x00006dab      0xe5c ..\obj\stm32f0xx_usart.o
 .debug_info    0x00007c07      0x196 ..\obj\port.o
 .debug_info    0x00007d9d      0x2fd ..\obj\system_stm32f0xx.o
 .debug_info    0x0000809a      0x3fa ..\obj\main.o
 .debug_info    0x00008494      0x42c ..\obj\event.o
 .debug_info    0x000088c0      0x36e ..\obj\stm32f0xx_misc.o
 .debug_info    0x00008c2e       0xbc ..\obj\hook.o

.debug_abbrev   0x00000000     0x283b
 .debug_abbrev  0x00000000      0x1b9 ..\obj\i2c.o
 .debug_abbrev  0x000001b9       0xa1 ..\obj\util.o
 .debug_abbrev  0x0000025a      0x22f ..\obj\uart.o
 .debug_abbrev  0x00000489      0x1b1 ..\obj\flag.o
 .debug_abbrev  0x0000063a       0xe5 ..\obj\syscalls.o
 .debug_abbrev  0x0000071f       0xf5 ..\obj\core.o
 .debug_abbrev  0x00000814      0x111 ..\obj\arch.o
 .debug_abbrev  0x00000925       0xfe ..\obj\stepper_motor.o
 .debug_abbrev  0x00000a23      0x114 ..\obj\serviceReq.o
 .debug_abbrev  0x00000b37      0x12d ..\obj\timer.o
 .debug_abbrev  0x00000c64      0x1ee ..\obj\stm32f0xx_rcc.o
 .debug_abbrev  0x00000e52       0x12 ..\obj\startup_stm32f0xx.o
 .debug_abbrev  0x00000e64      0x1ef ..\obj\task.o
 .debug_abbrev  0x00001053      0x122 ..\obj\hc0x_bluetooth.o
 .debug_abbrev  0x00001175      0x10c ..\obj\gpio.o
 .debug_abbrev  0x00001281      0x14f ..\obj\kernelHeap.o
 .debug_abbrev  0x000013d0      0x194 ..\obj\time.o
 .debug_abbrev  0x00001564      0x19f ..\obj\stm32f0xx_gpio.o
 .debug_abbrev  0x00001703      0x146 ..\obj\hdc1080.o
 .debug_abbrev  0x00001849      0x15f ..\obj\mutex.o
 .debug_abbrev  0x000019a8      0x170 ..\obj\stm32f0xx_dma.o
 .debug_abbrev  0x00001b18      0x151 ..\obj\modbus_func.o
 .debug_abbrev  0x00001c69      0x155 ..\obj\modbus.o
 .debug_abbrev  0x00001dbe       0x92 ..\obj\pub_var.o
 .debug_abbrev  0x00001e50      0x194 ..\obj\Ostimer.o
 .debug_abbrev  0x00001fe4      0x15e ..\obj\stm32f0xx_usart.o
 .debug_abbrev  0x00002142       0xcf ..\obj\port.o
 .debug_abbrev  0x00002211      0x136 ..\obj\system_stm32f0xx.o
 .debug_abbrev  0x00002347      0x151 ..\obj\main.o
 .debug_abbrev  0x00002498      0x1d4 ..\obj\event.o
 .debug_abbrev  0x0000266c      0x145 ..\obj\stm32f0xx_misc.o
 .debug_abbrev  0x000027b1       0x8a ..\obj\hook.o

.debug_aranges  0x00000000      0x408
 .debug_aranges
                0x00000000       0x20 ..\obj\i2c.o
 .debug_aranges
                0x00000020       0x20 ..\obj\util.o
 .debug_aranges
                0x00000040       0x20 ..\obj\uart.o
 .debug_aranges
                0x00000060       0x20 ..\obj\flag.o
 .debug_aranges
                0x00000080       0x20 ..\obj\syscalls.o
 .debug_aranges
                0x000000a0       0x20 ..\obj\core.o
 .debug_aranges
                0x000000c0       0x20 ..\obj\arch.o
 .debug_aranges
                0x000000e0       0x20 ..\obj\stepper_motor.o
 .debug_aranges
                0x00000100       0x20 ..\obj\serviceReq.o
 .debug_aranges
                0x00000120       0x20 ..\obj\timer.o
 .debug_aranges
                0x00000140       0x20 ..\obj\stm32f0xx_rcc.o
 .debug_aranges
                0x00000160       0x28 ..\obj\startup_stm32f0xx.o
 .debug_aranges
                0x00000188       0x20 ..\obj\task.o
 .debug_aranges
                0x000001a8       0x20 ..\obj\hc0x_bluetooth.o
 .debug_aranges
                0x000001c8       0x20 ..\obj\gpio.o
 .debug_aranges
                0x000001e8       0x20 ..\obj\kernelHeap.o
 .debug_aranges
                0x00000208       0x20 ..\obj\time.o
 .debug_aranges
                0x00000228       0x20 ..\obj\stm32f0xx_gpio.o
 .debug_aranges
                0x00000248       0x20 ..\obj\hdc1080.o
 .debug_aranges
                0x00000268       0x20 ..\obj\mutex.o
 .debug_aranges
                0x00000288       0x20 ..\obj\stm32f0xx_dma.o
 .debug_aranges
                0x000002a8       0x20 ..\obj\modbus_func.o
 .debug_aranges
                0x000002c8       0x20 ..\obj\modbus.o
 .debug_aranges
                0x000002e8       0x20 ..\obj\pub_var.o
 .debug_aranges
                0x00000308       0x20 ..\obj\Ostimer.o
 .debug_aranges
                0x00000328       0x20 ..\obj\stm32f0xx_usart.o
 .debug_aranges
                0x00000348       0x20 ..\obj\port.o
 .debug_aranges
                0x00000368       0x20 ..\obj\system_stm32f0xx.o
 .debug_aranges
                0x00000388       0x20 ..\obj\main.o
 .debug_aranges
                0x000003a8       0x20 ..\obj\event.o
 .debug_aranges
                0x000003c8       0x20 ..\obj\stm32f0xx_misc.o
 .debug_aranges
                0x000003e8       0x20 ..\obj\hook.o

.debug_line     0x00000000     0x409f
 .debug_line    0x00000000      0x27a ..\obj\i2c.o
 .debug_line    0x0000027a      0x172 ..\obj\util.o
 .debug_line    0x000003ec      0x44b ..\obj\uart.o
 .debug_line    0x00000837      0x211 ..\obj\flag.o
 .debug_line    0x00000a48      0x18d ..\obj\syscalls.o
 .debug_line    0x00000bd5      0x105 ..\obj\core.o
 .debug_line    0x00000cda      0x156 ..\obj\arch.o
 .debug_line    0x00000e30      0x271 ..\obj\stepper_motor.o
 .debug_line    0x000010a1       0xf1 ..\obj\serviceReq.o
 .debug_line    0x00001192      0x28c ..\obj\timer.o
 .debug_line    0x0000141e      0x35a ..\obj\stm32f0xx_rcc.o
 .debug_line    0x00001778       0xbf ..\obj\startup_stm32f0xx.o
 .debug_line    0x00001837      0x2bd ..\obj\task.o
 .debug_line    0x00001af4      0x2c6 ..\obj\hc0x_bluetooth.o
 .debug_line    0x00001dba      0x21a ..\obj\gpio.o
 .debug_line    0x00001fd4      0x1ac ..\obj\kernelHeap.o
 .debug_line    0x00002180      0x1f3 ..\obj\time.o
 .debug_line    0x00002373      0x262 ..\obj\stm32f0xx_gpio.o
 .debug_line    0x000025d5      0x26c ..\obj\hdc1080.o
 .debug_line    0x00002841      0x167 ..\obj\mutex.o
 .debug_line    0x000029a8      0x284 ..\obj\stm32f0xx_dma.o
 .debug_line    0x00002c2c      0x204 ..\obj\modbus_func.o
 .debug_line    0x00002e30      0x1db ..\obj\modbus.o
 .debug_line    0x0000300b      0x160 ..\obj\pub_var.o
 .debug_line    0x0000316b      0x1ba ..\obj\Ostimer.o
 .debug_line    0x00003325      0x3aa ..\obj\stm32f0xx_usart.o
 .debug_line    0x000036cf      0x14b ..\obj\port.o
 .debug_line    0x0000381a      0x1ba ..\obj\system_stm32f0xx.o
 .debug_line    0x000039d4      0x253 ..\obj\main.o
 .debug_line    0x00003c27      0x17e ..\obj\event.o
 .debug_line    0x00003da5      0x243 ..\obj\stm32f0xx_misc.o
 .debug_line    0x00003fe8       0xb7 ..\obj\hook.o

.debug_str      0x00000000     0x3a43
 .debug_str     0x00000000      0x582 ..\obj\i2c.o
                                0x5e3 (size before relaxing)
 .debug_str     0x00000582       0xb2 ..\obj\util.o
                                0x1d0 (size before relaxing)
 .debug_str     0x00000634      0x612 ..\obj\uart.o
                                0x964 (size before relaxing)
 .debug_str     0x00000c46      0x2d4 ..\obj\flag.o
                                0x3d3 (size before relaxing)
 .debug_str     0x00000f1a      0x190 ..\obj\syscalls.o
                                0x351 (size before relaxing)
 .debug_str     0x000010aa       0xf6 ..\obj\core.o
                                0x2b5 (size before relaxing)
 .debug_str     0x000011a0      0x124 ..\obj\arch.o
                                0x2d5 (size before relaxing)
 .debug_str     0x000012c4      0x1c2 ..\obj\stepper_motor.o
                                0x366 (size before relaxing)
 .debug_str     0x00001486       0xdf ..\obj\serviceReq.o
                                0x1db (size before relaxing)
 .debug_str     0x00001565      0x119 ..\obj\timer.o
                                0x54c (size before relaxing)
 .debug_str     0x0000167e      0x5a3 ..\obj\stm32f0xx_rcc.o
                                0x7a1 (size before relaxing)
 .debug_str     0x00001c21      0x227 ..\obj\task.o
                                0x43a (size before relaxing)
 .debug_str     0x00001e48      0x162 ..\obj\hc0x_bluetooth.o
                                0x46e (size before relaxing)
 .debug_str     0x00001faa      0x208 ..\obj\gpio.o
                                0x3d1 (size before relaxing)
 .debug_str     0x000021b2      0x169 ..\obj\kernelHeap.o
                                0x266 (size before relaxing)
 .debug_str     0x0000231b      0x10f ..\obj\time.o
                                0x312 (size before relaxing)
 .debug_str     0x0000242a      0x19f ..\obj\stm32f0xx_gpio.o
                                0x48e (size before relaxing)
 .debug_str     0x000025c9       0xe4 ..\obj\hdc1080.o
                                0x46e (size before relaxing)
 .debug_str     0x000026ad       0xc4 ..\obj\mutex.o
                                0x365 (size before relaxing)
 .debug_str     0x00002771      0x184 ..\obj\stm32f0xx_dma.o
                                0x3e7 (size before relaxing)
 .debug_str     0x000028f5      0x3de ..\obj\modbus_func.o
                                0x5ed (size before relaxing)
 .debug_str     0x00002cd3      0x10f ..\obj\modbus.o
                                0x482 (size before relaxing)
 .debug_str     0x00002de2       0x53 ..\obj\pub_var.o
                                0x21e (size before relaxing)
 .debug_str     0x00002e35       0xfc ..\obj\Ostimer.o
                                0x2a5 (size before relaxing)
 .debug_str     0x00002f31      0x676 ..\obj\stm32f0xx_usart.o
                                0x98e (size before relaxing)
 .debug_str     0x000035a7       0xfe ..\obj\port.o
                                0x1f5 (size before relaxing)
 .debug_str     0x000036a5       0xb9 ..\obj\system_stm32f0xx.o
                                0x299 (size before relaxing)
 .debug_str     0x0000375e       0x83 ..\obj\main.o
                                0x39d (size before relaxing)
 .debug_str     0x000037e1       0xf5 ..\obj\event.o
                                0x32c (size before relaxing)
 .debug_str     0x000038d6       0xdf ..\obj\stm32f0xx_misc.o
                                0x2f8 (size before relaxing)
 .debug_str     0x000039b5       0x8e ..\obj\hook.o
                                0x188 (size before relaxing)

.debug_frame    0x00000000     0x2c7c
 .debug_frame   0x00000000       0xac ..\obj\i2c.o
 .debug_frame   0x000000ac       0x90 ..\obj\util.o
 .debug_frame   0x0000013c      0x1c0 ..\obj\uart.o
 .debug_frame   0x000002fc      0x190 ..\obj\flag.o
 .debug_frame   0x0000048c      0x12c ..\obj\syscalls.o
 .debug_frame   0x000005b8       0xf0 ..\obj\core.o
 .debug_frame   0x000006a8       0x50 ..\obj\arch.o
 .debug_frame   0x000006f8       0x30 ..\obj\stepper_motor.o
 .debug_frame   0x00000728       0x50 ..\obj\serviceReq.o
 .debug_frame   0x00000778       0x8c ..\obj\timer.o
 .debug_frame   0x00000804      0x524 ..\obj\stm32f0xx_rcc.o
 .debug_frame   0x00000d28      0x150 ..\obj\task.o
 .debug_frame   0x00000e78       0x50 ..\obj\hc0x_bluetooth.o
 .debug_frame   0x00000ec8       0x84 ..\obj\gpio.o
 .debug_frame   0x00000f4c       0x8c ..\obj\kernelHeap.o
 .debug_frame   0x00000fd8      0x10c ..\obj\time.o
 .debug_frame   0x000010e4      0x1b0 ..\obj\stm32f0xx_gpio.o
 .debug_frame   0x00001294       0xa0 ..\obj\hdc1080.o
 .debug_frame   0x00001334       0x90 ..\obj\mutex.o
 .debug_frame   0x000013c4      0x190 ..\obj\stm32f0xx_dma.o
 .debug_frame   0x00001554       0xa4 ..\obj\modbus_func.o
 .debug_frame   0x000015f8       0x90 ..\obj\modbus.o
 .debug_frame   0x00001688       0x2c ..\obj\pub_var.o
 .debug_frame   0x000016b4      0x14c ..\obj\Ostimer.o
 .debug_frame   0x00001800      0x630 ..\obj\stm32f0xx_usart.o
 .debug_frame   0x00001e30       0xb8 ..\obj\port.o
 .debug_frame   0x00001ee8       0x6c ..\obj\system_stm32f0xx.o
 .debug_frame   0x00001f54       0x68 ..\obj\main.o
 .debug_frame   0x00001fbc       0xf0 ..\obj\event.o
 .debug_frame   0x000020ac       0x70 ..\obj\stm32f0xx_misc.o
 .debug_frame   0x0000211c       0x50 ..\obj\hook.o
 .debug_frame   0x0000216c       0x20 c:/program files (x86)/gnu tools arm embedded/5.4 2016q3/bin/../lib/gcc/arm-none-eabi/5.4.1/armv6-m\libgcc.a(_udivsi3.o)
 .debug_frame   0x0000218c       0x20 c:/program files (x86)/gnu tools arm embedded/5.4 2016q3/bin/../lib/gcc/arm-none-eabi/5.4.1/armv6-m\libgcc.a(_divsi3.o)
 .debug_frame   0x000021ac       0x2c c:/program files (x86)/gnu tools arm embedded/5.4 2016q3/bin/../lib/gcc/arm-none-eabi/5.4.1/../../../../arm-none-eabi/lib/armv6-m\libg.a(lib_a-memcpy-stub.o)
 .debug_frame   0x000021d8       0x2c c:/program files (x86)/gnu tools arm embedded/5.4 2016q3/bin/../lib/gcc/arm-none-eabi/5.4.1/../../../../arm-none-eabi/lib/armv6-m\libg.a(lib_a-memset.o)
 .debug_frame   0x00002204       0x50 c:/program files (x86)/gnu tools arm embedded/5.4 2016q3/bin/../lib/gcc/arm-none-eabi/5.4.1/../../../../arm-none-eabi/lib/armv6-m\libg.a(lib_a-sprintf.o)
 .debug_frame   0x00002254       0x3c c:/program files (x86)/gnu tools arm embedded/5.4 2016q3/bin/../lib/gcc/arm-none-eabi/5.4.1/../../../../arm-none-eabi/lib/armv6-m\libg.a(lib_a-svfprintf.o)
 .debug_frame   0x00002290       0x54 c:/program files (x86)/gnu tools arm embedded/5.4 2016q3/bin/../lib/gcc/arm-none-eabi/5.4.1/../../../../arm-none-eabi/lib/armv6-m\libg.a(lib_a-__call_atexit.o)
 .debug_frame   0x000022e4       0x28 c:/program files (x86)/gnu tools arm embedded/5.4 2016q3/bin/../lib/gcc/arm-none-eabi/5.4.1/../../../../arm-none-eabi/lib/armv6-m\libg.a(lib_a-atexit.o)
 .debug_frame   0x0000230c       0x68 c:/program files (x86)/gnu tools arm embedded/5.4 2016q3/bin/../lib/gcc/arm-none-eabi/5.4.1/../../../../arm-none-eabi/lib/armv6-m\libg.a(lib_a-dtoa.o)
 .debug_frame   0x00002374       0x2c c:/program files (x86)/gnu tools arm embedded/5.4 2016q3/bin/../lib/gcc/arm-none-eabi/5.4.1/../../../../arm-none-eabi/lib/armv6-m\libg.a(lib_a-fini.o)
 .debug_frame   0x000023a0       0x40 c:/program files (x86)/gnu tools arm embedded/5.4 2016q3/bin/../lib/gcc/arm-none-eabi/5.4.1/../../../../arm-none-eabi/lib/armv6-m\libg.a(lib_a-localeconv.o)
 .debug_frame   0x000023e0       0x3c c:/program files (x86)/gnu tools arm embedded/5.4 2016q3/bin/../lib/gcc/arm-none-eabi/5.4.1/../../../../arm-none-eabi/lib/armv6-m\libg.a(lib_a-mallocr.o)
 .debug_frame   0x0000241c       0x2c c:/program files (x86)/gnu tools arm embedded/5.4 2016q3/bin/../lib/gcc/arm-none-eabi/5.4.1/../../../../arm-none-eabi/lib/armv6-m\libg.a(lib_a-memchr-stub.o)
 .debug_frame   0x00002448       0x30 c:/program files (x86)/gnu tools arm embedded/5.4 2016q3/bin/../lib/gcc/arm-none-eabi/5.4.1/../../../../arm-none-eabi/lib/armv6-m\libg.a(lib_a-mlock.o)
 .debug_frame   0x00002478      0x258 c:/program files (x86)/gnu tools arm embedded/5.4 2016q3/bin/../lib/gcc/arm-none-eabi/5.4.1/../../../../arm-none-eabi/lib/armv6-m\libg.a(lib_a-mprec.o)
 .debug_frame   0x000026d0       0x2c c:/program files (x86)/gnu tools arm embedded/5.4 2016q3/bin/../lib/gcc/arm-none-eabi/5.4.1/../../../../arm-none-eabi/lib/armv6-m\libg.a(lib_a-sbrkr.o)
 .debug_frame   0x000026fc       0x28 c:/program files (x86)/gnu tools arm embedded/5.4 2016q3/bin/../lib/gcc/arm-none-eabi/5.4.1/../../../../arm-none-eabi/lib/armv6-m\libg.a(lib_a-strlen-stub.o)
 .debug_frame   0x00002724       0x68 c:/program files (x86)/gnu tools arm embedded/5.4 2016q3/bin/../lib/gcc/arm-none-eabi/5.4.1/../../../../arm-none-eabi/lib/armv6-m\libg.a(lib_a-svfiprintf.o)
 .debug_frame   0x0000278c       0x3c c:/program files (x86)/gnu tools arm embedded/5.4 2016q3/bin/../lib/gcc/arm-none-eabi/5.4.1/../../../../arm-none-eabi/lib/armv6-m\libg.a(lib_a-__atexit.o)
 .debug_frame   0x000027c8       0x28 c:/program files (x86)/gnu tools arm embedded/5.4 2016q3/bin/../lib/gcc/arm-none-eabi/5.4.1/../../../../arm-none-eabi/lib/armv6-m\libg.a(lib_a-callocr.o)
 .debug_frame   0x000027f0       0x54 c:/program files (x86)/gnu tools arm embedded/5.4 2016q3/bin/../lib/gcc/arm-none-eabi/5.4.1/../../../../arm-none-eabi/lib/armv6-m\libg.a(lib_a-freer.o)
 .debug_frame   0x00002844       0x8c c:/program files (x86)/gnu tools arm embedded/5.4 2016q3/bin/../lib/gcc/arm-none-eabi/5.4.1/../../../../arm-none-eabi/lib/armv6-m\libg.a(lib_a-locale.o)
 .debug_frame   0x000028d0       0x40 c:/program files (x86)/gnu tools arm embedded/5.4 2016q3/bin/../lib/gcc/arm-none-eabi/5.4.1/../../../../arm-none-eabi/lib/armv6-m\libg.a(lib_a-mbtowc_r.o)
 .debug_frame   0x00002910       0x2c c:/program files (x86)/gnu tools arm embedded/5.4 2016q3/bin/../lib/gcc/arm-none-eabi/5.4.1/../../../../arm-none-eabi/lib/armv6-m\libg.a(lib_a-memmove.o)
 .debug_frame   0x0000293c       0x3c c:/program files (x86)/gnu tools arm embedded/5.4 2016q3/bin/../lib/gcc/arm-none-eabi/5.4.1/../../../../arm-none-eabi/lib/armv6-m\libg.a(lib_a-reallocr.o)
 .debug_frame   0x00002978       0x48 c:/program files (x86)/gnu tools arm embedded/5.4 2016q3/bin/../lib/gcc/arm-none-eabi/5.4.1/../../../../arm-none-eabi/lib/armv6-m\libg.a(lib_a-reent.o)
 .debug_frame   0x000029c0       0x3c c:/program files (x86)/gnu tools arm embedded/5.4 2016q3/bin/../lib/gcc/arm-none-eabi/5.4.1/../../../../arm-none-eabi/lib/armv6-m\libg.a(lib_a-wctomb_r.o)
 .debug_frame   0x000029fc       0x3c c:/program files (x86)/gnu tools arm embedded/5.4 2016q3/bin/../lib/gcc/arm-none-eabi/5.4.1/armv6-m\libgcc.a(_udivmoddi4.o)
 .debug_frame   0x00002a38       0x3c c:/program files (x86)/gnu tools arm embedded/5.4 2016q3/bin/../lib/gcc/arm-none-eabi/5.4.1/armv6-m\libgcc.a(adddf3.o)
 .debug_frame   0x00002a74       0x3c c:/program files (x86)/gnu tools arm embedded/5.4 2016q3/bin/../lib/gcc/arm-none-eabi/5.4.1/armv6-m\libgcc.a(divdf3.o)
 .debug_frame   0x00002ab0       0x38 c:/program files (x86)/gnu tools arm embedded/5.4 2016q3/bin/../lib/gcc/arm-none-eabi/5.4.1/armv6-m\libgcc.a(eqdf2.o)
 .debug_frame   0x00002ae8       0x38 c:/program files (x86)/gnu tools arm embedded/5.4 2016q3/bin/../lib/gcc/arm-none-eabi/5.4.1/armv6-m\libgcc.a(gedf2.o)
 .debug_frame   0x00002b20       0x38 c:/program files (x86)/gnu tools arm embedded/5.4 2016q3/bin/../lib/gcc/arm-none-eabi/5.4.1/armv6-m\libgcc.a(ledf2.o)
 .debug_frame   0x00002b58       0x3c c:/program files (x86)/gnu tools arm embedded/5.4 2016q3/bin/../lib/gcc/arm-none-eabi/5.4.1/armv6-m\libgcc.a(muldf3.o)
 .debug_frame   0x00002b94       0x38 c:/program files (x86)/gnu tools arm embedded/5.4 2016q3/bin/../lib/gcc/arm-none-eabi/5.4.1/armv6-m\libgcc.a(subdf3.o)
 .debug_frame   0x00002bcc       0x2c c:/program files (x86)/gnu tools arm embedded/5.4 2016q3/bin/../lib/gcc/arm-none-eabi/5.4.1/armv6-m\libgcc.a(unorddf2.o)
 .debug_frame   0x00002bf8       0x2c c:/program files (x86)/gnu tools arm embedded/5.4 2016q3/bin/../lib/gcc/arm-none-eabi/5.4.1/armv6-m\libgcc.a(fixdfsi.o)
 .debug_frame   0x00002c24       0x2c c:/program files (x86)/gnu tools arm embedded/5.4 2016q3/bin/../lib/gcc/arm-none-eabi/5.4.1/armv6-m\libgcc.a(floatsidf.o)
 .debug_frame   0x00002c50       0x2c c:/program files (x86)/gnu tools arm embedded/5.4 2016q3/bin/../lib/gcc/arm-none-eabi/5.4.1/armv6-m\libgcc.a(floatunsidf.o)

.debug_ranges   0x00000000       0x50
 .debug_ranges  0x00000000       0x30 ..\obj\uart.o
 .debug_ranges  0x00000030       0x20 ..\obj\startup_stm32f0xx.o
