<html>
<body>
<pre>
<h1>µVision Build Log</h1>
<h2>Tool Versions:</h2>
IDE-Version: µVision V5.22.0.0
Copyright (C) 2016 ARM Ltd and ARM Germany GmbH. All rights reserved.
License Information: Yilmaz Eyidogan, Byk, LIC=5QQKR-K6QR3-HZVDE-I1TQS-LP21Y-W5ZVP
 
Tool Versions:
Toolchain:       MDK-ARM Cortex-M0/M0+ 256K for ST  Version: 5.22
Toolchain Path:  C:\Keil_v5\ARM\ARMCC\Bin
C Compiler:      Armcc.exe V5.06 update 4 (build 422)
Assembler:       Armasm.exe V5.06 update 4 (build 422)
Linker/Locator:  ArmLink.exe V5.06 update 4 (build 422)
Library Manager: ArmAr.exe V5.06 update 4 (build 422)
Hex Converter:   FromElf.exe V5.06 update 4 (build 422)
CPU DLL:         SARMCM3.DLL V5.22
Dialog DLL:      DARMCM1.DLL V1.15.0.0
Target DLL:      STLink\ST-LINKIII-KEIL_SWO.dll V2.0.18.0
Dialog DLL:      TARMCM1.DLL V1.11.0.0
 
<h2>Project:</h2>
C:\Users\yilmaz\Documents\GitHub\P2_STM32F030\firmware\ct_start.uvprojx
Project File Date:  11/27/2016

<h2>Output:</h2>
*** Using Compiler 'V5.06 update 4 (build 422)', folder: 'C:\Keil_v5\ARM\ARMCC\Bin'
Rebuild target 'Target 1'
assembling startup_stm32f030x8.s...
compiling main.c...
app\main.c(6): warning:  #117-D: non-void function "main"  should return a value
  	return;
app\main.c: 1 warning, 0 errors
compiling RTX_Conf_CM.c...
compiling system_stm32f0xx.c...
linking...
Program Size: Code=5904 RO-data=316 RW-data=56 ZI-data=4752  
".\Objects\ct_start.axf" - 0 Error(s), 1 Warning(s).

<h2>Software Packages used:</h2>

Package Vendor: Keil
                http://www.keil.com/pack/Keil.STM32F0xx_DFP.1.5.0.pack
                Keil::Device:Startup:2.2.3
                STMicroelectronics STM32F0 Series Device Support and Examples
   * Component: Startup Version: 2.2.3

Package Vendor: ARM
                http://www.keil.com/pack/ARM.CMSIS.5.0.0.pack
                ARM::CMSIS:CORE:5.0.0
                CMSIS (Cortex Microcontroller Software Interface Standard)
   * Component: CORE Version: 5.0.0
   * Component: Keil RTX Version: 4.81.0
   * Component: RTOS Version: 1.0

<h2>Collection of Component include folders:</h2>
  C:\Users\yilmaz\Documents\GitHub\P2_STM32F030\firmware\RTE\_Target_1
  C:\Keil_v5\ARM\PACK\ARM\CMSIS\5.0.0\CMSIS\Include
  C:\Keil_v5\ARM\PACK\ARM\CMSIS\5.0.0\CMSIS\RTOS\RTX\INC
  C:\Keil_v5\ARM\PACK\Keil\STM32F0xx_DFP\1.5.0\Device\Include

<h2>Collection of Component Files used:</h2>

   * Component: Keil::Device:Startup:2.2.3
      Source file:   Device\Source\ARM\startup_stm32f030x8.s
      Source file:   Device\Source\system_stm32f0xx.c
      Source file:   Device\Source\ARM\STM32F0xx_OPT.s

   * Component: ARM::CMSIS:CORE:5.0.0

   * Component: ARM::CMSIS:RTOS:Keil RTX:4.81.0
      Include file:  CMSIS\RTOS\RTX\INC\cmsis_os.h
      Source file:   CMSIS\RTOS\RTX\Templates\RTX_Conf_CM.c
      Include file:  CMSIS\RTOS\RTX\UserCodeTemplates\osObjects.h
      Source file:   CMSIS\RTOS\RTX\UserCodeTemplates\main.c
      Source file:   CMSIS\RTOS\RTX\UserCodeTemplates\MailQueue.c
      Source file:   CMSIS\RTOS\RTX\UserCodeTemplates\MemPool.c
      Source file:   CMSIS\RTOS\RTX\UserCodeTemplates\MsgQueue.c
      Source file:   CMSIS\RTOS\RTX\UserCodeTemplates\Mutex.c
      Source file:   CMSIS\RTOS\RTX\UserCodeTemplates\Semaphore.c
      Source file:   CMSIS\RTOS\RTX\UserCodeTemplates\Thread.c
      Source file:   CMSIS\RTOS\RTX\UserCodeTemplates\Timer.c
      Source file:   CMSIS\RTOS\RTX\SRC\ARM\SVC_Table.s
      Library file:  CMSIS\RTOS\RTX\LIB\ARM\RTX_CM0.lib

   * Component: ::CMSIS:RTOS:1.0 (API)
Build Time Elapsed:  00:00:01
</pre>
</body>
</html>
