Component: ARM Compiler 5.06 update 4 (build 422) Tool: armlink [4d35d2]

==============================================================================

Section Cross References

    main.o(i.assert_failed) refers to _printf_percent.o(.ARM.Collect$$_printf_percent$$00000000) for _printf_percent
    main.o(i.assert_failed) refers to _printf_d.o(.ARM.Collect$$_printf_percent$$00000009) for _printf_d
    main.o(i.assert_failed) refers to _printf_dec.o(.text) for _printf_int_dec
    main.o(i.assert_failed) refers to rt_memclr.o(.text) for __aeabi_memclr4
    main.o(i.assert_failed) refers to noretval__2sprintf.o(.text) for __2sprintf
    main.o(i.assert_failed) refers to uart.o(i.uart1TxCmd) for uart1TxCmd
    main.o(i.main) refers to rt_memcpy.o(.emb_text) for __aeabi_memcpy4
    main.o(i.main) refers to system_stm32f0xx.o(i.SystemCoreClockUpdate) for SystemCoreClockUpdate
    main.o(i.main) refers to gpio.o(i.initGpio) for initGpio
    main.o(i.main) refers to pub_var.o(i.setParameters) for setParameters
    main.o(i.main) refers to uart.o(i.initUart1) for initUart1
    main.o(i.main) refers to uart.o(i.initUartDma) for initUartDma
    main.o(i.main) refers to uart.o(i.uart1NvicConfig) for uart1NvicConfig
    main.o(i.main) refers to timer.o(i.initTimers) for initTimers
    main.o(i.main) refers to i2c.o(i.initI2C) for initI2C
    main.o(i.main) refers to uart.o(i.uart1TxCmd) for uart1TxCmd
    main.o(i.main) refers to rtx_kernel.o(.text.osKernelGetState) for osKernelGetState
    main.o(i.main) refers to rtx_kernel.o(.text.osKernelInitialize) for osKernelInitialize
    main.o(i.main) refers to rtx_mutex.o(.text.osMutexNew) for osMutexNew
    main.o(i.main) refers to rtx_thread.o(.text.osThreadNew) for osThreadNew
    main.o(i.main) refers to rtx_kernel.o(.text.osKernelStart) for osKernelStart
    main.o(i.main) refers to pub_var.o(.bss) for sys_par
    main.o(i.main) refers to main.o(.data) for mutex_I2C
    main.o(i.main) refers to main.o(i.task_Led) for task_Led
    main.o(i.main) refers to hdc1080.o(i.task_HDC1080) for task_HDC1080
    main.o(i.main) refers to uart.o(i.task_Uart1) for task_Uart1
    main.o(i.task_Led) refers to rtx_delay.o(.text.osDelay) for osDelay
    pub_var.o(i.setParameters) refers to pub_var.o(.bss) for sys_par
    hdc1080.o(i.init_HDC1080) refers to hdc1080.o(i.write_HDC1080_configuration) for write_HDC1080_configuration
    hdc1080.o(i.init_HDC1080) refers to rtx_delay.o(.text.osDelay) for osDelay
    hdc1080.o(i.init_HDC1080) refers to hdc1080.o(.data) for stHDC1080Status
    hdc1080.o(i.init_HDC1080) refers to i2c.o(.bss) for ucI2CTxBuf
    hdc1080.o(i.read_HDC1080_configuration) refers to rtx_mutex.o(.text.osMutexAcquire) for osMutexAcquire
    hdc1080.o(i.read_HDC1080_configuration) refers to i2c.o(i.i2c_master_process) for i2c_master_process
    hdc1080.o(i.read_HDC1080_configuration) refers to rtx_mutex.o(.text.osMutexRelease) for osMutexRelease
    hdc1080.o(i.read_HDC1080_configuration) refers to main.o(.data) for mutex_I2C
    hdc1080.o(i.read_HDC1080_configuration) refers to hdc1080.o(.data) for statusT
    hdc1080.o(i.read_HDC1080_configuration) refers to i2c.o(.data) for ucI2CMasterSendStartStop
    hdc1080.o(i.task_HDC1080) refers to rtx_thread.o(.text.osThreadGetId) for osThreadGetId
    hdc1080.o(i.task_HDC1080) refers to rtx_thread.o(.text.osThreadSetPriority) for osThreadSetPriority
    hdc1080.o(i.task_HDC1080) refers to hdc1080.o(i.trig_HDC1080) for trig_HDC1080
    hdc1080.o(i.task_HDC1080) refers to rtx_delay.o(.text.osDelay) for osDelay
    hdc1080.o(i.task_HDC1080) refers to rtx_mutex.o(.text.osMutexAcquire) for osMutexAcquire
    hdc1080.o(i.task_HDC1080) refers to i2c.o(i.i2c_master_process) for i2c_master_process
    hdc1080.o(i.task_HDC1080) refers to rtx_mutex.o(.text.osMutexRelease) for osMutexRelease
    hdc1080.o(i.task_HDC1080) refers to hdc1080.o(i.init_HDC1080) for init_HDC1080
    hdc1080.o(i.task_HDC1080) refers to hdc1080.o(.data) for statusT
    hdc1080.o(i.task_HDC1080) refers to main.o(.data) for mutex_I2C
    hdc1080.o(i.task_HDC1080) refers to i2c.o(.data) for ucI2CMasterSendStartStop
    hdc1080.o(i.task_HDC1080) refers to i2c.o(.bss) for ucI2CRxBuf
    hdc1080.o(i.trig_HDC1080) refers to rtx_mutex.o(.text.osMutexAcquire) for osMutexAcquire
    hdc1080.o(i.trig_HDC1080) refers to i2c.o(i.i2c_master_process) for i2c_master_process
    hdc1080.o(i.trig_HDC1080) refers to rtx_mutex.o(.text.osMutexRelease) for osMutexRelease
    hdc1080.o(i.trig_HDC1080) refers to main.o(.data) for mutex_I2C
    hdc1080.o(i.trig_HDC1080) refers to hdc1080.o(.data) for statusT
    hdc1080.o(i.trig_HDC1080) refers to i2c.o(.data) for ucI2CMasterSendStartStop
    hdc1080.o(i.trig_HDC1080) refers to i2c.o(.bss) for ucI2CTxBuf
    hdc1080.o(i.write_HDC1080_configuration) refers to rtx_mutex.o(.text.osMutexAcquire) for osMutexAcquire
    hdc1080.o(i.write_HDC1080_configuration) refers to i2c.o(i.i2c_master_process) for i2c_master_process
[...]
    ../clib/printf.c                         0x00000000   Number         0  __printf_ss.o ABSOLUTE
    ../clib/printf.c                         0x00000000   Number         0  __printf_nopercent.o ABSOLUTE
    ../clib/printf.c                         0x00000000   Number         0  __printf_flags_ss_wp.o ABSOLUTE
    ../clib/printf.c                         0x00000000   Number         0  __printf_flags_wp.o ABSOLUTE
    ../clib/printf.c                         0x00000000   Number         0  __printf_flags_ss.o ABSOLUTE
    ../clib/printf.c                         0x00000000   Number         0  _printf_dec.o ABSOLUTE
    ../clib/printf.c                         0x00000000   Number         0  __printf_wp.o ABSOLUTE
    ../clib/printf.c                         0x00000000   Number         0  __printf.o ABSOLUTE
    ../clib/printf.c                         0x00000000   Number         0  __printf_flags.o ABSOLUTE
    ../clib/printf.c                         0x00000000   Number         0  __printf_ss_wp.o ABSOLUTE
    ../clib/printf.c                         0x00000000   Number         0  noretval__2sprintf.o ABSOLUTE
    ../clib/printf.c                         0x00000000   Number         0  __2sprintf.o ABSOLUTE
    ../clib/printf.c                         0x00000000   Number         0  _sputc.o ABSOLUTE
    ../clib/printf.c                         0x00000000   Number         0  _printf_char_common.o ABSOLUTE
    ../clib/printf.c                         0x00000000   Number         0  _printf_intcommon.o ABSOLUTE
    ../clib/printf_percent.s                 0x00000000   Number         0  _printf_percent.o ABSOLUTE
    ../clib/printf_percent.s                 0x00000000   Number         0  _printf_percent_end.o ABSOLUTE
    ../clib/printf_percent.s                 0x00000000   Number         0  _printf_d.o ABSOLUTE
    ../clib/signal.c                         0x00000000   Number         0  defsig_exit.o ABSOLUTE
    ../clib/signal.c                         0x00000000   Number         0  defsig_other.o ABSOLUTE
    ../clib/signal.c                         0x00000000   Number         0  defsig_segv_inner.o ABSOLUTE
    ../clib/signal.c                         0x00000000   Number         0  defsig_pvfn_inner.o ABSOLUTE
    ../clib/signal.c                         0x00000000   Number         0  defsig_stak_inner.o ABSOLUTE
    ../clib/signal.c                         0x00000000   Number         0  defsig_rtmem_formal.o ABSOLUTE
    ../clib/signal.c                         0x00000000   Number         0  defsig_rtmem_outer.o ABSOLUTE
    ../clib/signal.c                         0x00000000   Number         0  defsig_rtmem_inner.o ABSOLUTE
    ../clib/signal.c                         0x00000000   Number         0  defsig_rtred_inner.o ABSOLUTE
    ../clib/signal.c                         0x00000000   Number         0  defsig_abrt_inner.o ABSOLUTE
    ../clib/signal.c                         0x00000000   Number         0  defsig_fpe_formal.o ABSOLUTE
    ../clib/signal.c                         0x00000000   Number         0  defsig_fpe_outer.o ABSOLUTE
    ../clib/signal.c                         0x00000000   Number         0  defsig_cppl_inner.o ABSOLUTE
    ../clib/signal.c                         0x00000000   Number         0  defsig_general.o ABSOLUTE
    ../clib/signal.c                         0x00000000   Number         0  __raise.o ABSOLUTE
    ../clib/signal.c                         0x00000000   Number         0  defsig_fpe_inner.o ABSOLUTE
    ../clib/signal.s                         0x00000000   Number         0  defsig.o ABSOLUTE
    ../clib/stdlib.c                         0x00000000   Number         0  exit.o ABSOLUTE
    ../fplib/cfplib/fpinit.c                 0x00000000   Number         0  fpinit.o ABSOLUTE
    ..\..\..\Source\ARM\irq_cm0.s            0x00000000   Number         0  irq_cm0.o ABSOLUTE
    RTE\CMSIS\RTX_Config.c                   0x00000000   Number         0  rtx_config.o ABSOLUTE
    RTE\Device\STM32F030R8\startup_stm32f030x8.s 0x00000000   Number         0  startup_stm32f030x8.o ABSOLUTE
    RTE\Device\STM32F030R8\system_stm32f0xx.c 0x00000000   Number         0  system_stm32f0xx.o ABSOLUTE
    RTE\\Device\\STM32F030R8\\system_stm32f0xx.c 0x00000000   Number         0  system_stm32f0xx.o ABSOLUTE
    app\\hdc1080.c                           0x00000000   Number         0  hdc1080.o ABSOLUTE
    app\\main.c                              0x00000000   Number         0  main.o ABSOLUTE
    app\\modbus.c                            0x00000000   Number         0  modbus.o ABSOLUTE
    app\\modbus_func.c                       0x00000000   Number         0  modbus_func.o ABSOLUTE
    app\hdc1080.c                            0x00000000   Number         0  hdc1080.o ABSOLUTE
    app\main.c                               0x00000000   Number         0  main.o ABSOLUTE
    app\modbus.c                             0x00000000   Number         0  modbus.o ABSOLUTE
    app\modbus_func.c                        0x00000000   Number         0  modbus_func.o ABSOLUTE
    app\pub_var.c                            0x00000000   Number         0  pub_var.o ABSOLUTE
    app\util.c                               0x00000000   Number         0  util.o ABSOLUTE
    dc.s                                     0x00000000   Number         0  dc.o ABSOLUTE
    driver\\gpio.c                           0x00000000   Number         0  gpio.o ABSOLUTE
    driver\\i2c.c                            0x00000000   Number         0  i2c.o ABSOLUTE
    driver\\timer.c                          0x00000000   Number         0  timer.o ABSOLUTE
    driver\\uart.c                           0x00000000   Number         0  uart.o ABSOLUTE
    driver\gpio.c                            0x00000000   Number         0  gpio.o ABSOLUTE
    driver\i2c.c                             0x00000000   Number         0  i2c.o ABSOLUTE
    driver\timer.c                           0x00000000   Number         0  timer.o ABSOLUTE
    driver\uart.c                            0x00000000   Number         0  uart.o ABSOLUTE
    stm32_lib\\src\\stm32f0xx_dma.c          0x00000000   Number         0  stm32f0xx_dma.o ABSOLUTE
    stm32_lib\\src\\stm32f0xx_gpio.c         0x00000000   Number         0  stm32f0xx_gpio.o ABSOLUTE
    stm32_lib\\src\\stm32f0xx_i2c.c          0x00000000   Number         0  stm32f0xx_i2c.o ABSOLUTE
    stm32_lib\\src\\stm32f0xx_misc.c         0x00000000   Number         0  stm32f0xx_misc.o ABSOLUTE
    stm32_lib\\src\\stm32f0xx_rcc.c          0x00000000   Number         0  stm32f0xx_rcc.o ABSOLUTE
    stm32_lib\\src\\stm32f0xx_tim.c          0x00000000   Number         0  stm32f0xx_tim.o ABSOLUTE
    stm32_lib\\src\\stm32f0xx_usart.c        0x00000000   Number         0  stm32f0xx_usart.o ABSOLUTE
    stm32_lib\src\stm32f0xx_dma.c            0x00000000   Number         0  stm32f0xx_dma.o ABSOLUTE
    stm32_lib\src\stm32f0xx_gpio.c           0x00000000   Number         0  stm32f0xx_gpio.o ABSOLUTE
    stm32_lib\src\stm32f0xx_i2c.c            0x00000000   Number         0  stm32f0xx_i2c.o ABSOLUTE
    stm32_lib\src\stm32f0xx_misc.c           0x00000000   Number         0  stm32f0xx_misc.o ABSOLUTE
    stm32_lib\src\stm32f0xx_rcc.c            0x00000000   Number         0  stm32f0xx_rcc.o ABSOLUTE
    stm32_lib\src\stm32f0xx_tim.c            0x00000000   Number         0  stm32f0xx_tim.o ABSOLUTE
    stm32_lib\src\stm32f0xx_usart.c          0x00000000   Number         0  stm32f0xx_usart.o ABSOLUTE
    RESET                                    0x08000000   Section      180  startup_stm32f030x8.o(RESET)
    !!!main                                  0x080000b4   Section        8  __main.o(!!!main)
    !!!scatter                               0x080000bc   Section       60  __scatter.o(!!!scatter)
    !!handler_zi                             0x080000f8   Section       28  __scatter_zi.o(!!handler_zi)
    .ARM.Collect$$libinit$$00000000          0x08000114   Section        2  libinit.o(.ARM.Collect$$libinit$$00000000)
    .ARM.Collect$$libinit$$00000002          0x08000116   Section        0  libinit2.o(.ARM.Collect$$libinit$$00000002)
    .ARM.Collect$$libinit$$00000004          0x08000116   Section        0  libinit2.o(.ARM.Collect$$libinit$$00000004)
    .ARM.Collect$$libinit$$0000000A          0x08000116   Section        0  libinit2.o(.ARM.Collect$$libinit$$0000000A)
    .ARM.Collect$$libinit$$0000000C          0x08000116   Section        0  libinit2.o(.ARM.Collect$$libinit$$0000000C)
    .ARM.Collect$$libinit$$0000000E          0x08000116   Section        0  libinit2.o(.ARM.Collect$$libinit$$0000000E)
    .ARM.Collect$$libinit$$00000011          0x08000116   Section        0  libinit2.o(.ARM.Collect$$libinit$$00000011)
    .ARM.Collect$$libinit$$00000013          0x08000116   Section        0  libinit2.o(.ARM.Collect$$libinit$$00000013)
    .ARM.Collect$$libinit$$00000015          0x08000116   Section        0  libinit2.o(.ARM.Collect$$libinit$$00000015)
    .ARM.Collect$$libinit$$00000017          0x08000116   Section        0  libinit2.o(.ARM.Collect$$libinit$$00000017)
    .ARM.Collect$$libinit$$00000019          0x08000116   Section        0  libinit2.o(.ARM.Collect$$libinit$$00000019)
    .ARM.Collect$$libinit$$0000001B          0x08000116   Section        0  libinit2.o(.ARM.Collect$$libinit$$0000001B)
    .ARM.Collect$$libinit$$0000001D          0x08000116   Section        0  libinit2.o(.ARM.Collect$$libinit$$0000001D)
    .ARM.Collect$$libinit$$0000001F          0x08000116   Section        0  libinit2.o(.ARM.Collect$$libinit$$0000001F)
    .ARM.Collect$$libinit$$00000021          0x08000116   Section        0  libinit2.o(.ARM.Collect$$libinit$$00000021)
    .ARM.Collect$$libinit$$00000023          0x08000116   Section        0  libinit2.o(.ARM.Collect$$libinit$$00000023)
    .ARM.Collect$$libinit$$00000025          0x08000116   Section        0  libinit2.o(.ARM.Collect$$libinit$$00000025)
    .ARM.Collect$$libinit$$0000002C          0x08000116   Section        0  libinit2.o(.ARM.Collect$$libinit$$0000002C)
    .ARM.Collect$$libinit$$0000002E          0x08000116   Section        0  libinit2.o(.ARM.Collect$$libinit$$0000002E)
    .ARM.Collect$$libinit$$00000030          0x08000116   Section        0  libinit2.o(.ARM.Collect$$libinit$$00000030)
    .ARM.Collect$$libinit$$00000032          0x08000116   Section        0  libinit2.o(.ARM.Collect$$libinit$$00000032)
    .ARM.Collect$$libinit$$00000033          0x08000116   Section        2  libinit2.o(.ARM.Collect$$libinit$$00000033)
    .ARM.Collect$$libshutdown$$00000000      0x08000118   Section        2  libshutdown.o(.ARM.Collect$$libshutdown$$00000000)
    .ARM.Collect$$libshutdown$$00000002      0x0800011a   Section        0  libshutdown2.o(.ARM.Collect$$libshutdown$$00000002)
    .ARM.Collect$$libshutdown$$00000004      0x0800011a   Section        0  libshutdown2.o(.ARM.Collect$$libshutdown$$00000004)
    .ARM.Collect$$libshutdown$$00000007      0x0800011a   Section        0  libshutdown2.o(.ARM.Collect$$libshutdown$$00000007)
    .ARM.Collect$$libshutdown$$0000000A      0x0800011a   Section        0  libshutdown2.o(.ARM.Collect$$libshutdown$$0000000A)
    .ARM.Collect$$libshutdown$$0000000C      0x0800011a   Section        0  libshutdown2.o(.ARM.Collect$$libshutdown$$0000000C)
    .ARM.Collect$$libshutdown$$0000000F      0x0800011a   Section        0  libshutdown2.o(.ARM.Collect$$libshutdown$$0000000F)
    .ARM.Collect$$libshutdown$$00000010      0x0800011a   Section        2  libshutdown2.o(.ARM.Collect$$libshutdown$$00000010)
    .ARM.Collect$$rtentry$$00000000          0x0800011c   Section        0  __rtentry.o(.ARM.Collect$$rtentry$$00000000)
    .ARM.Collect$$rtentry$$00000002          0x0800011c   Section        0  __rtentry2.o(.ARM.Collect$$rtentry$$00000002)
    .ARM.Collect$$rtentry$$00000004          0x0800011c   Section        6  __rtentry4.o(.ARM.Collect$$rtentry$$00000004)
    .ARM.Collect$$rtentry$$00000008          0x08000122   Section        8  __rtentry2.o(.ARM.Collect$$rtentry$$00000008)
    .ARM.Collect$$rtentry$$0000000A          0x0800012a   Section        4  __rtentry2.o(.ARM.Collect$$rtentry$$0000000A)
    .ARM.Collect$$rtentry$$0000000C          0x0800012e   Section        0  __rtentry2.o(.ARM.Collect$$rtentry$$0000000C)
    .ARM.Collect$$rtentry$$0000000D          0x0800012e   Section        8  __rtentry2.o(.ARM.Collect$$rtentry$$0000000D)
    .ARM.Collect$$rtexit$$00000000           0x08000136   Section        2  rtexit.o(.ARM.Collect$$rtexit$$00000000)
    .ARM.Collect$$rtexit$$00000002           0x08000138   Section        0  rtexit2.o(.ARM.Collect$$rtexit$$00000002)
    .ARM.Collect$$rtexit$$00000003           0x08000138   Section        4  rtexit2.o(.ARM.Collect$$rtexit$$00000003)
    .ARM.Collect$$rtexit$$00000004           0x0800013c   Section        6  rtexit2.o(.ARM.Collect$$rtexit$$00000004)
    .emb_text                                0x08000144   Section       56  rt_memcpy.o(.emb_text)
    .text                                    0x0800017c   Section       56  startup_stm32f030x8.o(.text)
    .text                                    0x080001b4   Section      140  irq_cm0.o(.text)
    .text                                    0x08000240   Section        0  rt_memcpy.o(.text)
    .text                                    0x080002c2   Section        0  aeabi_memset4.o(.text)
    .text                                    0x080002d4   Section        0  rt_memclr.o(.text)
    .text                                    0x08000314   Section      488  aeabi_sdivfast.o(.text)
    .text                                    0x080004fc   Section        0  heapauxi.o(.text)
    .text                                    0x08000502   Section       62  sys_stackheap_outer.o(.text)
    .text                                    0x08000540   Section        0  exit.o(.text)
    .text                                    0x08000550   Section        8  libspace.o(.text)
    .text                                    0x08000558   Section        0  sys_exit.o(.text)
    .text                                    0x08000564   Section        2  use_no_semi.o(.text)
    .text                                    0x08000566   Section        0  indicate_semi.o(.text)
    .text                                    0x08000566   Section        0  __dczerorl2.o(.text)
    [Anonymous Symbol]                       0x080005bc   Section        0  rtx_delay.o(.text.osDelay)
    __arm_cp.2_0                             0x080005dc   Number         4  rtx_delay.o(.text.osDelay)
    [Anonymous Symbol]                       0x080005e0   Section        0  rtx_kernel.o(.text.osKernelGetState)
    __arm_cp.14_0                            0x0800060c   Number         4  rtx_kernel.o(.text.osKernelGetState)
    __arm_cp.14_1                            0x08000610   Number         4  rtx_kernel.o(.text.osKernelGetState)
    [Anonymous Symbol]                       0x08000614   Section        0  rtx_kernel.o(.text.osKernelInitialize)
    __arm_cp.12_0                            0x08000640   Number         4  rtx_kernel.o(.text.osKernelInitialize)
    [Anonymous Symbol]                       0x08000644   Section        0  rtx_kernel.o(.text.osKernelStart)
    __arm_cp.15_0                            0x080006a4   Number         4  rtx_kernel.o(.text.osKernelStart)
    [Anonymous Symbol]                       0x080006a8   Section        0  rtx_msgqueue.o(.text.osMessageQueuePut)
    __arm_cp.13_0                            0x08000724   Number         4  rtx_msgqueue.o(.text.osMessageQueuePut)
    [Anonymous Symbol]                       0x08000728   Section        0  rtx_mutex.o(.text.osMutexAcquire)
    __arm_cp.9_0                             0x08000748   Number         4  rtx_mutex.o(.text.osMutexAcquire)
    [Anonymous Symbol]                       0x0800074c   Section        0  rtx_mutex.o(.text.osMutexNew)
    __arm_cp.7_0                             0x080007f0   Number         4  rtx_mutex.o(.text.osMutexNew)
    __arm_cp.7_1                             0x080007f4   Number         4  rtx_mutex.o(.text.osMutexNew)
    [Anonymous Symbol]                       0x080007f8   Section        0  rtx_mutex.o(.text.osMutexRelease)
    __arm_cp.10_0                            0x08000818   Number         4  rtx_mutex.o(.text.osMutexRelease)
    [Anonymous Symbol]                       0x0800081c   Section        0  rtx_thread.o(.text.osThreadExit)
    __arm_cp.18_0                            0x08000824   Number         4  rtx_thread.o(.text.osThreadExit)
    [Anonymous Symbol]                       0x08000828   Section        0  rtx_thread.o(.text.osThreadGetId)
    __arm_cp.41_0                            0x08000844   Number         4  rtx_thread.o(.text.osThreadGetId)
    [Anonymous Symbol]                       0x08000848   Section        0  rtx_thread.o(.text.osThreadNew)
    __arm_cp.39_0                            0x08000880   Number         4  rtx_thread.o(.text.osThreadNew)
    __arm_cp.39_1                            0x08000884   Number         4  rtx_thread.o(.text.osThreadNew)
    [Anonymous Symbol]                       0x08000888   Section        0  rtx_thread.o(.text.osThreadSetPriority)
    __arm_cp.45_0                            0x080008a8   Number         4  rtx_thread.o(.text.osThreadSetPriority)
    [Anonymous Symbol]                       0x080008ac   Section        0  rtx_memory.o(.text.os_MemoryAlloc)
    [Anonymous Symbol]                       0x08000922   Section        0  rtx_memory.o(.text.os_MemoryFree)
    [Anonymous Symbol]                       0x0800096c   Section        0  rtx_memory.o(.text.os_MemoryInit)
    [Anonymous Symbol]                       0x080009a2   Section        0  rtx_mempool.o(.text.os_MemoryPoolAlloc)
    [Anonymous Symbol]                       0x080009d8   Section        0  rtx_mempool.o(.text.os_MemoryPoolFree)
    [Anonymous Symbol]                       0x08000a16   Section        0  rtx_mempool.o(.text.os_MemoryPoolInit)
    [Anonymous Symbol]                       0x08000a5a   Section        0  rtx_mutex.o(.text.os_MutexOwnerRelease)
    [Anonymous Symbol]                       0x08000aa0   Section        0  rtx_system.o(.text.os_PendSV_Handler)
    __arm_cp.2_0                             0x08000b3c   Number         4  rtx_system.o(.text.os_PendSV_Handler)
    [Anonymous Symbol]                       0x08000b40   Section        0  rtx_system.o(.text.os_PostProcess)
    __arm_cp.3_0                             0x08000bac   Number         4  rtx_system.o(.text.os_PostProcess)
    __arm_cp.3_1                             0x08000bb0   Number         4  rtx_system.o(.text.os_PostProcess)
    [Anonymous Symbol]                       0x08000bb4   Section        0  rtx_system.o(.text.os_SysTimerAckIRQ)
    __arm_cp.1_0                             0x08000bbc   Number         4  rtx_system.o(.text.os_SysTimerAckIRQ)
    [Anonymous Symbol]                       0x08000bc0   Section        0  rtx_system.o(.text.os_SysTimerEnable)
    __arm_cp.5_0                             0x08000bc8   Number         4  rtx_system.o(.text.os_SysTimerEnable)
    [Anonymous Symbol]                       0x08000bcc   Section        0  rtx_system.o(.text.os_SysTimerSetup)
    __arm_cp.4_0                             0x08000bf4   Number         4  rtx_system.o(.text.os_SysTimerSetup)
    __arm_cp.4_1                             0x08000bf8   Number         4  rtx_system.o(.text.os_SysTimerSetup)
    __arm_cp.4_2                             0x08000bfc   Number         4  rtx_system.o(.text.os_SysTimerSetup)
    __arm_cp.4_3                             0x08000c00   Number         4  rtx_system.o(.text.os_SysTimerSetup)
    [Anonymous Symbol]                       0x08000c04   Section        0  rtx_thread.o(.text.os_ThreadDelayTick)
    __arm_cp.8_0                             0x08000c80   Number         4  rtx_thread.o(.text.os_ThreadDelayTick)
    [Anonymous Symbol]                       0x08000c84   Section        0  rtx_thread.o(.text.os_ThreadDispatch)
    __arm_cp.13_0                            0x08000dac   Number         4  rtx_thread.o(.text.os_ThreadDispatch)
    [Anonymous Symbol]                       0x08000db0   Section        0  rtx_thread.o(.text.os_ThreadListGet)
    [Anonymous Symbol]                       0x08000dc8   Section        0  rtx_thread.o(.text.os_ThreadListPut)
    [Anonymous Symbol]                       0x08000e00   Section        0  rtx_thread.o(.text.os_ThreadListRemove)
    [Anonymous Symbol]                       0x08000e18   Section        0  rtx_thread.o(.text.os_ThreadListSort)
    [Anonymous Symbol]                       0x08000e74   Section        0  rtx_thread.o(.text.os_ThreadPostProcess)
    __arm_cp.16_0                            0x08000f78   Number         4  rtx_thread.o(.text.os_ThreadPostProcess)
    [Anonymous Symbol]                       0x08000f7c   Section        0  rtx_thread.o(.text.os_ThreadReadyPut)
    __arm_cp.5_0                             0x08000fc0   Number         4  rtx_thread.o(.text.os_ThreadReadyPut)
    [Anonymous Symbol]                       0x08000fc4   Section        0  rtx_thread.o(.text.os_ThreadRegPtr)
    [Anonymous Symbol]                       0x08000fcc   Section        0  rtx_thread.o(.text.os_ThreadStackCheck)
    __arm_cp.12_0                            0x08000ff0   Number         4  rtx_thread.o(.text.os_ThreadStackCheck)
    __arm_cp.12_1                            0x08000ff4   Number         4  rtx_thread.o(.text.os_ThreadStackCheck)
    [Anonymous Symbol]                       0x08000ff8   Section        0  rtx_thread.o(.text.os_ThreadSwitch)
    __arm_cp.11_0                            0x08001008   Number         4  rtx_thread.o(.text.os_ThreadSwitch)
    [Anonymous Symbol]                       0x0800100c   Section        0  rtx_thread.o(.text.os_ThreadWaitEnter)
    __arm_cp.15_0                            0x080010f0   Number         4  rtx_thread.o(.text.os_ThreadWaitEnter)
    [Anonymous Symbol]                       0x080010f4   Section        0  rtx_thread.o(.text.os_ThreadWaitExit)
    __arm_cp.14_0                            0x08001198   Number         4  rtx_thread.o(.text.os_ThreadWaitExit)
    [Anonymous Symbol]                       0x0800119c   Section        0  rtx_system.o(.text.os_Tick_Handler)
    __arm_cp.0_0                             0x08001210   Number         4  rtx_system.o(.text.os_Tick_Handler)
    [Anonymous Symbol]                       0x08001214   Section        0  rtx_timer.o(.text.os_TimerTick)
    __arm_cp.0_0                             0x080012b4   Number         4  rtx_timer.o(.text.os_TimerTick)
    [Anonymous Symbol]                       0x080012b8   Section        0  rtx_delay.o(.text.os_svcDelay)
    [Anonymous Symbol]                       0x080012cc   Section        0  rtx_kernel.o(.text.os_svcKernelGetState)
    __arm_cp.2_0                             0x080012d4   Number         4  rtx_kernel.o(.text.os_svcKernelGetState)
    [Anonymous Symbol]                       0x080012d8   Section        0  rtx_kernel.o(.text.os_svcKernelInitialize)
    __arm_cp.0_0                             0x080014b0   Number         4  rtx_kernel.o(.text.os_svcKernelInitialize)
    __arm_cp.0_1                             0x080014b4   Number         4  rtx_kernel.o(.text.os_svcKernelInitialize)
    __arm_cp.0_2                             0x080014b8   Number         4  rtx_kernel.o(.text.os_svcKernelInitialize)
    __arm_cp.0_3                             0x080014bc   Number         4  rtx_kernel.o(.text.os_svcKernelInitialize)
    [Anonymous Symbol]                       0x080014c0   Section        0  rtx_kernel.o(.text.os_svcKernelStart)
    __arm_cp.3_0                             0x0800152c   Number         4  rtx_kernel.o(.text.os_svcKernelStart)
    __arm_cp.3_1                             0x08001530   Number         4  rtx_kernel.o(.text.os_svcKernelStart)
    __arm_cp.3_2                             0x08001534   Number         4  rtx_kernel.o(.text.os_svcKernelStart)
    __arm_cp.3_3                             0x08001538   Number         4  rtx_kernel.o(.text.os_svcKernelStart)
    [Anonymous Symbol]                       0x0800153c   Section        0  rtx_msgqueue.o(.text.os_svcMessageQueuePut)
    __arm_cp.3_0                             0x0800166c   Number         4  rtx_msgqueue.o(.text.os_svcMessageQueuePut)
    [Anonymous Symbol]                       0x08001670   Section        0  rtx_mutex.o(.text.os_svcMutexAcquire)
    __arm_cp.3_0                             0x08001710   Number         4  rtx_mutex.o(.text.os_svcMutexAcquire)
    [Anonymous Symbol]                       0x08001714   Section        0  rtx_mutex.o(.text.os_svcMutexNew)
    __arm_cp.1_0                             0x08001788   Number         4  rtx_mutex.o(.text.os_svcMutexNew)
    [Anonymous Symbol]                       0x0800178c   Section        0  rtx_mutex.o(.text.os_svcMutexRelease)
    __arm_cp.4_0                             0x08001854   Number         4  rtx_mutex.o(.text.os_svcMutexRelease)
    [Anonymous Symbol]                       0x08001858   Section        0  rtx_thread.o(.text.os_svcThreadExit)
    __arm_cp.31_0                            0x080019a8   Number         4  rtx_thread.o(.text.os_svcThreadExit)
    [Anonymous Symbol]                       0x080019ac   Section        0  rtx_thread.o(.text.os_svcThreadGetId)
    __arm_cp.20_0                            0x080019b4   Number         4  rtx_thread.o(.text.os_svcThreadGetId)
    [Anonymous Symbol]                       0x080019b8   Section        0  rtx_thread.o(.text.os_svcThreadNew)
    __arm_cp.17_0                            0x08001bd4   Number         4  rtx_thread.o(.text.os_svcThreadNew)
    __arm_cp.17_1                            0x08001bd8   Number         4  rtx_thread.o(.text.os_svcThreadNew)
    __arm_cp.17_2                            0x08001bdc   Number         4  rtx_thread.o(.text.os_svcThreadNew)
    __arm_cp.17_3                            0x08001be0   Number         4  rtx_thread.o(.text.os_svcThreadNew)
    __arm_cp.17_4                            0x08001be4   Number         4  rtx_thread.o(.text.os_svcThreadNew)
    [Anonymous Symbol]                       0x08001be8   Section        0  rtx_thread.o(.text.os_svcThreadSetPriority)
    __arm_cp.24_0                            0x08001cfc   Number         4  rtx_thread.o(.text.os_svcThreadSetPriority)
    i.DMA1_Channel2_3_IRQHandler             0x08001d00   Section        0  uart.o(i.DMA1_Channel2_3_IRQHandler)
    i.DMA_ClearFlag                          0x08001d34   Section        0  stm32f0xx_dma.o(i.DMA_ClearFlag)
    i.DMA_ClearITPendingBit                  0x08001d54   Section        0  stm32f0xx_dma.o(i.DMA_ClearITPendingBit)
    i.DMA_Cmd                                0x08001d74   Section        0  stm32f0xx_dma.o(i.DMA_Cmd)
    i.DMA_DeInit                             0x08001d90   Section        0  stm32f0xx_dma.o(i.DMA_DeInit)
    i.DMA_GetFlagStatus                      0x08001ef4   Section        0  stm32f0xx_dma.o(i.DMA_GetFlagStatus)
    i.DMA_ITConfig                           0x08001f28   Section        0  stm32f0xx_dma.o(i.DMA_ITConfig)
    i.DMA_Init                               0x08001f3c   Section        0  stm32f0xx_dma.o(i.DMA_Init)
    i.GPIO_Init                              0x08001f7c   Section        0  stm32f0xx_gpio.o(i.GPIO_Init)
    i.GPIO_PinAFConfig                       0x0800200c   Section        0  stm32f0xx_gpio.o(i.GPIO_PinAFConfig)
    i.I2C1_IRQHandler                        0x08002050   Section        0  i2c.o(i.I2C1_IRQHandler)
    i.NVIC_Init                              0x08002210   Section        0  stm32f0xx_misc.o(i.NVIC_Init)
    i.NVIC_SetPriority                       0x08002280   Section        0  i2c.o(i.NVIC_SetPriority)
    NVIC_SetPriority                         0x08002281   Thumb Code   110  i2c.o(i.NVIC_SetPriority)
    i.NVIC_SetPriority                       0x080022f8   Section        0  timer.o(i.NVIC_SetPriority)
    NVIC_SetPriority                         0x080022f9   Thumb Code   110  timer.o(i.NVIC_SetPriority)
    i.RCC_GetClocksFreq                      0x08002370   Section        0  stm32f0xx_rcc.o(i.RCC_GetClocksFreq)
    i.SystemCoreClockUpdate                  0x080025b8   Section        0  system_stm32f0xx.o(i.SystemCoreClockUpdate)
    i.SystemInit                             0x0800266c   Section        0  system_stm32f0xx.o(i.SystemInit)
    i.TIM6_DAC_IRQHandler                    0x08002758   Section        0  timer.o(i.TIM6_DAC_IRQHandler)
    i.USART1_IRQHandler                      0x080027b4   Section        0  uart.o(i.USART1_IRQHandler)
    i.USART_ClearFlag                        0x08002850   Section        0  stm32f0xx_usart.o(i.USART_ClearFlag)
    i.USART_ClearITPendingBit                0x08002854   Section        0  stm32f0xx_usart.o(i.USART_ClearITPendingBit)
    i.USART_DMACmd                           0x08002866   Section        0  stm32f0xx_usart.o(i.USART_DMACmd)
    i.USART_GetITStatus                      0x0800287a   Section        0  stm32f0xx_usart.o(i.USART_GetITStatus)
    i.USART_ITConfig                         0x080028c8   Section        0  stm32f0xx_usart.o(i.USART_ITConfig)
    i.USART_Init                             0x0800290c   Section        0  stm32f0xx_usart.o(i.USART_Init)
    i.USART_ReceiverTimeOutCmd               0x08002a04   Section        0  stm32f0xx_usart.o(i.USART_ReceiverTimeOutCmd)
    i.USART_SetReceiverTimeOut               0x08002a20   Section        0  stm32f0xx_usart.o(i.USART_SetReceiverTimeOut)
    i.__ARM_common_switch8                   0x08002a30   Section        0  modbus_func.o(i.__ARM_common_switch8)
    i._platform_post_stackheap_init          0x08002a4c   Section        0  rtx_config.o(i._platform_post_stackheap_init)
    i.checkCrc16                             0x08002a54   Section        0  modbus.o(i.checkCrc16)
    i.crc16                                  0x08002ab8   Section        0  modbus.o(i.crc16)
    i.i2c_master_process                     0x08002b0c   Section        0  i2c.o(i.i2c_master_process)
    i.initGpio                               0x08002be0   Section        0  gpio.o(i.initGpio)
    i.initI2C                                0x08002cd8   Section        0  i2c.o(i.initI2C)
    i.initTimers                             0x08002d78   Section        0  timer.o(i.initTimers)
    i.initUart1                              0x08002df0   Section        0  uart.o(i.initUart1)
    i.initUartDma                            0x08002e70   Section        0  uart.o(i.initUartDma)
    i.init_HDC1080                           0x08002f44   Section        0  hdc1080.o(i.init_HDC1080)
    i.main                                   0x08002f78   Section        0  main.o(i.main)
    i.mbReturnException                      0x08003104   Section        0  modbus.o(i.mbReturnException)
    i.modbusRTU                              0x08003140   Section        0  modbus.o(i.modbusRTU)
    i.os_Error                               0x08003334   Section        0  rtx_config.o(i.os_Error)
    i.os_IdleThread                          0x08003354   Section        0  rtx_config.o(i.os_IdleThread)
    i.readCoils                              0x08003358   Section        0  modbus_func.o(i.readCoils)
    i.readGpioInputs                         0x080033b4   Section        0  gpio.o(i.readGpioInputs)
    i.readGpioOutputs                        0x080033c8   Section        0  gpio.o(i.readGpioOutputs)
    i.readHoldingRegister                    0x080033dc   Section        0  modbus_func.o(i.readHoldingRegister)
    i.readInputs                             0x080034d0   Section        0  modbus_func.o(i.readInputs)
    i.rwDummyFunc                            0x08003530   Section        0  modbus_func.o(i.rwDummyFunc)
    i.setGpioOutputs                         0x08003534   Section        0  gpio.o(i.setGpioOutputs)
    i.setParameters                          0x08003574   Section        0  pub_var.o(i.setParameters)
    i.task_HDC1080                           0x08003588   Section        0  hdc1080.o(i.task_HDC1080)
    i.task_Led                               0x0800369c   Section        0  main.o(i.task_Led)
    i.task_Uart1                             0x080036c4   Section        0  uart.o(i.task_Uart1)
    i.trig_HDC1080                           0x08003774   Section        0  hdc1080.o(i.trig_HDC1080)
    i.uart1NvicConfig                        0x08003834   Section        0  uart.o(i.uart1NvicConfig)
    i.uart1TxCmd                             0x0800385c   Section        0  uart.o(i.uart1TxCmd)
    i.wordEndianer                           0x08003900   Section        0  util.o(i.wordEndianer)
    i.writeSingleCoil                        0x08003910   Section        0  modbus_func.o(i.writeSingleCoil)
    i.write_HDC1080_configuration            0x080039f4   Section        0  hdc1080.o(i.write_HDC1080_configuration)
    .constdata                               0x08003a9c   Section      518  modbus.o(.constdata)
    .constdata                               0x08003ca4   Section       62  modbus_func.o(.constdata)
    .constdata                               0x08003ce4   Section      204  rtx_config.o(.constdata)
    os_idle_thread_attr                      0x08003ce4   Data          36  rtx_config.o(.constdata)
    os_timer_thread_attr                     0x08003d08   Data          36  rtx_config.o(.constdata)
    os_timer_mq_attr                         0x08003d2c   Data          24  rtx_config.o(.constdata)
    .constdata                               0x08003db0   Section       16  system_stm32f0xx.o(.constdata)
    [Anonymous Symbol]                       0x08003dc0   Section        0  rtx_kernel.o(.rodata.str1.4)
    .L.str                                   0x08003dc0   Data          11  rtx_kernel.o(.rodata.str1.4)
    .bss.os                                  0x20000000   Section     4656  rtx_config.o(.bss.os)
    os_mem                                   0x20000000   Data        4096  rtx_config.o(.bss.os)
    os_isr_queue                             0x20001000   Data          64  rtx_config.o(.bss.os)
    os_libspace                              0x20001040   Data         480  rtx_config.o(.bss.os)
    os_libspace_id                           0x20001220   Data          16  rtx_config.o(.bss.os)
    .bss.os.msgqueue.cb                      0x20001230   Section       52  rtx_config.o(.bss.os.msgqueue.cb)
    os_timer_mq_cb                           0x20001230   Data          52  rtx_config.o(.bss.os.msgqueue.cb)
    .bss.os.msgqueue.mem                     0x20001264   Section       80  rtx_config.o(.bss.os.msgqueue.mem)
    os_timer_mq_data                         0x20001264   Data          80  rtx_config.o(.bss.os.msgqueue.mem)
    .bss.os.thread.cb                        0x200012b4   Section      128  rtx_config.o(.bss.os.thread.cb)
    os_idle_thread_cb                        0x200012b4   Data          64  rtx_config.o(.bss.os.thread.cb)
    os_timer_thread_cb                       0x200012f4   Data          64  rtx_config.o(.bss.os.thread.cb)
    .bss.os.thread.stack                     0x20001338   Section      400  rtx_config.o(.bss.os.thread.stack)
    os_idle_thread_stack                     0x20001338   Data         200  rtx_config.o(.bss.os.thread.stack)
    os_timer_thread_stack                    0x20001400   Data         200  rtx_config.o(.bss.os.thread.stack)
    .data                                    0x200014c8   Section        4  main.o(.data)
    .data                                    0x200014cc   Section       12  hdc1080.o(.data)
    .data                                    0x200014d8   Section        2  modbus.o(.data)
    .data                                    0x200014dc   Section       24  modbus_func.o(.data)
    .data                                    0x200014f4   Section       12  gpio.o(.data)
    .data                                    0x20001500   Section       42  uart.o(.data)
    .data                                    0x2000152c   Section       22  i2c.o(.data)
    .data                                    0x20001542   Section       16  stm32f0xx_rcc.o(.data)
    APBAHBPrescTable                         0x20001542   Data          16  stm32f0xx_rcc.o(.data)
    .data                                    0x20001554   Section        4  system_stm32f0xx.o(.data)
    .bss                                     0x20001600   Section       10  pub_var.o(.bss)
    .bss                                     0x2000160c   Section       16  modbus.o(.bss)
    .bss                                     0x2000161c   Section       66  uart.o(.bss)
    .bss                                     0x2000165e   Section       64  i2c.o(.bss)
    .bss                                     0x200016a0   Section       96  libspace.o(.bss)
    HEAP                                     0x20001700   Section      512  startup_stm32f030x8.o(HEAP)
    Heap_Mem                                 0x20001700   Data         512  startup_stm32f030x8.o(HEAP)
    STACK                                    0x20001900   Section     1024  startup_stm32f030x8.o(STACK)
    Stack_Mem                                0x20001900   Data        1024  startup_stm32f030x8.o(STACK)
    __initial_sp                             0x20001d00   Data           0  startup_stm32f030x8.o(STACK)

    Global Symbols

    Symbol Name                              Value     Ov Type        Size  Object(Section)

    BuildAttributes$$THM_ISAv3M$S$PE$A:L22$X:L11$S22$IEEE1$IW$~IW$USESV6$~STKCKD$USESV7$~SHL$OTIME$ROPI$EBA8$UX$STANDARDLIB$REQ8$PRES8$EABIv2 0x00000000   Number         0  anon$$obj.o ABSOLUTE
    __ARM_use_no_argv                        0x00000000   Number         0  main.o ABSOLUTE
    __ARM_exceptions_init                     - Undefined Weak Reference
    __alloca_initialize                       - Undefined Weak Reference
    __arm_preinit_                            - Undefined Weak Reference
    __cpp_initialize__aeabi_                  - Undefined Weak Reference
    __cxa_finalize                            - Undefined Weak Reference
    __rt_locale                               - Undefined Weak Reference
    __sigvec_lookup                           - Undefined Weak Reference
    _atexit_init                              - Undefined Weak Reference
    _call_atexit_fns                          - Undefined Weak Reference
    _clock_init                               - Undefined Weak Reference
    _fp_trap_init                             - Undefined Weak Reference
    _fp_trap_shutdown                         - Undefined Weak Reference
    _get_lc_collate                           - Undefined Weak Reference
    _get_lc_ctype                             - Undefined Weak Reference
    _get_lc_monetary                          - Undefined Weak Reference
    _get_lc_numeric                           - Undefined Weak Reference
    _get_lc_time                              - Undefined Weak Reference
    _getenv_init                              - Undefined Weak Reference
    _handle_redirection                       - Undefined Weak Reference
    _init_alloc                               - Undefined Weak Reference
    _init_user_alloc                          - Undefined Weak Reference
    _initio                                   - Undefined Weak Reference
    _printf_post_padding                      - Undefined Weak Reference
    _printf_pre_padding                       - Undefined Weak Reference
    _printf_truncate_signed                   - Undefined Weak Reference
    _printf_truncate_unsigned                 - Undefined Weak Reference
    _rand_init                                - Undefined Weak Reference
    _signal_finish                            - Undefined Weak Reference
    _signal_init                              - Undefined Weak Reference
    _terminate_alloc                          - Undefined Weak Reference
    _terminate_user_alloc                     - Undefined Weak Reference
    _terminateio                              - Undefined Weak Reference
    __Vectors_Size                           0x000000b4   Number         0  startup_stm32f030x8.o ABSOLUTE
    __Vectors                                0x08000000   Data           4  startup_stm32f030x8.o(RESET)
    __Vectors_End                            0x080000b4   Data           0  startup_stm32f030x8.o(RESET)
    __main                                   0x080000b5   Thumb Code     8  __main.o(!!!main)
    __scatterload                            0x080000bd   Thumb Code     0  __scatter.o(!!!scatter)
    __scatterload_rt2                        0x080000bd   Thumb Code    52  __scatter.o(!!!scatter)
    __scatterload_rt2_thumb_only             0x080000bd   Thumb Code     0  __scatter.o(!!!scatter)
    __scatterload_null                       0x080000cd   Thumb Code     0  __scatter.o(!!!scatter)
    __scatterload_zeroinit                   0x080000f9   Thumb Code    28  __scatter_zi.o(!!handler_zi)
    __rt_lib_init                            0x08000115   Thumb Code     0  libinit.o(.ARM.Collect$$libinit$$00000000)
    __rt_lib_init_alloca_1                   0x08000117   Thumb Code     0  libinit2.o(.ARM.Collect$$libinit$$0000002E)
    __rt_lib_init_argv_1                     0x08000117   Thumb Code     0  libinit2.o(.ARM.Collect$$libinit$$0000002C)
    __rt_lib_init_atexit_1                   0x08000117   Thumb Code     0  libinit2.o(.ARM.Collect$$libinit$$0000001B)
    __rt_lib_init_clock_1                    0x08000117   Thumb Code     0  libinit2.o(.ARM.Collect$$libinit$$00000021)
    __rt_lib_init_cpp_1                      0x08000117   Thumb Code     0  libinit2.o(.ARM.Collect$$libinit$$00000032)
    __rt_lib_init_exceptions_1               0x08000117   Thumb Code     0  libinit2.o(.ARM.Collect$$libinit$$00000030)
    __rt_lib_init_fp_1                       0x08000117   Thumb Code     0  libinit2.o(.ARM.Collect$$libinit$$00000002)
    __rt_lib_init_fp_trap_1                  0x08000117   Thumb Code     0  libinit2.o(.ARM.Collect$$libinit$$0000001F)
    __rt_lib_init_getenv_1                   0x08000117   Thumb Code     0  libinit2.o(.ARM.Collect$$libinit$$00000023)
    __rt_lib_init_heap_1                     0x08000117   Thumb Code     0  libinit2.o(.ARM.Collect$$libinit$$0000000A)
    __rt_lib_init_lc_collate_1               0x08000117   Thumb Code     0  libinit2.o(.ARM.Collect$$libinit$$00000011)
    __rt_lib_init_lc_ctype_1                 0x08000117   Thumb Code     0  libinit2.o(.ARM.Collect$$libinit$$00000013)
    __rt_lib_init_lc_monetary_1              0x08000117   Thumb Code     0  libinit2.o(.ARM.Collect$$libinit$$00000015)
    __rt_lib_init_lc_numeric_1               0x08000117   Thumb Code     0  libinit2.o(.ARM.Collect$$libinit$$00000017)
    __rt_lib_init_lc_time_1                  0x08000117   Thumb Code     0  libinit2.o(.ARM.Collect$$libinit$$00000019)
    __rt_lib_init_preinit_1                  0x08000117   Thumb Code     0  libinit2.o(.ARM.Collect$$libinit$$00000004)
    __rt_lib_init_rand_1                     0x08000117   Thumb Code     0  libinit2.o(.ARM.Collect$$libinit$$0000000E)
    __rt_lib_init_return                     0x08000117   Thumb Code     0  libinit2.o(.ARM.Collect$$libinit$$00000033)
    __rt_lib_init_signal_1                   0x08000117   Thumb Code     0  libinit2.o(.ARM.Collect$$libinit$$0000001D)
    __rt_lib_init_stdio_1                    0x08000117   Thumb Code     0  libinit2.o(.ARM.Collect$$libinit$$00000025)
    __rt_lib_init_user_alloc_1               0x08000117   Thumb Code     0  libinit2.o(.ARM.Collect$$libinit$$0000000C)
    __rt_lib_shutdown                        0x08000119   Thumb Code     0  libshutdown.o(.ARM.Collect$$libshutdown$$00000000)
    __rt_lib_shutdown_cpp_1                  0x0800011b   Thumb Code     0  libshutdown2.o(.ARM.Collect$$libshutdown$$00000002)
    __rt_lib_shutdown_fp_trap_1              0x0800011b   Thumb Code     0  libshutdown2.o(.ARM.Collect$$libshutdown$$00000007)
    __rt_lib_shutdown_heap_1                 0x0800011b   Thumb Code     0  libshutdown2.o(.ARM.Collect$$libshutdown$$0000000F)
    __rt_lib_shutdown_return                 0x0800011b   Thumb Code     0  libshutdown2.o(.ARM.Collect$$libshutdown$$00000010)
    __rt_lib_shutdown_signal_1               0x0800011b   Thumb Code     0  libshutdown2.o(.ARM.Collect$$libshutdown$$0000000A)
    __rt_lib_shutdown_stdio_1                0x0800011b   Thumb Code     0  libshutdown2.o(.ARM.Collect$$libshutdown$$00000004)
    __rt_lib_shutdown_user_alloc_1           0x0800011b   Thumb Code     0  libshutdown2.o(.ARM.Collect$$libshutdown$$0000000C)
    __rt_entry                               0x0800011d   Thumb Code     0  __rtentry.o(.ARM.Collect$$rtentry$$00000000)
    __rt_entry_presh_1                       0x0800011d   Thumb Code     0  __rtentry2.o(.ARM.Collect$$rtentry$$00000002)
    __rt_entry_sh                            0x0800011d   Thumb Code     0  __rtentry4.o(.ARM.Collect$$rtentry$$00000004)
    __rt_entry_postsh_1                      0x08000123   Thumb Code     0  __rtentry2.o(.ARM.Collect$$rtentry$$00000008)
    __rt_entry_li                            0x0800012b   Thumb Code     0  __rtentry2.o(.ARM.Collect$$rtentry$$0000000A)
    __rt_entry_main                          0x0800012f   Thumb Code     0  __rtentry2.o(.ARM.Collect$$rtentry$$0000000D)
    __rt_entry_postli_1                      0x0800012f   Thumb Code     0  __rtentry2.o(.ARM.Collect$$rtentry$$0000000C)
    __rt_exit                                0x08000137   Thumb Code     0  rtexit.o(.ARM.Collect$$rtexit$$00000000)
    __rt_exit_ls                             0x08000139   Thumb Code     0  rtexit2.o(.ARM.Collect$$rtexit$$00000003)
    __rt_exit_prels_1                        0x08000139   Thumb Code     0  rtexit2.o(.ARM.Collect$$rtexit$$00000002)
    __rt_exit_exit                           0x0800013d   Thumb Code     0  rtexit2.o(.ARM.Collect$$rtexit$$00000004)
    __aeabi_memcpy4                          0x08000145   Thumb Code    56  rt_memcpy.o(.emb_text)
    __aeabi_memcpy8                          0x08000145   Thumb Code     0  rt_memcpy.o(.emb_text)
    Reset_Handler                            0x0800017d   Thumb Code     8  startup_stm32f030x8.o(.text)
    NMI_Handler                              0x08000185   Thumb Code     2  startup_stm32f030x8.o(.text)
    HardFault_Handler                        0x08000187   Thumb Code     2  startup_stm32f030x8.o(.text)
    ADC1_IRQHandler                          0x0800018f   Thumb Code     0  startup_stm32f030x8.o(.text)
    DMA1_Channel1_IRQHandler                 0x0800018f   Thumb Code     0  startup_stm32f030x8.o(.text)
    DMA1_Channel4_5_IRQHandler               0x0800018f   Thumb Code     0  startup_stm32f030x8.o(.text)
    EXTI0_1_IRQHandler                       0x0800018f   Thumb Code     0  startup_stm32f030x8.o(.text)
    EXTI2_3_IRQHandler                       0x0800018f   Thumb Code     0  startup_stm32f030x8.o(.text)
    EXTI4_15_IRQHandler                      0x0800018f   Thumb Code     0  startup_stm32f030x8.o(.text)
    FLASH_IRQHandler                         0x0800018f   Thumb Code     0  startup_stm32f030x8.o(.text)
    I2C2_IRQHandler                          0x0800018f   Thumb Code     0  startup_stm32f030x8.o(.text)
    RCC_IRQHandler                           0x0800018f   Thumb Code     0  startup_stm32f030x8.o(.text)
    RTC_IRQHandler                           0x0800018f   Thumb Code     0  startup_stm32f030x8.o(.text)
    SPI1_IRQHandler                          0x0800018f   Thumb Code     0  startup_stm32f030x8.o(.text)
    SPI2_IRQHandler                          0x0800018f   Thumb Code     0  startup_stm32f030x8.o(.text)
    TIM14_IRQHandler                         0x0800018f   Thumb Code     0  startup_stm32f030x8.o(.text)
    TIM15_IRQHandler                         0x0800018f   Thumb Code     0  startup_stm32f030x8.o(.text)
    TIM16_IRQHandler                         0x0800018f   Thumb Code     0  startup_stm32f030x8.o(.text)
    TIM17_IRQHandler                         0x0800018f   Thumb Code     0  startup_stm32f030x8.o(.text)
    TIM1_BRK_UP_TRG_COM_IRQHandler           0x0800018f   Thumb Code     0  startup_stm32f030x8.o(.text)
    TIM1_CC_IRQHandler                       0x0800018f   Thumb Code     0  startup_stm32f030x8.o(.text)
    TIM3_IRQHandler                          0x0800018f   Thumb Code     0  startup_stm32f030x8.o(.text)
    USART2_IRQHandler                        0x0800018f   Thumb Code     0  startup_stm32f030x8.o(.text)
    WWDG_IRQHandler                          0x0800018f   Thumb Code     0  startup_stm32f030x8.o(.text)
    __user_initial_stackheap                 0x08000191   Thumb Code     0  startup_stm32f030x8.o(.text)
    SVC_Handler                              0x080001b5   Thumb Code   116  irq_cm0.o(.text)
    PendSV_Handler                           0x08000229   Thumb Code     8  irq_cm0.o(.text)
    SysTick_Handler                          0x08000231   Thumb Code     8  irq_cm0.o(.text)
    __aeabi_memcpy                           0x08000241   Thumb Code   130  rt_memcpy.o(.text)
    __rt_memcpy                              0x08000241   Thumb Code     0  rt_memcpy.o(.text)
    __aeabi_memset4                          0x080002c3   Thumb Code    18  aeabi_memset4.o(.text)
    __aeabi_memset8                          0x080002c3   Thumb Code     0  aeabi_memset4.o(.text)
    _memset_w                                0x080002d5   Thumb Code    26  rt_memclr.o(.text)
    _memset                                  0x080002ef   Thumb Code    30  rt_memclr.o(.text)
    __aeabi_memclr                           0x0800030d   Thumb Code     4  rt_memclr.o(.text)
    __rt_memclr                              0x0800030d   Thumb Code     0  rt_memclr.o(.text)
    __aeabi_memclr4                          0x08000311   Thumb Code     0  rt_memclr.o(.text)
    __aeabi_memclr8                          0x08000311   Thumb Code     0  rt_memclr.o(.text)
    __rt_memclr_w                            0x08000311   Thumb Code     4  rt_memclr.o(.text)
    __aeabi_uidiv                            0x08000315   Thumb Code     0  aeabi_sdivfast.o(.text)
    __aeabi_uidivmod                         0x08000315   Thumb Code    28  aeabi_sdivfast.o(.text)
    __aeabi_idiv                             0x08000331   Thumb Code     0  aeabi_sdivfast.o(.text)
    __aeabi_idivmod                          0x08000331   Thumb Code   460  aeabi_sdivfast.o(.text)
    __use_two_region_memory                  0x080004fd   Thumb Code     2  heapauxi.o(.text)
    __rt_heap_escrow$2region                 0x080004ff   Thumb Code     2  heapauxi.o(.text)
    __rt_heap_expand$2region                 0x08000501   Thumb Code     2  heapauxi.o(.text)
    __user_setup_stackheap                   0x08000503   Thumb Code    62  sys_stackheap_outer.o(.text)
    exit                                     0x08000541   Thumb Code    16  exit.o(.text)
    __user_libspace                          0x08000551   Thumb Code     8  libspace.o(.text)
    __user_perproc_libspace                  0x08000551   Thumb Code     0  libspace.o(.text)
    _sys_exit                                0x08000559   Thumb Code     8  sys_exit.o(.text)
    __I$use$semihosting                      0x08000565   Thumb Code     0  use_no_semi.o(.text)
    __use_no_semihosting_swi                 0x08000565   Thumb Code     2  use_no_semi.o(.text)
    __decompress                             0x08000567   Thumb Code     0  __dczerorl2.o(.text)
    __decompress1                            0x08000567   Thumb Code    86  __dczerorl2.o(.text)
    __semihosting_library_function           0x08000567   Thumb Code     0  indicate_semi.o(.text)
    osDelay                                  0x080005bd   Thumb Code    36  rtx_delay.o(.text.osDelay)
    osKernelGetState                         0x080005e1   Thumb Code    52  rtx_kernel.o(.text.osKernelGetState)
    osKernelInitialize                       0x08000615   Thumb Code    48  rtx_kernel.o(.text.osKernelInitialize)
    osKernelStart                            0x08000645   Thumb Code   100  rtx_kernel.o(.text.osKernelStart)
    osMessageQueuePut                        0x080006a9   Thumb Code   128  rtx_msgqueue.o(.text.osMessageQueuePut)
    osMutexAcquire                           0x08000729   Thumb Code    36  rtx_mutex.o(.text.osMutexAcquire)
    osMutexNew                               0x0800074d   Thumb Code   172  rtx_mutex.o(.text.osMutexNew)
    osMutexRelease                           0x080007f9   Thumb Code    36  rtx_mutex.o(.text.osMutexRelease)
    osThreadExit                             0x0800081d   Thumb Code    12  rtx_thread.o(.text.osThreadExit)
    osThreadGetId                            0x08000829   Thumb Code    32  rtx_thread.o(.text.osThreadGetId)
    osThreadNew                              0x08000849   Thumb Code    64  rtx_thread.o(.text.osThreadNew)
    osThreadSetPriority                      0x08000889   Thumb Code    36  rtx_thread.o(.text.osThreadSetPriority)
    os_MemoryAlloc                           0x080008ad   Thumb Code   118  rtx_memory.o(.text.os_MemoryAlloc)
    os_MemoryFree                            0x08000923   Thumb Code    74  rtx_memory.o(.text.os_MemoryFree)
    os_MemoryInit                            0x0800096d   Thumb Code    54  rtx_memory.o(.text.os_MemoryInit)
    os_MemoryPoolAlloc                       0x080009a3   Thumb Code    54  rtx_mempool.o(.text.os_MemoryPoolAlloc)
    os_MemoryPoolFree                        0x080009d9   Thumb Code    62  rtx_mempool.o(.text.os_MemoryPoolFree)
    os_MemoryPoolInit                        0x08000a17   Thumb Code    68  rtx_mempool.o(.text.os_MemoryPoolInit)
    os_MutexOwnerRelease                     0x08000a5b   Thumb Code    70  rtx_mutex.o(.text.os_MutexOwnerRelease)
    os_PendSV_Handler                        0x08000aa1   Thumb Code   160  rtx_system.o(.text.os_PendSV_Handler)
    os_PostProcess                           0x08000b41   Thumb Code   116  rtx_system.o(.text.os_PostProcess)
    os_SysTimerAckIRQ                        0x08000bb5   Thumb Code    12  rtx_system.o(.text.os_SysTimerAckIRQ)
    os_SysTimerEnable                        0x08000bc1   Thumb Code    12  rtx_system.o(.text.os_SysTimerEnable)
    os_SysTimerSetup                         0x08000bcd   Thumb Code    56  rtx_system.o(.text.os_SysTimerSetup)
    os_ThreadDelayTick                       0x08000c05   Thumb Code   128  rtx_thread.o(.text.os_ThreadDelayTick)
    os_ThreadDispatch                        0x08000c85   Thumb Code   300  rtx_thread.o(.text.os_ThreadDispatch)
    os_ThreadListGet                         0x08000db1   Thumb Code    24  rtx_thread.o(.text.os_ThreadListGet)
    os_ThreadListPut                         0x08000dc9   Thumb Code    56  rtx_thread.o(.text.os_ThreadListPut)
    os_ThreadListRemove                      0x08000e01   Thumb Code    24  rtx_thread.o(.text.os_ThreadListRemove)
    os_ThreadListSort                        0x08000e19   Thumb Code    92  rtx_thread.o(.text.os_ThreadListSort)
    os_ThreadPostProcess                     0x08000e75   Thumb Code   264  rtx_thread.o(.text.os_ThreadPostProcess)
    os_ThreadReadyPut                        0x08000f7d   Thumb Code    72  rtx_thread.o(.text.os_ThreadReadyPut)
    os_ThreadRegPtr                          0x08000fc5   Thumb Code     6  rtx_thread.o(.text.os_ThreadRegPtr)
    os_ThreadStackCheck                      0x08000fcd   Thumb Code    44  rtx_thread.o(.text.os_ThreadStackCheck)
    os_ThreadSwitch                          0x08000ff9   Thumb Code    20  rtx_thread.o(.text.os_ThreadSwitch)
    os_ThreadWaitEnter                       0x0800100d   Thumb Code   232  rtx_thread.o(.text.os_ThreadWaitEnter)
    os_ThreadWaitExit                        0x080010f5   Thumb Code   168  rtx_thread.o(.text.os_ThreadWaitExit)
    os_Tick_Handler                          0x0800119d   Thumb Code   120  rtx_system.o(.text.os_Tick_Handler)
    os_TimerTick                             0x08001215   Thumb Code   164  rtx_timer.o(.text.os_TimerTick)
    os_svcDelay                              0x080012b9   Thumb Code    18  rtx_delay.o(.text.os_svcDelay)
    os_svcKernelGetState                     0x080012cd   Thumb Code    12  rtx_kernel.o(.text.os_svcKernelGetState)
    os_svcKernelInitialize                   0x080012d9   Thumb Code   488  rtx_kernel.o(.text.os_svcKernelInitialize)
    os_svcKernelStart                        0x080014c1   Thumb Code   124  rtx_kernel.o(.text.os_svcKernelStart)
    os_svcMessageQueuePut                    0x0800153d   Thumb Code   308  rtx_msgqueue.o(.text.os_svcMessageQueuePut)
    os_svcMutexAcquire                       0x08001671   Thumb Code   164  rtx_mutex.o(.text.os_svcMutexAcquire)
    os_svcMutexNew                           0x08001715   Thumb Code   120  rtx_mutex.o(.text.os_svcMutexNew)
    os_svcMutexRelease                       0x0800178d   Thumb Code   204  rtx_mutex.o(.text.os_svcMutexRelease)
    os_svcThreadExit                         0x08001859   Thumb Code   340  rtx_thread.o(.text.os_svcThreadExit)
    os_svcThreadGetId                        0x080019ad   Thumb Code    12  rtx_thread.o(.text.os_svcThreadGetId)
    os_svcThreadNew                          0x080019b9   Thumb Code   560  rtx_thread.o(.text.os_svcThreadNew)
    os_svcThreadSetPriority                  0x08001be9   Thumb Code   280  rtx_thread.o(.text.os_svcThreadSetPriority)
    DMA1_Channel2_3_IRQHandler               0x08001d01   Thumb Code    44  uart.o(i.DMA1_Channel2_3_IRQHandler)
    DMA_ClearFlag                            0x08001d35   Thumb Code    22  stm32f0xx_dma.o(i.DMA_ClearFlag)
    DMA_ClearITPendingBit                    0x08001d55   Thumb Code    22  stm32f0xx_dma.o(i.DMA_ClearITPendingBit)
    DMA_Cmd                                  0x08001d75   Thumb Code    24  stm32f0xx_dma.o(i.DMA_Cmd)
    DMA_DeInit                               0x08001d91   Thumb Code   342  stm32f0xx_dma.o(i.DMA_DeInit)
    DMA_GetFlagStatus                        0x08001ef5   Thumb Code    42  stm32f0xx_dma.o(i.DMA_GetFlagStatus)
    DMA_ITConfig                             0x08001f29   Thumb Code    20  stm32f0xx_dma.o(i.DMA_ITConfig)
    DMA_Init                                 0x08001f3d   Thumb Code    58  stm32f0xx_dma.o(i.DMA_Init)
    GPIO_Init                                0x08001f7d   Thumb Code   144  stm32f0xx_gpio.o(i.GPIO_Init)
    GPIO_PinAFConfig                         0x0800200d   Thumb Code    68  stm32f0xx_gpio.o(i.GPIO_PinAFConfig)
    I2C1_IRQHandler                          0x08002051   Thumb Code   410  i2c.o(i.I2C1_IRQHandler)
    NVIC_Init                                0x08002211   Thumb Code   106  stm32f0xx_misc.o(i.NVIC_Init)
    RCC_GetClocksFreq                        0x08002371   Thumb Code   554  stm32f0xx_rcc.o(i.RCC_GetClocksFreq)
    SystemCoreClockUpdate                    0x080025b9   Thumb Code   158  system_stm32f0xx.o(i.SystemCoreClockUpdate)
    SystemInit                               0x0800266d   Thumb Code   216  system_stm32f0xx.o(i.SystemInit)
    TIM6_DAC_IRQHandler                      0x08002759   Thumb Code    70  timer.o(i.TIM6_DAC_IRQHandler)
    USART1_IRQHandler                        0x080027b5   Thumb Code   134  uart.o(i.USART1_IRQHandler)
    USART_ClearFlag                          0x08002851   Thumb Code     4  stm32f0xx_usart.o(i.USART_ClearFlag)
    USART_ClearITPendingBit                  0x08002855   Thumb Code    18  stm32f0xx_usart.o(i.USART_ClearITPendingBit)
    USART_DMACmd                             0x08002867   Thumb Code    20  stm32f0xx_usart.o(i.USART_DMACmd)
    USART_GetITStatus                        0x0800287b   Thumb Code    78  stm32f0xx_usart.o(i.USART_GetITStatus)
    USART_ITConfig                           0x080028c9   Thumb Code    66  stm32f0xx_usart.o(i.USART_ITConfig)
    USART_Init                               0x0800290d   Thumb Code   226  stm32f0xx_usart.o(i.USART_Init)
    USART_ReceiverTimeOutCmd                 0x08002a05   Thumb Code    28  stm32f0xx_usart.o(i.USART_ReceiverTimeOutCmd)
    USART_SetReceiverTimeOut                 0x08002a21   Thumb Code    16  stm32f0xx_usart.o(i.USART_SetReceiverTimeOut)
    __ARM_common_switch8                     0x08002a31   Thumb Code    28  modbus_func.o(i.__ARM_common_switch8)
    _platform_post_stackheap_init            0x08002a4d   Thumb Code     8  rtx_config.o(i._platform_post_stackheap_init)
    checkCrc16                               0x08002a55   Thumb Code    92  modbus.o(i.checkCrc16)
    crc16                                    0x08002ab9   Thumb Code    76  modbus.o(i.crc16)
    i2c_master_process                       0x08002b0d   Thumb Code   170  i2c.o(i.i2c_master_process)
    initGpio                                 0x08002be1   Thumb Code   232  gpio.o(i.initGpio)
    initI2C                                  0x08002cd9   Thumb Code   138  i2c.o(i.initI2C)
    initTimers                               0x08002d79   Thumb Code   104  timer.o(i.initTimers)
    initUart1                                0x08002df1   Thumb Code   114  uart.o(i.initUart1)
    initUartDma                              0x08002e71   Thumb Code   190  uart.o(i.initUartDma)
    init_HDC1080                             0x08002f45   Thumb Code    44  hdc1080.o(i.init_HDC1080)
    main                                     0x08002f79   Thumb Code   262  main.o(i.main)
    mbReturnException                        0x08003105   Thumb Code    54  modbus.o(i.mbReturnException)
    modbusRTU                                0x08003141   Thumb Code   488  modbus.o(i.modbusRTU)
    os_Error                                 0x08003335   Thumb Code    32  rtx_config.o(i.os_Error)
    os_IdleThread                            0x08003355   Thumb Code     4  rtx_config.o(i.os_IdleThread)
    readCoils                                0x08003359   Thumb Code    80  modbus_func.o(i.readCoils)
    readGpioInputs                           0x080033b5   Thumb Code    14  gpio.o(i.readGpioInputs)
    readGpioOutputs                          0x080033c9   Thumb Code    12  gpio.o(i.readGpioOutputs)
    readHoldingRegister                      0x080033dd   Thumb Code   222  modbus_func.o(i.readHoldingRegister)
    readInputs                               0x080034d1   Thumb Code    82  modbus_func.o(i.readInputs)
    rwDummyFunc                              0x08003531   Thumb Code     4  modbus_func.o(i.rwDummyFunc)
    setGpioOutputs                           0x08003535   Thumb Code    50  gpio.o(i.setGpioOutputs)
    setParameters                            0x08003575   Thumb Code    16  pub_var.o(i.setParameters)
    task_HDC1080                             0x08003589   Thumb Code   240  hdc1080.o(i.task_HDC1080)
    task_Led                                 0x0800369d   Thumb Code    36  main.o(i.task_Led)
    task_Uart1                               0x080036c5   Thumb Code   160  uart.o(i.task_Uart1)
    trig_HDC1080                             0x08003775   Thumb Code   158  hdc1080.o(i.trig_HDC1080)
    uart1NvicConfig                          0x08003835   Thumb Code    38  uart.o(i.uart1NvicConfig)
    uart1TxCmd                               0x0800385d   Thumb Code   144  uart.o(i.uart1TxCmd)
    wordEndianer                             0x08003901   Thumb Code    16  util.o(i.wordEndianer)
    writeSingleCoil                          0x08003911   Thumb Code   214  modbus_func.o(i.writeSingleCoil)
    write_HDC1080_configuration              0x080039f5   Thumb Code   140  hdc1080.o(i.write_HDC1080_configuration)
    stCrcTable                               0x08003a9c   Data         512  modbus.o(.constdata)
    stHoldingRegArray                        0x08003ca4   Data          60  modbus_func.o(.constdata)
    sizeOfHoldingRegister                    0x08003ce0   Data           2  modbus_func.o(.constdata)
    os_Config                                0x08003d44   Data         104  rtx_config.o(.constdata)
    os_UserSVC_Table                         0x08003dac   Data           4  rtx_config.o(.constdata)
    AHBPrescTable                            0x08003db0   Data          16  system_stm32f0xx.o(.constdata)
    Region$$Table$$Base                      0x08003dcc   Number         0  anon$$obj.o(Region$$Table)
    Region$$Table$$Limit                     0x08003dec   Number         0  anon$$obj.o(Region$$Table)
    mutex_I2C                                0x200014c8   Data           4  main.o(.data)
    stTempHum                                0x200014cc   Data           4  hdc1080.o(.data)
    stHDC1080Status                          0x200014d0   Data           1  hdc1080.o(.data)
    uiTimerHDC1080                           0x200014d2   Data           2  hdc1080.o(.data)
    statusT                                  0x200014d4   Data           4  hdc1080.o(.data)
    uiWordQty                                0x200014d8   Data           2  modbus.o(.data)
    ulMfTmp                                  0x200014dc   Data           4  modbus_func.o(.data)
    uiMfTmp                                  0x200014e0   Data           2  modbus_func.o(.data)
    ptruInt                                  0x200014e4   Data           4  modbus_func.o(.data)
    uistMfTmp                                0x200014e8   Data           2  modbus_func.o(.data)
    ptruChar                                 0x200014ec   Data           4  modbus_func.o(.data)
    ulPar1                                   0x200014f0   Data           4  modbus_func.o(.data)
    ulInputs                                 0x200014f4   Data           4  gpio.o(.data)
    ulOutputs                                0x200014f8   Data           4  gpio.o(.data)
    ulTmp                                    0x200014fc   Data           4  gpio.o(.data)
    uart1Tx                                  0x20001500   Data          34  uart.o(.data)
    uart1Flags                               0x20001522   Data           5  uart.o(.data)
    uiTmp                                    0x20001527   Data           1  uart.o(.data)
    uiTimerUart1                             0x20001528   Data           2  uart.o(.data)
    i2cTxBufPtr                              0x2000152c   Data           4  i2c.o(.data)
    i2cRxBufPtr                              0x20001530   Data           4  i2c.o(.data)
    stI2cMsgTx                               0x20001534   Data           2  i2c.o(.data)
    stI2cStatus                              0x20001536   Data           3  i2c.o(.data)
    ucI2CMasterSendStartStop                 0x20001539   Data           1  i2c.o(.data)
    ulTempI2C                                0x2000153c   Data           4  i2c.o(.data)
    uiTimerI2C                               0x20001540   Data           2  i2c.o(.data)
    SystemCoreClock                          0x20001554   Data           4  system_stm32f0xx.o(.data)
    os_Info                                  0x20001558   Data         168  rtx_kernel.o(.data.os)
    sys_par                                  0x20001600   Data          10  pub_var.o(.bss)
    mbTxRxData                               0x2000160c   Data          16  modbus.o(.bss)
    uart1Rx                                  0x2000161c   Data          66  uart.o(.bss)
    ucI2CTxBuf                               0x2000165e   Data          32  i2c.o(.bss)
    ucI2CRxBuf                               0x2000167e   Data          32  i2c.o(.bss)
    __libspace_start                         0x200016a0   Data          96  libspace.o(.bss)
    __temporary_stack_top$libspace           0x20001700   Data           0  libspace.o(.bss)



==============================================================================

Memory Map of the image

  Image Entry point : 0x080000b5

  Load Region LR_IROM1 (Base: 0x08000000, Size: 0x000053ec, Max: 0x00010000, ABSOLUTE, COMPRESSED[0x00003e4c])

    Execution Region ER_IROM1 (Base: 0x08000000, Size: 0x00003dec, Max: 0x00010000, ABSOLUTE)

    Base Addr    Size         Type   Attr      Idx    E Section Name        Object

    0x08000000   0x000000b4   Data   RO         2248    RESET               startup_stm32f030x8.o
    0x080000b4   0x00000008   Code   RO         2777  * !!!main             c_p.l(__main.o)
    0x080000bc   0x0000003c   Code   RO         2957    !!!scatter          c_p.l(__scatter.o)
    0x080000f8   0x0000001c   Code   RO         2959    !!handler_zi        c_p.l(__scatter_zi.o)
    0x08000114   0x00000002   Code   RO         2824    .ARM.Collect$$libinit$$00000000  c_p.l(libinit.o)
    0x08000116   0x00000000   Code   RO         2838    .ARM.Collect$$libinit$$00000002  c_p.l(libinit2.o)
    0x08000116   0x00000000   Code   RO         2840    .ARM.Collect$$libinit$$00000004  c_p.l(libinit2.o)
    0x08000116   0x00000000   Code   RO         2843    .ARM.Collect$$libinit$$0000000A  c_p.l(libinit2.o)
    0x08000116   0x00000000   Code   RO         2845    .ARM.Collect$$libinit$$0000000C  c_p.l(libinit2.o)
    0x08000116   0x00000000   Code   RO         2847    .ARM.Collect$$libinit$$0000000E  c_p.l(libinit2.o)
    0x08000116   0x00000000   Code   RO         2850    .ARM.Collect$$libinit$$00000011  c_p.l(libinit2.o)
    0x08000116   0x00000000   Code   RO         2852    .ARM.Collect$$libinit$$00000013  c_p.l(libinit2.o)
    0x08000116   0x00000000   Code   RO         2854    .ARM.Collect$$libinit$$00000015  c_p.l(libinit2.o)
    0x08000116   0x00000000   Code   RO         2856    .ARM.Collect$$libinit$$00000017  c_p.l(libinit2.o)
    0x08000116   0x00000000   Code   RO         2858    .ARM.Collect$$libinit$$00000019  c_p.l(libinit2.o)
    0x08000116   0x00000000   Code   RO         2860    .ARM.Collect$$libinit$$0000001B  c_p.l(libinit2.o)
    0x08000116   0x00000000   Code   RO         2862    .ARM.Collect$$libinit$$0000001D  c_p.l(libinit2.o)
    0x08000116   0x00000000   Code   RO         2864    .ARM.Collect$$libinit$$0000001F  c_p.l(libinit2.o)
    0x08000116   0x00000000   Code   RO         2866    .ARM.Collect$$libinit$$00000021  c_p.l(libinit2.o)
    0x08000116   0x00000000   Code   RO         2868    .ARM.Collect$$libinit$$00000023  c_p.l(libinit2.o)
    0x08000116   0x00000000   Code   RO         2870    .ARM.Collect$$libinit$$00000025  c_p.l(libinit2.o)
    0x08000116   0x00000000   Code   RO         2874    .ARM.Collect$$libinit$$0000002C  c_p.l(libinit2.o)
    0x08000116   0x00000000   Code   RO         2876    .ARM.Collect$$libinit$$0000002E  c_p.l(libinit2.o)
    0x08000116   0x00000000   Code   RO         2878    .ARM.Collect$$libinit$$00000030  c_p.l(libinit2.o)
    0x08000116   0x00000000   Code   RO         2880    .ARM.Collect$$libinit$$00000032  c_p.l(libinit2.o)
    0x08000116   0x00000002   Code   RO         2881    .ARM.Collect$$libinit$$00000033  c_p.l(libinit2.o)
    0x08000118   0x00000002   Code   RO         2912    .ARM.Collect$$libshutdown$$00000000  c_p.l(libshutdown.o)
    0x0800011a   0x00000000   Code   RO         2938    .ARM.Collect$$libshutdown$$00000002  c_p.l(libshutdown2.o)
    0x0800011a   0x00000000   Code   RO         2940    .ARM.Collect$$libshutdown$$00000004  c_p.l(libshutdown2.o)
    0x0800011a   0x00000000   Code   RO         2943    .ARM.Collect$$libshutdown$$00000007  c_p.l(libshutdown2.o)
    0x0800011a   0x00000000   Code   RO         2946    .ARM.Collect$$libshutdown$$0000000A  c_p.l(libshutdown2.o)
    0x0800011a   0x00000000   Code   RO         2948    .ARM.Collect$$libshutdown$$0000000C  c_p.l(libshutdown2.o)
    0x0800011a   0x00000000   Code   RO         2951    .ARM.Collect$$libshutdown$$0000000F  c_p.l(libshutdown2.o)
    0x0800011a   0x00000002   Code   RO         2952    .ARM.Collect$$libshutdown$$00000010  c_p.l(libshutdown2.o)
    0x0800011c   0x00000000   Code   RO         2779    .ARM.Collect$$rtentry$$00000000  c_p.l(__rtentry.o)
    0x0800011c   0x00000000   Code   RO         2794    .ARM.Collect$$rtentry$$00000002  c_p.l(__rtentry2.o)
    0x0800011c   0x00000006   Code   RO         2806    .ARM.Collect$$rtentry$$00000004  c_p.l(__rtentry4.o)
    0x08000122   0x00000008   Code   RO         2795    .ARM.Collect$$rtentry$$00000008  c_p.l(__rtentry2.o)
    0x0800012a   0x00000004   Code   RO         2797    .ARM.Collect$$rtentry$$0000000A  c_p.l(__rtentry2.o)
    0x0800012e   0x00000000   Code   RO         2799    .ARM.Collect$$rtentry$$0000000C  c_p.l(__rtentry2.o)
    0x0800012e   0x00000008   Code   RO         2800    .ARM.Collect$$rtentry$$0000000D  c_p.l(__rtentry2.o)
    0x08000136   0x00000002   Code   RO         2829    .ARM.Collect$$rtexit$$00000000  c_p.l(rtexit.o)
    0x08000138   0x00000000   Code   RO         2885    .ARM.Collect$$rtexit$$00000002  c_p.l(rtexit2.o)
    0x08000138   0x00000004   Code   RO         2886    .ARM.Collect$$rtexit$$00000003  c_p.l(rtexit2.o)
    0x0800013c   0x00000006   Code   RO         2887    .ARM.Collect$$rtexit$$00000004  c_p.l(rtexit2.o)
    0x08000142   0x00000002   PAD
    0x08000144   0x00000038   Code   RO         2763    .emb_text           c_p.l(rt_memcpy.o)
    0x0800017c   0x00000038   Code   RO         2249    .text               startup_stm32f030x8.o
    0x080001b4   0x0000008c   Code   RO         2534    .text               RTX_CM0.lib(irq_cm0.o)
    0x08000240   0x00000082   Code   RO         2764    .text               c_p.l(rt_memcpy.o)
    0x080002c2   0x00000012   Code   RO         2767    .text               c_p.l(aeabi_memset4.o)
    0x080002d4   0x00000040   Code   RO         2769    .text               c_p.l(rt_memclr.o)
    0x08000314   0x000001e8   Code   RO         2771    .text               c_p.l(aeabi_sdivfast.o)
    0x080004fc   0x00000006   Code   RO         2775    .text               c_p.l(heapauxi.o)
    0x08000502   0x0000003e   Code   RO         2812    .text               c_p.l(sys_stackheap_outer.o)
    0x08000540   0x00000010   Code   RO         2815    .text               c_p.l(exit.o)
    0x08000550   0x00000008   Code   RO         2825    .text               c_p.l(libspace.o)
    0x08000558   0x0000000c   Code   RO         2882    .text               c_p.l(sys_exit.o)
    0x08000564   0x00000002   Code   RO         2901    .text               c_p.l(use_no_semi.o)
    0x08000566   0x00000000   Code   RO         2903    .text               c_p.l(indicate_semi.o)
    0x08000566   0x00000056   Code   RO         2955    .text               c_p.l(__dczerorl2.o)
    0x080005bc   0x00000024   Code   RO         2482    .text.osDelay       RTX_CM0.lib(rtx_delay.o)
    0x080005e0   0x00000034   Code   RO         2315    .text.osKernelGetState  RTX_CM0.lib(rtx_kernel.o)
    0x08000614   0x00000030   Code   RO         2311    .text.osKernelInitialize  RTX_CM0.lib(rtx_kernel.o)
    0x08000644   0x00000064   Code   RO         2317    .text.osKernelStart  RTX_CM0.lib(rtx_kernel.o)
    0x080006a8   0x00000080   Code   RO         2705    .text.osMessageQueuePut  RTX_CM0.lib(rtx_msgqueue.o)
    0x08000728   0x00000024   Code   RO         2515    .text.osMutexAcquire  RTX_CM0.lib(rtx_mutex.o)
    0x0800074c   0x000000ac   Code   RO         2511    .text.osMutexNew    RTX_CM0.lib(rtx_mutex.o)
    0x080007f8   0x00000024   Code   RO         2517    .text.osMutexRelease  RTX_CM0.lib(rtx_mutex.o)
    0x0800081c   0x0000000c   Code   RO         2385    .text.osThreadExit  RTX_CM0.lib(rtx_thread.o)
    0x08000828   0x00000020   Code   RO         2431    .text.osThreadGetId  RTX_CM0.lib(rtx_thread.o)
    0x08000848   0x00000040   Code   RO         2427    .text.osThreadNew   RTX_CM0.lib(rtx_thread.o)
    0x08000888   0x00000024   Code   RO         2439    .text.osThreadSetPriority  RTX_CM0.lib(rtx_thread.o)
    0x080008ac   0x00000076   Code   RO         2580    .text.os_MemoryAlloc  RTX_CM0.lib(rtx_memory.o)
    0x08000922   0x0000004a   Code   RO         2582    .text.os_MemoryFree  RTX_CM0.lib(rtx_memory.o)
    0x0800096c   0x00000036   Code   RO         2578    .text.os_MemoryInit  RTX_CM0.lib(rtx_memory.o)
    0x080009a2   0x00000036   Code   RO         2597    .text.os_MemoryPoolAlloc  RTX_CM0.lib(rtx_mempool.o)
    0x080009d8   0x0000003e   Code   RO         2599    .text.os_MemoryPoolFree  RTX_CM0.lib(rtx_mempool.o)
    0x08000a16   0x00000044   Code   RO         2595    .text.os_MemoryPoolInit  RTX_CM0.lib(rtx_mempool.o)
    0x08000a5a   0x00000046   Code   RO         2497    .text.os_MutexOwnerRelease  RTX_CM0.lib(rtx_mutex.o)
    0x08000aa0   0x000000a0   Code   RO         2654    .text.os_PendSV_Handler  RTX_CM0.lib(rtx_system.o)
    0x08000b40   0x00000074   Code   RO         2656    .text.os_PostProcess  RTX_CM0.lib(rtx_system.o)
    0x08000bb4   0x0000000c   Code   RO         2652    .text.os_SysTimerAckIRQ  RTX_CM0.lib(rtx_system.o)
    0x08000bc0   0x0000000c   Code   RO         2660    .text.os_SysTimerEnable  RTX_CM0.lib(rtx_system.o)
    0x08000bcc   0x00000038   Code   RO         2658    .text.os_SysTimerSetup  RTX_CM0.lib(rtx_system.o)
    0x08000c04   0x00000080   Code   RO         2365    .text.os_ThreadDelayTick  RTX_CM0.lib(rtx_thread.o)
    0x08000c84   0x0000012c   Code   RO         2375    .text.os_ThreadDispatch  RTX_CM0.lib(rtx_thread.o)
    0x08000db0   0x00000018   Code   RO         2351    .text.os_ThreadListGet  RTX_CM0.lib(rtx_thread.o)
    0x08000dc8   0x00000038   Code   RO         2349    .text.os_ThreadListPut  RTX_CM0.lib(rtx_thread.o)
    0x08000e00   0x00000018   Code   RO         2355    .text.os_ThreadListRemove  RTX_CM0.lib(rtx_thread.o)
    0x08000e18   0x0000005c   Code   RO         2353    .text.os_ThreadListSort  RTX_CM0.lib(rtx_thread.o)
    0x08000e74   0x00000108   Code   RO         2381    .text.os_ThreadPostProcess  RTX_CM0.lib(rtx_thread.o)
    0x08000f7c   0x00000048   Code   RO         2359    .text.os_ThreadReadyPut  RTX_CM0.lib(rtx_thread.o)
    0x08000fc4   0x00000006   Code   RO         2367    .text.os_ThreadRegPtr  RTX_CM0.lib(rtx_thread.o)
    0x08000fca   0x00000002   PAD
    0x08000fcc   0x0000002c   Code   RO         2373    .text.os_ThreadStackCheck  RTX_CM0.lib(rtx_thread.o)
    0x08000ff8   0x00000014   Code   RO         2371    .text.os_ThreadSwitch  RTX_CM0.lib(rtx_thread.o)
    0x0800100c   0x000000e8   Code   RO         2379    .text.os_ThreadWaitEnter  RTX_CM0.lib(rtx_thread.o)
    0x080010f4   0x000000a8   Code   RO         2377    .text.os_ThreadWaitExit  RTX_CM0.lib(rtx_thread.o)
    0x0800119c   0x00000078   Code   RO         2650    .text.os_Tick_Handler  RTX_CM0.lib(rtx_system.o)
    0x08001214   0x000000a4   Code   RO         2539    .text.os_TimerTick  RTX_CM0.lib(rtx_timer.o)
    0x080012b8   0x00000012   Code   RO         2478    .text.os_svcDelay   RTX_CM0.lib(rtx_delay.o)
    0x080012ca   0x00000002   PAD
    0x080012cc   0x0000000c   Code   RO         2291    .text.os_svcKernelGetState  RTX_CM0.lib(rtx_kernel.o)
    0x080012d8   0x000001e8   Code   RO         2287    .text.os_svcKernelInitialize  RTX_CM0.lib(rtx_kernel.o)
    0x080014c0   0x0000007c   Code   RO         2293    .text.os_svcKernelStart  RTX_CM0.lib(rtx_kernel.o)
    0x0800153c   0x00000134   Code   RO         2685    .text.os_svcMessageQueuePut  RTX_CM0.lib(rtx_msgqueue.o)
    0x08001670   0x000000a4   Code   RO         2503    .text.os_svcMutexAcquire  RTX_CM0.lib(rtx_mutex.o)
    0x08001714   0x00000078   Code   RO         2499    .text.os_svcMutexNew  RTX_CM0.lib(rtx_mutex.o)
    0x0800178c   0x000000cc   Code   RO         2505    .text.os_svcMutexRelease  RTX_CM0.lib(rtx_mutex.o)
    0x08001858   0x00000154   Code   RO         2411    .text.os_svcThreadExit  RTX_CM0.lib(rtx_thread.o)
    0x080019ac   0x0000000c   Code   RO         2389    .text.os_svcThreadGetId  RTX_CM0.lib(rtx_thread.o)
    0x080019b8   0x00000230   Code   RO         2383    .text.os_svcThreadNew  RTX_CM0.lib(rtx_thread.o)
    0x08001be8   0x00000118   Code   RO         2397    .text.os_svcThreadSetPriority  RTX_CM0.lib(rtx_thread.o)
    0x08001d00   0x00000034   Code   RO         1187    i.DMA1_Channel2_3_IRQHandler  uart.o
    0x08001d34   0x00000020   Code   RO          356    i.DMA_ClearFlag     stm32f0xx_dma.o
    0x08001d54   0x00000020   Code   RO          357    i.DMA_ClearITPendingBit  stm32f0xx_dma.o
    0x08001d74   0x0000001c   Code   RO          358    i.DMA_Cmd           stm32f0xx_dma.o
    0x08001d90   0x00000164   Code   RO          359    i.DMA_DeInit        stm32f0xx_dma.o
    0x08001ef4   0x00000034   Code   RO          361    i.DMA_GetFlagStatus  stm32f0xx_dma.o
    0x08001f28   0x00000014   Code   RO          363    i.DMA_ITConfig      stm32f0xx_dma.o
    0x08001f3c   0x00000040   Code   RO          364    i.DMA_Init          stm32f0xx_dma.o
    0x08001f7c   0x00000090   Code   RO          443    i.GPIO_Init         stm32f0xx_gpio.o
    0x0800200c   0x00000044   Code   RO          444    i.GPIO_PinAFConfig  stm32f0xx_gpio.o
    0x08002050   0x000001c0   Code   RO         1250    i.I2C1_IRQHandler   i2c.o
    0x08002210   0x00000070   Code   RO          537    i.NVIC_Init         stm32f0xx_misc.o
    0x08002280   0x00000078   Code   RO         1251    i.NVIC_SetPriority  i2c.o
    0x080022f8   0x00000078   Code   RO         1297    i.NVIC_SetPriority  timer.o
    0x08002370   0x00000248   Code   RO         1925    i.RCC_GetClocksFreq  stm32f0xx_rcc.o
    0x080025b8   0x000000b4   Code   RO         2255    i.SystemCoreClockUpdate  system_stm32f0xx.o
    0x0800266c   0x000000ec   Code   RO         2256    i.SystemInit        system_stm32f0xx.o
    0x08002758   0x0000005c   Code   RO         1298    i.TIM6_DAC_IRQHandler  timer.o
    0x080027b4   0x0000009c   Code   RO         1188    i.USART1_IRQHandler  uart.o
    0x08002850   0x00000004   Code   RO          572    i.USART_ClearFlag   stm32f0xx_usart.o
    0x08002854   0x00000012   Code   RO          573    i.USART_ClearITPendingBit  stm32f0xx_usart.o
    0x08002866   0x00000014   Code   RO          579    i.USART_DMACmd      stm32f0xx_usart.o
    0x0800287a   0x0000004e   Code   RO          585    i.USART_GetITStatus  stm32f0xx_usart.o
    0x080028c8   0x00000042   Code   RO          587    i.USART_ITConfig    stm32f0xx_usart.o
    0x0800290a   0x00000002   PAD
    0x0800290c   0x000000f8   Code   RO          588    i.USART_Init        stm32f0xx_usart.o
    0x08002a04   0x0000001c   Code   RO          601    i.USART_ReceiverTimeOutCmd  stm32f0xx_usart.o
    0x08002a20   0x00000010   Code   RO          613    i.USART_SetReceiverTimeOut  stm32f0xx_usart.o
    0x08002a30   0x0000001c   Code   RO          342    i.__ARM_common_switch8  modbus_func.o
    0x08002a4c   0x00000008   Code   RO         2175    i._platform_post_stackheap_init  rtx_config.o
    0x08002a54   0x00000064   Code   RO          230    i.checkCrc16        modbus.o
    0x08002ab8   0x00000054   Code   RO          231    i.crc16             modbus.o
    0x08002b0c   0x000000d4   Code   RO         1252    i.i2c_master_process  i2c.o
    0x08002be0   0x000000f8   Code   RO         1143    i.initGpio          gpio.o
    0x08002cd8   0x000000a0   Code   RO         1253    i.initI2C           i2c.o
    0x08002d78   0x00000078   Code   RO         1299    i.initTimers        timer.o
    0x08002df0   0x00000080   Code   RO         1189    i.initUart1         uart.o
    0x08002e70   0x000000d4   Code   RO         1190    i.initUartDma       uart.o
    0x08002f44   0x00000034   Code   RO          176    i.init_HDC1080      hdc1080.o
    0x08002f78   0x0000018c   Code   RO            4    i.main              main.o
    0x08003104   0x0000003c   Code   RO          232    i.mbReturnException  modbus.o
    0x08003140   0x000001f4   Code   RO          233    i.modbusRTU         modbus.o
    0x08003334   0x00000020   Code   RO         2176    i.os_Error          rtx_config.o
    0x08003354   0x00000004   Code   RO         2177    i.os_IdleThread     rtx_config.o
    0x08003358   0x0000005c   Code   RO          299    i.readCoils         modbus_func.o
    0x080033b4   0x00000014   Code   RO         1144    i.readGpioInputs    gpio.o
    0x080033c8   0x00000014   Code   RO         1145    i.readGpioOutputs   gpio.o
    0x080033dc   0x000000f4   Code   RO          300    i.readHoldingRegister  modbus_func.o
    0x080034d0   0x00000060   Code   RO          301    i.readInputs        modbus_func.o
    0x08003530   0x00000004   Code   RO          302    i.rwDummyFunc       modbus_func.o
    0x08003534   0x00000040   Code   RO         1146    i.setGpioOutputs    gpio.o
    0x08003574   0x00000014   Code   RO          141    i.setParameters     pub_var.o
    0x08003588   0x00000114   Code   RO          178    i.task_HDC1080      hdc1080.o
    0x0800369c   0x00000028   Code   RO            6    i.task_Led          main.o
    0x080036c4   0x000000b0   Code   RO         1191    i.task_Uart1        uart.o
    0x08003774   0x000000c0   Code   RO          179    i.trig_HDC1080      hdc1080.o
    0x08003834   0x00000026   Code   RO         1192    i.uart1NvicConfig   uart.o
    0x0800385a   0x00000002   PAD
    0x0800385c   0x000000a4   Code   RO         1193    i.uart1TxCmd        uart.o
    0x08003900   0x00000010   Code   RO          159    i.wordEndianer      util.o
    0x08003910   0x000000e4   Code   RO          303    i.writeSingleCoil   modbus_func.o
    0x080039f4   0x000000a8   Code   RO          180    i.write_HDC1080_configuration  hdc1080.o
    0x08003a9c   0x00000206   Data   RO          235    .constdata          modbus.o
    0x08003ca2   0x00000002   PAD
    0x08003ca4   0x0000003e   Data   RO          304    .constdata          modbus_func.o
    0x08003ce2   0x00000002   PAD
    0x08003ce4   0x000000cc   Data   RO         2184    .constdata          rtx_config.o
    0x08003db0   0x00000010   Data   RO         2257    .constdata          system_stm32f0xx.o
    0x08003dc0   0x0000000b   Data   RO         2335    .rodata.str1.4      RTX_CM0.lib(rtx_kernel.o)
    0x08003dcb   0x00000001   PAD
    0x08003dcc   0x00000020   Data   RO         2953    Region$$Table       anon$$obj.o


    Execution Region RW_IRAM1 (Base: 0x20000000, Size: 0x00001d00, Max: 0x00002000, ABSOLUTE, COMPRESSED[0x00000060])

    Base Addr    Size         Type   Attr      Idx    E Section Name        Object

    0x20000000   0x00001230   Data   RW         2179    .bss.os             rtx_config.o
    0x20001230   0x00000034   Data   RW         2180    .bss.os.msgqueue.cb  rtx_config.o
    0x20001264   0x00000050   Data   RW         2181    .bss.os.msgqueue.mem  rtx_config.o
    0x200012b4   0x00000080   Data   RW         2182    .bss.os.thread.cb   rtx_config.o
    0x20001334   0x00000004   PAD
    0x20001338   0x00000190   Data   RW         2183    .bss.os.thread.stack  rtx_config.o
    0x200014c8   0x00000004   Data   RW            7    .data               main.o
    0x200014cc   0x0000000c   Data   RW          181    .data               hdc1080.o
    0x200014d8   0x00000002   Data   RW          236    .data               modbus.o
    0x200014da   0x00000002   PAD
    0x200014dc   0x00000018   Data   RW          305    .data               modbus_func.o
    0x200014f4   0x0000000c   Data   RW         1147    .data               gpio.o
    0x20001500   0x0000002a   Data   RW         1195    .data               uart.o
    0x2000152a   0x00000002   PAD
    0x2000152c   0x00000016   Data   RW         1255    .data               i2c.o
    0x20001542   0x00000010   Data   RW         1951    .data               stm32f0xx_rcc.o
    0x20001552   0x00000002   PAD
    0x20001554   0x00000004   Data   RW         2258    .data               system_stm32f0xx.o
    0x20001558   0x000000a8   Data   RW         2336    .data.os            RTX_CM0.lib(rtx_kernel.o)
    0x20001600   0x0000000a   Zero   RW          142    .bss                pub_var.o
    0x2000160a   0x00000002   PAD
    0x2000160c   0x00000010   Zero   RW          234    .bss                modbus.o
    0x2000161c   0x00000042   Zero   RW         1194    .bss                uart.o
    0x2000165e   0x00000040   Zero   RW         1254    .bss                i2c.o
    0x2000169e   0x00000002   PAD
    0x200016a0   0x00000060   Zero   RW         2826    .bss                c_p.l(libspace.o)
    0x20001700   0x00000200   Zero   RW         2247    HEAP                startup_stm32f030x8.o
    0x20001900   0x00000400   Zero   RW         2246    STACK               startup_stm32f030x8.o


==============================================================================

Image component sizes


      Code (inc. data)   RO Data    RW Data    ZI Data      Debug   Object Name

       352         44          0         12          0       2018   gpio.o
       688        106          0         12          0       3950   hdc1080.o
       940        112          0         22         64      10482   i2c.o
       436        138          0          4          0     210246   main.o
       744         34        518          2         16       6235   modbus.o
       692         70         62         24          0       4295   modbus_func.o
        20          4          0          0         10        606   pub_var.o
        44          8        204       5316          0       9188   rtx_config.o
        56         26        180          0       1536        644   startup_stm32f030x8.o
       584         54          0          0          0       5365   stm32f0xx_dma.o
       212          0          0          0          0      14599   stm32f0xx_gpio.o
       112          6          0          0          0        840   stm32f0xx_misc.o
       584         30          0         16          0       1820   stm32f0xx_rcc.o
       478         22          0          0          0       5723   stm32f0xx_usart.o
       416         42         16          4          0       1805   system_stm32f0xx.o
       332         48          0          0          0       1507   timer.o
       926        102          0         42         66       5559   uart.o
        16          0          0          0          0        479   util.o

    ----------------------------------------------------------------------
      7636        846       1016       5464       1696     285361   Object Totals
         0          0         32          0          0          0   (incl. Generated)
         4          0          4         10          4          0   (incl. Padding)

    ----------------------------------------------------------------------

      Code (inc. data)   RO Data    RW Data    ZI Data      Debug   Library Member Name

       140         14          0          0          0        508   irq_cm0.o
        54          4          0          0          0       2754   rtx_delay.o
       824         52         11        168          0      16567   rtx_kernel.o
       246          0          0          0          0       2060   rtx_memory.o
       184          0          0          0          0      16126   rtx_mempool.o
       436          8          0          0          0      19210   rtx_msgqueue.o
       802         28          0          0          0       9382   rtx_mutex.o
       476         68          0          0          0       7363   rtx_system.o
      2766         88          0          0          0      38983   rtx_thread.o
       164          4          0          0          0      10527   rtx_timer.o
        86          0          0          0          0          0   __dczerorl2.o
         8          0          0          0          0         68   __main.o
         0          0          0          0          0          0   __rtentry.o
        20          0          0          0          0          0   __rtentry2.o
         6          0          0          0          0          0   __rtentry4.o
        60          8          0          0          0          0   __scatter.o
        28          0          0          0          0          0   __scatter_zi.o
        18          0          0          0          0         68   aeabi_memset4.o
       488          0          0          0          0         92   aeabi_sdivfast.o
        16          0          0          0          0         68   exit.o
         6          0          0          0          0        136   heapauxi.o
         0          0          0          0          0          0   indicate_semi.o
         2          0          0          0          0          0   libinit.o
         2          0          0          0          0          0   libinit2.o
         2          0          0          0          0          0   libshutdown.o
         2          0          0          0          0          0   libshutdown2.o
         8          4          0          0         96         68   libspace.o
        64          0          0          0          0        108   rt_memclr.o
       186          0          0          0          0        144   rt_memcpy.o
         2          0          0          0          0          0   rtexit.o
        10          0          0          0          0          0   rtexit2.o
        12          4          0          0          0         60   sys_exit.o
        62          0          0          0          0         80   sys_stackheap_outer.o
         2          0          0          0          0         68   use_no_semi.o

    ----------------------------------------------------------------------
      7188        282         12        168         96     124440   Library Totals
         6          0          1          0          0          0   (incl. Padding)

    ----------------------------------------------------------------------

      Code (inc. data)   RO Data    RW Data    ZI Data      Debug   Library Name

      6092        266         11        168          0     123480   RTX_CM0.lib
      1090         16          0          0         96        960   c_p.l

    ----------------------------------------------------------------------
      7188        282         12        168         96     124440   Library Totals

    ----------------------------------------------------------------------

==============================================================================


      Code (inc. data)   RO Data    RW Data    ZI Data      Debug   

     14824       1128       1028       5632       1792     406833   Grand Totals
     14824       1128       1028         96       1792     406833   ELF Image Totals (compressed)
     14824       1128       1028         96          0          0   ROM Totals

==============================================================================

    Total RO  Size (Code + RO Data)                15852 (  15.48kB)
    Total RW  Size (RW Data + ZI Data)              7424 (   7.25kB)
    Total ROM Size (Code + RO Data + RW Data)      15948 (  15.57kB)

==============================================================================

