Component: ARM Compiler 5.06 update 4 (build 422) Tool: armlink [4d35d2]

==============================================================================

Section Cross References

    main.o(i.main) refers to system_stm32f0xx.o(i.SystemCoreClockUpdate) for SystemCoreClockUpdate
    main.o(i.main) refers to gpio.o(i.initGpio) for initGpio
    main.o(i.main) refers to pub_var.o(i.setParameters) for setParameters
    main.o(i.main) refers to uart.o(i.initUart1) for initUart1
    main.o(i.main) refers to uart.o(i.initUartDma) for initUartDma
    main.o(i.main) refers to uart.o(i.uart1NvicConfig) for uart1NvicConfig
    main.o(i.main) refers to timer.o(i.initTimers) for initTimers
    main.o(i.main) refers to i2c.o(i.initI2C) for initI2C
    main.o(i.main) refers to rtx_kernel.o(.text.osKernelGetState) for osKernelGetState
    main.o(i.main) refers to rtx_kernel.o(.text.osKernelInitialize) for osKernelInitialize
    main.o(i.main) refers to rtx_mutex.o(.text.osMutexNew) for osMutexNew
    main.o(i.main) refers to rtx_thread.o(.text.osThreadNew) for osThreadNew
    main.o(i.main) refers to rtx_kernel.o(.text.osKernelStart) for osKernelStart
    main.o(i.main) refers to pub_var.o(.bss) for sys_par
    main.o(i.main) refers to main.o(.data) for mutex_I2C
    main.o(i.main) refers to main.o(i.task_Led) for task_Led
    main.o(i.main) refers to hdc1080.o(i.task_HDC1080) for task_HDC1080
    main.o(i.main) refers to uart.o(i.task_Uart1) for task_Uart1
    main.o(i.task_Led) refers to rtx_delay.o(.text.osDelay) for osDelay
    pub_var.o(i.setParameters) refers to pub_var.o(.bss) for sys_par
    hdc1080.o(i.init_HDC1080) refers to hdc1080.o(i.write_HDC1080_configuration) for write_HDC1080_configuration
    hdc1080.o(i.init_HDC1080) refers to rtx_delay.o(.text.osDelay) for osDelay
    hdc1080.o(i.init_HDC1080) refers to hdc1080.o(.data) for stHDC1080Status
    hdc1080.o(i.init_HDC1080) refers to i2c.o(.bss) for ucI2CTxBuf
    hdc1080.o(i.read_HDC1080_configuration) refers to rtx_mutex.o(.text.osMutexAcquire) for osMutexAcquire
    hdc1080.o(i.read_HDC1080_configuration) refers to i2c.o(i.i2c_master_process) for i2c_master_process
    hdc1080.o(i.read_HDC1080_configuration) refers to rtx_mutex.o(.text.osMutexRelease) for osMutexRelease
    hdc1080.o(i.read_HDC1080_configuration) refers to main.o(.data) for mutex_I2C
    hdc1080.o(i.read_HDC1080_configuration) refers to hdc1080.o(.data) for statusT
    hdc1080.o(i.read_HDC1080_configuration) refers to i2c.o(.data) for ucI2CMasterSendStartStop
    hdc1080.o(i.task_HDC1080) refers to rtx_thread.o(.text.osThreadGetId) for osThreadGetId
    hdc1080.o(i.task_HDC1080) refers to rtx_thread.o(.text.osThreadSetPriority) for osThreadSetPriority
    hdc1080.o(i.task_HDC1080) refers to hdc1080.o(i.trig_HDC1080) for trig_HDC1080
    hdc1080.o(i.task_HDC1080) refers to rtx_delay.o(.text.osDelay) for osDelay
    hdc1080.o(i.task_HDC1080) refers to rtx_mutex.o(.text.osMutexAcquire) for osMutexAcquire
    hdc1080.o(i.task_HDC1080) refers to i2c.o(i.i2c_master_process) for i2c_master_process
    hdc1080.o(i.task_HDC1080) refers to rtx_mutex.o(.text.osMutexRelease) for osMutexRelease
    hdc1080.o(i.task_HDC1080) refers to hdc1080.o(i.init_HDC1080) for init_HDC1080
    hdc1080.o(i.task_HDC1080) refers to hdc1080.o(.data) for statusT
    hdc1080.o(i.task_HDC1080) refers to main.o(.data) for mutex_I2C
    hdc1080.o(i.task_HDC1080) refers to i2c.o(.data) for ucI2CMasterSendStartStop
    hdc1080.o(i.task_HDC1080) refers to i2c.o(.bss) for ucI2CRxBuf
    hdc1080.o(i.trig_HDC1080) refers to rtx_mutex.o(.text.osMutexAcquire) for osMutexAcquire
    hdc1080.o(i.trig_HDC1080) refers to i2c.o(i.i2c_master_process) for i2c_master_process
    hdc1080.o(i.trig_HDC1080) refers to rtx_mutex.o(.text.osMutexRelease) for osMutexRelease
    hdc1080.o(i.trig_HDC1080) refers to main.o(.data) for mutex_I2C
    hdc1080.o(i.trig_HDC1080) refers to hdc1080.o(.data) for statusT
    hdc1080.o(i.trig_HDC1080) refers to i2c.o(.data) for ucI2CMasterSendStartStop
    hdc1080.o(i.trig_HDC1080) refers to i2c.o(.bss) for ucI2CTxBuf
    hdc1080.o(i.write_HDC1080_configuration) refers to rtx_mutex.o(.text.osMutexAcquire) for osMutexAcquire
    hdc1080.o(i.write_HDC1080_configuration) refers to i2c.o(i.i2c_master_process) for i2c_master_process
    hdc1080.o(i.write_HDC1080_configuration) refers to rtx_mutex.o(.text.osMutexRelease) for osMutexRelease
    hdc1080.o(i.write_HDC1080_configuration) refers to main.o(.data) for mutex_I2C
    hdc1080.o(i.write_HDC1080_configuration) refers to hdc1080.o(.data) for statusT
    hdc1080.o(i.write_HDC1080_configuration) refers to i2c.o(.data) for ucI2CMasterSendStartStop
    modbus.o(i.checkCrc16) refers to modbus.o(.constdata) for .constdata
    modbus.o(i.crc16) refers to modbus.o(.constdata) for .constdata
    modbus.o(i.mbReturnException) refers to modbus.o(i.crc16) for crc16
    modbus.o(i.mbReturnException) refers to modbus.o(.bss) for mbTxRxData
[...]
    ../clib/angel/sys.s                      0x00000000   Number         0  sys_stackheap_outer.o ABSOLUTE
    ../clib/angel/sysapp.c                   0x00000000   Number         0  sys_wrch.o ABSOLUTE
    ../clib/angel/sysapp.c                   0x00000000   Number         0  sys_command.o ABSOLUTE
    ../clib/angel/sysapp.c                   0x00000000   Number         0  sys_exit.o ABSOLUTE
    ../clib/armsys.c                         0x00000000   Number         0  argv_veneer.o ABSOLUTE
    ../clib/armsys.c                         0x00000000   Number         0  no_argv.o ABSOLUTE
    ../clib/armsys.c                         0x00000000   Number         0  _get_argv_nomalloc.o ABSOLUTE
    ../clib/division.s                       0x00000000   Number         0  aeabi_sdivfast_div0.o ABSOLUTE
    ../clib/division.s                       0x00000000   Number         0  aeabi_sdivfast.o ABSOLUTE
    ../clib/heapalloc.c                      0x00000000   Number         0  hrguard.o ABSOLUTE
    ../clib/heapaux.c                        0x00000000   Number         0  heapauxi.o ABSOLUTE
    ../clib/libinit.s                        0x00000000   Number         0  libinit.o ABSOLUTE
    ../clib/libinit.s                        0x00000000   Number         0  libshutdown.o ABSOLUTE
    ../clib/libinit.s                        0x00000000   Number         0  libshutdown2.o ABSOLUTE
    ../clib/libinit.s                        0x00000000   Number         0  libinit2.o ABSOLUTE
    ../clib/memcpset.c                       0x00000000   Number         0  rt_memclr.o ABSOLUTE
    ../clib/memcpset.c                       0x00000000   Number         0  aeabi_memset4.o ABSOLUTE
    ../clib/memcpset.c                       0x00000000   Number         0  rt_memcpy.o ABSOLUTE
    ../clib/memcpset.c                       0x00000000   Number         0  rt_memcpy.o ABSOLUTE
    ../clib/signal.c                         0x00000000   Number         0  defsig_stak_inner.o ABSOLUTE
    ../clib/signal.c                         0x00000000   Number         0  defsig_pvfn_inner.o ABSOLUTE
    ../clib/signal.c                         0x00000000   Number         0  defsig_abrt_inner.o ABSOLUTE
    ../clib/signal.c                         0x00000000   Number         0  defsig_cppl_inner.o ABSOLUTE
    ../clib/signal.c                         0x00000000   Number         0  defsig_segv_inner.o ABSOLUTE
    ../clib/signal.c                         0x00000000   Number         0  defsig_fpe_formal.o ABSOLUTE
    ../clib/signal.c                         0x00000000   Number         0  __raise.o ABSOLUTE
    ../clib/signal.c                         0x00000000   Number         0  defsig_general.o ABSOLUTE
    ../clib/signal.c                         0x00000000   Number         0  defsig_other.o ABSOLUTE
    ../clib/signal.c                         0x00000000   Number         0  defsig_rtmem_inner.o ABSOLUTE
    ../clib/signal.c                         0x00000000   Number         0  defsig_fpe_outer.o ABSOLUTE
    ../clib/signal.c                         0x00000000   Number         0  defsig_exit.o ABSOLUTE
    ../clib/signal.c                         0x00000000   Number         0  defsig_rtred_inner.o ABSOLUTE
    ../clib/signal.c                         0x00000000   Number         0  defsig_fpe_inner.o ABSOLUTE
    ../clib/signal.c                         0x00000000   Number         0  defsig_rtmem_outer.o ABSOLUTE
    ../clib/signal.c                         0x00000000   Number         0  defsig_rtmem_formal.o ABSOLUTE
    ../clib/signal.s                         0x00000000   Number         0  defsig.o ABSOLUTE
    ../clib/stdlib.c                         0x00000000   Number         0  exit.o ABSOLUTE
    ../fplib/cfplib/fpinit.c                 0x00000000   Number         0  fpinit.o ABSOLUTE
    ..\..\..\Source\ARM\irq_cm0.s            0x00000000   Number         0  irq_cm0.o ABSOLUTE
    RTE\CMSIS\RTX_Config.c                   0x00000000   Number         0  rtx_config.o ABSOLUTE
    RTE\Device\STM32F030R8\startup_stm32f030x8.s 0x00000000   Number         0  startup_stm32f030x8.o ABSOLUTE
    RTE\Device\STM32F030R8\system_stm32f0xx.c 0x00000000   Number         0  system_stm32f0xx.o ABSOLUTE
    RTE\\Device\\STM32F030R8\\system_stm32f0xx.c 0x00000000   Number         0  system_stm32f0xx.o ABSOLUTE
    app\\hdc1080.c                           0x00000000   Number         0  hdc1080.o ABSOLUTE
    app\\main.c                              0x00000000   Number         0  main.o ABSOLUTE
    app\\modbus.c                            0x00000000   Number         0  modbus.o ABSOLUTE
    app\\modbus_func.c                       0x00000000   Number         0  modbus_func.o ABSOLUTE
    app\hdc1080.c                            0x00000000   Number         0  hdc1080.o ABSOLUTE
    app\main.c                               0x00000000   Number         0  main.o ABSOLUTE
    app\modbus.c                             0x00000000   Number         0  modbus.o ABSOLUTE
    app\modbus_func.c                        0x00000000   Number         0  modbus_func.o ABSOLUTE
    app\pub_var.c                            0x00000000   Number         0  pub_var.o ABSOLUTE
    app\util.c                               0x00000000   Number         0  util.o ABSOLUTE
    dc.s                                     0x00000000   Number         0  dc.o ABSOLUTE
    driver\\gpio.c                           0x00000000   Number         0  gpio.o ABSOLUTE
    driver\\i2c.c                            0x00000000   Number         0  i2c.o ABSOLUTE
    driver\\timer.c                          0x00000000   Number         0  timer.o ABSOLUTE
    driver\\uart.c                           0x00000000   Number         0  uart.o ABSOLUTE
    driver\gpio.c                            0x00000000   Number         0  gpio.o ABSOLUTE
    driver\i2c.c                             0x00000000   Number         0  i2c.o ABSOLUTE
    driver\timer.c                           0x00000000   Number         0  timer.o ABSOLUTE
    driver\uart.c                            0x00000000   Number         0  uart.o ABSOLUTE
    stm32_lib\\src\\stm32f0xx_dma.c          0x00000000   Number         0  stm32f0xx_dma.o ABSOLUTE
    stm32_lib\\src\\stm32f0xx_gpio.c         0x00000000   Number         0  stm32f0xx_gpio.o ABSOLUTE
    stm32_lib\\src\\stm32f0xx_i2c.c          0x00000000   Number         0  stm32f0xx_i2c.o ABSOLUTE
    stm32_lib\\src\\stm32f0xx_misc.c         0x00000000   Number         0  stm32f0xx_misc.o ABSOLUTE
    stm32_lib\\src\\stm32f0xx_rcc.c          0x00000000   Number         0  stm32f0xx_rcc.o ABSOLUTE
    stm32_lib\\src\\stm32f0xx_tim.c          0x00000000   Number         0  stm32f0xx_tim.o ABSOLUTE
    stm32_lib\\src\\stm32f0xx_usart.c        0x00000000   Number         0  stm32f0xx_usart.o ABSOLUTE
    stm32_lib\src\stm32f0xx_dma.c            0x00000000   Number         0  stm32f0xx_dma.o ABSOLUTE
    stm32_lib\src\stm32f0xx_gpio.c           0x00000000   Number         0  stm32f0xx_gpio.o ABSOLUTE
    stm32_lib\src\stm32f0xx_i2c.c            0x00000000   Number         0  stm32f0xx_i2c.o ABSOLUTE
    stm32_lib\src\stm32f0xx_misc.c           0x00000000   Number         0  stm32f0xx_misc.o ABSOLUTE
    stm32_lib\src\stm32f0xx_rcc.c            0x00000000   Number         0  stm32f0xx_rcc.o ABSOLUTE
    stm32_lib\src\stm32f0xx_tim.c            0x00000000   Number         0  stm32f0xx_tim.o ABSOLUTE
    stm32_lib\src\stm32f0xx_usart.c          0x00000000   Number         0  stm32f0xx_usart.o ABSOLUTE
    RESET                                    0x08000000   Section      180  startup_stm32f030x8.o(RESET)
    !!!main                                  0x080000b4   Section        8  __main.o(!!!main)
    !!!scatter                               0x080000bc   Section       60  __scatter.o(!!!scatter)
    !!handler_zi                             0x080000f8   Section       28  __scatter_zi.o(!!handler_zi)
    .ARM.Collect$$libinit$$00000000          0x08000114   Section        2  libinit.o(.ARM.Collect$$libinit$$00000000)
    .ARM.Collect$$libinit$$00000002          0x08000116   Section        0  libinit2.o(.ARM.Collect$$libinit$$00000002)
    .ARM.Collect$$libinit$$00000004          0x08000116   Section        0  libinit2.o(.ARM.Collect$$libinit$$00000004)
    .ARM.Collect$$libinit$$0000000A          0x08000116   Section        0  libinit2.o(.ARM.Collect$$libinit$$0000000A)
    .ARM.Collect$$libinit$$0000000C          0x08000116   Section        0  libinit2.o(.ARM.Collect$$libinit$$0000000C)
    .ARM.Collect$$libinit$$0000000E          0x08000116   Section        0  libinit2.o(.ARM.Collect$$libinit$$0000000E)
    .ARM.Collect$$libinit$$00000011          0x08000116   Section        0  libinit2.o(.ARM.Collect$$libinit$$00000011)
    .ARM.Collect$$libinit$$00000013          0x08000116   Section        0  libinit2.o(.ARM.Collect$$libinit$$00000013)
    .ARM.Collect$$libinit$$00000015          0x08000116   Section        0  libinit2.o(.ARM.Collect$$libinit$$00000015)
    .ARM.Collect$$libinit$$00000017          0x08000116   Section        0  libinit2.o(.ARM.Collect$$libinit$$00000017)
    .ARM.Collect$$libinit$$00000019          0x08000116   Section        0  libinit2.o(.ARM.Collect$$libinit$$00000019)
    .ARM.Collect$$libinit$$0000001B          0x08000116   Section        0  libinit2.o(.ARM.Collect$$libinit$$0000001B)
    .ARM.Collect$$libinit$$0000001D          0x08000116   Section        0  libinit2.o(.ARM.Collect$$libinit$$0000001D)
    .ARM.Collect$$libinit$$0000001F          0x08000116   Section        0  libinit2.o(.ARM.Collect$$libinit$$0000001F)
    .ARM.Collect$$libinit$$00000021          0x08000116   Section        0  libinit2.o(.ARM.Collect$$libinit$$00000021)
    .ARM.Collect$$libinit$$00000023          0x08000116   Section        0  libinit2.o(.ARM.Collect$$libinit$$00000023)
    .ARM.Collect$$libinit$$00000025          0x08000116   Section        0  libinit2.o(.ARM.Collect$$libinit$$00000025)
    .ARM.Collect$$libinit$$0000002C          0x08000116   Section        0  libinit2.o(.ARM.Collect$$libinit$$0000002C)
    .ARM.Collect$$libinit$$0000002E          0x08000116   Section        0  libinit2.o(.ARM.Collect$$libinit$$0000002E)
    .ARM.Collect$$libinit$$00000030          0x08000116   Section        0  libinit2.o(.ARM.Collect$$libinit$$00000030)
    .ARM.Collect$$libinit$$00000032          0x08000116   Section        0  libinit2.o(.ARM.Collect$$libinit$$00000032)
    .ARM.Collect$$libinit$$00000033          0x08000116   Section        2  libinit2.o(.ARM.Collect$$libinit$$00000033)
    .ARM.Collect$$libshutdown$$00000000      0x08000118   Section        2  libshutdown.o(.ARM.Collect$$libshutdown$$00000000)
    .ARM.Collect$$libshutdown$$00000002      0x0800011a   Section        0  libshutdown2.o(.ARM.Collect$$libshutdown$$00000002)
    .ARM.Collect$$libshutdown$$00000004      0x0800011a   Section        0  libshutdown2.o(.ARM.Collect$$libshutdown$$00000004)
    .ARM.Collect$$libshutdown$$00000007      0x0800011a   Section        0  libshutdown2.o(.ARM.Collect$$libshutdown$$00000007)
    .ARM.Collect$$libshutdown$$0000000A      0x0800011a   Section        0  libshutdown2.o(.ARM.Collect$$libshutdown$$0000000A)
    .ARM.Collect$$libshutdown$$0000000C      0x0800011a   Section        0  libshutdown2.o(.ARM.Collect$$libshutdown$$0000000C)
    .ARM.Collect$$libshutdown$$0000000F      0x0800011a   Section        0  libshutdown2.o(.ARM.Collect$$libshutdown$$0000000F)
    .ARM.Collect$$libshutdown$$00000010      0x0800011a   Section        2  libshutdown2.o(.ARM.Collect$$libshutdown$$00000010)
    .ARM.Collect$$rtentry$$00000000          0x0800011c   Section        0  __rtentry.o(.ARM.Collect$$rtentry$$00000000)
    .ARM.Collect$$rtentry$$00000002          0x0800011c   Section        0  __rtentry2.o(.ARM.Collect$$rtentry$$00000002)
    .ARM.Collect$$rtentry$$00000004          0x0800011c   Section        6  __rtentry4.o(.ARM.Collect$$rtentry$$00000004)
    .ARM.Collect$$rtentry$$00000008          0x08000122   Section        8  __rtentry2.o(.ARM.Collect$$rtentry$$00000008)
    .ARM.Collect$$rtentry$$0000000A          0x0800012a   Section        4  __rtentry2.o(.ARM.Collect$$rtentry$$0000000A)
    .ARM.Collect$$rtentry$$0000000C          0x0800012e   Section        0  __rtentry2.o(.ARM.Collect$$rtentry$$0000000C)
    .ARM.Collect$$rtentry$$0000000D          0x0800012e   Section        8  __rtentry2.o(.ARM.Collect$$rtentry$$0000000D)
    .ARM.Collect$$rtexit$$00000000           0x08000136   Section        2  rtexit.o(.ARM.Collect$$rtexit$$00000000)
    .ARM.Collect$$rtexit$$00000002           0x08000138   Section        0  rtexit2.o(.ARM.Collect$$rtexit$$00000002)
    .ARM.Collect$$rtexit$$00000003           0x08000138   Section        4  rtexit2.o(.ARM.Collect$$rtexit$$00000003)
    .ARM.Collect$$rtexit$$00000004           0x0800013c   Section        6  rtexit2.o(.ARM.Collect$$rtexit$$00000004)
    .emb_text                                0x08000144   Section       56  rt_memcpy.o(.emb_text)
    .text                                    0x0800017c   Section       56  startup_stm32f030x8.o(.text)
    .text                                    0x080001b4   Section      140  irq_cm0.o(.text)
    .text                                    0x08000240   Section        0  rt_memcpy.o(.text)
    .text                                    0x080002c2   Section        0  aeabi_memset4.o(.text)
    .text                                    0x080002d4   Section        0  rt_memclr.o(.text)
    .text                                    0x08000314   Section      488  aeabi_sdivfast.o(.text)
    .text                                    0x080004fc   Section        0  heapauxi.o(.text)
    .text                                    0x08000502   Section       62  sys_stackheap_outer.o(.text)
    .text                                    0x08000540   Section        0  exit.o(.text)
    .text                                    0x08000550   Section        8  libspace.o(.text)
    .text                                    0x08000558   Section        0  sys_exit.o(.text)
    .text                                    0x08000564   Section        2  use_no_semi.o(.text)
    .text                                    0x08000566   Section        0  indicate_semi.o(.text)
    .text                                    0x08000566   Section        0  __dczerorl.o(.text)
    [Anonymous Symbol]                       0x080005a0   Section        0  rtx_delay.o(.text.osDelay)
    __arm_cp.2_0                             0x080005c0   Number         4  rtx_delay.o(.text.osDelay)
    [Anonymous Symbol]                       0x080005c4   Section        0  rtx_kernel.o(.text.osKernelGetState)
    __arm_cp.14_0                            0x080005f0   Number         4  rtx_kernel.o(.text.osKernelGetState)
    __arm_cp.14_1                            0x080005f4   Number         4  rtx_kernel.o(.text.osKernelGetState)
    [Anonymous Symbol]                       0x080005f8   Section        0  rtx_kernel.o(.text.osKernelInitialize)
    __arm_cp.12_0                            0x08000624   Number         4  rtx_kernel.o(.text.osKernelInitialize)
    [Anonymous Symbol]                       0x08000628   Section        0  rtx_kernel.o(.text.osKernelStart)
    __arm_cp.15_0                            0x08000688   Number         4  rtx_kernel.o(.text.osKernelStart)
    [Anonymous Symbol]                       0x0800068c   Section        0  rtx_msgqueue.o(.text.osMessageQueuePut)
    __arm_cp.13_0                            0x08000708   Number         4  rtx_msgqueue.o(.text.osMessageQueuePut)
    [Anonymous Symbol]                       0x0800070c   Section        0  rtx_mutex.o(.text.osMutexAcquire)
    __arm_cp.9_0                             0x0800072c   Number         4  rtx_mutex.o(.text.osMutexAcquire)
    [Anonymous Symbol]                       0x08000730   Section        0  rtx_mutex.o(.text.osMutexNew)
    __arm_cp.7_0                             0x080007d4   Number         4  rtx_mutex.o(.text.osMutexNew)
    __arm_cp.7_1                             0x080007d8   Number         4  rtx_mutex.o(.text.osMutexNew)
    [Anonymous Symbol]                       0x080007dc   Section        0  rtx_mutex.o(.text.osMutexRelease)
    __arm_cp.10_0                            0x080007fc   Number         4  rtx_mutex.o(.text.osMutexRelease)
    [Anonymous Symbol]                       0x08000800   Section        0  rtx_thread.o(.text.osThreadExit)
    __arm_cp.18_0                            0x08000808   Number         4  rtx_thread.o(.text.osThreadExit)
    [Anonymous Symbol]                       0x0800080c   Section        0  rtx_thread.o(.text.osThreadGetId)
    __arm_cp.41_0                            0x08000828   Number         4  rtx_thread.o(.text.osThreadGetId)
    [Anonymous Symbol]                       0x0800082c   Section        0  rtx_thread.o(.text.osThreadNew)
    __arm_cp.39_0                            0x08000864   Number         4  rtx_thread.o(.text.osThreadNew)
    __arm_cp.39_1                            0x08000868   Number         4  rtx_thread.o(.text.osThreadNew)
    [Anonymous Symbol]                       0x0800086c   Section        0  rtx_thread.o(.text.osThreadSetPriority)
    __arm_cp.45_0                            0x0800088c   Number         4  rtx_thread.o(.text.osThreadSetPriority)
    [Anonymous Symbol]                       0x08000890   Section        0  rtx_memory.o(.text.os_MemoryAlloc)
    [Anonymous Symbol]                       0x08000906   Section        0  rtx_memory.o(.text.os_MemoryFree)
    [Anonymous Symbol]                       0x08000950   Section        0  rtx_memory.o(.text.os_MemoryInit)
    [Anonymous Symbol]                       0x08000986   Section        0  rtx_mempool.o(.text.os_MemoryPoolAlloc)
    [Anonymous Symbol]                       0x080009bc   Section        0  rtx_mempool.o(.text.os_MemoryPoolFree)
    [Anonymous Symbol]                       0x080009fa   Section        0  rtx_mempool.o(.text.os_MemoryPoolInit)
    [Anonymous Symbol]                       0x08000a3e   Section        0  rtx_mutex.o(.text.os_MutexOwnerRelease)
    [Anonymous Symbol]                       0x08000a84   Section        0  rtx_system.o(.text.os_PendSV_Handler)
    __arm_cp.2_0                             0x08000b20   Number         4  rtx_system.o(.text.os_PendSV_Handler)
    [Anonymous Symbol]                       0x08000b24   Section        0  rtx_system.o(.text.os_PostProcess)
    __arm_cp.3_0                             0x08000b90   Number         4  rtx_system.o(.text.os_PostProcess)
    __arm_cp.3_1                             0x08000b94   Number         4  rtx_system.o(.text.os_PostProcess)
    [Anonymous Symbol]                       0x08000b98   Section        0  rtx_system.o(.text.os_SysTimerAckIRQ)
    __arm_cp.1_0                             0x08000ba0   Number         4  rtx_system.o(.text.os_SysTimerAckIRQ)
    [Anonymous Symbol]                       0x08000ba4   Section        0  rtx_system.o(.text.os_SysTimerEnable)
    __arm_cp.5_0                             0x08000bac   Number         4  rtx_system.o(.text.os_SysTimerEnable)
    [Anonymous Symbol]                       0x08000bb0   Section        0  rtx_system.o(.text.os_SysTimerSetup)
    __arm_cp.4_0                             0x08000bd8   Number         4  rtx_system.o(.text.os_SysTimerSetup)
    __arm_cp.4_1                             0x08000bdc   Number         4  rtx_system.o(.text.os_SysTimerSetup)
    __arm_cp.4_2                             0x08000be0   Number         4  rtx_system.o(.text.os_SysTimerSetup)
    __arm_cp.4_3                             0x08000be4   Number         4  rtx_system.o(.text.os_SysTimerSetup)
    [Anonymous Symbol]                       0x08000be8   Section        0  rtx_thread.o(.text.os_ThreadDelayTick)
    __arm_cp.8_0                             0x08000c64   Number         4  rtx_thread.o(.text.os_ThreadDelayTick)
    [Anonymous Symbol]                       0x08000c68   Section        0  rtx_thread.o(.text.os_ThreadDispatch)
    __arm_cp.13_0                            0x08000d90   Number         4  rtx_thread.o(.text.os_ThreadDispatch)
    [Anonymous Symbol]                       0x08000d94   Section        0  rtx_thread.o(.text.os_ThreadListGet)
    [Anonymous Symbol]                       0x08000dac   Section        0  rtx_thread.o(.text.os_ThreadListPut)
    [Anonymous Symbol]                       0x08000de4   Section        0  rtx_thread.o(.text.os_ThreadListRemove)
    [Anonymous Symbol]                       0x08000dfc   Section        0  rtx_thread.o(.text.os_ThreadListSort)
    [Anonymous Symbol]                       0x08000e58   Section        0  rtx_thread.o(.text.os_ThreadPostProcess)
    __arm_cp.16_0                            0x08000f5c   Number         4  rtx_thread.o(.text.os_ThreadPostProcess)
    [Anonymous Symbol]                       0x08000f60   Section        0  rtx_thread.o(.text.os_ThreadReadyPut)
    __arm_cp.5_0                             0x08000fa4   Number         4  rtx_thread.o(.text.os_ThreadReadyPut)
    [Anonymous Symbol]                       0x08000fa8   Section        0  rtx_thread.o(.text.os_ThreadRegPtr)
    [Anonymous Symbol]                       0x08000fb0   Section        0  rtx_thread.o(.text.os_ThreadStackCheck)
    __arm_cp.12_0                            0x08000fd4   Number         4  rtx_thread.o(.text.os_ThreadStackCheck)
    __arm_cp.12_1                            0x08000fd8   Number         4  rtx_thread.o(.text.os_ThreadStackCheck)
    [Anonymous Symbol]                       0x08000fdc   Section        0  rtx_thread.o(.text.os_ThreadSwitch)
    __arm_cp.11_0                            0x08000fec   Number         4  rtx_thread.o(.text.os_ThreadSwitch)
    [Anonymous Symbol]                       0x08000ff0   Section        0  rtx_thread.o(.text.os_ThreadWaitEnter)
    __arm_cp.15_0                            0x080010d4   Number         4  rtx_thread.o(.text.os_ThreadWaitEnter)
    [Anonymous Symbol]                       0x080010d8   Section        0  rtx_thread.o(.text.os_ThreadWaitExit)
    __arm_cp.14_0                            0x0800117c   Number         4  rtx_thread.o(.text.os_ThreadWaitExit)
    [Anonymous Symbol]                       0x08001180   Section        0  rtx_system.o(.text.os_Tick_Handler)
    __arm_cp.0_0                             0x080011f4   Number         4  rtx_system.o(.text.os_Tick_Handler)
    [Anonymous Symbol]                       0x080011f8   Section        0  rtx_timer.o(.text.os_TimerTick)
    __arm_cp.0_0                             0x08001298   Number         4  rtx_timer.o(.text.os_TimerTick)
    [Anonymous Symbol]                       0x0800129c   Section        0  rtx_delay.o(.text.os_svcDelay)
    [Anonymous Symbol]                       0x080012b0   Section        0  rtx_kernel.o(.text.os_svcKernelGetState)
    __arm_cp.2_0                             0x080012b8   Number         4  rtx_kernel.o(.text.os_svcKernelGetState)
    [Anonymous Symbol]                       0x080012bc   Section        0  rtx_kernel.o(.text.os_svcKernelInitialize)
    __arm_cp.0_0                             0x08001494   Number         4  rtx_kernel.o(.text.os_svcKernelInitialize)
    __arm_cp.0_1                             0x08001498   Number         4  rtx_kernel.o(.text.os_svcKernelInitialize)
    __arm_cp.0_2                             0x0800149c   Number         4  rtx_kernel.o(.text.os_svcKernelInitialize)
    __arm_cp.0_3                             0x080014a0   Number         4  rtx_kernel.o(.text.os_svcKernelInitialize)
    [Anonymous Symbol]                       0x080014a4   Section        0  rtx_kernel.o(.text.os_svcKernelStart)
    __arm_cp.3_0                             0x08001510   Number         4  rtx_kernel.o(.text.os_svcKernelStart)
    __arm_cp.3_1                             0x08001514   Number         4  rtx_kernel.o(.text.os_svcKernelStart)
    __arm_cp.3_2                             0x08001518   Number         4  rtx_kernel.o(.text.os_svcKernelStart)
    __arm_cp.3_3                             0x0800151c   Number         4  rtx_kernel.o(.text.os_svcKernelStart)
    [Anonymous Symbol]                       0x08001520   Section        0  rtx_msgqueue.o(.text.os_svcMessageQueuePut)
    __arm_cp.3_0                             0x08001650   Number         4  rtx_msgqueue.o(.text.os_svcMessageQueuePut)
    [Anonymous Symbol]                       0x08001654   Section        0  rtx_mutex.o(.text.os_svcMutexAcquire)
    __arm_cp.3_0                             0x080016f4   Number         4  rtx_mutex.o(.text.os_svcMutexAcquire)
    [Anonymous Symbol]                       0x080016f8   Section        0  rtx_mutex.o(.text.os_svcMutexNew)
    __arm_cp.1_0                             0x0800176c   Number         4  rtx_mutex.o(.text.os_svcMutexNew)
    [Anonymous Symbol]                       0x08001770   Section        0  rtx_mutex.o(.text.os_svcMutexRelease)
    __arm_cp.4_0                             0x08001838   Number         4  rtx_mutex.o(.text.os_svcMutexRelease)
    [Anonymous Symbol]                       0x0800183c   Section        0  rtx_thread.o(.text.os_svcThreadExit)
    __arm_cp.31_0                            0x0800198c   Number         4  rtx_thread.o(.text.os_svcThreadExit)
    [Anonymous Symbol]                       0x08001990   Section        0  rtx_thread.o(.text.os_svcThreadGetId)
    __arm_cp.20_0                            0x08001998   Number         4  rtx_thread.o(.text.os_svcThreadGetId)
    [Anonymous Symbol]                       0x0800199c   Section        0  rtx_thread.o(.text.os_svcThreadNew)
    __arm_cp.17_0                            0x08001bb8   Number         4  rtx_thread.o(.text.os_svcThreadNew)
    __arm_cp.17_1                            0x08001bbc   Number         4  rtx_thread.o(.text.os_svcThreadNew)
    __arm_cp.17_2                            0x08001bc0   Number         4  rtx_thread.o(.text.os_svcThreadNew)
    __arm_cp.17_3                            0x08001bc4   Number         4  rtx_thread.o(.text.os_svcThreadNew)
    __arm_cp.17_4                            0x08001bc8   Number         4  rtx_thread.o(.text.os_svcThreadNew)
    [Anonymous Symbol]                       0x08001bcc   Section        0  rtx_thread.o(.text.os_svcThreadSetPriority)
    __arm_cp.24_0                            0x08001ce0   Number         4  rtx_thread.o(.text.os_svcThreadSetPriority)
    i.DMA1_Channel2_3_IRQHandler             0x08001ce4   Section        0  uart.o(i.DMA1_Channel2_3_IRQHandler)
    i.DMA_ClearFlag                          0x08001d18   Section        0  stm32f0xx_dma.o(i.DMA_ClearFlag)
    i.DMA_ClearITPendingBit                  0x08001d80   Section        0  stm32f0xx_dma.o(i.DMA_ClearITPendingBit)
    i.DMA_Cmd                                0x08001de8   Section        0  stm32f0xx_dma.o(i.DMA_Cmd)
    i.DMA_DeInit                             0x08001eb0   Section        0  stm32f0xx_dma.o(i.DMA_DeInit)
    i.DMA_GetFlagStatus                      0x0800209c   Section        0  stm32f0xx_dma.o(i.DMA_GetFlagStatus)
    i.DMA_ITConfig                           0x08002250   Section        0  stm32f0xx_dma.o(i.DMA_ITConfig)
    i.DMA_Init                               0x0800232c   Section        0  stm32f0xx_dma.o(i.DMA_Init)
    i.GPIO_Init                              0x080024f8   Section        0  stm32f0xx_gpio.o(i.GPIO_Init)
    i.GPIO_PinAFConfig                       0x08002674   Section        0  stm32f0xx_gpio.o(i.GPIO_PinAFConfig)
    i.I2C1_IRQHandler                        0x080027a8   Section        0  i2c.o(i.I2C1_IRQHandler)
    i.NVIC_Init                              0x08002968   Section        0  stm32f0xx_misc.o(i.NVIC_Init)
    i.NVIC_SetPriority                       0x08002a20   Section        0  i2c.o(i.NVIC_SetPriority)
    NVIC_SetPriority                         0x08002a21   Thumb Code   110  i2c.o(i.NVIC_SetPriority)
    i.NVIC_SetPriority                       0x08002a98   Section        0  timer.o(i.NVIC_SetPriority)
    NVIC_SetPriority                         0x08002a99   Thumb Code   110  timer.o(i.NVIC_SetPriority)
    i.RCC_GetClocksFreq                      0x08002b10   Section        0  stm32f0xx_rcc.o(i.RCC_GetClocksFreq)
    i.SystemCoreClockUpdate                  0x08002d58   Section        0  system_stm32f0xx.o(i.SystemCoreClockUpdate)
    i.SystemInit                             0x08002e0c   Section        0  system_stm32f0xx.o(i.SystemInit)
    i.TIM6_DAC_IRQHandler                    0x08002ef8   Section        0  timer.o(i.TIM6_DAC_IRQHandler)
    i.USART1_IRQHandler                      0x08002f54   Section        0  uart.o(i.USART1_IRQHandler)
    i.USART_ClearFlag                        0x08002ff0   Section        0  stm32f0xx_usart.o(i.USART_ClearFlag)
    i.USART_ClearITPendingBit                0x080030c4   Section        0  stm32f0xx_usart.o(i.USART_ClearITPendingBit)
    i.USART_DMACmd                           0x080031dc   Section        0  stm32f0xx_usart.o(i.USART_DMACmd)
    i.USART_GetITStatus                      0x080032a4   Section        0  stm32f0xx_usart.o(i.USART_GetITStatus)
    i.USART_ITConfig                         0x08003414   Section        0  stm32f0xx_usart.o(i.USART_ITConfig)
    i.USART_Init                             0x08003578   Section        0  stm32f0xx_usart.o(i.USART_Init)
    i.USART_ReceiverTimeOutCmd               0x080037ac   Section        0  stm32f0xx_usart.o(i.USART_ReceiverTimeOutCmd)
    i.USART_SetReceiverTimeOut               0x08003830   Section        0  stm32f0xx_usart.o(i.USART_SetReceiverTimeOut)
    i.__ARM_common_switch8                   0x080038a8   Section        0  modbus_func.o(i.__ARM_common_switch8)
    i._platform_post_stackheap_init          0x080038c4   Section        0  rtx_config.o(i._platform_post_stackheap_init)
    i.assert_failed                          0x080038cc   Section        0  main.o(i.assert_failed)
    i.checkCrc16                             0x080038d0   Section        0  modbus.o(i.checkCrc16)
    i.crc16                                  0x08003934   Section        0  modbus.o(i.crc16)
    i.i2c_master_process                     0x08003988   Section        0  i2c.o(i.i2c_master_process)
    i.initGpio                               0x08003a5c   Section        0  gpio.o(i.initGpio)
    i.initI2C                                0x08003b54   Section        0  i2c.o(i.initI2C)
    i.initTimers                             0x08003bf4   Section        0  timer.o(i.initTimers)
    i.initUart1                              0x08003c6c   Section        0  uart.o(i.initUart1)
    i.initUartDma                            0x08003cec   Section        0  uart.o(i.initUartDma)
    i.init_HDC1080                           0x08003dc0   Section        0  hdc1080.o(i.init_HDC1080)
    i.main                                   0x08003df4   Section        0  main.o(i.main)
    i.mbReturnException                      0x08003e80   Section        0  modbus.o(i.mbReturnException)
    i.modbusRTU                              0x08003ebc   Section        0  modbus.o(i.modbusRTU)
    i.os_Error                               0x080040b0   Section        0  rtx_config.o(i.os_Error)
    i.os_IdleThread                          0x080040d0   Section        0  rtx_config.o(i.os_IdleThread)
    i.readCoils                              0x080040d4   Section        0  modbus_func.o(i.readCoils)
    i.readGpioInputs                         0x08004130   Section        0  gpio.o(i.readGpioInputs)
    i.readGpioOutputs                        0x08004144   Section        0  gpio.o(i.readGpioOutputs)
    i.readHoldingRegister                    0x08004158   Section        0  modbus_func.o(i.readHoldingRegister)
    i.readInputs                             0x0800424c   Section        0  modbus_func.o(i.readInputs)
    i.rwDummyFunc                            0x080042ac   Section        0  modbus_func.o(i.rwDummyFunc)
    i.setGpioOutputs                         0x080042b0   Section        0  gpio.o(i.setGpioOutputs)
    i.setParameters                          0x080042f0   Section        0  pub_var.o(i.setParameters)
    i.task_HDC1080                           0x08004304   Section        0  hdc1080.o(i.task_HDC1080)
    i.task_Led                               0x08004418   Section        0  main.o(i.task_Led)
    i.task_Uart1                             0x08004440   Section        0  uart.o(i.task_Uart1)
    i.trig_HDC1080                           0x080044f0   Section        0  hdc1080.o(i.trig_HDC1080)
    i.uart1NvicConfig                        0x080045b0   Section        0  uart.o(i.uart1NvicConfig)
    i.uart1TxCmd                             0x080045d8   Section        0  uart.o(i.uart1TxCmd)
    i.wordEndianer                           0x08004664   Section        0  util.o(i.wordEndianer)
    i.writeSingleCoil                        0x08004674   Section        0  modbus_func.o(i.writeSingleCoil)
    i.write_HDC1080_configuration            0x08004758   Section        0  hdc1080.o(i.write_HDC1080_configuration)
    .constdata                               0x08004800   Section      518  modbus.o(.constdata)
    .constdata                               0x08004a08   Section       62  modbus_func.o(.constdata)
    .constdata                               0x08004a48   Section      204  rtx_config.o(.constdata)
    os_idle_thread_attr                      0x08004a48   Data          36  rtx_config.o(.constdata)
    os_timer_thread_attr                     0x08004a6c   Data          36  rtx_config.o(.constdata)
    os_timer_mq_attr                         0x08004a90   Data          24  rtx_config.o(.constdata)
    .constdata                               0x08004b14   Section       16  system_stm32f0xx.o(.constdata)
    [Anonymous Symbol]                       0x08004b24   Section        0  rtx_kernel.o(.rodata.str1.4)
    .L.str                                   0x08004b24   Data          11  rtx_kernel.o(.rodata.str1.4)
    .bss.os                                  0x20000000   Section     4656  rtx_config.o(.bss.os)
    os_mem                                   0x20000000   Data        4096  rtx_config.o(.bss.os)
    os_isr_queue                             0x20001000   Data          64  rtx_config.o(.bss.os)
    os_libspace                              0x20001040   Data         480  rtx_config.o(.bss.os)
    os_libspace_id                           0x20001220   Data          16  rtx_config.o(.bss.os)
    .bss.os.msgqueue.cb                      0x20001230   Section       52  rtx_config.o(.bss.os.msgqueue.cb)
    os_timer_mq_cb                           0x20001230   Data          52  rtx_config.o(.bss.os.msgqueue.cb)
    .bss.os.msgqueue.mem                     0x20001264   Section       80  rtx_config.o(.bss.os.msgqueue.mem)
    os_timer_mq_data                         0x20001264   Data          80  rtx_config.o(.bss.os.msgqueue.mem)
    .bss.os.thread.cb                        0x200012b4   Section      128  rtx_config.o(.bss.os.thread.cb)
    os_idle_thread_cb                        0x200012b4   Data          64  rtx_config.o(.bss.os.thread.cb)
    os_timer_thread_cb                       0x200012f4   Data          64  rtx_config.o(.bss.os.thread.cb)
    .bss.os.thread.stack                     0x20001338   Section      400  rtx_config.o(.bss.os.thread.stack)
    os_idle_thread_stack                     0x20001338   Data         200  rtx_config.o(.bss.os.thread.stack)
    os_timer_thread_stack                    0x20001400   Data         200  rtx_config.o(.bss.os.thread.stack)
    .data                                    0x200014c8   Section        4  main.o(.data)
    .data                                    0x200014cc   Section       12  hdc1080.o(.data)
    .data                                    0x200014d8   Section        2  modbus.o(.data)
    .data                                    0x200014dc   Section       24  modbus_func.o(.data)
    .data                                    0x200014f4   Section       12  gpio.o(.data)
    .data                                    0x20001500   Section       42  uart.o(.data)
    .data                                    0x2000152c   Section       22  i2c.o(.data)
    .data                                    0x20001542   Section       16  stm32f0xx_rcc.o(.data)
    APBAHBPrescTable                         0x20001542   Data          16  stm32f0xx_rcc.o(.data)
    .data                                    0x20001554   Section        4  system_stm32f0xx.o(.data)
    .bss                                     0x20001600   Section       10  pub_var.o(.bss)
    .bss                                     0x2000160c   Section       16  modbus.o(.bss)
    .bss                                     0x2000161c   Section       66  uart.o(.bss)
    .bss                                     0x2000165e   Section       64  i2c.o(.bss)
    .bss                                     0x200016a0   Section       96  libspace.o(.bss)
    HEAP                                     0x20001700   Section      512  startup_stm32f030x8.o(HEAP)
    Heap_Mem                                 0x20001700   Data         512  startup_stm32f030x8.o(HEAP)
    STACK                                    0x20001900   Section     1024  startup_stm32f030x8.o(STACK)
    Stack_Mem                                0x20001900   Data        1024  startup_stm32f030x8.o(STACK)
    __initial_sp                             0x20001d00   Data           0  startup_stm32f030x8.o(STACK)

    Global Symbols

    Symbol Name                              Value     Ov Type        Size  Object(Section)

    BuildAttributes$$THM_ISAv3M$S$PE$A:L22$X:L11$S22$IEEE1$IW$~IW$USESV6$~STKCKD$USESV7$~SHL$OTIME$ROPI$EBA8$UX$STANDARDLIB$REQ8$PRES8$EABIv2 0x00000000   Number         0  anon$$obj.o ABSOLUTE
    __ARM_use_no_argv                        0x00000000   Number         0  main.o ABSOLUTE
    __ARM_exceptions_init                     - Undefined Weak Reference
    __alloca_initialize                       - Undefined Weak Reference
    __arm_preinit_                            - Undefined Weak Reference
    __cpp_initialize__aeabi_                  - Undefined Weak Reference
    __cxa_finalize                            - Undefined Weak Reference
    __rt_locale                               - Undefined Weak Reference
    __sigvec_lookup                           - Undefined Weak Reference
    _atexit_init                              - Undefined Weak Reference
    _call_atexit_fns                          - Undefined Weak Reference
    _clock_init                               - Undefined Weak Reference
    _fp_trap_init                             - Undefined Weak Reference
    _fp_trap_shutdown                         - Undefined Weak Reference
    _get_lc_collate                           - Undefined Weak Reference
    _get_lc_ctype                             - Undefined Weak Reference
    _get_lc_monetary                          - Undefined Weak Reference
    _get_lc_numeric                           - Undefined Weak Reference
    _get_lc_time                              - Undefined Weak Reference
    _getenv_init                              - Undefined Weak Reference
    _handle_redirection                       - Undefined Weak Reference
    _init_alloc                               - Undefined Weak Reference
    _init_user_alloc                          - Undefined Weak Reference
    _initio                                   - Undefined Weak Reference
    _rand_init                                - Undefined Weak Reference
    _signal_finish                            - Undefined Weak Reference
    _signal_init                              - Undefined Weak Reference
    _terminate_alloc                          - Undefined Weak Reference
    _terminate_user_alloc                     - Undefined Weak Reference
    _terminateio                              - Undefined Weak Reference
    __Vectors_Size                           0x000000b4   Number         0  startup_stm32f030x8.o ABSOLUTE
    __Vectors                                0x08000000   Data           4  startup_stm32f030x8.o(RESET)
    __Vectors_End                            0x080000b4   Data           0  startup_stm32f030x8.o(RESET)
    __main                                   0x080000b5   Thumb Code     8  __main.o(!!!main)
    __scatterload                            0x080000bd   Thumb Code     0  __scatter.o(!!!scatter)
    __scatterload_rt2                        0x080000bd   Thumb Code    52  __scatter.o(!!!scatter)
    __scatterload_rt2_thumb_only             0x080000bd   Thumb Code     0  __scatter.o(!!!scatter)
    __scatterload_null                       0x080000cd   Thumb Code     0  __scatter.o(!!!scatter)
    __scatterload_zeroinit                   0x080000f9   Thumb Code    28  __scatter_zi.o(!!handler_zi)
    __rt_lib_init                            0x08000115   Thumb Code     0  libinit.o(.ARM.Collect$$libinit$$00000000)
    __rt_lib_init_alloca_1                   0x08000117   Thumb Code     0  libinit2.o(.ARM.Collect$$libinit$$0000002E)
    __rt_lib_init_argv_1                     0x08000117   Thumb Code     0  libinit2.o(.ARM.Collect$$libinit$$0000002C)
    __rt_lib_init_atexit_1                   0x08000117   Thumb Code     0  libinit2.o(.ARM.Collect$$libinit$$0000001B)
    __rt_lib_init_clock_1                    0x08000117   Thumb Code     0  libinit2.o(.ARM.Collect$$libinit$$00000021)
    __rt_lib_init_cpp_1                      0x08000117   Thumb Code     0  libinit2.o(.ARM.Collect$$libinit$$00000032)
    __rt_lib_init_exceptions_1               0x08000117   Thumb Code     0  libinit2.o(.ARM.Collect$$libinit$$00000030)
    __rt_lib_init_fp_1                       0x08000117   Thumb Code     0  libinit2.o(.ARM.Collect$$libinit$$00000002)
    __rt_lib_init_fp_trap_1                  0x08000117   Thumb Code     0  libinit2.o(.ARM.Collect$$libinit$$0000001F)
    __rt_lib_init_getenv_1                   0x08000117   Thumb Code     0  libinit2.o(.ARM.Collect$$libinit$$00000023)
    __rt_lib_init_heap_1                     0x08000117   Thumb Code     0  libinit2.o(.ARM.Collect$$libinit$$0000000A)
    __rt_lib_init_lc_collate_1               0x08000117   Thumb Code     0  libinit2.o(.ARM.Collect$$libinit$$00000011)
    __rt_lib_init_lc_ctype_1                 0x08000117   Thumb Code     0  libinit2.o(.ARM.Collect$$libinit$$00000013)
    __rt_lib_init_lc_monetary_1              0x08000117   Thumb Code     0  libinit2.o(.ARM.Collect$$libinit$$00000015)
    __rt_lib_init_lc_numeric_1               0x08000117   Thumb Code     0  libinit2.o(.ARM.Collect$$libinit$$00000017)
    __rt_lib_init_lc_time_1                  0x08000117   Thumb Code     0  libinit2.o(.ARM.Collect$$libinit$$00000019)
    __rt_lib_init_preinit_1                  0x08000117   Thumb Code     0  libinit2.o(.ARM.Collect$$libinit$$00000004)
    __rt_lib_init_rand_1                     0x08000117   Thumb Code     0  libinit2.o(.ARM.Collect$$libinit$$0000000E)
    __rt_lib_init_return                     0x08000117   Thumb Code     0  libinit2.o(.ARM.Collect$$libinit$$00000033)
    __rt_lib_init_signal_1                   0x08000117   Thumb Code     0  libinit2.o(.ARM.Collect$$libinit$$0000001D)
    __rt_lib_init_stdio_1                    0x08000117   Thumb Code     0  libinit2.o(.ARM.Collect$$libinit$$00000025)
    __rt_lib_init_user_alloc_1               0x08000117   Thumb Code     0  libinit2.o(.ARM.Collect$$libinit$$0000000C)
    __rt_lib_shutdown                        0x08000119   Thumb Code     0  libshutdown.o(.ARM.Collect$$libshutdown$$00000000)
    __rt_lib_shutdown_cpp_1                  0x0800011b   Thumb Code     0  libshutdown2.o(.ARM.Collect$$libshutdown$$00000002)
    __rt_lib_shutdown_fp_trap_1              0x0800011b   Thumb Code     0  libshutdown2.o(.ARM.Collect$$libshutdown$$00000007)
    __rt_lib_shutdown_heap_1                 0x0800011b   Thumb Code     0  libshutdown2.o(.ARM.Collect$$libshutdown$$0000000F)
    __rt_lib_shutdown_return                 0x0800011b   Thumb Code     0  libshutdown2.o(.ARM.Collect$$libshutdown$$00000010)
    __rt_lib_shutdown_signal_1               0x0800011b   Thumb Code     0  libshutdown2.o(.ARM.Collect$$libshutdown$$0000000A)
    __rt_lib_shutdown_stdio_1                0x0800011b   Thumb Code     0  libshutdown2.o(.ARM.Collect$$libshutdown$$00000004)
    __rt_lib_shutdown_user_alloc_1           0x0800011b   Thumb Code     0  libshutdown2.o(.ARM.Collect$$libshutdown$$0000000C)
    __rt_entry                               0x0800011d   Thumb Code     0  __rtentry.o(.ARM.Collect$$rtentry$$00000000)
    __rt_entry_presh_1                       0x0800011d   Thumb Code     0  __rtentry2.o(.ARM.Collect$$rtentry$$00000002)
    __rt_entry_sh                            0x0800011d   Thumb Code     0  __rtentry4.o(.ARM.Collect$$rtentry$$00000004)
    __rt_entry_postsh_1                      0x08000123   Thumb Code     0  __rtentry2.o(.ARM.Collect$$rtentry$$00000008)
    __rt_entry_li                            0x0800012b   Thumb Code     0  __rtentry2.o(.ARM.Collect$$rtentry$$0000000A)
    __rt_entry_main                          0x0800012f   Thumb Code     0  __rtentry2.o(.ARM.Collect$$rtentry$$0000000D)
    __rt_entry_postli_1                      0x0800012f   Thumb Code     0  __rtentry2.o(.ARM.Collect$$rtentry$$0000000C)
    __rt_exit                                0x08000137   Thumb Code     0  rtexit.o(.ARM.Collect$$rtexit$$00000000)
    __rt_exit_ls                             0x08000139   Thumb Code     0  rtexit2.o(.ARM.Collect$$rtexit$$00000003)
    __rt_exit_prels_1                        0x08000139   Thumb Code     0  rtexit2.o(.ARM.Collect$$rtexit$$00000002)
    __rt_exit_exit                           0x0800013d   Thumb Code     0  rtexit2.o(.ARM.Collect$$rtexit$$00000004)
    __aeabi_memcpy4                          0x08000145   Thumb Code    56  rt_memcpy.o(.emb_text)
    __aeabi_memcpy8                          0x08000145   Thumb Code     0  rt_memcpy.o(.emb_text)
    Reset_Handler                            0x0800017d   Thumb Code     8  startup_stm32f030x8.o(.text)
    NMI_Handler                              0x08000185   Thumb Code     2  startup_stm32f030x8.o(.text)
    HardFault_Handler                        0x08000187   Thumb Code     2  startup_stm32f030x8.o(.text)
    ADC1_IRQHandler                          0x0800018f   Thumb Code     0  startup_stm32f030x8.o(.text)
    DMA1_Channel1_IRQHandler                 0x0800018f   Thumb Code     0  startup_stm32f030x8.o(.text)
    DMA1_Channel4_5_IRQHandler               0x0800018f   Thumb Code     0  startup_stm32f030x8.o(.text)
    EXTI0_1_IRQHandler                       0x0800018f   Thumb Code     0  startup_stm32f030x8.o(.text)
    EXTI2_3_IRQHandler                       0x0800018f   Thumb Code     0  startup_stm32f030x8.o(.text)
    EXTI4_15_IRQHandler                      0x0800018f   Thumb Code     0  startup_stm32f030x8.o(.text)
    FLASH_IRQHandler                         0x0800018f   Thumb Code     0  startup_stm32f030x8.o(.text)
    I2C2_IRQHandler                          0x0800018f   Thumb Code     0  startup_stm32f030x8.o(.text)
    RCC_IRQHandler                           0x0800018f   Thumb Code     0  startup_stm32f030x8.o(.text)
    RTC_IRQHandler                           0x0800018f   Thumb Code     0  startup_stm32f030x8.o(.text)
    SPI1_IRQHandler                          0x0800018f   Thumb Code     0  startup_stm32f030x8.o(.text)
    SPI2_IRQHandler                          0x0800018f   Thumb Code     0  startup_stm32f030x8.o(.text)
    TIM14_IRQHandler                         0x0800018f   Thumb Code     0  startup_stm32f030x8.o(.text)
    TIM15_IRQHandler                         0x0800018f   Thumb Code     0  startup_stm32f030x8.o(.text)
    TIM16_IRQHandler                         0x0800018f   Thumb Code     0  startup_stm32f030x8.o(.text)
    TIM17_IRQHandler                         0x0800018f   Thumb Code     0  startup_stm32f030x8.o(.text)
    TIM1_BRK_UP_TRG_COM_IRQHandler           0x0800018f   Thumb Code     0  startup_stm32f030x8.o(.text)
    TIM1_CC_IRQHandler                       0x0800018f   Thumb Code     0  startup_stm32f030x8.o(.text)
    TIM3_IRQHandler                          0x0800018f   Thumb Code     0  startup_stm32f030x8.o(.text)
    USART2_IRQHandler                        0x0800018f   Thumb Code     0  startup_stm32f030x8.o(.text)
    WWDG_IRQHandler                          0x0800018f   Thumb Code     0  startup_stm32f030x8.o(.text)
    __user_initial_stackheap                 0x08000191   Thumb Code     0  startup_stm32f030x8.o(.text)
    SVC_Handler                              0x080001b5   Thumb Code   116  irq_cm0.o(.text)
    PendSV_Handler                           0x08000229   Thumb Code     8  irq_cm0.o(.text)
    SysTick_Handler                          0x08000231   Thumb Code     8  irq_cm0.o(.text)
    __aeabi_memcpy                           0x08000241   Thumb Code   130  rt_memcpy.o(.text)
    __rt_memcpy                              0x08000241   Thumb Code     0  rt_memcpy.o(.text)
    __aeabi_memset4                          0x080002c3   Thumb Code    18  aeabi_memset4.o(.text)
    __aeabi_memset8                          0x080002c3   Thumb Code     0  aeabi_memset4.o(.text)
    _memset_w                                0x080002d5   Thumb Code    26  rt_memclr.o(.text)
    _memset                                  0x080002ef   Thumb Code    30  rt_memclr.o(.text)
    __aeabi_memclr                           0x0800030d   Thumb Code     4  rt_memclr.o(.text)
    __rt_memclr                              0x0800030d   Thumb Code     0  rt_memclr.o(.text)
    __aeabi_memclr4                          0x08000311   Thumb Code     0  rt_memclr.o(.text)
    __aeabi_memclr8                          0x08000311   Thumb Code     0  rt_memclr.o(.text)
    __rt_memclr_w                            0x08000311   Thumb Code     4  rt_memclr.o(.text)
    __aeabi_uidiv                            0x08000315   Thumb Code     0  aeabi_sdivfast.o(.text)
    __aeabi_uidivmod                         0x08000315   Thumb Code    28  aeabi_sdivfast.o(.text)
    __aeabi_idiv                             0x08000331   Thumb Code     0  aeabi_sdivfast.o(.text)
    __aeabi_idivmod                          0x08000331   Thumb Code   460  aeabi_sdivfast.o(.text)
    __use_two_region_memory                  0x080004fd   Thumb Code     2  heapauxi.o(.text)
    __rt_heap_escrow$2region                 0x080004ff   Thumb Code     2  heapauxi.o(.text)
    __rt_heap_expand$2region                 0x08000501   Thumb Code     2  heapauxi.o(.text)
    __user_setup_stackheap                   0x08000503   Thumb Code    62  sys_stackheap_outer.o(.text)
    exit                                     0x08000541   Thumb Code    16  exit.o(.text)
    __user_libspace                          0x08000551   Thumb Code     8  libspace.o(.text)
    __user_perproc_libspace                  0x08000551   Thumb Code     0  libspace.o(.text)
    _sys_exit                                0x08000559   Thumb Code     8  sys_exit.o(.text)
    __I$use$semihosting                      0x08000565   Thumb Code     0  use_no_semi.o(.text)
    __use_no_semihosting_swi                 0x08000565   Thumb Code     2  use_no_semi.o(.text)
    __decompress                             0x08000567   Thumb Code     0  __dczerorl.o(.text)
    __decompress0                            0x08000567   Thumb Code    58  __dczerorl.o(.text)
    __semihosting_library_function           0x08000567   Thumb Code     0  indicate_semi.o(.text)
    osDelay                                  0x080005a1   Thumb Code    36  rtx_delay.o(.text.osDelay)
    osKernelGetState                         0x080005c5   Thumb Code    52  rtx_kernel.o(.text.osKernelGetState)
    osKernelInitialize                       0x080005f9   Thumb Code    48  rtx_kernel.o(.text.osKernelInitialize)
    osKernelStart                            0x08000629   Thumb Code   100  rtx_kernel.o(.text.osKernelStart)
    osMessageQueuePut                        0x0800068d   Thumb Code   128  rtx_msgqueue.o(.text.osMessageQueuePut)
    osMutexAcquire                           0x0800070d   Thumb Code    36  rtx_mutex.o(.text.osMutexAcquire)
    osMutexNew                               0x08000731   Thumb Code   172  rtx_mutex.o(.text.osMutexNew)
    osMutexRelease                           0x080007dd   Thumb Code    36  rtx_mutex.o(.text.osMutexRelease)
    osThreadExit                             0x08000801   Thumb Code    12  rtx_thread.o(.text.osThreadExit)
    osThreadGetId                            0x0800080d   Thumb Code    32  rtx_thread.o(.text.osThreadGetId)
    osThreadNew                              0x0800082d   Thumb Code    64  rtx_thread.o(.text.osThreadNew)
    osThreadSetPriority                      0x0800086d   Thumb Code    36  rtx_thread.o(.text.osThreadSetPriority)
    os_MemoryAlloc                           0x08000891   Thumb Code   118  rtx_memory.o(.text.os_MemoryAlloc)
    os_MemoryFree                            0x08000907   Thumb Code    74  rtx_memory.o(.text.os_MemoryFree)
    os_MemoryInit                            0x08000951   Thumb Code    54  rtx_memory.o(.text.os_MemoryInit)
    os_MemoryPoolAlloc                       0x08000987   Thumb Code    54  rtx_mempool.o(.text.os_MemoryPoolAlloc)
    os_MemoryPoolFree                        0x080009bd   Thumb Code    62  rtx_mempool.o(.text.os_MemoryPoolFree)
    os_MemoryPoolInit                        0x080009fb   Thumb Code    68  rtx_mempool.o(.text.os_MemoryPoolInit)
    os_MutexOwnerRelease                     0x08000a3f   Thumb Code    70  rtx_mutex.o(.text.os_MutexOwnerRelease)
    os_PendSV_Handler                        0x08000a85   Thumb Code   160  rtx_system.o(.text.os_PendSV_Handler)
    os_PostProcess                           0x08000b25   Thumb Code   116  rtx_system.o(.text.os_PostProcess)
    os_SysTimerAckIRQ                        0x08000b99   Thumb Code    12  rtx_system.o(.text.os_SysTimerAckIRQ)
    os_SysTimerEnable                        0x08000ba5   Thumb Code    12  rtx_system.o(.text.os_SysTimerEnable)
    os_SysTimerSetup                         0x08000bb1   Thumb Code    56  rtx_system.o(.text.os_SysTimerSetup)
    os_ThreadDelayTick                       0x08000be9   Thumb Code   128  rtx_thread.o(.text.os_ThreadDelayTick)
    os_ThreadDispatch                        0x08000c69   Thumb Code   300  rtx_thread.o(.text.os_ThreadDispatch)
    os_ThreadListGet                         0x08000d95   Thumb Code    24  rtx_thread.o(.text.os_ThreadListGet)
    os_ThreadListPut                         0x08000dad   Thumb Code    56  rtx_thread.o(.text.os_ThreadListPut)
    os_ThreadListRemove                      0x08000de5   Thumb Code    24  rtx_thread.o(.text.os_ThreadListRemove)
    os_ThreadListSort                        0x08000dfd   Thumb Code    92  rtx_thread.o(.text.os_ThreadListSort)
    os_ThreadPostProcess                     0x08000e59   Thumb Code   264  rtx_thread.o(.text.os_ThreadPostProcess)
    os_ThreadReadyPut                        0x08000f61   Thumb Code    72  rtx_thread.o(.text.os_ThreadReadyPut)
    os_ThreadRegPtr                          0x08000fa9   Thumb Code     6  rtx_thread.o(.text.os_ThreadRegPtr)
    os_ThreadStackCheck                      0x08000fb1   Thumb Code    44  rtx_thread.o(.text.os_ThreadStackCheck)
    os_ThreadSwitch                          0x08000fdd   Thumb Code    20  rtx_thread.o(.text.os_ThreadSwitch)
    os_ThreadWaitEnter                       0x08000ff1   Thumb Code   232  rtx_thread.o(.text.os_ThreadWaitEnter)
    os_ThreadWaitExit                        0x080010d9   Thumb Code   168  rtx_thread.o(.text.os_ThreadWaitExit)
    os_Tick_Handler                          0x08001181   Thumb Code   120  rtx_system.o(.text.os_Tick_Handler)
    os_TimerTick                             0x080011f9   Thumb Code   164  rtx_timer.o(.text.os_TimerTick)
    os_svcDelay                              0x0800129d   Thumb Code    18  rtx_delay.o(.text.os_svcDelay)
    os_svcKernelGetState                     0x080012b1   Thumb Code    12  rtx_kernel.o(.text.os_svcKernelGetState)
    os_svcKernelInitialize                   0x080012bd   Thumb Code   488  rtx_kernel.o(.text.os_svcKernelInitialize)
    os_svcKernelStart                        0x080014a5   Thumb Code   124  rtx_kernel.o(.text.os_svcKernelStart)
    os_svcMessageQueuePut                    0x08001521   Thumb Code   308  rtx_msgqueue.o(.text.os_svcMessageQueuePut)
    os_svcMutexAcquire                       0x08001655   Thumb Code   164  rtx_mutex.o(.text.os_svcMutexAcquire)
    os_svcMutexNew                           0x080016f9   Thumb Code   120  rtx_mutex.o(.text.os_svcMutexNew)
    os_svcMutexRelease                       0x08001771   Thumb Code   204  rtx_mutex.o(.text.os_svcMutexRelease)
    os_svcThreadExit                         0x0800183d   Thumb Code   340  rtx_thread.o(.text.os_svcThreadExit)
    os_svcThreadGetId                        0x08001991   Thumb Code    12  rtx_thread.o(.text.os_svcThreadGetId)
    os_svcThreadNew                          0x0800199d   Thumb Code   560  rtx_thread.o(.text.os_svcThreadNew)
    os_svcThreadSetPriority                  0x08001bcd   Thumb Code   280  rtx_thread.o(.text.os_svcThreadSetPriority)
    DMA1_Channel2_3_IRQHandler               0x08001ce5   Thumb Code    44  uart.o(i.DMA1_Channel2_3_IRQHandler)
    DMA_ClearFlag                            0x08001d19   Thumb Code    58  stm32f0xx_dma.o(i.DMA_ClearFlag)
    DMA_ClearITPendingBit                    0x08001d81   Thumb Code    58  stm32f0xx_dma.o(i.DMA_ClearITPendingBit)
    DMA_Cmd                                  0x08001de9   Thumb Code   154  stm32f0xx_dma.o(i.DMA_Cmd)
    DMA_DeInit                               0x08001eb1   Thumb Code   448  stm32f0xx_dma.o(i.DMA_DeInit)
    DMA_GetFlagStatus                        0x0800209d   Thumb Code   346  stm32f0xx_dma.o(i.DMA_GetFlagStatus)
    DMA_ITConfig                             0x08002251   Thumb Code   176  stm32f0xx_dma.o(i.DMA_ITConfig)
    DMA_Init                                 0x0800232d   Thumb Code   416  stm32f0xx_dma.o(i.DMA_Init)
    GPIO_Init                                0x080024f9   Thumb Code   326  stm32f0xx_gpio.o(i.GPIO_Init)
    GPIO_PinAFConfig                         0x08002675   Thumb Code   250  stm32f0xx_gpio.o(i.GPIO_PinAFConfig)
    I2C1_IRQHandler                          0x080027a9   Thumb Code   410  i2c.o(i.I2C1_IRQHandler)
    NVIC_Init                                0x08002969   Thumb Code   148  stm32f0xx_misc.o(i.NVIC_Init)
    RCC_GetClocksFreq                        0x08002b11   Thumb Code   554  stm32f0xx_rcc.o(i.RCC_GetClocksFreq)
    SystemCoreClockUpdate                    0x08002d59   Thumb Code   158  system_stm32f0xx.o(i.SystemCoreClockUpdate)
    SystemInit                               0x08002e0d   Thumb Code   216  system_stm32f0xx.o(i.SystemInit)
    TIM6_DAC_IRQHandler                      0x08002ef9   Thumb Code    70  timer.o(i.TIM6_DAC_IRQHandler)
    USART1_IRQHandler                        0x08002f55   Thumb Code   134  uart.o(i.USART1_IRQHandler)
    USART_ClearFlag                          0x08002ff1   Thumb Code   142  stm32f0xx_usart.o(i.USART_ClearFlag)
    USART_ClearITPendingBit                  0x080030c5   Thumb Code   166  stm32f0xx_usart.o(i.USART_ClearITPendingBit)
    USART_DMACmd                             0x080031dd   Thumb Code   132  stm32f0xx_usart.o(i.USART_DMACmd)
    USART_GetITStatus                        0x080032a5   Thumb Code   248  stm32f0xx_usart.o(i.USART_GetITStatus)
    USART_ITConfig                           0x08003415   Thumb Code   246  stm32f0xx_usart.o(i.USART_ITConfig)
    USART_Init                               0x08003579   Thumb Code   484  stm32f0xx_usart.o(i.USART_Init)
    USART_ReceiverTimeOutCmd                 0x080037ad   Thumb Code    82  stm32f0xx_usart.o(i.USART_ReceiverTimeOutCmd)
    USART_SetReceiverTimeOut                 0x08003831   Thumb Code    68  stm32f0xx_usart.o(i.USART_SetReceiverTimeOut)
    __ARM_common_switch8                     0x080038a9   Thumb Code    28  modbus_func.o(i.__ARM_common_switch8)
    _platform_post_stackheap_init            0x080038c5   Thumb Code     8  rtx_config.o(i._platform_post_stackheap_init)
    assert_failed                            0x080038cd   Thumb Code     4  main.o(i.assert_failed)
    checkCrc16                               0x080038d1   Thumb Code    92  modbus.o(i.checkCrc16)
    crc16                                    0x08003935   Thumb Code    76  modbus.o(i.crc16)
    i2c_master_process                       0x08003989   Thumb Code   170  i2c.o(i.i2c_master_process)
    initGpio                                 0x08003a5d   Thumb Code   232  gpio.o(i.initGpio)
    initI2C                                  0x08003b55   Thumb Code   138  i2c.o(i.initI2C)
    initTimers                               0x08003bf5   Thumb Code   104  timer.o(i.initTimers)
    initUart1                                0x08003c6d   Thumb Code   114  uart.o(i.initUart1)
    initUartDma                              0x08003ced   Thumb Code   190  uart.o(i.initUartDma)
    init_HDC1080                             0x08003dc1   Thumb Code    44  hdc1080.o(i.init_HDC1080)
    main                                     0x08003df5   Thumb Code   116  main.o(i.main)
    mbReturnException                        0x08003e81   Thumb Code    54  modbus.o(i.mbReturnException)
    modbusRTU                                0x08003ebd   Thumb Code   488  modbus.o(i.modbusRTU)
    os_Error                                 0x080040b1   Thumb Code    32  rtx_config.o(i.os_Error)
    os_IdleThread                            0x080040d1   Thumb Code     4  rtx_config.o(i.os_IdleThread)
    readCoils                                0x080040d5   Thumb Code    80  modbus_func.o(i.readCoils)
    readGpioInputs                           0x08004131   Thumb Code    14  gpio.o(i.readGpioInputs)
    readGpioOutputs                          0x08004145   Thumb Code    12  gpio.o(i.readGpioOutputs)
    readHoldingRegister                      0x08004159   Thumb Code   222  modbus_func.o(i.readHoldingRegister)
    readInputs                               0x0800424d   Thumb Code    82  modbus_func.o(i.readInputs)
    rwDummyFunc                              0x080042ad   Thumb Code     4  modbus_func.o(i.rwDummyFunc)
    setGpioOutputs                           0x080042b1   Thumb Code    50  gpio.o(i.setGpioOutputs)
    setParameters                            0x080042f1   Thumb Code    16  pub_var.o(i.setParameters)
    task_HDC1080                             0x08004305   Thumb Code   240  hdc1080.o(i.task_HDC1080)
    task_Led                                 0x08004419   Thumb Code    34  main.o(i.task_Led)
    task_Uart1                               0x08004441   Thumb Code   160  uart.o(i.task_Uart1)
    trig_HDC1080                             0x080044f1   Thumb Code   158  hdc1080.o(i.trig_HDC1080)
    uart1NvicConfig                          0x080045b1   Thumb Code    38  uart.o(i.uart1NvicConfig)
    uart1TxCmd                               0x080045d9   Thumb Code   120  uart.o(i.uart1TxCmd)
    wordEndianer                             0x08004665   Thumb Code    16  util.o(i.wordEndianer)
    writeSingleCoil                          0x08004675   Thumb Code   214  modbus_func.o(i.writeSingleCoil)
    write_HDC1080_configuration              0x08004759   Thumb Code   140  hdc1080.o(i.write_HDC1080_configuration)
    stCrcTable                               0x08004800   Data         512  modbus.o(.constdata)
    stHoldingRegArray                        0x08004a08   Data          60  modbus_func.o(.constdata)
    sizeOfHoldingRegister                    0x08004a44   Data           2  modbus_func.o(.constdata)
    os_Config                                0x08004aa8   Data         104  rtx_config.o(.constdata)
    os_UserSVC_Table                         0x08004b10   Data           4  rtx_config.o(.constdata)
    AHBPrescTable                            0x08004b14   Data          16  system_stm32f0xx.o(.constdata)
    Region$$Table$$Base                      0x08004b30   Number         0  anon$$obj.o(Region$$Table)
    Region$$Table$$Limit                     0x08004b50   Number         0  anon$$obj.o(Region$$Table)
    mutex_I2C                                0x200014c8   Data           4  main.o(.data)
    stTempHum                                0x200014cc   Data           4  hdc1080.o(.data)
    stHDC1080Status                          0x200014d0   Data           1  hdc1080.o(.data)
    uiTimerHDC1080                           0x200014d2   Data           2  hdc1080.o(.data)
    statusT                                  0x200014d4   Data           4  hdc1080.o(.data)
    uiWordQty                                0x200014d8   Data           2  modbus.o(.data)
    ulMfTmp                                  0x200014dc   Data           4  modbus_func.o(.data)
    uiMfTmp                                  0x200014e0   Data           2  modbus_func.o(.data)
    ptruInt                                  0x200014e4   Data           4  modbus_func.o(.data)
    uistMfTmp                                0x200014e8   Data           2  modbus_func.o(.data)
    ptruChar                                 0x200014ec   Data           4  modbus_func.o(.data)
    ulPar1                                   0x200014f0   Data           4  modbus_func.o(.data)
    ulInputs                                 0x200014f4   Data           4  gpio.o(.data)
    ulOutputs                                0x200014f8   Data           4  gpio.o(.data)
    ulTmp                                    0x200014fc   Data           4  gpio.o(.data)
    uart1Tx                                  0x20001500   Data          34  uart.o(.data)
    uart1Flags                               0x20001522   Data           5  uart.o(.data)
    uiTmp                                    0x20001527   Data           1  uart.o(.data)
    uiTimerUart1                             0x20001528   Data           2  uart.o(.data)
    i2cTxBufPtr                              0x2000152c   Data           4  i2c.o(.data)
    i2cRxBufPtr                              0x20001530   Data           4  i2c.o(.data)
    stI2cMsgTx                               0x20001534   Data           2  i2c.o(.data)
    stI2cStatus                              0x20001536   Data           3  i2c.o(.data)
    ucI2CMasterSendStartStop                 0x20001539   Data           1  i2c.o(.data)
    ulTempI2C                                0x2000153c   Data           4  i2c.o(.data)
    uiTimerI2C                               0x20001540   Data           2  i2c.o(.data)
    SystemCoreClock                          0x20001554   Data           4  system_stm32f0xx.o(.data)
    os_Info                                  0x20001558   Data         168  rtx_kernel.o(.data.os)
    sys_par                                  0x20001600   Data          10  pub_var.o(.bss)
    mbTxRxData                               0x2000160c   Data          16  modbus.o(.bss)
    uart1Rx                                  0x2000161c   Data          66  uart.o(.bss)
    ucI2CTxBuf                               0x2000165e   Data          32  i2c.o(.bss)
    ucI2CRxBuf                               0x2000167e   Data          32  i2c.o(.bss)
    __libspace_start                         0x200016a0   Data          96  libspace.o(.bss)
    __temporary_stack_top$libspace           0x20001700   Data           0  libspace.o(.bss)



==============================================================================

Memory Map of the image

  Image Entry point : 0x080000b5

  Load Region LR_IROM1 (Base: 0x08000000, Size: 0x00006150, Max: 0x00010000, ABSOLUTE, COMPRESSED[0x00004bb4])

    Execution Region ER_IROM1 (Base: 0x08000000, Size: 0x00004b50, Max: 0x00010000, ABSOLUTE)

    Base Addr    Size         Type   Attr      Idx    E Section Name        Object

    0x08000000   0x000000b4   Data   RO         2244    RESET               startup_stm32f030x8.o
    0x080000b4   0x00000008   Code   RO         2743  * !!!main             c_p.l(__main.o)
    0x080000bc   0x0000003c   Code   RO         2912    !!!scatter          c_p.l(__scatter.o)
    0x080000f8   0x0000001c   Code   RO         2914    !!handler_zi        c_p.l(__scatter_zi.o)
    0x08000114   0x00000002   Code   RO         2779    .ARM.Collect$$libinit$$00000000  c_p.l(libinit.o)
    0x08000116   0x00000000   Code   RO         2793    .ARM.Collect$$libinit$$00000002  c_p.l(libinit2.o)
    0x08000116   0x00000000   Code   RO         2795    .ARM.Collect$$libinit$$00000004  c_p.l(libinit2.o)
    0x08000116   0x00000000   Code   RO         2798    .ARM.Collect$$libinit$$0000000A  c_p.l(libinit2.o)
    0x08000116   0x00000000   Code   RO         2800    .ARM.Collect$$libinit$$0000000C  c_p.l(libinit2.o)
    0x08000116   0x00000000   Code   RO         2802    .ARM.Collect$$libinit$$0000000E  c_p.l(libinit2.o)
    0x08000116   0x00000000   Code   RO         2805    .ARM.Collect$$libinit$$00000011  c_p.l(libinit2.o)
    0x08000116   0x00000000   Code   RO         2807    .ARM.Collect$$libinit$$00000013  c_p.l(libinit2.o)
    0x08000116   0x00000000   Code   RO         2809    .ARM.Collect$$libinit$$00000015  c_p.l(libinit2.o)
    0x08000116   0x00000000   Code   RO         2811    .ARM.Collect$$libinit$$00000017  c_p.l(libinit2.o)
    0x08000116   0x00000000   Code   RO         2813    .ARM.Collect$$libinit$$00000019  c_p.l(libinit2.o)
    0x08000116   0x00000000   Code   RO         2815    .ARM.Collect$$libinit$$0000001B  c_p.l(libinit2.o)
    0x08000116   0x00000000   Code   RO         2817    .ARM.Collect$$libinit$$0000001D  c_p.l(libinit2.o)
    0x08000116   0x00000000   Code   RO         2819    .ARM.Collect$$libinit$$0000001F  c_p.l(libinit2.o)
    0x08000116   0x00000000   Code   RO         2821    .ARM.Collect$$libinit$$00000021  c_p.l(libinit2.o)
    0x08000116   0x00000000   Code   RO         2823    .ARM.Collect$$libinit$$00000023  c_p.l(libinit2.o)
    0x08000116   0x00000000   Code   RO         2825    .ARM.Collect$$libinit$$00000025  c_p.l(libinit2.o)
    0x08000116   0x00000000   Code   RO         2829    .ARM.Collect$$libinit$$0000002C  c_p.l(libinit2.o)
    0x08000116   0x00000000   Code   RO         2831    .ARM.Collect$$libinit$$0000002E  c_p.l(libinit2.o)
    0x08000116   0x00000000   Code   RO         2833    .ARM.Collect$$libinit$$00000030  c_p.l(libinit2.o)
    0x08000116   0x00000000   Code   RO         2835    .ARM.Collect$$libinit$$00000032  c_p.l(libinit2.o)
    0x08000116   0x00000002   Code   RO         2836    .ARM.Collect$$libinit$$00000033  c_p.l(libinit2.o)
    0x08000118   0x00000002   Code   RO         2867    .ARM.Collect$$libshutdown$$00000000  c_p.l(libshutdown.o)
    0x0800011a   0x00000000   Code   RO         2893    .ARM.Collect$$libshutdown$$00000002  c_p.l(libshutdown2.o)
    0x0800011a   0x00000000   Code   RO         2895    .ARM.Collect$$libshutdown$$00000004  c_p.l(libshutdown2.o)
    0x0800011a   0x00000000   Code   RO         2898    .ARM.Collect$$libshutdown$$00000007  c_p.l(libshutdown2.o)
    0x0800011a   0x00000000   Code   RO         2901    .ARM.Collect$$libshutdown$$0000000A  c_p.l(libshutdown2.o)
    0x0800011a   0x00000000   Code   RO         2903    .ARM.Collect$$libshutdown$$0000000C  c_p.l(libshutdown2.o)
    0x0800011a   0x00000000   Code   RO         2906    .ARM.Collect$$libshutdown$$0000000F  c_p.l(libshutdown2.o)
    0x0800011a   0x00000002   Code   RO         2907    .ARM.Collect$$libshutdown$$00000010  c_p.l(libshutdown2.o)
    0x0800011c   0x00000000   Code   RO         2745    .ARM.Collect$$rtentry$$00000000  c_p.l(__rtentry.o)
    0x0800011c   0x00000000   Code   RO         2751    .ARM.Collect$$rtentry$$00000002  c_p.l(__rtentry2.o)
    0x0800011c   0x00000006   Code   RO         2763    .ARM.Collect$$rtentry$$00000004  c_p.l(__rtentry4.o)
    0x08000122   0x00000008   Code   RO         2752    .ARM.Collect$$rtentry$$00000008  c_p.l(__rtentry2.o)
    0x0800012a   0x00000004   Code   RO         2754    .ARM.Collect$$rtentry$$0000000A  c_p.l(__rtentry2.o)
    0x0800012e   0x00000000   Code   RO         2756    .ARM.Collect$$rtentry$$0000000C  c_p.l(__rtentry2.o)
    0x0800012e   0x00000008   Code   RO         2757    .ARM.Collect$$rtentry$$0000000D  c_p.l(__rtentry2.o)
    0x08000136   0x00000002   Code   RO         2784    .ARM.Collect$$rtexit$$00000000  c_p.l(rtexit.o)
    0x08000138   0x00000000   Code   RO         2840    .ARM.Collect$$rtexit$$00000002  c_p.l(rtexit2.o)
    0x08000138   0x00000004   Code   RO         2841    .ARM.Collect$$rtexit$$00000003  c_p.l(rtexit2.o)
    0x0800013c   0x00000006   Code   RO         2842    .ARM.Collect$$rtexit$$00000004  c_p.l(rtexit2.o)
    0x08000142   0x00000002   PAD
    0x08000144   0x00000038   Code   RO         2729    .emb_text           c_p.l(rt_memcpy.o)
    0x0800017c   0x00000038   Code   RO         2245    .text               startup_stm32f030x8.o
    0x080001b4   0x0000008c   Code   RO         2530    .text               RTX_CM0.lib(irq_cm0.o)
    0x08000240   0x00000082   Code   RO         2730    .text               c_p.l(rt_memcpy.o)
    0x080002c2   0x00000012   Code   RO         2733    .text               c_p.l(aeabi_memset4.o)
    0x080002d4   0x00000040   Code   RO         2735    .text               c_p.l(rt_memclr.o)
    0x08000314   0x000001e8   Code   RO         2737    .text               c_p.l(aeabi_sdivfast.o)
    0x080004fc   0x00000006   Code   RO         2741    .text               c_p.l(heapauxi.o)
    0x08000502   0x0000003e   Code   RO         2767    .text               c_p.l(sys_stackheap_outer.o)
    0x08000540   0x00000010   Code   RO         2770    .text               c_p.l(exit.o)
    0x08000550   0x00000008   Code   RO         2780    .text               c_p.l(libspace.o)
    0x08000558   0x0000000c   Code   RO         2837    .text               c_p.l(sys_exit.o)
    0x08000564   0x00000002   Code   RO         2856    .text               c_p.l(use_no_semi.o)
    0x08000566   0x00000000   Code   RO         2858    .text               c_p.l(indicate_semi.o)
    0x08000566   0x0000003a   Code   RO         2910    .text               c_p.l(__dczerorl.o)
    0x080005a0   0x00000024   Code   RO         2478    .text.osDelay       RTX_CM0.lib(rtx_delay.o)
    0x080005c4   0x00000034   Code   RO         2311    .text.osKernelGetState  RTX_CM0.lib(rtx_kernel.o)
    0x080005f8   0x00000030   Code   RO         2307    .text.osKernelInitialize  RTX_CM0.lib(rtx_kernel.o)
    0x08000628   0x00000064   Code   RO         2313    .text.osKernelStart  RTX_CM0.lib(rtx_kernel.o)
    0x0800068c   0x00000080   Code   RO         2701    .text.osMessageQueuePut  RTX_CM0.lib(rtx_msgqueue.o)
    0x0800070c   0x00000024   Code   RO         2511    .text.osMutexAcquire  RTX_CM0.lib(rtx_mutex.o)
    0x08000730   0x000000ac   Code   RO         2507    .text.osMutexNew    RTX_CM0.lib(rtx_mutex.o)
    0x080007dc   0x00000024   Code   RO         2513    .text.osMutexRelease  RTX_CM0.lib(rtx_mutex.o)
    0x08000800   0x0000000c   Code   RO         2381    .text.osThreadExit  RTX_CM0.lib(rtx_thread.o)
    0x0800080c   0x00000020   Code   RO         2427    .text.osThreadGetId  RTX_CM0.lib(rtx_thread.o)
    0x0800082c   0x00000040   Code   RO         2423    .text.osThreadNew   RTX_CM0.lib(rtx_thread.o)
    0x0800086c   0x00000024   Code   RO         2435    .text.osThreadSetPriority  RTX_CM0.lib(rtx_thread.o)
    0x08000890   0x00000076   Code   RO         2576    .text.os_MemoryAlloc  RTX_CM0.lib(rtx_memory.o)
    0x08000906   0x0000004a   Code   RO         2578    .text.os_MemoryFree  RTX_CM0.lib(rtx_memory.o)
    0x08000950   0x00000036   Code   RO         2574    .text.os_MemoryInit  RTX_CM0.lib(rtx_memory.o)
    0x08000986   0x00000036   Code   RO         2593    .text.os_MemoryPoolAlloc  RTX_CM0.lib(rtx_mempool.o)
    0x080009bc   0x0000003e   Code   RO         2595    .text.os_MemoryPoolFree  RTX_CM0.lib(rtx_mempool.o)
    0x080009fa   0x00000044   Code   RO         2591    .text.os_MemoryPoolInit  RTX_CM0.lib(rtx_mempool.o)
    0x08000a3e   0x00000046   Code   RO         2493    .text.os_MutexOwnerRelease  RTX_CM0.lib(rtx_mutex.o)
    0x08000a84   0x000000a0   Code   RO         2650    .text.os_PendSV_Handler  RTX_CM0.lib(rtx_system.o)
    0x08000b24   0x00000074   Code   RO         2652    .text.os_PostProcess  RTX_CM0.lib(rtx_system.o)
    0x08000b98   0x0000000c   Code   RO         2648    .text.os_SysTimerAckIRQ  RTX_CM0.lib(rtx_system.o)
    0x08000ba4   0x0000000c   Code   RO         2656    .text.os_SysTimerEnable  RTX_CM0.lib(rtx_system.o)
    0x08000bb0   0x00000038   Code   RO         2654    .text.os_SysTimerSetup  RTX_CM0.lib(rtx_system.o)
    0x08000be8   0x00000080   Code   RO         2361    .text.os_ThreadDelayTick  RTX_CM0.lib(rtx_thread.o)
    0x08000c68   0x0000012c   Code   RO         2371    .text.os_ThreadDispatch  RTX_CM0.lib(rtx_thread.o)
    0x08000d94   0x00000018   Code   RO         2347    .text.os_ThreadListGet  RTX_CM0.lib(rtx_thread.o)
    0x08000dac   0x00000038   Code   RO         2345    .text.os_ThreadListPut  RTX_CM0.lib(rtx_thread.o)
    0x08000de4   0x00000018   Code   RO         2351    .text.os_ThreadListRemove  RTX_CM0.lib(rtx_thread.o)
    0x08000dfc   0x0000005c   Code   RO         2349    .text.os_ThreadListSort  RTX_CM0.lib(rtx_thread.o)
    0x08000e58   0x00000108   Code   RO         2377    .text.os_ThreadPostProcess  RTX_CM0.lib(rtx_thread.o)
    0x08000f60   0x00000048   Code   RO         2355    .text.os_ThreadReadyPut  RTX_CM0.lib(rtx_thread.o)
    0x08000fa8   0x00000006   Code   RO         2363    .text.os_ThreadRegPtr  RTX_CM0.lib(rtx_thread.o)
    0x08000fae   0x00000002   PAD
    0x08000fb0   0x0000002c   Code   RO         2369    .text.os_ThreadStackCheck  RTX_CM0.lib(rtx_thread.o)
    0x08000fdc   0x00000014   Code   RO         2367    .text.os_ThreadSwitch  RTX_CM0.lib(rtx_thread.o)
    0x08000ff0   0x000000e8   Code   RO         2375    .text.os_ThreadWaitEnter  RTX_CM0.lib(rtx_thread.o)
    0x080010d8   0x000000a8   Code   RO         2373    .text.os_ThreadWaitExit  RTX_CM0.lib(rtx_thread.o)
    0x08001180   0x00000078   Code   RO         2646    .text.os_Tick_Handler  RTX_CM0.lib(rtx_system.o)
    0x080011f8   0x000000a4   Code   RO         2535    .text.os_TimerTick  RTX_CM0.lib(rtx_timer.o)
    0x0800129c   0x00000012   Code   RO         2474    .text.os_svcDelay   RTX_CM0.lib(rtx_delay.o)
    0x080012ae   0x00000002   PAD
    0x080012b0   0x0000000c   Code   RO         2287    .text.os_svcKernelGetState  RTX_CM0.lib(rtx_kernel.o)
    0x080012bc   0x000001e8   Code   RO         2283    .text.os_svcKernelInitialize  RTX_CM0.lib(rtx_kernel.o)
    0x080014a4   0x0000007c   Code   RO         2289    .text.os_svcKernelStart  RTX_CM0.lib(rtx_kernel.o)
    0x08001520   0x00000134   Code   RO         2681    .text.os_svcMessageQueuePut  RTX_CM0.lib(rtx_msgqueue.o)
    0x08001654   0x000000a4   Code   RO         2499    .text.os_svcMutexAcquire  RTX_CM0.lib(rtx_mutex.o)
    0x080016f8   0x00000078   Code   RO         2495    .text.os_svcMutexNew  RTX_CM0.lib(rtx_mutex.o)
    0x08001770   0x000000cc   Code   RO         2501    .text.os_svcMutexRelease  RTX_CM0.lib(rtx_mutex.o)
    0x0800183c   0x00000154   Code   RO         2407    .text.os_svcThreadExit  RTX_CM0.lib(rtx_thread.o)
    0x08001990   0x0000000c   Code   RO         2385    .text.os_svcThreadGetId  RTX_CM0.lib(rtx_thread.o)
    0x0800199c   0x00000230   Code   RO         2379    .text.os_svcThreadNew  RTX_CM0.lib(rtx_thread.o)
    0x08001bcc   0x00000118   Code   RO         2393    .text.os_svcThreadSetPriority  RTX_CM0.lib(rtx_thread.o)
    0x08001ce4   0x00000034   Code   RO         1183    i.DMA1_Channel2_3_IRQHandler  uart.o
    0x08001d18   0x00000068   Code   RO          352    i.DMA_ClearFlag     stm32f0xx_dma.o
    0x08001d80   0x00000068   Code   RO          353    i.DMA_ClearITPendingBit  stm32f0xx_dma.o
    0x08001de8   0x000000c8   Code   RO          354    i.DMA_Cmd           stm32f0xx_dma.o
    0x08001eb0   0x000001ec   Code   RO          355    i.DMA_DeInit        stm32f0xx_dma.o
    0x0800209c   0x000001b4   Code   RO          357    i.DMA_GetFlagStatus  stm32f0xx_dma.o
    0x08002250   0x000000dc   Code   RO          359    i.DMA_ITConfig      stm32f0xx_dma.o
    0x0800232c   0x000001cc   Code   RO          360    i.DMA_Init          stm32f0xx_dma.o
    0x080024f8   0x0000017c   Code   RO          439    i.GPIO_Init         stm32f0xx_gpio.o
    0x08002674   0x00000134   Code   RO          440    i.GPIO_PinAFConfig  stm32f0xx_gpio.o
    0x080027a8   0x000001c0   Code   RO         1246    i.I2C1_IRQHandler   i2c.o
    0x08002968   0x000000b8   Code   RO          533    i.NVIC_Init         stm32f0xx_misc.o
    0x08002a20   0x00000078   Code   RO         1247    i.NVIC_SetPriority  i2c.o
    0x08002a98   0x00000078   Code   RO         1293    i.NVIC_SetPriority  timer.o
    0x08002b10   0x00000248   Code   RO         1921    i.RCC_GetClocksFreq  stm32f0xx_rcc.o
    0x08002d58   0x000000b4   Code   RO         2251    i.SystemCoreClockUpdate  system_stm32f0xx.o
    0x08002e0c   0x000000ec   Code   RO         2252    i.SystemInit        system_stm32f0xx.o
    0x08002ef8   0x0000005c   Code   RO         1294    i.TIM6_DAC_IRQHandler  timer.o
    0x08002f54   0x0000009c   Code   RO         1184    i.USART1_IRQHandler  uart.o
    0x08002ff0   0x000000d4   Code   RO          568    i.USART_ClearFlag   stm32f0xx_usart.o
    0x080030c4   0x00000118   Code   RO          569    i.USART_ClearITPendingBit  stm32f0xx_usart.o
    0x080031dc   0x000000c8   Code   RO          575    i.USART_DMACmd      stm32f0xx_usart.o
    0x080032a4   0x00000170   Code   RO          581    i.USART_GetITStatus  stm32f0xx_usart.o
    0x08003414   0x00000164   Code   RO          583    i.USART_ITConfig    stm32f0xx_usart.o
    0x08003578   0x00000234   Code   RO          584    i.USART_Init        stm32f0xx_usart.o
    0x080037ac   0x00000084   Code   RO          597    i.USART_ReceiverTimeOutCmd  stm32f0xx_usart.o
    0x08003830   0x00000078   Code   RO          609    i.USART_SetReceiverTimeOut  stm32f0xx_usart.o
    0x080038a8   0x0000001c   Code   RO          338    i.__ARM_common_switch8  modbus_func.o
    0x080038c4   0x00000008   Code   RO         2171    i._platform_post_stackheap_init  rtx_config.o
    0x080038cc   0x00000004   Code   RO            3    i.assert_failed     main.o
    0x080038d0   0x00000064   Code   RO          226    i.checkCrc16        modbus.o
    0x08003934   0x00000054   Code   RO          227    i.crc16             modbus.o
    0x08003988   0x000000d4   Code   RO         1248    i.i2c_master_process  i2c.o
    0x08003a5c   0x000000f8   Code   RO         1139    i.initGpio          gpio.o
    0x08003b54   0x000000a0   Code   RO         1249    i.initI2C           i2c.o
    0x08003bf4   0x00000078   Code   RO         1295    i.initTimers        timer.o
    0x08003c6c   0x00000080   Code   RO         1185    i.initUart1         uart.o
    0x08003cec   0x000000d4   Code   RO         1186    i.initUartDma       uart.o
    0x08003dc0   0x00000034   Code   RO          172    i.init_HDC1080      hdc1080.o
    0x08003df4   0x0000008c   Code   RO            4    i.main              main.o
    0x08003e80   0x0000003c   Code   RO          228    i.mbReturnException  modbus.o
    0x08003ebc   0x000001f4   Code   RO          229    i.modbusRTU         modbus.o
    0x080040b0   0x00000020   Code   RO         2172    i.os_Error          rtx_config.o
    0x080040d0   0x00000004   Code   RO         2173    i.os_IdleThread     rtx_config.o
    0x080040d4   0x0000005c   Code   RO          295    i.readCoils         modbus_func.o
    0x08004130   0x00000014   Code   RO         1140    i.readGpioInputs    gpio.o
    0x08004144   0x00000014   Code   RO         1141    i.readGpioOutputs   gpio.o
    0x08004158   0x000000f4   Code   RO          296    i.readHoldingRegister  modbus_func.o
    0x0800424c   0x00000060   Code   RO          297    i.readInputs        modbus_func.o
    0x080042ac   0x00000004   Code   RO          298    i.rwDummyFunc       modbus_func.o
    0x080042b0   0x00000040   Code   RO         1142    i.setGpioOutputs    gpio.o
    0x080042f0   0x00000014   Code   RO          137    i.setParameters     pub_var.o
    0x08004304   0x00000114   Code   RO          174    i.task_HDC1080      hdc1080.o
    0x08004418   0x00000028   Code   RO            6    i.task_Led          main.o
    0x08004440   0x000000b0   Code   RO         1187    i.task_Uart1        uart.o
    0x080044f0   0x000000c0   Code   RO          175    i.trig_HDC1080      hdc1080.o
    0x080045b0   0x00000026   Code   RO         1188    i.uart1NvicConfig   uart.o
    0x080045d6   0x00000002   PAD
    0x080045d8   0x0000008c   Code   RO         1189    i.uart1TxCmd        uart.o
    0x08004664   0x00000010   Code   RO          155    i.wordEndianer      util.o
    0x08004674   0x000000e4   Code   RO          299    i.writeSingleCoil   modbus_func.o
    0x08004758   0x000000a8   Code   RO          176    i.write_HDC1080_configuration  hdc1080.o
    0x08004800   0x00000206   Data   RO          231    .constdata          modbus.o
    0x08004a06   0x00000002   PAD
    0x08004a08   0x0000003e   Data   RO          300    .constdata          modbus_func.o
    0x08004a46   0x00000002   PAD
    0x08004a48   0x000000cc   Data   RO         2180    .constdata          rtx_config.o
    0x08004b14   0x00000010   Data   RO         2253    .constdata          system_stm32f0xx.o
    0x08004b24   0x0000000b   Data   RO         2331    .rodata.str1.4      RTX_CM0.lib(rtx_kernel.o)
    0x08004b2f   0x00000001   PAD
    0x08004b30   0x00000020   Data   RO         2908    Region$$Table       anon$$obj.o


    Execution Region RW_IRAM1 (Base: 0x20000000, Size: 0x00001d00, Max: 0x00002000, ABSOLUTE, COMPRESSED[0x00000064])

    Base Addr    Size         Type   Attr      Idx    E Section Name        Object

    0x20000000   0x00001230   Data   RW         2175    .bss.os             rtx_config.o
    0x20001230   0x00000034   Data   RW         2176    .bss.os.msgqueue.cb  rtx_config.o
    0x20001264   0x00000050   Data   RW         2177    .bss.os.msgqueue.mem  rtx_config.o
    0x200012b4   0x00000080   Data   RW         2178    .bss.os.thread.cb   rtx_config.o
    0x20001334   0x00000004   PAD
    0x20001338   0x00000190   Data   RW         2179    .bss.os.thread.stack  rtx_config.o
    0x200014c8   0x00000004   Data   RW            7    .data               main.o
    0x200014cc   0x0000000c   Data   RW          177    .data               hdc1080.o
    0x200014d8   0x00000002   Data   RW          232    .data               modbus.o
    0x200014da   0x00000002   PAD
    0x200014dc   0x00000018   Data   RW          301    .data               modbus_func.o
    0x200014f4   0x0000000c   Data   RW         1143    .data               gpio.o
    0x20001500   0x0000002a   Data   RW         1191    .data               uart.o
    0x2000152a   0x00000002   PAD
    0x2000152c   0x00000016   Data   RW         1251    .data               i2c.o
    0x20001542   0x00000010   Data   RW         1947    .data               stm32f0xx_rcc.o
    0x20001552   0x00000002   PAD
    0x20001554   0x00000004   Data   RW         2254    .data               system_stm32f0xx.o
    0x20001558   0x000000a8   Data   RW         2332    .data.os            RTX_CM0.lib(rtx_kernel.o)
    0x20001600   0x0000000a   Zero   RW          138    .bss                pub_var.o
    0x2000160a   0x00000002   PAD
    0x2000160c   0x00000010   Zero   RW          230    .bss                modbus.o
    0x2000161c   0x00000042   Zero   RW         1190    .bss                uart.o
    0x2000165e   0x00000040   Zero   RW         1250    .bss                i2c.o
    0x2000169e   0x00000002   PAD
    0x200016a0   0x00000060   Zero   RW         2781    .bss                c_p.l(libspace.o)
    0x20001700   0x00000200   Zero   RW         2243    HEAP                startup_stm32f030x8.o
    0x20001900   0x00000400   Zero   RW         2242    STACK               startup_stm32f030x8.o


==============================================================================

Image component sizes


      Code (inc. data)   RO Data    RW Data    ZI Data      Debug   Object Name

       352         44          0         12          0       2018   gpio.o
       688        106          0         12          0       3950   hdc1080.o
       940        112          0         22         64      10482   i2c.o
       184         30          0          4          0     210314   main.o
       744         34        518          2         16       6235   modbus.o
       692         70         62         24          0       4295   modbus_func.o
        20          4          0          0         10        606   pub_var.o
        44          8        204       5316          0       9188   rtx_config.o
        56         26        180          0       1536        644   startup_stm32f030x8.o
      2016        360          0          0          0       6229   stm32f0xx_dma.o
       688        112          0          0          0      14879   stm32f0xx_gpio.o
       184         36          0          0          0        900   stm32f0xx_misc.o
       584         30          0         16          0       1820   stm32f0xx_rcc.o
      2232        664          0          0          0       6611   stm32f0xx_usart.o
       416         42         16          4          0       1805   system_stm32f0xx.o
       332         48          0          0          0       1507   timer.o
       902        102          0         42         66       5543   uart.o
        16          0          0          0          0        479   util.o

    ----------------------------------------------------------------------
     11092       1828       1016       5464       1696     287505   Object Totals
         0          0         32          0          0          0   (incl. Generated)
         2          0          4         10          4          0   (incl. Padding)

    ----------------------------------------------------------------------

      Code (inc. data)   RO Data    RW Data    ZI Data      Debug   Library Member Name

       140         14          0          0          0        508   irq_cm0.o
        54          4          0          0          0       2754   rtx_delay.o
       824         52         11        168          0      16567   rtx_kernel.o
       246          0          0          0          0       2060   rtx_memory.o
       184          0          0          0          0      16126   rtx_mempool.o
       436          8          0          0          0      19210   rtx_msgqueue.o
       802         28          0          0          0       9382   rtx_mutex.o
       476         68          0          0          0       7363   rtx_system.o
      2766         88          0          0          0      38983   rtx_thread.o
       164          4          0          0          0      10527   rtx_timer.o
        58          0          0          0          0          0   __dczerorl.o
         8          0          0          0          0         68   __main.o
         0          0          0          0          0          0   __rtentry.o
        20          0          0          0          0          0   __rtentry2.o
         6          0          0          0          0          0   __rtentry4.o
        60          8          0          0          0          0   __scatter.o
        28          0          0          0          0          0   __scatter_zi.o
        18          0          0          0          0         68   aeabi_memset4.o
       488          0          0          0          0         92   aeabi_sdivfast.o
        16          0          0          0          0         68   exit.o
         6          0          0          0          0        136   heapauxi.o
         0          0          0          0          0          0   indicate_semi.o
         2          0          0          0          0          0   libinit.o
         2          0          0          0          0          0   libinit2.o
         2          0          0          0          0          0   libshutdown.o
         2          0          0          0          0          0   libshutdown2.o
         8          4          0          0         96         68   libspace.o
        64          0          0          0          0        108   rt_memclr.o
       186          0          0          0          0        144   rt_memcpy.o
         2          0          0          0          0          0   rtexit.o
        10          0          0          0          0          0   rtexit2.o
        12          4          0          0          0         60   sys_exit.o
        62          0          0          0          0         80   sys_stackheap_outer.o
         2          0          0          0          0         68   use_no_semi.o

    ----------------------------------------------------------------------
      7160        282         12        168         96     124440   Library Totals
         6          0          1          0          0          0   (incl. Padding)

    ----------------------------------------------------------------------

      Code (inc. data)   RO Data    RW Data    ZI Data      Debug   Library Name

      6092        266         11        168          0     123480   RTX_CM0.lib
      1062         16          0          0         96        960   c_p.l

    ----------------------------------------------------------------------
      7160        282         12        168         96     124440   Library Totals

    ----------------------------------------------------------------------

==============================================================================


      Code (inc. data)   RO Data    RW Data    ZI Data      Debug   

     18252       2110       1028       5632       1792     408933   Grand Totals
     18252       2110       1028        100       1792     408933   ELF Image Totals (compressed)
     18252       2110       1028        100          0          0   ROM Totals

==============================================================================

    Total RO  Size (Code + RO Data)                19280 (  18.83kB)
    Total RW  Size (RW Data + ZI Data)              7424 (   7.25kB)
    Total ROM Size (Code + RO Data + RW Data)      19380 (  18.93kB)

==============================================================================

